[INFO] [1780822697.221039174] [pid_controller]: Obstacle detector initialized
[WARN] [1780822697.221174575] [rcl.logging_rosout]: Publisher already registered for provided node name. If this is due to multiple nodes with the same name then all logs for that logger name will go out over the existing publisher. As soon as any node with that name is destructed it will unregister the publisher, preventing any further logs for that name from being published on the rosout topic.
[INFO] [1780822697.227521290] [pid_controller]: PID控制器初始化完成（目标距离: 0.40米）
[INFO] [1780822697.227622776] [main]: Cornfield navigation system started
[WARN] [1780822702.400927947] [pid_controller]: 未收到中心线，发布停止指令
[WARN] [1780822703.537952140] [pid_controller]: 未收到中心线，发布停止指令
[WARN] [1780822704.649029305] [pid_controller]: 未收到中心线，发布停止指令
[WARN] [1780822705.743099578] [pid_controller]: 未收到中心线，发布停止指令
[WARN] [1780822706.881902575] [pid_controller]: 未收到中心线，发布停止指令
[WARN] [1780822707.979833089] [pid_controller]: 未收到中心线，发布停止指令
[WARN] [1780822709.113030321] [pid_controller]: 未收到中心线，发布停止指令
[WARN] [1780822710.211577368] [pid_controller]: 未收到中心线，发布停止指令
[WARN] [1780822711.302279440] [pid_controller]: 未收到中心线，发布停止指令
[WARN] [1780822712.439052774] [pid_controller]: 未收到中心线，发布停止指令
[WARN] [1780822713.535415616] [pid_controller]: 未收到中心线，发布停止指令
[WARN] [1780822714.678729546] [pid_controller]: 未收到中心线，发布停止指令
[WARN] [1780822715.793331547] [pid_controller]: 未收到中心线，发布停止指令
[WARN] [1780822716.915992756] [pid_controller]: 未收到中心线，发布停止指令
[WARN] [1780822718.018035037] [pid_controller]: 未收到中心线，发布停止指令
[WARN] [1780822719.115593281] [pid_controller]: 未收到中心线，发布停止指令
[WARN] [1780822720.262682184] [pid_controller]: 未收到中心线，发布停止指令
[WARN] [1780822721.377084050] [pid_controller]: 未收到中心线，发布停止指令
[WARN] [1780822722.501872865] [pid_controller]: 未收到中心线，发布停止指令
[WARN] [1780822723.598082045] [pid_controller]: 未收到中心线，发布停止指令
[WARN] [1780822724.686172210] [pid_controller]: 未收到中心线，发布停止指令
[WARN] [1780822725.835959871] [pid_controller]: 未收到中心线，发布停止指令
[WARN] [1780822726.927681110] [pid_controller]: 未收到中心线，发布停止指令
[WARN] [1780822728.086587868] [pid_controller]: 未收到中心线，发布停止指令
[WARN] [1780822729.174873178] [pid_controller]: 未收到中心线，发布停止指令
[WARN] [1780822730.277650499] [pid_controller]: 未收到中心线，发布停止指令
[WARN] [1780822731.407054183] [pid_controller]: 未收到中心线，发布停止指令
[WARN] [1780822732.506641220] [pid_controller]: 未收到中心线，发布停止指令
[WARN] [1780822733.649797289] [pid_controller]: 未收到中心线，发布停止指令
[WARN] [1780822734.752287010] [pid_controller]: 未收到中心线，发布停止指令
[WARN] [1780822735.887431005] [pid_controller]: 未收到中心线，发布停止指令
[WARN] [1780822736.984557169] [pid_controller]: 未收到中心线，发布停止指令
[WARN] [1780822738.090275112] [pid_controller]: 未收到中心线，发布停止指令
[WARN] [1780822739.243920991] [pid_controller]: 未收到中心线，发布停止指令
[WARN] [1780822740.344637045] [pid_controller]: 未收到中心线，发布停止指令
[WARN] [1780822741.473639033] [pid_controller]: 未收到中心线，发布停止指令
[WARN] [1780822742.569309227] [pid_controller]: 未收到中心线，发布停止指令
[WARN] [1780822743.663965462] [pid_controller]: 未收到中心线，发布停止指令
[WARN] [1780822744.801986893] [pid_controller]: 未收到中心线，发布停止指令
[WARN] [1780822745.899290325] [pid_controller]: 未收到中心线，发布停止指令
[WARN] [1780822747.056644135] [pid_controller]: 未收到中心线，发布停止指令
[WARN] [1780822748.207509423] [pid_controller]: 未收到中心线，发布停止指令
[WARN] [1780822749.323525391] [pid_controller]: 未收到中心线，发布停止指令
[WARN] [1780822750.475423680] [pid_controller]: 未收到中心线，发布停止指令
[WARN] [1780822751.572056177] [pid_controller]: 未收到中心线，发布停止指令
[WARN] [1780822752.718154062] [pid_controller]: 未收到中心线，发布停止指令
[WARN] [1780822753.830875332] [pid_controller]: 未收到中心线，发布停止指令
[WARN] [1780822755.005713392] [pid_controller]: 未收到中心线，发布停止指令
[WARN] [1780822756.097888859] [pid_controller]: 未收到中心线，发布停止指令
[WARN] [1780822757.228294888] [pid_controller]: 未收到中心线，发布停止指令
[WARN] [1780822758.359071736] [pid_controller]: 未收到中心线，发布停止指令
[WARN] [1780822759.441050267] [pid_controller]: 未收到中心线，发布停止指令
[WARN] [1780822760.588331351] [pid_controller]: 未收到中心线，发布停止指令
[WARN] [1780822761.668073922] [pid_controller]: 未收到中心线，发布停止指令
[WARN] [1780822762.755287985] [pid_controller]: 未收到中心线，发布停止指令
[WARN] [1780822763.934640693] [pid_controller]: 未收到中心线，发布停止指令
[WARN] [1780822765.062562482] [pid_controller]: 未收到中心线，发布停止指令
[WARN] [1780822766.199403376] [pid_controller]: 未收到中心线，发布停止指令
[WARN] [1780822767.305812715] [pid_controller]: 未收到中心线，发布停止指令
[WARN] [1780822768.415325497] [pid_controller]: 未收到中心线，发布停止指令
[WARN] [1780822769.587346043] [pid_controller]: 未收到中心线，发布停止指令
[WARN] [1780822770.675509377] [pid_controller]: 未收到中心线，发布停止指令
[WARN] [1780822771.808924833] [pid_controller]: 未收到中心线，发布停止指令
[WARN] [1780822772.927639593] [pid_controller]: 未收到中心线，发布停止指令
[WARN] [1780822774.064386381] [pid_controller]: 未收到中心线，发布停止指令
[WARN] [1780822775.193599333] [pid_controller]: 未收到中心线，发布停止指令
[WARN] [1780822776.284960549] [pid_controller]: 未收到中心线，发布停止指令
[WARN] [1780822777.430108266] [pid_controller]: 未收到中心线，发布停止指令
[WARN] [1780822778.554879290] [pid_controller]: 未收到中心线，发布停止指令
[WARN] [1780822779.692726081] [pid_controller]: 未收到中心线，发布停止指令
[INFO] [1780822780.403253851] [rclcpp]: signal_handler(SIGINT/SIGTERM)
