[0.015s] Invoking command in '/home/xkai/agribot/agribot_ws/build/centerline_extraction': CMAKE_PREFIX_PATH=${CMAKE_PREFIX_PATH}:/opt/ros/humble /usr/bin/cmake /home/xkai/agribot/agribot_ws/src/centerline_extraction -DCMAKE_INSTALL_PREFIX=/home/xkai/agribot/agribot_ws/install/centerline_extraction
[0.092s] -- The C compiler identification is GNU 11.4.0
[0.179s] -- The CXX compiler identification is GNU 11.4.0
[0.187s] -- Detecting C compiler ABI info
[0.266s] -- Detecting C compiler ABI info - done
[0.279s] -- Check for working C compiler: /usr/bin/cc - skipped
[0.280s] -- Detecting C compile features
[0.281s] -- Detecting C compile features - done
[0.285s] -- Detecting CXX compiler ABI info
[0.368s] -- Detecting CXX compiler ABI info - done
[0.380s] -- Check for working CXX compiler: /usr/bin/c++ - skipped
[0.382s] -- Detecting CXX compile features
[0.382s] -- Detecting CXX compile features - done
[0.385s] -- Found ament_cmake: 1.3.12 (/opt/ros/humble/share/ament_cmake/cmake)
[0.569s] -- Found Python3: /usr/bin/python3 (found version "3.10.12") found components: Interpreter 
[0.806s] -- Found rclcpp: 16.0.14 (/opt/ros/humble/share/rclcpp/cmake)
[0.857s] -- Found rosidl_generator_c: 3.1.7 (/opt/ros/humble/share/rosidl_generator_c/cmake)
[0.864s] -- Found rosidl_adapter: 3.1.7 (/opt/ros/humble/share/rosidl_adapter/cmake)
[0.872s] -- Found rosidl_generator_cpp: 3.1.7 (/opt/ros/humble/share/rosidl_generator_cpp/cmake)
[0.886s] -- Using all available rosidl_typesupport_c: rosidl_typesupport_fastrtps_c;rosidl_typesupport_introspection_c
[0.907s] -- Using all available rosidl_typesupport_cpp: rosidl_typesupport_fastrtps_cpp;rosidl_typesupport_introspection_cpp
[0.964s] -- Found rmw_implementation_cmake: 6.1.2 (/opt/ros/humble/share/rmw_implementation_cmake/cmake)
[0.966s] -- Found rmw_fastrtps_cpp: 6.2.8 (/opt/ros/humble/share/rmw_fastrtps_cpp/cmake)
[1.049s] -- Found OpenSSL: /usr/lib/x86_64-linux-gnu/libcrypto.so (found version "3.0.2")  
[1.072s] -- Found FastRTPS: /opt/ros/humble/include  
[1.105s] -- Using RMW implementation 'rmw_fastrtps_cpp' as default
[1.113s] -- Looking for pthread.h
[1.177s] -- Looking for pthread.h - found
[1.177s] -- Performing Test CMAKE_HAVE_LIBC_PTHREAD
[1.245s] -- Performing Test CMAKE_HAVE_LIBC_PTHREAD - Success
[1.247s] -- Found Threads: TRUE  
[1.308s] -- Found sensor_msgs: 4.9.0 (/opt/ros/humble/share/sensor_msgs/cmake)
[1.341s] -- Found nav_msgs: 4.9.0 (/opt/ros/humble/share/nav_msgs/cmake)
[1.357s] -- Found visualization_msgs: 4.9.0 (/opt/ros/humble/share/visualization_msgs/cmake)
[1.377s] -- Found pcl_conversions: 2.4.5 (/opt/ros/humble/share/pcl_conversions/cmake)
[1.417s] -- Checking for module 'eigen3'
[1.428s] --   Found eigen3, version 3.4.0
[1.460s] -- Found Eigen: /usr/include/eigen3 (Required is at least version "3.1") 
[1.460s] -- Eigen found (include: /usr/include/eigen3, version: 3.4.0)
[1.508s] -- Checking for module 'flann'
[1.523s] --   Found flann, version 1.9.1
[1.566s] -- Found FLANN: /usr/lib/x86_64-linux-gnu/libflann_cpp.so  
[1.567s] -- FLANN found (include: /usr/include, lib: /usr/lib/x86_64-linux-gnu/libflann_cpp.so)
[2.387s] -- Checking for module 'libusb-1.0'
[2.399s] --   Found libusb-1.0, version 1.0.25
[2.432s] -- Found libusb: /usr/lib/x86_64-linux-gnu/libusb-1.0.so  
[2.433s] -- OpenNI found (version: 1.5.4.0, include: /usr/include/ni, lib: /usr/lib/libOpenNI.so;libusb::libusb)
[2.483s] -- OpenNI2 found (version: 2.2.0.33, include: /usr/include/openni2, lib: /usr/lib/x86_64-linux-gnu/libOpenNI2.so;libusb::libusb)
[2.659s] -- Eigen found (include: /usr/include/eigen3, version: 3.4.0)
[2.666s] -- OpenNI found (version: 1.5.4.0, include: /usr/include/ni, lib: /usr/lib/libOpenNI.so;libusb::libusb)
[2.673s] -- OpenNI2 found (version: 2.2.0.33, include: /usr/include/openni2, lib: /usr/lib/x86_64-linux-gnu/libOpenNI2.so;libusb::libusb)
[2.819s] -- Found Qhull version 8.0.2
[2.966s] -- OpenNI found (version: 1.5.4.0, include: /usr/include/ni, lib: /usr/lib/libOpenNI.so;libusb::libusb)
[3.109s] -- Found PCL_COMMON: /usr/lib/x86_64-linux-gnu/libpcl_common.so  
[3.109s] -- Found PCL_KDTREE: /usr/lib/x86_64-linux-gnu/libpcl_kdtree.so  
[3.110s] -- Found PCL_OCTREE: /usr/lib/x86_64-linux-gnu/libpcl_octree.so  
[3.111s] -- Found PCL_SEARCH: /usr/lib/x86_64-linux-gnu/libpcl_search.so  
[3.112s] -- Found PCL_SAMPLE_CONSENSUS: /usr/lib/x86_64-linux-gnu/libpcl_sample_consensus.so  
[3.113s] -- Found PCL_FILTERS: /usr/lib/x86_64-linux-gnu/libpcl_filters.so  
[3.114s] -- Found PCL_2D: /usr/include/pcl-1.12  
[3.114s] -- Found PCL_GEOMETRY: /usr/include/pcl-1.12  
[3.116s] -- Found PCL_IO: /usr/lib/x86_64-linux-gnu/libpcl_io.so  
[3.117s] -- Found PCL_FEATURES: /usr/lib/x86_64-linux-gnu/libpcl_features.so  
[3.117s] -- Found PCL_ML: /usr/lib/x86_64-linux-gnu/libpcl_ml.so  
[3.118s] -- Found PCL_SEGMENTATION: /usr/lib/x86_64-linux-gnu/libpcl_segmentation.so  
[3.119s] -- Found PCL_VISUALIZATION: /usr/lib/x86_64-linux-gnu/libpcl_visualization.so  
[3.120s] -- Found PCL_SURFACE: /usr/lib/x86_64-linux-gnu/libpcl_surface.so  
[3.121s] -- Found PCL_REGISTRATION: /usr/lib/x86_64-linux-gnu/libpcl_registration.so  
[3.122s] -- Found PCL_KEYPOINTS: /usr/lib/x86_64-linux-gnu/libpcl_keypoints.so  
[3.123s] -- Found PCL_TRACKING: /usr/lib/x86_64-linux-gnu/libpcl_tracking.so  
[3.124s] -- Found PCL_RECOGNITION: /usr/lib/x86_64-linux-gnu/libpcl_recognition.so  
[3.126s] -- Found PCL_STEREO: /usr/lib/x86_64-linux-gnu/libpcl_stereo.so  
[3.127s] -- Found PCL_APPS: /usr/lib/x86_64-linux-gnu/libpcl_apps.so  
[3.128s] -- Found PCL_IN_HAND_SCANNER: /usr/include/pcl-1.12  
[3.128s] -- Found PCL_MODELER: /usr/include/pcl-1.12  
[3.129s] -- Found PCL_POINT_CLOUD_EDITOR: /usr/include/pcl-1.12  
[3.130s] -- Found PCL_OUTOFCORE: /usr/lib/x86_64-linux-gnu/libpcl_outofcore.so  
[3.131s] -- Found PCL_PEOPLE: /usr/lib/x86_64-linux-gnu/libpcl_people.so  
[3.150s] -- Found tf2: 0.25.16 (/opt/ros/humble/share/tf2/cmake)
[3.161s] -- Found tf2_geometry_msgs: 0.25.16 (/opt/ros/humble/share/tf2_geometry_msgs/cmake)
[3.168s] -- Found eigen3_cmake_module: 0.1.1 (/opt/ros/humble/share/eigen3_cmake_module/cmake)
[3.169s] -- Found Eigen3: TRUE (found version "3.4.0") 
[3.170s] -- Ensuring Eigen3 include directory is part of orocos-kdl CMake target
[3.283s] -- Found ament_lint_auto: 0.12.14 (/opt/ros/humble/share/ament_lint_auto/cmake)
[3.354s] -- Added test 'cppcheck' to perform static code analysis on C / C++ code
[3.355s] -- Configured cppcheck include dirs: /home/xkai/agribot/agribot_ws/src/centerline_extraction/include
[3.355s] -- Configured cppcheck exclude dirs and/or files: 
[3.355s] -- Added test 'lint_cmake' to check CMake code style
[3.357s] -- Added test 'uncrustify' to check C / C++ code style
[3.357s] -- Configured uncrustify additional arguments: 
[3.357s] -- Added test 'xmllint' to check XML markup files
[3.358s] -- Configuring done
[3.423s] -- Generating done
[3.452s] -- Build files have been written to: /home/xkai/agribot/agribot_ws/build/centerline_extraction
[3.470s] Invoked command in '/home/xkai/agribot/agribot_ws/build/centerline_extraction' returned '0': CMAKE_PREFIX_PATH=${CMAKE_PREFIX_PATH}:/opt/ros/humble /usr/bin/cmake /home/xkai/agribot/agribot_ws/src/centerline_extraction -DCMAKE_INSTALL_PREFIX=/home/xkai/agribot/agribot_ws/install/centerline_extraction
[3.471s] Invoking command in '/home/xkai/agribot/agribot_ws/build/centerline_extraction': CMAKE_PREFIX_PATH=${CMAKE_PREFIX_PATH}:/opt/ros/humble /usr/bin/cmake --build /home/xkai/agribot/agribot_ws/build/centerline_extraction -- -j8 -l8
[3.513s] [ 33%] [32mBuilding CXX object CMakeFiles/centerline_extract.dir/src/centerline_extract.cpp.o[0m
[3.514s] [ 50%] [32mBuilding CXX object CMakeFiles/pcl_learning.dir/src/pcl_learning.cpp.o[0m
[3.514s] [ 50%] [32mBuilding CXX object CMakeFiles/cornfield_navigation_node.dir/src/main.cpp.o[0m
[11.396s] [ 66%] [32m[1mLinking CXX executable cornfield_navigation_node[0m
[11.748s] /usr/bin/ld: CMakeFiles/cornfield_navigation_node.dir/src/main.cpp.o: in function `void __gnu_cxx::new_allocator<CornRowDetector>::construct<CornRowDetector>(CornRowDetector*)':
[11.748s] main.cpp:(.text._ZN9__gnu_cxx13new_allocatorI15CornRowDetectorE9constructIS1_JEEEvPT_DpOT0_[_ZN9__gnu_cxx13new_allocatorI15CornRowDetectorE9constructIS1_JEEEvPT_DpOT0_]+0x31): undefined reference to `CornRowDetector::CornRowDetector()'
[11.749s] /usr/bin/ld: CMakeFiles/cornfield_navigation_node.dir/src/main.cpp.o: in function `void __gnu_cxx::new_allocator<PurePursuitController>::construct<PurePursuitController>(PurePursuitController*)':
[11.749s] main.cpp:(.text._ZN9__gnu_cxx13new_allocatorI21PurePursuitControllerE9constructIS1_JEEEvPT_DpOT0_[_ZN9__gnu_cxx13new_allocatorI21PurePursuitControllerE9constructIS1_JEEEvPT_DpOT0_]+0x31): undefined reference to `PurePursuitController::PurePursuitController()'
[11.749s] /usr/bin/ld: CMakeFiles/cornfield_navigation_node.dir/src/main.cpp.o: in function `void __gnu_cxx::new_allocator<ObstacleDetector>::construct<ObstacleDetector>(ObstacleDetector*)':
[11.749s] main.cpp:(.text._ZN9__gnu_cxx13new_allocatorI16ObstacleDetectorE9constructIS1_JEEEvPT_DpOT0_[_ZN9__gnu_cxx13new_allocatorI16ObstacleDetectorE9constructIS1_JEEEvPT_DpOT0_]+0x31): undefined reference to `ObstacleDetector::ObstacleDetector()'
[11.761s] collect2: error: ld returned 1 exit status
[11.763s] gmake[2]: *** [CMakeFiles/cornfield_navigation_node.dir/build.make:337：cornfield_navigation_node] 错误 1
[11.764s] gmake[1]: *** [CMakeFiles/Makefile2:193：CMakeFiles/cornfield_navigation_node.dir/all] 错误 2
[11.764s] gmake[1]: *** 正在等待未完成的任务....
[16.894s] [ 83%] [32m[1mLinking CXX executable centerline_extract[0m
[17.543s] [100%] [32m[1mLinking CXX executable pcl_learning[0m
[18.470s] [100%] Built target centerline_extract
[18.999s] [100%] Built target pcl_learning
[19.000s] gmake: *** [Makefile:146：all] 错误 2
[19.001s] Invoked command in '/home/xkai/agribot/agribot_ws/build/centerline_extraction' returned '2': CMAKE_PREFIX_PATH=${CMAKE_PREFIX_PATH}:/opt/ros/humble /usr/bin/cmake --build /home/xkai/agribot/agribot_ws/build/centerline_extraction -- -j8 -l8
