[0.006s] Invoking command in '/home/xkai/agribot/agribot_ws/build/ros2_livox_simulation': AMENT_PREFIX_PATH=/home/xkai/agribot/agribot_ws/install/livox_ros_driver2:${AMENT_PREFIX_PATH} CMAKE_PREFIX_PATH=/home/xkai/agribot/agribot_ws/install/livox_ros_driver2:/opt/ros/humble LD_LIBRARY_PATH=/home/xkai/agribot/agribot_ws/install/livox_ros_driver2/lib:${LD_LIBRARY_PATH} PYTHONPATH=/home/xkai/agribot/agribot_ws/install/livox_ros_driver2/local/lib/python3.10/dist-packages:${PYTHONPATH} /usr/bin/cmake /home/xkai/agribot/agribot_ws/src/livox_laser_simulation_ros2 -DROS_EDITION=ROS2 -DHUMBLE_ROS=humble -DCMAKE_INSTALL_PREFIX=/home/xkai/agribot/agribot_ws/install/ros2_livox_simulation
[0.046s] -- The C compiler identification is GNU 11.4.0
[0.091s] -- The CXX compiler identification is GNU 11.4.0
[0.096s] -- Detecting C compiler ABI info
[0.146s] -- Detecting C compiler ABI info - done
[0.159s] -- Check for working C compiler: /usr/bin/cc - skipped
[0.159s] -- Detecting C compile features
[0.159s] -- Detecting C compile features - done
[0.162s] -- Detecting CXX compiler ABI info
[0.221s] -- Detecting CXX compiler ABI info - done
[0.234s] -- Check for working CXX compiler: /usr/bin/c++ - skipped
[0.234s] -- Detecting CXX compile features
[0.234s] -- Detecting CXX compile features - done
[0.237s] -- Found ament_cmake: 1.3.12 (/opt/ros/humble/share/ament_cmake/cmake)
[0.378s] -- Found Python3: /usr/bin/python3 (found version "3.10.12") found components: Interpreter 
[0.466s] -- Found rclcpp: 16.0.14 (/opt/ros/humble/share/rclcpp/cmake)
[0.497s] -- Found rosidl_generator_c: 3.1.7 (/opt/ros/humble/share/rosidl_generator_c/cmake)
[0.500s] -- Found rosidl_adapter: 3.1.7 (/opt/ros/humble/share/rosidl_adapter/cmake)
[0.507s] -- Found rosidl_generator_cpp: 3.1.7 (/opt/ros/humble/share/rosidl_generator_cpp/cmake)
[0.517s] -- Using all available rosidl_typesupport_c: rosidl_typesupport_fastrtps_c;rosidl_typesupport_introspection_c
[0.529s] -- Using all available rosidl_typesupport_cpp: rosidl_typesupport_fastrtps_cpp;rosidl_typesupport_introspection_cpp
[0.563s] -- Found rmw_implementation_cmake: 6.1.2 (/opt/ros/humble/share/rmw_implementation_cmake/cmake)
[0.565s] -- Found rmw_fastrtps_cpp: 6.2.8 (/opt/ros/humble/share/rmw_fastrtps_cpp/cmake)
[0.627s] -- Found OpenSSL: /usr/lib/x86_64-linux-gnu/libcrypto.so (found version "3.0.2")  
[0.647s] -- Found FastRTPS: /opt/ros/humble/include  
[0.677s] -- Using RMW implementation 'rmw_fastrtps_cpp' as default
[0.684s] -- Looking for pthread.h
[0.736s] -- Looking for pthread.h - found
[0.736s] -- Performing Test CMAKE_HAVE_LIBC_PTHREAD
[0.791s] -- Performing Test CMAKE_HAVE_LIBC_PTHREAD - Success
[0.792s] -- Found Threads: TRUE  
[0.837s] -- Found gazebo_dev: 3.9.0 (/opt/ros/humble/share/gazebo_dev/cmake)
[0.841s] -- Found PkgConfig: /usr/bin/pkg-config (found version "0.29.2") 
[0.842s] -- Checking for module 'bullet>=2.82'
[0.851s] --   Found bullet, version 3.05
[0.921s] -- Found fcl: /usr/include (found suitable version "0.7.0", minimum required is "0.5.0") 
[0.957s] -- Found assimp: /usr/include (found version "5.2.0") 
[0.970s] -- Found DART: /usr/include (Required is at least version "6.6") found components: dart 
[0.993s] -- Found Boost: /usr/lib/x86_64-linux-gnu/cmake/Boost-1.74.0/BoostConfig.cmake (found suitable version "1.74.0", minimum required is "1.40.0") found components: thread system filesystem program_options regex iostreams date_time 
[1.004s] -- Found Protobuf: /usr/lib/x86_64-linux-gnu/libprotobuf.so (found version "3.12.4") 
[1.007s] -- Looking for ignition-math6 -- found version 6.15.1
[1.014s] -- Searching for dependencies of ignition-math6
[1.015s] -- Looking for OGRE...
[1.015s] -- OGRE_PREFIX_WATCH changed.
[1.019s] -- Checking for module 'OGRE'
[1.028s] --   Found OGRE, version 1.9.0
[1.049s] -- Found Ogre Ghadamon (1.9.0)
[1.054s] -- Found OGRE: optimized;/usr/lib/x86_64-linux-gnu/libOgreMain.so;debug;/usr/lib/x86_64-linux-gnu/libOgreMain.so
[1.063s] -- Looking for OGRE_Paging...
[1.067s] -- Found OGRE_Paging: optimized;/usr/lib/x86_64-linux-gnu/libOgrePaging.so;debug;/usr/lib/x86_64-linux-gnu/libOgrePaging.so
[1.067s] -- Looking for OGRE_Terrain...
[1.070s] -- Found OGRE_Terrain: optimized;/usr/lib/x86_64-linux-gnu/libOgreTerrain.so;debug;/usr/lib/x86_64-linux-gnu/libOgreTerrain.so
[1.070s] -- Looking for OGRE_Property...
[1.074s] -- Found OGRE_Property: optimized;/usr/lib/x86_64-linux-gnu/libOgreProperty.so;debug;/usr/lib/x86_64-linux-gnu/libOgreProperty.so
[1.075s] -- Looking for OGRE_RTShaderSystem...
[1.079s] -- Found OGRE_RTShaderSystem: optimized;/usr/lib/x86_64-linux-gnu/libOgreRTShaderSystem.so;debug;/usr/lib/x86_64-linux-gnu/libOgreRTShaderSystem.so
[1.079s] -- Looking for OGRE_Volume...
[1.084s] -- Found OGRE_Volume: optimized;/usr/lib/x86_64-linux-gnu/libOgreVolume.so;debug;/usr/lib/x86_64-linux-gnu/libOgreVolume.so
[1.084s] -- Looking for OGRE_Overlay...
[1.088s] -- Found OGRE_Overlay: optimized;/usr/lib/x86_64-linux-gnu/libOgreOverlay.so;debug;/usr/lib/x86_64-linux-gnu/libOgreOverlay.so
[1.166s] -- Looking for ignition-math6 -- found version 6.15.1
[1.168s] -- Looking for ignition-transport8 -- found version 8.2.1
[1.168s] -- Searching for dependencies of ignition-transport8
[1.182s] -- Found Protobuf: /usr/lib/x86_64-linux-gnu/libprotobuf.so (found suitable version "3.12.4", minimum required is "3") 
[1.189s] -- Config-file not installed for ZeroMQ -- checking for pkg-config
[1.193s] -- Checking for module 'libzmq >= 4'
[1.203s] --   Found libzmq , version 4.3.4
[1.229s] -- Found ZeroMQ: TRUE (Required is at least version "4") 
[1.233s] -- Checking for module 'uuid'
[1.242s] --   Found uuid, version 2.37.2
[1.263s] -- Found UUID: TRUE  
[1.264s] -- Looking for ignition-msgs5 -- found version 5.8.1
[1.265s] -- Searching for dependencies of ignition-msgs5
[1.279s] -- Looking for ignition-math6 -- found version 6.15.1
[1.284s] -- Checking for module 'tinyxml2'
[1.294s] --   Found tinyxml2, version 9.0.0
[1.317s] -- Looking for ignition-msgs5 -- found version 5.8.1
[1.319s] -- Looking for ignition-common3 -- found version 3.14.0
[1.319s] -- Searching for dependencies of ignition-common3
[1.320s] -- Looking for dlfcn.h - found
[1.320s] -- Looking for libdl - found
[1.322s] -- Found DL: TRUE  
[1.331s] -- Found tinyobjloader: /usr/lib/x86_64-linux-gnu/cmake/tinyobjloader/tinyobjloader-config.cmake (found version "2.0.0") 
[1.331s] -- Searching for <ignition-common3> component [graphics]
[1.333s] -- Looking for ignition-common3-graphics -- found version 3.14.0
[1.333s] -- Searching for dependencies of ignition-common3-graphics
[1.334s] -- Looking for ignition-math6 -- found version 6.15.1
[1.335s] -- Looking for ignition-fuel_tools4 -- found version 4.4.0
[1.336s] -- Searching for dependencies of ignition-fuel_tools4
[1.398s] -- Found CURL: /usr/lib/x86_64-linux-gnu/libcurl.so (found version "7.81.0")  
[1.406s] -- Checking for module 'jsoncpp'
[1.417s] --   Found jsoncpp, version 1.9.5
[1.444s] -- Found JSONCPP: TRUE  
[1.450s] -- Checking for module 'libzip'
[1.462s] --   Found libzip, version 1.7.3
[1.494s] -- Found ZIP: TRUE  
[1.495s] -- Looking for ignition-common3 -- found version 3.14.0
[1.495s] -- Looking for ignition-math6 -- found version 6.15.1
[1.495s] -- Looking for ignition-msgs5 -- found version 5.8.1
[1.499s] -- Gazebo version: 11.10
[1.499s] -- Checking for module 'tbb'
[1.514s] --   Found tbb, version 2021.5.0
[1.545s] -- Found gazebo_ros: 3.9.0 (/opt/ros/humble/share/gazebo_ros/cmake)
[1.548s] -- Found sensor_msgs: 4.9.0 (/opt/ros/humble/share/sensor_msgs/cmake)
[1.577s] -- Found tf2_ros: 0.25.16 (/opt/ros/humble/share/tf2_ros/cmake)
[1.683s] -- Found rosidl_default_generators: 1.2.0 (/opt/ros/humble/share/rosidl_default_generators/cmake)
[1.691s] -- Found livox_ros_driver2: 1.0.0 (/home/xkai/agribot/agribot_ws/install/livox_ros_driver2/share/livox_ros_driver2/cmake)
[1.730s] -- Checking for module 'eigen3'
[1.742s] --   Found eigen3, version 3.4.0
[1.766s] -- Found Eigen: /usr/include/eigen3 (Required is at least version "3.1") 
[1.766s] -- Eigen found (include: /usr/include/eigen3, version: 3.4.0)
[1.784s] -- Checking for module 'flann'
[1.795s] --   Found flann, version 1.9.1
[1.831s] -- Found FLANN: /usr/lib/x86_64-linux-gnu/libflann_cpp.so  
[1.831s] -- FLANN found (include: /usr/include, lib: /usr/lib/x86_64-linux-gnu/libflann_cpp.so)
[2.570s] -- Checking for module 'libusb-1.0'
[2.583s] --   Found libusb-1.0, version 1.0.25
[2.612s] -- Found libusb: /usr/lib/x86_64-linux-gnu/libusb-1.0.so  
[2.613s] -- OpenNI found (version: 1.5.4.0, include: /usr/include/ni, lib: /usr/lib/libOpenNI.so;libusb::libusb)
[2.653s] -- OpenNI2 found (version: 2.2.0.33, include: /usr/include/openni2, lib: /usr/lib/x86_64-linux-gnu/libOpenNI2.so;libusb::libusb)
[2.783s] -- Eigen found (include: /usr/include/eigen3, version: 3.4.0)
[2.788s] -- OpenNI found (version: 1.5.4.0, include: /usr/include/ni, lib: /usr/lib/libOpenNI.so;libusb::libusb)
[2.794s] -- OpenNI2 found (version: 2.2.0.33, include: /usr/include/openni2, lib: /usr/lib/x86_64-linux-gnu/libOpenNI2.so;libusb::libusb)
[2.909s] -- Found Qhull version 8.0.2
[3.031s] -- OpenNI found (version: 1.5.4.0, include: /usr/include/ni, lib: /usr/lib/libOpenNI.so;libusb::libusb)
[3.155s] -- Found PCL_COMMON: /usr/lib/x86_64-linux-gnu/libpcl_common.so  
[3.156s] -- Found PCL_KDTREE: /usr/lib/x86_64-linux-gnu/libpcl_kdtree.so  
[3.157s] -- Found PCL_OCTREE: /usr/lib/x86_64-linux-gnu/libpcl_octree.so  
[3.157s] -- Found PCL_SEARCH: /usr/lib/x86_64-linux-gnu/libpcl_search.so  
[3.158s] -- Found PCL_SAMPLE_CONSENSUS: /usr/lib/x86_64-linux-gnu/libpcl_sample_consensus.so  
[3.159s] -- Found PCL_FILTERS: /usr/lib/x86_64-linux-gnu/libpcl_filters.so  
[3.159s] -- Found PCL_2D: /usr/include/pcl-1.12  
[3.159s] -- Found PCL_GEOMETRY: /usr/include/pcl-1.12  
[3.160s] -- Found PCL_IO: /usr/lib/x86_64-linux-gnu/libpcl_io.so  
[3.161s] -- Found PCL_FEATURES: /usr/lib/x86_64-linux-gnu/libpcl_features.so  
[3.162s] -- Found PCL_ML: /usr/lib/x86_64-linux-gnu/libpcl_ml.so  
[3.163s] -- Found PCL_SEGMENTATION: /usr/lib/x86_64-linux-gnu/libpcl_segmentation.so  
[3.163s] -- Found PCL_VISUALIZATION: /usr/lib/x86_64-linux-gnu/libpcl_visualization.so  
[3.164s] -- Found PCL_SURFACE: /usr/lib/x86_64-linux-gnu/libpcl_surface.so  
[3.165s] -- Found PCL_REGISTRATION: /usr/lib/x86_64-linux-gnu/libpcl_registration.so  
[3.166s] -- Found PCL_KEYPOINTS: /usr/lib/x86_64-linux-gnu/libpcl_keypoints.so  
[3.167s] -- Found PCL_TRACKING: /usr/lib/x86_64-linux-gnu/libpcl_tracking.so  
[3.168s] -- Found PCL_RECOGNITION: /usr/lib/x86_64-linux-gnu/libpcl_recognition.so  
[3.168s] -- Found PCL_STEREO: /usr/lib/x86_64-linux-gnu/libpcl_stereo.so  
[3.169s] -- Found PCL_APPS: /usr/lib/x86_64-linux-gnu/libpcl_apps.so  
[3.170s] -- Found PCL_IN_HAND_SCANNER: /usr/include/pcl-1.12  
[3.170s] -- Found PCL_MODELER: /usr/include/pcl-1.12  
[3.170s] -- Found PCL_POINT_CLOUD_EDITOR: /usr/include/pcl-1.12  
[3.171s] -- Found PCL_OUTOFCORE: /usr/lib/x86_64-linux-gnu/libpcl_outofcore.so  
[3.172s] -- Found PCL_PEOPLE: /usr/lib/x86_64-linux-gnu/libpcl_people.so  
[3.190s] -- Found Boost: /usr/lib/x86_64-linux-gnu/cmake/Boost-1.74.0/BoostConfig.cmake (found version "1.74.0") found components: chrono 
[3.197s] -- Found ament_lint_auto: 0.12.14 (/opt/ros/humble/share/ament_lint_auto/cmake)
[3.390s] -- Added test 'copyright' to check source files copyright and LICENSE
[3.392s] -- Added test 'cppcheck' to perform static code analysis on C / C++ code
[3.393s] -- Configured cppcheck include dirs: /home/xkai/agribot/agribot_ws/src/livox_laser_simulation_ros2/include
[3.393s] -- Configured cppcheck exclude dirs and/or files: 
[3.395s] -- Added test 'cpplint' to check C / C++ code against the Google style
[3.395s] -- Configured cpplint exclude dirs and/or files: 
[3.395s] -- Added test 'lint_cmake' to check CMake code style
[3.397s] -- Added test 'uncrustify' to check C / C++ code style
[3.397s] -- Configured uncrustify additional arguments: 
[3.397s] -- Added test 'xmllint' to check XML markup files
[3.399s] -- Configuring done
[3.421s] -- Generating done
[3.422s] [33mCMake Warning:
[3.422s]   Manually-specified variables were not used by the project:
[3.422s] 
[3.422s]     HUMBLE_ROS
[3.423s]     ROS_EDITION
[3.423s] 
[3.423s] [0m
[3.427s] -- Build files have been written to: /home/xkai/agribot/agribot_ws/build/ros2_livox_simulation
