[0.015s] Invoking command in '/home/xkai/agribot/agribot_ws/build/centerline_extraction': CMAKE_PREFIX_PATH=${CMAKE_PREFIX_PATH}:/opt/ros/humble /usr/bin/cmake --build /home/xkai/agribot/agribot_ws/build/centerline_extraction -- -j8 -l8
[0.106s] [ 16%] Built target pcl_learning
[0.126s] [ 25%] Building CXX object CMakeFiles/corn_row_detector_projection.dir/src/corn_row_detector_projection.cpp.o
[0.152s] [ 41%] Built target centerline_extract
[0.152s] Consolidate compiler generated dependencies of target cornfield_navigation_node
[0.188s] [ 91%] Built target cornfield_navigation_node
[19.869s] [100%] Linking CXX executable corn_row_detector_projection
[22.157s] [100%] Built target corn_row_detector_projection
[22.170s] Invoked command in '/home/xkai/agribot/agribot_ws/build/centerline_extraction' returned '0': CMAKE_PREFIX_PATH=${CMAKE_PREFIX_PATH}:/opt/ros/humble /usr/bin/cmake --build /home/xkai/agribot/agribot_ws/build/centerline_extraction -- -j8 -l8
[22.181s] Invoking command in '/home/xkai/agribot/agribot_ws/build/centerline_extraction': CMAKE_PREFIX_PATH=${CMAKE_PREFIX_PATH}:/opt/ros/humble /usr/bin/cmake --install /home/xkai/agribot/agribot_ws/build/centerline_extraction
[22.189s] -- Install configuration: ""
[22.190s] -- Execute custom install script
[22.191s] -- Up-to-date symlink: /home/xkai/agribot/agribot_ws/install/centerline_extraction/lib/centerline_extraction/pcl_learning
[22.191s] -- Up-to-date symlink: /home/xkai/agribot/agribot_ws/install/centerline_extraction/lib/centerline_extraction/centerline_extract
[22.191s] -- Up-to-date symlink: /home/xkai/agribot/agribot_ws/install/centerline_extraction/lib/centerline_extraction/cornfield_navigation_node
[22.192s] -- Up-to-date symlink: /home/xkai/agribot/agribot_ws/install/centerline_extraction/lib/centerline_extraction/corn_row_detector_projection
[22.192s] -- Up-to-date symlink: /home/xkai/agribot/agribot_ws/install/centerline_extraction/include//include/centerline_extraction/corn_row_detector copy.hpp
[22.193s] -- Up-to-date symlink: /home/xkai/agribot/agribot_ws/install/centerline_extraction/include//include/centerline_extraction/corn_row_detector.hpp
[22.193s] -- Up-to-date symlink: /home/xkai/agribot/agribot_ws/install/centerline_extraction/include//include/centerline_extraction/corn_row_detector1.hpp
[22.193s] -- Up-to-date symlink: /home/xkai/agribot/agribot_ws/install/centerline_extraction/include//include/centerline_extraction/corn_row_detector_projection.hpp
[22.193s] -- Up-to-date symlink: /home/xkai/agribot/agribot_ws/install/centerline_extraction/include//include/centerline_extraction/obstacle_detector.hpp
[22.194s] -- Up-to-date symlink: /home/xkai/agribot/agribot_ws/install/centerline_extraction/include//include/centerline_extraction/pid_controller.hpp
[22.194s] -- Up-to-date symlink: /home/xkai/agribot/agribot_ws/install/centerline_extraction/include//include/centerline_extraction/pure_pursuit_controller copy 2.hpp
[22.194s] -- Up-to-date symlink: /home/xkai/agribot/agribot_ws/install/centerline_extraction/include//include/centerline_extraction/pure_pursuit_controller copy.hpp
[22.194s] -- Up-to-date symlink: /home/xkai/agribot/agribot_ws/install/centerline_extraction/include//include/centerline_extraction/pure_pursuit_controller.hpp
[22.195s] -- Up-to-date symlink: /home/xkai/agribot/agribot_ws/install/centerline_extraction/share/ament_index/resource_index/package_run_dependencies/centerline_extraction
[22.195s] -- Up-to-date symlink: /home/xkai/agribot/agribot_ws/install/centerline_extraction/share/ament_index/resource_index/parent_prefix_path/centerline_extraction
[22.195s] -- Up-to-date symlink: /home/xkai/agribot/agribot_ws/install/centerline_extraction/share/centerline_extraction/environment/ament_prefix_path.sh
[22.195s] -- Up-to-date symlink: /home/xkai/agribot/agribot_ws/install/centerline_extraction/share/centerline_extraction/environment/ament_prefix_path.dsv
[22.196s] -- Up-to-date symlink: /home/xkai/agribot/agribot_ws/install/centerline_extraction/share/centerline_extraction/environment/path.sh
[22.196s] -- Up-to-date symlink: /home/xkai/agribot/agribot_ws/install/centerline_extraction/share/centerline_extraction/environment/path.dsv
[22.196s] -- Up-to-date symlink: /home/xkai/agribot/agribot_ws/install/centerline_extraction/share/centerline_extraction/local_setup.bash
[22.196s] -- Up-to-date symlink: /home/xkai/agribot/agribot_ws/install/centerline_extraction/share/centerline_extraction/local_setup.sh
[22.196s] -- Up-to-date symlink: /home/xkai/agribot/agribot_ws/install/centerline_extraction/share/centerline_extraction/local_setup.zsh
[22.197s] -- Up-to-date symlink: /home/xkai/agribot/agribot_ws/install/centerline_extraction/share/centerline_extraction/local_setup.dsv
[22.197s] -- Symlinking: /home/xkai/agribot/agribot_ws/install/centerline_extraction/share/centerline_extraction/package.dsv
[22.205s] -- Up-to-date symlink: /home/xkai/agribot/agribot_ws/install/centerline_extraction/share/ament_index/resource_index/packages/centerline_extraction
[22.206s] -- Up-to-date symlink: /home/xkai/agribot/agribot_ws/install/centerline_extraction/share/centerline_extraction/cmake/centerline_extractionConfig.cmake
[22.206s] -- Up-to-date symlink: /home/xkai/agribot/agribot_ws/install/centerline_extraction/share/centerline_extraction/cmake/centerline_extractionConfig-version.cmake
[22.206s] -- Up-to-date symlink: /home/xkai/agribot/agribot_ws/install/centerline_extraction/share/centerline_extraction/package.xml
[22.208s] Invoked command in '/home/xkai/agribot/agribot_ws/build/centerline_extraction' returned '0': CMAKE_PREFIX_PATH=${CMAKE_PREFIX_PATH}:/opt/ros/humble /usr/bin/cmake --install /home/xkai/agribot/agribot_ws/build/centerline_extraction
