-- Found ament_cmake: 1.3.12 (/opt/ros/humble/share/ament_cmake/cmake)
-- Override CMake install command with custom implementation using symlinks instead of copying resources
-- Found rclcpp: 16.0.17 (/opt/ros/humble/share/rclcpp/cmake)
-- Found rosidl_generator_c: 3.1.8 (/opt/ros/humble/share/rosidl_generator_c/cmake)
-- Found rosidl_adapter: 3.1.8 (/opt/ros/humble/share/rosidl_adapter/cmake)
-- Found rosidl_generator_cpp: 3.1.8 (/opt/ros/humble/share/rosidl_generator_cpp/cmake)
-- Using all available rosidl_typesupport_c: rosidl_typesupport_fastrtps_c;rosidl_typesupport_introspection_c
-- Using all available rosidl_typesupport_cpp: rosidl_typesupport_fastrtps_cpp;rosidl_typesupport_introspection_cpp
-- Found rmw_implementation_cmake: 6.1.2 (/opt/ros/humble/share/rmw_implementation_cmake/cmake)
-- Found rmw_fastrtps_cpp: 6.2.9 (/opt/ros/humble/share/rmw_fastrtps_cpp/cmake)
-- Using RMW implementation 'rmw_fastrtps_cpp' as default
-- Found gazebo_dev: 3.9.0 (/opt/ros/humble/share/gazebo_dev/cmake)
-- Found DART: /usr/include (Required is at least version "6.6") found components: dart 
-- Found Boost: /usr/lib/x86_64-linux-gnu/cmake/Boost-1.74.0/BoostConfig.cmake (found suitable version "1.74.0", minimum required is "1.40.0") found components: thread system filesystem program_options regex iostreams date_time 
-- Found Protobuf: /usr/lib/x86_64-linux-gnu/libprotobuf.so (found version "3.12.4") 
-- Looking for ignition-math6 -- found version 6.15.1
-- Searching for dependencies of ignition-math6
-- Looking for OGRE...
-- Found Ogre Ghadamon (1.9.0)
-- Found OGRE: optimized;/usr/lib/x86_64-linux-gnu/libOgreMain.so;debug;/usr/lib/x86_64-linux-gnu/libOgreMain.so
-- Looking for OGRE_Paging...
-- Found OGRE_Paging: optimized;/usr/lib/x86_64-linux-gnu/libOgrePaging.so;debug;/usr/lib/x86_64-linux-gnu/libOgrePaging.so
-- Looking for OGRE_Terrain...
-- Found OGRE_Terrain: optimized;/usr/lib/x86_64-linux-gnu/libOgreTerrain.so;debug;/usr/lib/x86_64-linux-gnu/libOgreTerrain.so
-- Looking for OGRE_Property...
-- Found OGRE_Property: optimized;/usr/lib/x86_64-linux-gnu/libOgreProperty.so;debug;/usr/lib/x86_64-linux-gnu/libOgreProperty.so
-- Looking for OGRE_RTShaderSystem...
-- Found OGRE_RTShaderSystem: optimized;/usr/lib/x86_64-linux-gnu/libOgreRTShaderSystem.so;debug;/usr/lib/x86_64-linux-gnu/libOgreRTShaderSystem.so
-- Looking for OGRE_Volume...
-- Found OGRE_Volume: optimized;/usr/lib/x86_64-linux-gnu/libOgreVolume.so;debug;/usr/lib/x86_64-linux-gnu/libOgreVolume.so
-- Looking for OGRE_Overlay...
-- Found OGRE_Overlay: optimized;/usr/lib/x86_64-linux-gnu/libOgreOverlay.so;debug;/usr/lib/x86_64-linux-gnu/libOgreOverlay.so
-- Looking for ignition-math6 -- found version 6.15.1
-- Looking for ignition-transport8 -- found version 8.2.1
-- Searching for dependencies of ignition-transport8
-- Found Protobuf: /usr/lib/x86_64-linux-gnu/libprotobuf.so (found suitable version "3.12.4", minimum required is "3") 
-- Config-file not installed for ZeroMQ -- checking for pkg-config
-- Checking for module 'libzmq >= 4'
--   Found libzmq , version 4.3.4
-- Checking for module 'uuid'
--   Found uuid, version 2.37.2
-- Looking for ignition-msgs5 -- found version 5.8.1
-- Searching for dependencies of ignition-msgs5
-- Looking for ignition-math6 -- found version 6.15.1
-- Checking for module 'tinyxml2'
--   Found tinyxml2, version 9.0.0
-- Looking for ignition-msgs5 -- found version 5.8.1
-- Looking for ignition-common3 -- found version 3.14.0
-- Searching for dependencies of ignition-common3
-- Looking for dlfcn.h - found
-- Looking for libdl - found
-- Searching for <ignition-common3> component [graphics]
-- Looking for ignition-common3-graphics -- found version 3.14.0
-- Searching for dependencies of ignition-common3-graphics
-- Looking for ignition-math6 -- found version 6.15.1
-- Looking for ignition-fuel_tools4 -- found version 4.4.0
-- Searching for dependencies of ignition-fuel_tools4
-- Checking for module 'jsoncpp'
--   Found jsoncpp, version 1.9.5
-- Checking for module 'libzip'
--   Found libzip, version 1.7.3
-- Looking for ignition-common3 -- found version 3.14.0
-- Looking for ignition-math6 -- found version 6.15.1
-- Looking for ignition-msgs5 -- found version 5.8.1
-- Gazebo version: 11.10
-- Found gazebo_ros: 3.9.0 (/opt/ros/humble/share/gazebo_ros/cmake)
-- Found sensor_msgs: 4.9.0 (/opt/ros/humble/share/sensor_msgs/cmake)
-- Found tf2_ros: 0.25.18 (/opt/ros/humble/share/tf2_ros/cmake)
-- Found rosidl_default_generators: 1.2.0 (/opt/ros/humble/share/rosidl_default_generators/cmake)
-- Found livox_ros_driver2: 1.0.0 (/home/xkai/agribot/agribot_ws/install/livox_ros_driver2/share/livox_ros_driver2/cmake)
-- Eigen found (include: /usr/include/eigen3, version: 3.4.0)
-- FLANN found (include: /usr/include, lib: /usr/lib/x86_64-linux-gnu/libflann_cpp.so)
-- OpenNI found (version: 1.5.4.0, include: /usr/include/ni, lib: /usr/lib/libOpenNI.so;libusb::libusb)
-- OpenNI2 found (version: 2.2.0.33, include: /usr/include/openni2, lib: /usr/lib/x86_64-linux-gnu/libOpenNI2.so;libusb::libusb)
-- Eigen found (include: /usr/include/eigen3, version: 3.4.0)
-- OpenNI found (version: 1.5.4.0, include: /usr/include/ni, lib: /usr/lib/libOpenNI.so;libusb::libusb)
-- OpenNI2 found (version: 2.2.0.33, include: /usr/include/openni2, lib: /usr/lib/x86_64-linux-gnu/libOpenNI2.so;libusb::libusb)
-- Found Qhull version 8.0.2
-- OpenNI found (version: 1.5.4.0, include: /usr/include/ni, lib: /usr/lib/libOpenNI.so;libusb::libusb)
-- Found Boost: /usr/lib/x86_64-linux-gnu/cmake/Boost-1.74.0/BoostConfig.cmake (found version "1.74.0") found components: chrono 
-- Found ament_lint_auto: 0.12.14 (/opt/ros/humble/share/ament_lint_auto/cmake)
-- Added test 'copyright' to check source files copyright and LICENSE
-- Added test 'cppcheck' to perform static code analysis on C / C++ code
-- Configured cppcheck include dirs: /home/xkai/agribot/agribot_ws/src/livox_laser_simulation_ros2/include
-- Configured cppcheck exclude dirs and/or files: 
-- Added test 'cpplint' to check C / C++ code against the Google style
-- Configured cpplint exclude dirs and/or files: 
-- Added test 'lint_cmake' to check CMake code style
-- Added test 'uncrustify' to check C / C++ code style
-- Configured uncrustify additional arguments: 
-- Added test 'xmllint' to check XML markup files
-- Configuring done
-- Generating done
-- Build files have been written to: /home/xkai/agribot/agribot_ws/build/ros2_livox_simulation
[35m[1mConsolidate compiler generated dependencies of target ros2_livox[0m
[ 33%] [32mBuilding CXX object CMakeFiles/ros2_livox.dir/src/livox_points_plugin.cpp.o[0m
[ 66%] [32mBuilding CXX object CMakeFiles/ros2_livox.dir/src/livox_ode_multiray_shape.cpp.o[0m
[100%] [32m[1mLinking CXX shared library libros2_livox.so[0m
[100%] Built target ros2_livox
-- Install configuration: ""
-- Execute custom install script
-- Up-to-date symlink: /home/xkai/agribot/agribot_ws/install/ros2_livox_simulation/include/ros2_livox/csv_reader.hpp
-- Up-to-date symlink: /home/xkai/agribot/agribot_ws/install/ros2_livox_simulation/include/ros2_livox/livox_ode_multiray_shape.h
-- Up-to-date symlink: /home/xkai/agribot/agribot_ws/install/ros2_livox_simulation/include/ros2_livox/livox_points_plugin.h
-- Up-to-date symlink: /home/xkai/agribot/agribot_ws/install/ros2_livox_simulation/share/ros2_livox_simulation/meshes/livox_mid-360-90x.dae
-- Up-to-date symlink: /home/xkai/agribot/agribot_ws/install/ros2_livox_simulation/share/ros2_livox_simulation/meshes/livox_mid360.dae
-- Up-to-date symlink: /home/xkai/agribot/agribot_ws/install/ros2_livox_simulation/share/ros2_livox_simulation/meshes/livox_mid40.dae
-- Up-to-date symlink: /home/xkai/agribot/agribot_ws/install/ros2_livox_simulation/share/ros2_livox_simulation/meshes/mid-360-asm.stl
-- Up-to-date symlink: /home/xkai/agribot/agribot_ws/install/ros2_livox_simulation/lib/libros2_livox.so
-- Up-to-date symlink: /home/xkai/agribot/agribot_ws/install/ros2_livox_simulation/share/ros2_livox_simulation/environment/library_path.sh
-- Up-to-date symlink: /home/xkai/agribot/agribot_ws/install/ros2_livox_simulation/share/ros2_livox_simulation/environment/library_path.dsv
-- Up-to-date symlink: /home/xkai/agribot/agribot_ws/install/ros2_livox_simulation/share/ros2_livox_simulation/scan_mode/mid40.csv
-- Up-to-date symlink: /home/xkai/agribot/agribot_ws/install/ros2_livox_simulation/share/ros2_livox_simulation/scan_mode/mid70.csv
-- Up-to-date symlink: /home/xkai/agribot/agribot_ws/install/ros2_livox_simulation/share/ros2_livox_simulation/scan_mode/mid360.csv
-- Up-to-date symlink: /home/xkai/agribot/agribot_ws/install/ros2_livox_simulation/share/ros2_livox_simulation/scan_mode/tele.csv
-- Up-to-date symlink: /home/xkai/agribot/agribot_ws/install/ros2_livox_simulation/share/ros2_livox_simulation/scan_mode/horizon.csv
-- Up-to-date symlink: /home/xkai/agribot/agribot_ws/install/ros2_livox_simulation/share/ros2_livox_simulation/scan_mode/HAP.csv
-- Up-to-date symlink: /home/xkai/agribot/agribot_ws/install/ros2_livox_simulation/share/ros2_livox_simulation/scan_mode/avia.csv
-- Up-to-date symlink: /home/xkai/agribot/agribot_ws/install/ros2_livox_simulation/share/ros2_livox_simulation/urdf/mid40.xacro
-- Up-to-date symlink: /home/xkai/agribot/agribot_ws/install/ros2_livox_simulation/share/ros2_livox_simulation/urdf/mid70.xacro
-- Up-to-date symlink: /home/xkai/agribot/agribot_ws/install/ros2_livox_simulation/share/ros2_livox_simulation/urdf/mid360.xacro
-- Up-to-date symlink: /home/xkai/agribot/agribot_ws/install/ros2_livox_simulation/share/ros2_livox_simulation/urdf/tele.xacro
-- Up-to-date symlink: /home/xkai/agribot/agribot_ws/install/ros2_livox_simulation/share/ros2_livox_simulation/urdf/horizon.xacro
-- Up-to-date symlink: /home/xkai/agribot/agribot_ws/install/ros2_livox_simulation/share/ros2_livox_simulation/urdf/HAP.xacro
-- Up-to-date symlink: /home/xkai/agribot/agribot_ws/install/ros2_livox_simulation/share/ros2_livox_simulation/urdf/avia.xacro
-- Up-to-date symlink: /home/xkai/agribot/agribot_ws/install/ros2_livox_simulation/share/ros2_livox_simulation/urdf/mid360-copy.xacro
-- Up-to-date symlink: /home/xkai/agribot/agribot_ws/install/ros2_livox_simulation/share/ament_index/resource_index/package_run_dependencies/ros2_livox_simulation
-- Up-to-date symlink: /home/xkai/agribot/agribot_ws/install/ros2_livox_simulation/share/ament_index/resource_index/parent_prefix_path/ros2_livox_simulation
-- Up-to-date symlink: /home/xkai/agribot/agribot_ws/install/ros2_livox_simulation/share/ros2_livox_simulation/environment/ament_prefix_path.sh
-- Up-to-date symlink: /home/xkai/agribot/agribot_ws/install/ros2_livox_simulation/share/ros2_livox_simulation/environment/ament_prefix_path.dsv
-- Up-to-date symlink: /home/xkai/agribot/agribot_ws/install/ros2_livox_simulation/share/ros2_livox_simulation/environment/path.sh
-- Up-to-date symlink: /home/xkai/agribot/agribot_ws/install/ros2_livox_simulation/share/ros2_livox_simulation/environment/path.dsv
-- Up-to-date symlink: /home/xkai/agribot/agribot_ws/install/ros2_livox_simulation/share/ros2_livox_simulation/local_setup.bash
-- Up-to-date symlink: /home/xkai/agribot/agribot_ws/install/ros2_livox_simulation/share/ros2_livox_simulation/local_setup.sh
-- Up-to-date symlink: /home/xkai/agribot/agribot_ws/install/ros2_livox_simulation/share/ros2_livox_simulation/local_setup.zsh
-- Up-to-date symlink: /home/xkai/agribot/agribot_ws/install/ros2_livox_simulation/share/ros2_livox_simulation/local_setup.dsv
-- Symlinking: /home/xkai/agribot/agribot_ws/install/ros2_livox_simulation/share/ros2_livox_simulation/package.dsv
-- Up-to-date symlink: /home/xkai/agribot/agribot_ws/install/ros2_livox_simulation/share/ament_index/resource_index/packages/ros2_livox_simulation
-- Up-to-date symlink: /home/xkai/agribot/agribot_ws/install/ros2_livox_simulation/share/ros2_livox_simulation/cmake/ament_cmake_export_libraries-extras.cmake
-- Up-to-date symlink: /home/xkai/agribot/agribot_ws/install/ros2_livox_simulation/share/ros2_livox_simulation/cmake/ros2_livox_simulationConfig.cmake
-- Up-to-date symlink: /home/xkai/agribot/agribot_ws/install/ros2_livox_simulation/share/ros2_livox_simulation/cmake/ros2_livox_simulationConfig-version.cmake
-- Up-to-date symlink: /home/xkai/agribot/agribot_ws/install/ros2_livox_simulation/share/ros2_livox_simulation/package.xml
