[0.031s] Invoking command in '/home/xkai/agribot/agribot_ws/build/agribot_simulation': CMAKE_PREFIX_PATH=${CMAKE_PREFIX_PATH}:/opt/ros/humble /usr/bin/cmake --build /home/xkai/agribot/agribot_ws/build/agribot_simulation -- -j8 -l8
[0.090s] Invoked command in '/home/xkai/agribot/agribot_ws/build/agribot_simulation' returned '0': CMAKE_PREFIX_PATH=${CMAKE_PREFIX_PATH}:/opt/ros/humble /usr/bin/cmake --build /home/xkai/agribot/agribot_ws/build/agribot_simulation -- -j8 -l8
[0.114s] Invoking command in '/home/xkai/agribot/agribot_ws/build/agribot_simulation': CMAKE_PREFIX_PATH=${CMAKE_PREFIX_PATH}:/opt/ros/humble /usr/bin/cmake --install /home/xkai/agribot/agribot_ws/build/agribot_simulation
[0.145s] -- Install configuration: ""
[0.145s] -- Execute custom install script
[0.148s] -- Up-to-date symlink: /home/xkai/agribot/agribot_ws/install/agribot_simulation/share/agribot_simulation/launch/display_robot.launch.py
[0.148s] -- Up-to-date symlink: /home/xkai/agribot/agribot_ws/install/agribot_simulation/share/agribot_simulation/launch/gazebo_sim.launch.py
[0.148s] -- Up-to-date symlink: /home/xkai/agribot/agribot_ws/install/agribot_simulation/share/agribot_simulation/urdf/agribot/agribot.gazebo.xacro
[0.148s] -- Up-to-date symlink: /home/xkai/agribot/agribot_ws/install/agribot_simulation/share/agribot_simulation/urdf/agribot/agribot.ros2_control.xacro
[0.148s] -- Up-to-date symlink: /home/xkai/agribot/agribot_ws/install/agribot_simulation/share/agribot_simulation/urdf/agribot/agribot.urdf.xacro
[0.149s] -- Up-to-date symlink: /home/xkai/agribot/agribot_ws/install/agribot_simulation/share/agribot_simulation/urdf/agribot/mini_4wd_robot.urdf
[0.150s] -- Up-to-date symlink: /home/xkai/agribot/agribot_ws/install/agribot_simulation/share/agribot_simulation/urdf/agribot/mini_4wd_robot.urdf.xacro
[0.150s] -- Up-to-date symlink: /home/xkai/agribot/agribot_ws/install/agribot_simulation/share/agribot_simulation/urdf/agribot/plugins/gazebo_control_plugin.xacro
[0.154s] -- Up-to-date symlink: /home/xkai/agribot/agribot_ws/install/agribot_simulation/share/agribot_simulation/urdf/agribot/plugins/gazebo_sensor_plugin.xacro
[0.155s] -- Up-to-date symlink: /home/xkai/agribot/agribot_ws/install/agribot_simulation/share/agribot_simulation/urdf/agribot/sensors/imu.urdf.xacro
[0.155s] -- Up-to-date symlink: /home/xkai/agribot/agribot_ws/install/agribot_simulation/share/agribot_simulation/urdf/first_robot.urdf
[0.155s] -- Up-to-date symlink: /home/xkai/agribot/agribot_ws/install/agribot_simulation/share/agribot_simulation/urdf/meshes/bases/burger_base.stl
[0.155s] -- Up-to-date symlink: /home/xkai/agribot/agribot_ws/install/agribot_simulation/share/agribot_simulation/urdf/meshes/bases/waffle_base.stl
[0.155s] -- Up-to-date symlink: /home/xkai/agribot/agribot_ws/install/agribot_simulation/share/agribot_simulation/urdf/meshes/bases/waffle_pi_base.stl
[0.155s] -- Up-to-date symlink: /home/xkai/agribot/agribot_ws/install/agribot_simulation/share/agribot_simulation/urdf/meshes/mini_4wd_robot_meshes/base_link.STL
[0.156s] -- Up-to-date symlink: /home/xkai/agribot/agribot_ws/install/agribot_simulation/share/agribot_simulation/urdf/meshes/mini_4wd_robot_meshes/camera_link.STL
[0.156s] -- Up-to-date symlink: /home/xkai/agribot/agribot_ws/install/agribot_simulation/share/agribot_simulation/urdf/meshes/mini_4wd_robot_meshes/controller_link.STL
[0.156s] -- Up-to-date symlink: /home/xkai/agribot/agribot_ws/install/agribot_simulation/share/agribot_simulation/urdf/meshes/mini_4wd_robot_meshes/laser.STL
[0.157s] -- Up-to-date symlink: /home/xkai/agribot/agribot_ws/install/agribot_simulation/share/agribot_simulation/urdf/meshes/mini_4wd_robot_meshes/lb_wheel_link.STL
[0.158s] -- Up-to-date symlink: /home/xkai/agribot/agribot_ws/install/agribot_simulation/share/agribot_simulation/urdf/meshes/mini_4wd_robot_meshes/lf_wheel_link.STL
[0.158s] -- Up-to-date symlink: /home/xkai/agribot/agribot_ws/install/agribot_simulation/share/agribot_simulation/urdf/meshes/mini_4wd_robot_meshes/rb_wheel_link.STL
[0.159s] -- Up-to-date symlink: /home/xkai/agribot/agribot_ws/install/agribot_simulation/share/agribot_simulation/urdf/meshes/mini_4wd_robot_meshes/rf_wheel_link.STL
[0.166s] -- Up-to-date symlink: /home/xkai/agribot/agribot_ws/install/agribot_simulation/share/agribot_simulation/urdf/meshes/sensors/astra.dae
[0.166s] -- Up-to-date symlink: /home/xkai/agribot/agribot_ws/install/agribot_simulation/share/agribot_simulation/urdf/meshes/sensors/astra.jpg
[0.166s] -- Up-to-date symlink: /home/xkai/agribot/agribot_ws/install/agribot_simulation/share/agribot_simulation/urdf/meshes/sensors/lds.stl
[0.166s] -- Up-to-date symlink: /home/xkai/agribot/agribot_ws/install/agribot_simulation/share/agribot_simulation/urdf/meshes/sensors/r200.dae
[0.166s] -- Up-to-date symlink: /home/xkai/agribot/agribot_ws/install/agribot_simulation/share/agribot_simulation/urdf/meshes/sensors/r200.jpg
[0.166s] -- Up-to-date symlink: /home/xkai/agribot/agribot_ws/install/agribot_simulation/share/agribot_simulation/urdf/meshes/wheels/left_tire.stl
[0.166s] -- Up-to-date symlink: /home/xkai/agribot/agribot_ws/install/agribot_simulation/share/agribot_simulation/urdf/meshes/wheels/right_tire.stl
[0.167s] -- Up-to-date symlink: /home/xkai/agribot/agribot_ws/install/agribot_simulation/share/agribot_simulation/urdf/urdf/brushless_senior_diff.urdf
[0.167s] -- Up-to-date symlink: /home/xkai/agribot/agribot_ws/install/agribot_simulation/share/agribot_simulation/urdf/urdf/flagship_4wd_bs_robot.urdf
[0.167s] -- Up-to-date symlink: /home/xkai/agribot/agribot_ws/install/agribot_simulation/share/agribot_simulation/urdf/urdf/flagship_4wd_dl_robot.urdf
[0.167s] -- Up-to-date symlink: /home/xkai/agribot/agribot_ws/install/agribot_simulation/share/agribot_simulation/urdf/urdf/flagship_four_wheel_diff_bs_robot.urdf
[0.167s] -- Up-to-date symlink: /home/xkai/agribot/agribot_ws/install/agribot_simulation/share/agribot_simulation/urdf/urdf/flagship_four_wheel_diff_dl_robot.urdf
[0.167s] -- Up-to-date symlink: /home/xkai/agribot/agribot_ws/install/agribot_simulation/share/agribot_simulation/urdf/urdf/flagship_mec_bs_robot.urdf
[0.167s] -- Up-to-date symlink: /home/xkai/agribot/agribot_ws/install/agribot_simulation/share/agribot_simulation/urdf/urdf/flagship_mec_dl_robot.urdf
[0.170s] -- Up-to-date symlink: /home/xkai/agribot/agribot_ws/install/agribot_simulation/share/agribot_simulation/urdf/urdf/four_wheel_diff_bs_robot.urdf
[0.170s] -- Up-to-date symlink: /home/xkai/agribot/agribot_ws/install/agribot_simulation/share/agribot_simulation/urdf/urdf/four_wheel_diff_dl_robot.urdf
[0.171s] -- Up-to-date symlink: /home/xkai/agribot/agribot_ws/install/agribot_simulation/share/agribot_simulation/urdf/urdf/mec_EightDrive_robot.urdf
[0.171s] -- Up-to-date symlink: /home/xkai/agribot/agribot_ws/install/agribot_simulation/share/agribot_simulation/urdf/urdf/mini_4wd_robot.urdf
[0.171s] -- Up-to-date symlink: /home/xkai/agribot/agribot_ws/install/agribot_simulation/share/agribot_simulation/urdf/urdf/mini_akm_robot.urdf
[0.171s] -- Up-to-date symlink: /home/xkai/agribot/agribot_ws/install/agribot_simulation/share/agribot_simulation/urdf/urdf/mini_diff_robot.urdf
[0.171s] -- Up-to-date symlink: /home/xkai/agribot/agribot_ws/install/agribot_simulation/share/agribot_simulation/urdf/urdf/mini_mec_moveit.urdf
[0.171s] -- Up-to-date symlink: /home/xkai/agribot/agribot_ws/install/agribot_simulation/share/agribot_simulation/urdf/urdf/mini_mec_robot.urdf
[0.171s] -- Up-to-date symlink: /home/xkai/agribot/agribot_ws/install/agribot_simulation/share/agribot_simulation/urdf/urdf/mini_omni_robot.urdf
[0.171s] -- Up-to-date symlink: /home/xkai/agribot/agribot_ws/install/agribot_simulation/share/agribot_simulation/urdf/urdf/mini_tank_moveit.urdf
[0.172s] -- Up-to-date symlink: /home/xkai/agribot/agribot_ws/install/agribot_simulation/share/agribot_simulation/urdf/urdf/senior_4wd_bs_robot.urdf
[0.172s] -- Up-to-date symlink: /home/xkai/agribot/agribot_ws/install/agribot_simulation/share/agribot_simulation/urdf/urdf/senior_4wd_dl_robot.urdf
[0.172s] -- Up-to-date symlink: /home/xkai/agribot/agribot_ws/install/agribot_simulation/share/agribot_simulation/urdf/urdf/senior_akm_robot.urdf
[0.173s] -- Up-to-date symlink: /home/xkai/agribot/agribot_ws/install/agribot_simulation/share/agribot_simulation/urdf/urdf/senior_diff_robot.urdf
[0.173s] -- Up-to-date symlink: /home/xkai/agribot/agribot_ws/install/agribot_simulation/share/agribot_simulation/urdf/urdf/senior_mec_dl_robot.urdf
[0.173s] -- Up-to-date symlink: /home/xkai/agribot/agribot_ws/install/agribot_simulation/share/agribot_simulation/urdf/urdf/senior_mec_robot.urdf
[0.174s] -- Up-to-date symlink: /home/xkai/agribot/agribot_ws/install/agribot_simulation/share/agribot_simulation/urdf/urdf/senior_omni_robot.urdf
[0.174s] -- Up-to-date symlink: /home/xkai/agribot/agribot_ws/install/agribot_simulation/share/agribot_simulation/urdf/urdf/top_4wd_bs_robot.urdf
[0.175s] -- Up-to-date symlink: /home/xkai/agribot/agribot_ws/install/agribot_simulation/share/agribot_simulation/urdf/urdf/top_4wd_dl_robot.urdf
[0.175s] -- Up-to-date symlink: /home/xkai/agribot/agribot_ws/install/agribot_simulation/share/agribot_simulation/urdf/urdf/top_akm_bs_robot.urdf
[0.178s] -- Up-to-date symlink: /home/xkai/agribot/agribot_ws/install/agribot_simulation/share/agribot_simulation/urdf/urdf/top_akm_dl_robot.urdf
[0.178s] -- Up-to-date symlink: /home/xkai/agribot/agribot_ws/install/agribot_simulation/share/agribot_simulation/urdf/urdf/top_mec_bs_robot.urdf
[0.179s] -- Up-to-date symlink: /home/xkai/agribot/agribot_ws/install/agribot_simulation/share/agribot_simulation/urdf/urdf/top_mec_dl_robot.urdf
[0.179s] -- Up-to-date symlink: /home/xkai/agribot/agribot_ws/install/agribot_simulation/share/agribot_simulation/urdf/urdf/top_omni_robot.urdf
[0.181s] -- Up-to-date symlink: /home/xkai/agribot/agribot_ws/install/agribot_simulation/share/agribot_simulation/config/agribot_ros2_controller.yaml
[0.182s] -- Up-to-date symlink: /home/xkai/agribot/agribot_ws/install/agribot_simulation/share/agribot_simulation/config/diaplay_robot_model.rviz
[0.182s] -- Up-to-date symlink: /home/xkai/agribot/agribot_ws/install/agribot_simulation/share/agribot_simulation/world/agri_room.world
[0.182s] -- Up-to-date symlink: /home/xkai/agribot/agribot_ws/install/agribot_simulation/share/agribot_simulation/world/corn_leaf_world.world
[0.183s] -- Up-to-date symlink: /home/xkai/agribot/agribot_ws/install/agribot_simulation/share/agribot_simulation/world/cornlinens.world
[0.184s] -- Up-to-date symlink: /home/xkai/agribot/agribot_ws/install/agribot_simulation/share/agribot_simulation/world/cornlinens_angular.world
[0.184s] -- Up-to-date symlink: /home/xkai/agribot/agribot_ws/install/agribot_simulation/share/agribot_simulation/world/cornlinens_angular2.world
[0.184s] -- Up-to-date symlink: /home/xkai/agribot/agribot_ws/install/agribot_simulation/share/agribot_simulation/world/custom_room.world
[0.185s] -- Up-to-date symlink: /home/xkai/agribot/agribot_ws/install/agribot_simulation/share/agribot_simulation/world/new.world
[0.185s] -- Up-to-date symlink: /home/xkai/agribot/agribot_ws/install/agribot_simulation/share/agribot_simulation/world/room/model.config
[0.186s] -- Up-to-date symlink: /home/xkai/agribot/agribot_ws/install/agribot_simulation/share/agribot_simulation/world/room/model.sdf
[0.186s] -- Up-to-date symlink: /home/xkai/agribot/agribot_ws/install/agribot_simulation/share/agribot_simulation/world/towrow.world
[0.187s] -- Up-to-date symlink: /home/xkai/agribot/agribot_ws/install/agribot_simulation/share/agribot_simulation/world/twoworld.world
[0.187s] -- Up-to-date symlink: /home/xkai/agribot/agribot_ws/install/agribot_simulation/share/ament_index/resource_index/package_run_dependencies/agribot_simulation
[0.188s] -- Up-to-date symlink: /home/xkai/agribot/agribot_ws/install/agribot_simulation/share/ament_index/resource_index/parent_prefix_path/agribot_simulation
[0.188s] -- Up-to-date symlink: /home/xkai/agribot/agribot_ws/install/agribot_simulation/share/agribot_simulation/environment/ament_prefix_path.sh
[0.188s] -- Up-to-date symlink: /home/xkai/agribot/agribot_ws/install/agribot_simulation/share/agribot_simulation/environment/ament_prefix_path.dsv
[0.189s] -- Up-to-date symlink: /home/xkai/agribot/agribot_ws/install/agribot_simulation/share/agribot_simulation/environment/path.sh
[0.190s] -- Up-to-date symlink: /home/xkai/agribot/agribot_ws/install/agribot_simulation/share/agribot_simulation/environment/path.dsv
[0.190s] -- Up-to-date symlink: /home/xkai/agribot/agribot_ws/install/agribot_simulation/share/agribot_simulation/local_setup.bash
[0.191s] -- Up-to-date symlink: /home/xkai/agribot/agribot_ws/install/agribot_simulation/share/agribot_simulation/local_setup.sh
[0.191s] -- Up-to-date symlink: /home/xkai/agribot/agribot_ws/install/agribot_simulation/share/agribot_simulation/local_setup.zsh
[0.192s] -- Up-to-date symlink: /home/xkai/agribot/agribot_ws/install/agribot_simulation/share/agribot_simulation/local_setup.dsv
[0.193s] -- Symlinking: /home/xkai/agribot/agribot_ws/install/agribot_simulation/share/agribot_simulation/package.dsv
[0.207s] -- Up-to-date symlink: /home/xkai/agribot/agribot_ws/install/agribot_simulation/share/ament_index/resource_index/packages/agribot_simulation
[0.207s] -- Up-to-date symlink: /home/xkai/agribot/agribot_ws/install/agribot_simulation/share/agribot_simulation/cmake/agribot_simulationConfig.cmake
[0.207s] -- Up-to-date symlink: /home/xkai/agribot/agribot_ws/install/agribot_simulation/share/agribot_simulation/cmake/agribot_simulationConfig-version.cmake
[0.208s] -- Up-to-date symlink: /home/xkai/agribot/agribot_ws/install/agribot_simulation/share/agribot_simulation/package.xml
[0.219s] Invoked command in '/home/xkai/agribot/agribot_ws/build/agribot_simulation' returned '0': CMAKE_PREFIX_PATH=${CMAKE_PREFIX_PATH}:/opt/ros/humble /usr/bin/cmake --install /home/xkai/agribot/agribot_ws/build/agribot_simulation
