[0.015s] Invoking command in '/home/xkai/agribot/agribot_ws/build/centerline_extraction': CMAKE_PREFIX_PATH=${CMAKE_PREFIX_PATH}:/opt/ros/humble /usr/bin/cmake --build /home/xkai/agribot/agribot_ws/build/centerline_extraction -- -j8 -l8
[0.098s] [35m[1mConsolidate compiler generated dependencies of target cornfield_navigation_node[0m
[0.100s] [ 22%] Built target centerline_extract
[0.122s] [ 44%] Built target pcl_learning
[0.156s] [ 55%] [32mBuilding CXX object CMakeFiles/cornfield_navigation_node.dir/src/corn_row_detector.cpp.o[0m
[0.176s] [ 66%] [32mBuilding CXX object CMakeFiles/cornfield_navigation_node.dir/src/main.cpp.o[0m
[0.500s] In file included from [01m[K/home/xkai/agribot/agribot_ws/src/centerline_extraction/src/main.cpp:2[m[K:
[0.500s] [01m[K/home/xkai/agribot/agribot_ws/src/centerline_extraction/include/centerline_extraction/corn_row_detector.hpp:8:10:[m[K [01;31m[Kfatal error: [m[Kvisualization_msgs/msg/marker.hpp: 没有那个文件或目录
[0.500s]     8 | #include [01;31m[K"visualization_msgs/msg/marker.hpp"[m[K  // 新增：Marker消息
[0.500s]       |          [01;31m[K^~~~~~~~~~~~~~~~~~~~~~~~~~~~~~~~~~~[m[K
[0.500s] compilation terminated.
[0.502s] gmake[2]: *** [CMakeFiles/cornfield_navigation_node.dir/build.make:118：CMakeFiles/cornfield_navigation_node.dir/src/main.cpp.o] 错误 1
[0.502s] gmake[2]: *** 正在等待未完成的任务....
[0.510s] In file included from [01m[K/home/xkai/agribot/agribot_ws/src/centerline_extraction/src/corn_row_detector.cpp:1[m[K:
[0.510s] [01m[K/home/xkai/agribot/agribot_ws/src/centerline_extraction/include/centerline_extraction/corn_row_detector.hpp:8:10:[m[K [01;31m[Kfatal error: [m[Kvisualization_msgs/msg/marker.hpp: 没有那个文件或目录
[0.510s]     8 | #include [01;31m[K"visualization_msgs/msg/marker.hpp"[m[K  // 新增：Marker消息
[0.510s]       |          [01;31m[K^~~~~~~~~~~~~~~~~~~~~~~~~~~~~~~~~~~[m[K
[0.510s] compilation terminated.
[0.513s] gmake[2]: *** [CMakeFiles/cornfield_navigation_node.dir/build.make:76：CMakeFiles/cornfield_navigation_node.dir/src/corn_row_detector.cpp.o] 错误 1
[0.513s] gmake[1]: *** [CMakeFiles/Makefile2:193：CMakeFiles/cornfield_navigation_node.dir/all] 错误 2
[0.514s] gmake: *** [Makefile:146：all] 错误 2
[0.516s] Invoked command in '/home/xkai/agribot/agribot_ws/build/centerline_extraction' returned '2': CMAKE_PREFIX_PATH=${CMAKE_PREFIX_PATH}:/opt/ros/humble /usr/bin/cmake --build /home/xkai/agribot/agribot_ws/build/centerline_extraction -- -j8 -l8
