-- The C compiler identification is GNU 11.4.0
-- The CXX compiler identification is GNU 11.4.0
-- Detecting C compiler ABI info
-- Detecting C compiler ABI info - done
-- Check for working C compiler: /usr/bin/cc - skipped
-- Detecting C compile features
-- Detecting C compile features - done
-- Detecting CXX compiler ABI info
-- Detecting CXX compiler ABI info - done
-- Check for working CXX compiler: /usr/bin/c++ - skipped
-- Detecting CXX compile features
-- Detecting CXX compile features - done
-- Found ament_cmake: 1.3.14 (/opt/ros/humble/share/ament_cmake/cmake)
-- Found Python3: /usr/bin/python3 (found version "3.10.12") found components: Interpreter 
-- Found urdf: 2.6.1 (/opt/ros/humble/share/urdf/cmake)
-- Found xacro: 2.1.1 (/opt/ros/humble/share/xacro/cmake)
-- Found robot_state_publisher: 3.0.3 (/opt/ros/humble/share/robot_state_publisher/cmake)
-- Found rosidl_generator_c: 3.1.8 (/opt/ros/humble/share/rosidl_generator_c/cmake)
-- Found rosidl_adapter: 3.1.8 (/opt/ros/humble/share/rosidl_adapter/cmake)
-- Found rosidl_generator_cpp: 3.1.8 (/opt/ros/humble/share/rosidl_generator_cpp/cmake)
-- Using all available rosidl_typesupport_c: rosidl_typesupport_fastrtps_c;rosidl_typesupport_introspection_c
-- Using all available rosidl_typesupport_cpp: rosidl_typesupport_fastrtps_cpp;rosidl_typesupport_introspection_cpp
-- Found eigen3_cmake_module: 0.1.1 (/opt/ros/humble/share/eigen3_cmake_module/cmake)
-- Found Eigen3: TRUE (found version "3.4.0") 
-- Ensuring Eigen3 include directory is part of orocos-kdl CMake target
-- Found rmw_implementation_cmake: 6.1.2 (/opt/ros/humble/share/rmw_implementation_cmake/cmake)
-- Found rmw_fastrtps_cpp: 6.2.10 (/opt/ros/humble/share/rmw_fastrtps_cpp/cmake)
-- Found TinyXML2 via Config file: TinyXML2_DIR-NOTFOUND
-- Found OpenSSL: /usr/lib/x86_64-linux-gnu/libcrypto.so (found version "3.0.2")  
-- Found TinyXML2 via Config file: TinyXML2_DIR-NOTFOUND
-- Found FastRTPS: /opt/ros/humble/include  
-- Found TinyXML2 via Config file: TinyXML2_DIR-NOTFOUND
-- Found TinyXML2 via Config file: TinyXML2_DIR-NOTFOUND
-- Using RMW implementation 'rmw_fastrtps_cpp' as default
-- Looking for pthread.h
-- Looking for pthread.h - found
-- Performing Test CMAKE_HAVE_LIBC_PTHREAD
-- Performing Test CMAKE_HAVE_LIBC_PTHREAD - Success
-- Found Threads: TRUE  
-- Found gazebo_ros_pkgs: 3.9.0 (/opt/ros/humble/share/gazebo_ros_pkgs/cmake)
-- Found nav_msgs: 4.9.1 (/opt/ros/humble/share/nav_msgs/cmake)
-- Found ament_lint_auto: 0.12.15 (/opt/ros/humble/share/ament_lint_auto/cmake)
-- Added test 'copyright' to check source files copyright and LICENSE
-- Added test 'flake8' to check Python code syntax and style conventions
-- Added test 'lint_cmake' to check CMake code style
-- Added test 'pep257' to check Python code against some of the docstring style conventions in PEP 257
-- Added test 'xmllint' to check XML markup files
-- Configuring done
-- Generating done
-- Build files have been written to: /home/xkai/agribot/agribot_ws/build/diff_drive_robot
-- Install configuration: ""
-- Installing: /home/xkai/agribot/agribot_ws/install/diff_drive_robot/share/diff_drive_robot/launch
-- Installing: /home/xkai/agribot/agribot_ws/install/diff_drive_robot/share/diff_drive_robot/launch/agribot_gazebo.launch.py
-- Installing: /home/xkai/agribot/agribot_ws/install/diff_drive_robot/share/diff_drive_robot/launch/robot.launch.py
-- Installing: /home/xkai/agribot/agribot_ws/install/diff_drive_robot/share/diff_drive_robot/urdf
-- Installing: /home/xkai/agribot/agribot_ws/install/diff_drive_robot/share/diff_drive_robot/urdf/agribot_diff_drive.urdf.xacro
-- Installing: /home/xkai/agribot/agribot_ws/install/diff_drive_robot/share/diff_drive_robot/urdf/robot.gazebo.xacro
-- Installing: /home/xkai/agribot/agribot_ws/install/diff_drive_robot/share/diff_drive_robot/urdf/robot.urdf.xacro
-- Installing: /home/xkai/agribot/agribot_ws/install/diff_drive_robot/share/diff_drive_robot/urdf/agribot_diff_drive.gazebo.xacro
-- Installing: /home/xkai/agribot/agribot_ws/install/diff_drive_robot/share/diff_drive_robot/urdf/materials.xacro
-- Installing: /home/xkai/agribot/agribot_ws/install/diff_drive_robot/share/diff_drive_robot/urdf/agribot_diff_drive.ros2_control.xacro
-- Installing: /home/xkai/agribot/agribot_ws/install/diff_drive_robot/share/diff_drive_robot/config
-- Installing: /home/xkai/agribot/agribot_ws/install/diff_drive_robot/share/diff_drive_robot/config/gazebo_params.yaml
-- Installing: /home/xkai/agribot/agribot_ws/install/diff_drive_robot/share/diff_drive_robot/config/agribot_ros2_controller.yaml
-- Installing: /home/xkai/agribot/agribot_ws/install/diff_drive_robot/share/ament_index/resource_index/package_run_dependencies/diff_drive_robot
-- Installing: /home/xkai/agribot/agribot_ws/install/diff_drive_robot/share/ament_index/resource_index/parent_prefix_path/diff_drive_robot
-- Installing: /home/xkai/agribot/agribot_ws/install/diff_drive_robot/share/diff_drive_robot/environment/ament_prefix_path.sh
-- Installing: /home/xkai/agribot/agribot_ws/install/diff_drive_robot/share/diff_drive_robot/environment/ament_prefix_path.dsv
-- Installing: /home/xkai/agribot/agribot_ws/install/diff_drive_robot/share/diff_drive_robot/environment/path.sh
-- Installing: /home/xkai/agribot/agribot_ws/install/diff_drive_robot/share/diff_drive_robot/environment/path.dsv
-- Installing: /home/xkai/agribot/agribot_ws/install/diff_drive_robot/share/diff_drive_robot/local_setup.bash
-- Installing: /home/xkai/agribot/agribot_ws/install/diff_drive_robot/share/diff_drive_robot/local_setup.sh
-- Installing: /home/xkai/agribot/agribot_ws/install/diff_drive_robot/share/diff_drive_robot/local_setup.zsh
-- Installing: /home/xkai/agribot/agribot_ws/install/diff_drive_robot/share/diff_drive_robot/local_setup.dsv
-- Installing: /home/xkai/agribot/agribot_ws/install/diff_drive_robot/share/diff_drive_robot/package.dsv
-- Installing: /home/xkai/agribot/agribot_ws/install/diff_drive_robot/share/ament_index/resource_index/packages/diff_drive_robot
-- Installing: /home/xkai/agribot/agribot_ws/install/diff_drive_robot/share/diff_drive_robot/cmake/diff_drive_robotConfig.cmake
-- Installing: /home/xkai/agribot/agribot_ws/install/diff_drive_robot/share/diff_drive_robot/cmake/diff_drive_robotConfig-version.cmake
-- Installing: /home/xkai/agribot/agribot_ws/install/diff_drive_robot/share/diff_drive_robot/package.xml
