[0.024s] Invoking command in '/home/xkai/agribot/agribot_ws/build/centerline_extraction': CMAKE_PREFIX_PATH=${CMAKE_PREFIX_PATH}:/opt/ros/humble /usr/bin/cmake --build /home/xkai/agribot/agribot_ws/build/centerline_extraction -- -j8 -l8
[0.098s] [35m[1mConsolidate compiler generated dependencies of target centerline_extract[0m
[0.173s] [ 50%] Built target pcl_learning
[0.181s] [ 75%] [32mBuilding CXX object CMakeFiles/centerline_extract.dir/src/centerline_extract.cpp.o[0m
[6.702s] In file included from [01m[K/opt/ros/humble/include/rclcpp/rclcpp/logging.hpp:24[m[K,
[6.702s]                  from [01m[K/opt/ros/humble/include/rclcpp/rclcpp/client.hpp:40[m[K,
[6.702s]                  from [01m[K/opt/ros/humble/include/rclcpp/rclcpp/callback_group.hpp:24[m[K,
[6.702s]                  from [01m[K/opt/ros/humble/include/rclcpp/rclcpp/any_executable.hpp:20[m[K,
[6.702s]                  from [01m[K/opt/ros/humble/include/rclcpp/rclcpp/memory_strategy.hpp:25[m[K,
[6.702s]                  from [01m[K/opt/ros/humble/include/rclcpp/rclcpp/memory_strategies.hpp:18[m[K,
[6.702s]                  from [01m[K/opt/ros/humble/include/rclcpp/rclcpp/executor_options.hpp:20[m[K,
[6.702s]                  from [01m[K/opt/ros/humble/include/rclcpp/rclcpp/executor.hpp:37[m[K,
[6.703s]                  from [01m[K/opt/ros/humble/include/rclcpp/rclcpp/executors/multi_threaded_executor.hpp:25[m[K,
[6.703s]                  from [01m[K/opt/ros/humble/include/rclcpp/rclcpp/executors.hpp:21[m[K,
[6.703s]                  from [01m[K/opt/ros/humble/include/rclcpp/rclcpp/rclcpp.hpp:155[m[K,
[6.703s]                  from [01m[K/home/xkai/agribot/agribot_ws/src/centerline_extraction/src/centerline_extract.cpp:1[m[K:
[6.704s] [01m[K/home/xkai/agribot/agribot_ws/src/centerline_extraction/src/centerline_extract.cpp:[m[K In member function ‘[01m[Kpcl::PointCloud<pcl::PointXYZ>::Ptr CenterLineExtract::filter_dowmsample(pcl::PointCloud<pcl::PointXYZ>::Ptr)[m[K’:
[6.704s] [01m[K/home/xkai/agribot/agribot_ws/src/centerline_extraction/src/centerline_extract.cpp:113:36:[m[K [01;31m[Kerror: [m[K‘[01m[Kcloud_sor[m[K’ was not declared in this scope; did you mean ‘[01m[Kcloud_sub_[m[K’?
[6.704s]   113 |                     cloud->size(), [01;31m[Kcloud_sor[m[K->size());
[6.704s]       |                                    [01;31m[K^~~~~~~~~[m[K
[9.876s] gmake[2]: *** [CMakeFiles/centerline_extract.dir/build.make:76：CMakeFiles/centerline_extract.dir/src/centerline_extract.cpp.o] 错误 1
[9.877s] gmake[1]: *** [CMakeFiles/Makefile2:165：CMakeFiles/centerline_extract.dir/all] 错误 2
[9.877s] gmake: *** [Makefile:146：all] 错误 2
[9.879s] Invoked command in '/home/xkai/agribot/agribot_ws/build/centerline_extraction' returned '2': CMAKE_PREFIX_PATH=${CMAKE_PREFIX_PATH}:/opt/ros/humble /usr/bin/cmake --build /home/xkai/agribot/agribot_ws/build/centerline_extraction -- -j8 -l8
