[0.011s] Invoking command in '/home/xkai/agribot/agribot_ws/build/agribot_simulation': CMAKE_PREFIX_PATH=/opt/ros/humble /usr/bin/cmake /home/xkai/agribot/agribot_ws/src/agribot_simulation -DROS_EDITION=ROS2 -DHUMBLE_ROS=humble -DCMAKE_INSTALL_PREFIX=/home/xkai/agribot/agribot_ws/install/agribot_simulation
[0.055s] -- The C compiler identification is GNU 11.4.0
[0.102s] -- The CXX compiler identification is GNU 11.4.0
[0.109s] -- Detecting C compiler ABI info
[0.159s] -- Detecting C compiler ABI info - done
[0.167s] -- Check for working C compiler: /usr/bin/cc - skipped
[0.167s] -- Detecting C compile features
[0.168s] -- Detecting C compile features - done
[0.172s] -- Detecting CXX compiler ABI info
[0.238s] -- Detecting CXX compiler ABI info - done
[0.250s] -- Check for working CXX compiler: /usr/bin/c++ - skipped
[0.251s] -- Detecting CXX compile features
[0.251s] -- Detecting CXX compile features - done
[0.253s] -- Found ament_cmake: 1.3.12 (/opt/ros/humble/share/ament_cmake/cmake)
[0.384s] -- Found Python3: /usr/bin/python3 (found version "3.10.12") found components: Interpreter 
[0.472s] -- Found ament_lint_auto: 0.12.14 (/opt/ros/humble/share/ament_lint_auto/cmake)
[0.546s] -- Added test 'flake8' to check Python code syntax and style conventions
[0.548s] -- Added test 'lint_cmake' to check CMake code style
[0.549s] -- Added test 'pep257' to check Python code against some of the docstring style conventions in PEP 257
[0.553s] -- Added test 'xmllint' to check XML markup files
[0.555s] -- Configuring done
[0.558s] -- Generating done
[0.559s] [33mCMake Warning:
[0.559s]   Manually-specified variables were not used by the project:
[0.559s] 
[0.559s]     HUMBLE_ROS
[0.559s]     ROS_EDITION
[0.559s] 
[0.559s] [0m
[0.560s] -- Build files have been written to: /home/xkai/agribot/agribot_ws/build/agribot_simulation
[0.565s] Invoked command in '/home/xkai/agribot/agribot_ws/build/agribot_simulation' returned '0': CMAKE_PREFIX_PATH=/opt/ros/humble /usr/bin/cmake /home/xkai/agribot/agribot_ws/src/agribot_simulation -DROS_EDITION=ROS2 -DHUMBLE_ROS=humble -DCMAKE_INSTALL_PREFIX=/home/xkai/agribot/agribot_ws/install/agribot_simulation
[0.568s] Invoking command in '/home/xkai/agribot/agribot_ws/build/agribot_simulation': CMAKE_PREFIX_PATH=/opt/ros/humble /usr/bin/cmake --build /home/xkai/agribot/agribot_ws/build/agribot_simulation -- -j8 -l8
[0.595s] Invoked command in '/home/xkai/agribot/agribot_ws/build/agribot_simulation' returned '0': CMAKE_PREFIX_PATH=/opt/ros/humble /usr/bin/cmake --build /home/xkai/agribot/agribot_ws/build/agribot_simulation -- -j8 -l8
[0.603s] Invoking command in '/home/xkai/agribot/agribot_ws/build/agribot_simulation': CMAKE_PREFIX_PATH=/opt/ros/humble /usr/bin/cmake --install /home/xkai/agribot/agribot_ws/build/agribot_simulation
[0.612s] -- Install configuration: ""
[0.612s] -- Installing: /home/xkai/agribot/agribot_ws/install/agribot_simulation/share/agribot_simulation/launch
[0.612s] -- Installing: /home/xkai/agribot/agribot_ws/install/agribot_simulation/share/agribot_simulation/launch/gazebo_sim.launch.py
[0.612s] -- Installing: /home/xkai/agribot/agribot_ws/install/agribot_simulation/share/agribot_simulation/launch/display_robot.launch.py
[0.612s] -- Installing: /home/xkai/agribot/agribot_ws/install/agribot_simulation/share/agribot_simulation/urdf
[0.612s] -- Installing: /home/xkai/agribot/agribot_ws/install/agribot_simulation/share/agribot_simulation/urdf/urdf
[0.612s] -- Installing: /home/xkai/agribot/agribot_ws/install/agribot_simulation/share/agribot_simulation/urdf/urdf/flagship_mec_dl_robot.urdf
[0.612s] -- Installing: /home/xkai/agribot/agribot_ws/install/agribot_simulation/share/agribot_simulation/urdf/urdf/senior_4wd_dl_robot.urdf
[0.612s] -- Installing: /home/xkai/agribot/agribot_ws/install/agribot_simulation/share/agribot_simulation/urdf/urdf/mini_tank_moveit.urdf
[0.613s] -- Installing: /home/xkai/agribot/agribot_ws/install/agribot_simulation/share/agribot_simulation/urdf/urdf/flagship_mec_bs_robot.urdf
[0.613s] -- Installing: /home/xkai/agribot/agribot_ws/install/agribot_simulation/share/agribot_simulation/urdf/urdf/top_mec_dl_robot.urdf
[0.613s] -- Installing: /home/xkai/agribot/agribot_ws/install/agribot_simulation/share/agribot_simulation/urdf/urdf/four_wheel_diff_dl_robot.urdf
[0.613s] -- Installing: /home/xkai/agribot/agribot_ws/install/agribot_simulation/share/agribot_simulation/urdf/urdf/mini_mec_robot.urdf
[0.613s] -- Installing: /home/xkai/agribot/agribot_ws/install/agribot_simulation/share/agribot_simulation/urdf/urdf/flagship_4wd_dl_robot.urdf
[0.613s] -- Installing: /home/xkai/agribot/agribot_ws/install/agribot_simulation/share/agribot_simulation/urdf/urdf/top_akm_bs_robot.urdf
[0.613s] -- Installing: /home/xkai/agribot/agribot_ws/install/agribot_simulation/share/agribot_simulation/urdf/urdf/senior_mec_dl_robot.urdf
[0.614s] -- Installing: /home/xkai/agribot/agribot_ws/install/agribot_simulation/share/agribot_simulation/urdf/urdf/mini_4wd_robot.urdf
[0.614s] -- Installing: /home/xkai/agribot/agribot_ws/install/agribot_simulation/share/agribot_simulation/urdf/urdf/senior_diff_robot.urdf
[0.614s] -- Installing: /home/xkai/agribot/agribot_ws/install/agribot_simulation/share/agribot_simulation/urdf/urdf/senior_akm_robot.urdf
[0.614s] -- Installing: /home/xkai/agribot/agribot_ws/install/agribot_simulation/share/agribot_simulation/urdf/urdf/mini_akm_robot.urdf
[0.614s] -- Installing: /home/xkai/agribot/agribot_ws/install/agribot_simulation/share/agribot_simulation/urdf/urdf/flagship_four_wheel_diff_dl_robot.urdf
[0.614s] -- Installing: /home/xkai/agribot/agribot_ws/install/agribot_simulation/share/agribot_simulation/urdf/urdf/flagship_4wd_bs_robot.urdf
[0.614s] -- Installing: /home/xkai/agribot/agribot_ws/install/agribot_simulation/share/agribot_simulation/urdf/urdf/senior_omni_robot.urdf
[0.614s] -- Installing: /home/xkai/agribot/agribot_ws/install/agribot_simulation/share/agribot_simulation/urdf/urdf/four_wheel_diff_bs_robot.urdf
[0.614s] -- Installing: /home/xkai/agribot/agribot_ws/install/agribot_simulation/share/agribot_simulation/urdf/urdf/brushless_senior_diff.urdf
[0.614s] -- Installing: /home/xkai/agribot/agribot_ws/install/agribot_simulation/share/agribot_simulation/urdf/urdf/senior_mec_robot.urdf
[0.615s] -- Installing: /home/xkai/agribot/agribot_ws/install/agribot_simulation/share/agribot_simulation/urdf/urdf/senior_4wd_bs_robot.urdf
[0.615s] -- Installing: /home/xkai/agribot/agribot_ws/install/agribot_simulation/share/agribot_simulation/urdf/urdf/top_4wd_dl_robot.urdf
[0.615s] -- Installing: /home/xkai/agribot/agribot_ws/install/agribot_simulation/share/agribot_simulation/urdf/urdf/mini_omni_robot.urdf
[0.615s] -- Installing: /home/xkai/agribot/agribot_ws/install/agribot_simulation/share/agribot_simulation/urdf/urdf/top_omni_robot.urdf
[0.615s] -- Installing: /home/xkai/agribot/agribot_ws/install/agribot_simulation/share/agribot_simulation/urdf/urdf/mini_diff_robot.urdf
[0.615s] -- Installing: /home/xkai/agribot/agribot_ws/install/agribot_simulation/share/agribot_simulation/urdf/urdf/mini_mec_moveit.urdf
[0.615s] -- Installing: /home/xkai/agribot/agribot_ws/install/agribot_simulation/share/agribot_simulation/urdf/urdf/top_4wd_bs_robot.urdf
[0.615s] -- Installing: /home/xkai/agribot/agribot_ws/install/agribot_simulation/share/agribot_simulation/urdf/urdf/top_mec_bs_robot.urdf
[0.615s] -- Installing: /home/xkai/agribot/agribot_ws/install/agribot_simulation/share/agribot_simulation/urdf/urdf/top_akm_dl_robot.urdf
[0.615s] -- Installing: /home/xkai/agribot/agribot_ws/install/agribot_simulation/share/agribot_simulation/urdf/urdf/mec_EightDrive_robot.urdf
[0.615s] -- Installing: /home/xkai/agribot/agribot_ws/install/agribot_simulation/share/agribot_simulation/urdf/urdf/flagship_four_wheel_diff_bs_robot.urdf
[0.616s] -- Installing: /home/xkai/agribot/agribot_ws/install/agribot_simulation/share/agribot_simulation/urdf/meshes
[0.616s] -- Installing: /home/xkai/agribot/agribot_ws/install/agribot_simulation/share/agribot_simulation/urdf/meshes/wheels
[0.616s] -- Installing: /home/xkai/agribot/agribot_ws/install/agribot_simulation/share/agribot_simulation/urdf/meshes/wheels/right_tire.stl
[0.617s] -- Installing: /home/xkai/agribot/agribot_ws/install/agribot_simulation/share/agribot_simulation/urdf/meshes/wheels/left_tire.stl
[0.618s] -- Installing: /home/xkai/agribot/agribot_ws/install/agribot_simulation/share/agribot_simulation/urdf/meshes/mini_4wd_robot_meshes
[0.618s] -- Installing: /home/xkai/agribot/agribot_ws/install/agribot_simulation/share/agribot_simulation/urdf/meshes/mini_4wd_robot_meshes/controller_link.STL
[0.619s] -- Installing: /home/xkai/agribot/agribot_ws/install/agribot_simulation/share/agribot_simulation/urdf/meshes/mini_4wd_robot_meshes/rb_wheel_link.STL
[0.620s] -- Installing: /home/xkai/agribot/agribot_ws/install/agribot_simulation/share/agribot_simulation/urdf/meshes/mini_4wd_robot_meshes/lb_wheel_link.STL
[0.621s] -- Installing: /home/xkai/agribot/agribot_ws/install/agribot_simulation/share/agribot_simulation/urdf/meshes/mini_4wd_robot_meshes/camera_link.STL
[0.622s] -- Installing: /home/xkai/agribot/agribot_ws/install/agribot_simulation/share/agribot_simulation/urdf/meshes/mini_4wd_robot_meshes/rf_wheel_link.STL
[0.623s] -- Installing: /home/xkai/agribot/agribot_ws/install/agribot_simulation/share/agribot_simulation/urdf/meshes/mini_4wd_robot_meshes/lf_wheel_link.STL
[0.624s] -- Installing: /home/xkai/agribot/agribot_ws/install/agribot_simulation/share/agribot_simulation/urdf/meshes/mini_4wd_robot_meshes/base_link.STL
[0.629s] -- Installing: /home/xkai/agribot/agribot_ws/install/agribot_simulation/share/agribot_simulation/urdf/meshes/mini_4wd_robot_meshes/laser.STL
[0.629s] -- Installing: /home/xkai/agribot/agribot_ws/install/agribot_simulation/share/agribot_simulation/urdf/meshes/bases
[0.629s] -- Installing: /home/xkai/agribot/agribot_ws/install/agribot_simulation/share/agribot_simulation/urdf/meshes/bases/waffle_pi_base.stl
[0.636s] -- Installing: /home/xkai/agribot/agribot_ws/install/agribot_simulation/share/agribot_simulation/urdf/meshes/bases/burger_base.stl
[0.640s] -- Installing: /home/xkai/agribot/agribot_ws/install/agribot_simulation/share/agribot_simulation/urdf/meshes/bases/waffle_base.stl
[0.654s] -- Installing: /home/xkai/agribot/agribot_ws/install/agribot_simulation/share/agribot_simulation/urdf/meshes/sensors
[0.654s] -- Installing: /home/xkai/agribot/agribot_ws/install/agribot_simulation/share/agribot_simulation/urdf/meshes/sensors/lds.stl
[0.654s] -- Installing: /home/xkai/agribot/agribot_ws/install/agribot_simulation/share/agribot_simulation/urdf/meshes/sensors/astra.dae
[0.662s] -- Installing: /home/xkai/agribot/agribot_ws/install/agribot_simulation/share/agribot_simulation/urdf/meshes/sensors/r200.jpg
[0.662s] -- Installing: /home/xkai/agribot/agribot_ws/install/agribot_simulation/share/agribot_simulation/urdf/meshes/sensors/r200.dae
[0.662s] -- Installing: /home/xkai/agribot/agribot_ws/install/agribot_simulation/share/agribot_simulation/urdf/meshes/sensors/astra.jpg
[0.662s] -- Installing: /home/xkai/agribot/agribot_ws/install/agribot_simulation/share/agribot_simulation/urdf/first_robot.urdf
[0.663s] -- Installing: /home/xkai/agribot/agribot_ws/install/agribot_simulation/share/agribot_simulation/urdf/agribot
[0.663s] -- Installing: /home/xkai/agribot/agribot_ws/install/agribot_simulation/share/agribot_simulation/urdf/agribot/mini_4wd_robot.urdf.xacro
[0.663s] -- Installing: /home/xkai/agribot/agribot_ws/install/agribot_simulation/share/agribot_simulation/urdf/agribot/mini_4wd_robot.urdf
[0.663s] -- Installing: /home/xkai/agribot/agribot_ws/install/agribot_simulation/share/agribot_simulation/urdf/agribot/plugins
[0.663s] -- Installing: /home/xkai/agribot/agribot_ws/install/agribot_simulation/share/agribot_simulation/urdf/agribot/plugins/gazebo_sensor_plugin.xacro
[0.663s] -- Installing: /home/xkai/agribot/agribot_ws/install/agribot_simulation/share/agribot_simulation/urdf/agribot/plugins/gazebo_control_plugin.xacro
[0.663s] -- Installing: /home/xkai/agribot/agribot_ws/install/agribot_simulation/share/agribot_simulation/urdf/agribot/agribot.ros2_control.xacro
[0.663s] -- Installing: /home/xkai/agribot/agribot_ws/install/agribot_simulation/share/agribot_simulation/urdf/agribot/sensors
[0.663s] -- Installing: /home/xkai/agribot/agribot_ws/install/agribot_simulation/share/agribot_simulation/urdf/agribot/sensors/imu.urdf.xacro
[0.664s] -- Installing: /home/xkai/agribot/agribot_ws/install/agribot_simulation/share/agribot_simulation/urdf/agribot/agribot.gazebo.xacro
[0.664s] -- Installing: /home/xkai/agribot/agribot_ws/install/agribot_simulation/share/agribot_simulation/urdf/agribot/agribot.urdf.xacro
[0.664s] -- Installing: /home/xkai/agribot/agribot_ws/install/agribot_simulation/share/agribot_simulation/config
[0.664s] -- Installing: /home/xkai/agribot/agribot_ws/install/agribot_simulation/share/agribot_simulation/config/diaplay_robot_model.rviz
[0.664s] -- Installing: /home/xkai/agribot/agribot_ws/install/agribot_simulation/share/agribot_simulation/config/agribot_ros2_controller.yaml
[0.664s] -- Installing: /home/xkai/agribot/agribot_ws/install/agribot_simulation/share/agribot_simulation/world
[0.664s] -- Installing: /home/xkai/agribot/agribot_ws/install/agribot_simulation/share/agribot_simulation/world/room
[0.664s] -- Installing: /home/xkai/agribot/agribot_ws/install/agribot_simulation/share/agribot_simulation/world/room/model.config
[0.664s] -- Installing: /home/xkai/agribot/agribot_ws/install/agribot_simulation/share/agribot_simulation/world/room/model.sdf
[0.664s] -- Installing: /home/xkai/agribot/agribot_ws/install/agribot_simulation/share/agribot_simulation/world/agri_room.world
[0.665s] -- Installing: /home/xkai/agribot/agribot_ws/install/agribot_simulation/share/agribot_simulation/world/custom_room.world
[0.665s] -- Installing: /home/xkai/agribot/agribot_ws/install/agribot_simulation/share/ament_index/resource_index/package_run_dependencies/agribot_simulation
[0.665s] -- Installing: /home/xkai/agribot/agribot_ws/install/agribot_simulation/share/ament_index/resource_index/parent_prefix_path/agribot_simulation
[0.665s] -- Installing: /home/xkai/agribot/agribot_ws/install/agribot_simulation/share/agribot_simulation/environment/ament_prefix_path.sh
[0.665s] -- Installing: /home/xkai/agribot/agribot_ws/install/agribot_simulation/share/agribot_simulation/environment/ament_prefix_path.dsv
[0.666s] -- Installing: /home/xkai/agribot/agribot_ws/install/agribot_simulation/share/agribot_simulation/environment/path.sh
[0.666s] -- Installing: /home/xkai/agribot/agribot_ws/install/agribot_simulation/share/agribot_simulation/environment/path.dsv
[0.666s] -- Installing: /home/xkai/agribot/agribot_ws/install/agribot_simulation/share/agribot_simulation/local_setup.bash
[0.666s] -- Installing: /home/xkai/agribot/agribot_ws/install/agribot_simulation/share/agribot_simulation/local_setup.sh
[0.666s] -- Installing: /home/xkai/agribot/agribot_ws/install/agribot_simulation/share/agribot_simulation/local_setup.zsh
[0.666s] -- Installing: /home/xkai/agribot/agribot_ws/install/agribot_simulation/share/agribot_simulation/local_setup.dsv
[0.666s] -- Installing: /home/xkai/agribot/agribot_ws/install/agribot_simulation/share/agribot_simulation/package.dsv
[0.667s] -- Installing: /home/xkai/agribot/agribot_ws/install/agribot_simulation/share/ament_index/resource_index/packages/agribot_simulation
[0.667s] -- Installing: /home/xkai/agribot/agribot_ws/install/agribot_simulation/share/agribot_simulation/cmake/agribot_simulationConfig.cmake
[0.667s] -- Installing: /home/xkai/agribot/agribot_ws/install/agribot_simulation/share/agribot_simulation/cmake/agribot_simulationConfig-version.cmake
[0.667s] -- Installing: /home/xkai/agribot/agribot_ws/install/agribot_simulation/share/agribot_simulation/package.xml
[0.670s] Invoked command in '/home/xkai/agribot/agribot_ws/build/agribot_simulation' returned '0': CMAKE_PREFIX_PATH=/opt/ros/humble /usr/bin/cmake --install /home/xkai/agribot/agribot_ws/build/agribot_simulation
