[INFO] [launch]: All log files can be found below /home/xkai/.ros/log/2026-06-08-20-02-26-179388-xkai-Ubuntun-271591
[INFO] [launch]: Default logging verbosity is set to INFO
[INFO] [robot_state_publisher-1]: process started with pid [271626]
[INFO] [gzserver-2]: process started with pid [271628]
[INFO] [spawn_entity.py-3]: process started with pid [271630]
[robot_state_publisher-1] [INFO] [1780920146.612528742] [robot_state_publisher]: got segment base_footprint
[robot_state_publisher-1] [INFO] [1780920146.612609809] [robot_state_publisher]: got segment base_link
[robot_state_publisher-1] [INFO] [1780920146.612617203] [robot_state_publisher]: got segment imu_link
[robot_state_publisher-1] [INFO] [1780920146.612621197] [robot_state_publisher]: got segment livox
[robot_state_publisher-1] [INFO] [1780920146.612624758] [robot_state_publisher]: got segment wheel_front_left_link
[robot_state_publisher-1] [INFO] [1780920146.612628514] [robot_state_publisher]: got segment wheel_front_right_link
[robot_state_publisher-1] [INFO] [1780920146.612632035] [robot_state_publisher]: got segment wheel_rear_left_link
[robot_state_publisher-1] [INFO] [1780920146.612635824] [robot_state_publisher]: got segment wheel_rear_right_link
[gzserver-2] Gazebo multi-robot simulator, version 11.10.2
[gzserver-2] Copyright (C) 2012 Open Source Robotics Foundation.
[gzserver-2] Released under the Apache 2 License.
[gzserver-2] http://gazebosim.org
[gzserver-2] 
[gzserver-2] [1;33m[Wrn] [gazebo_ros_init.cpp:178] [0m[1;33m
[gzserver-2] #     # ####### ####### ###  #####  #######
[gzserver-2] ##    # #     #    #     #  #     # #
[gzserver-2] # #   # #     #    #     #  #       #
[gzserver-2] #  #  # #     #    #     #  #       #####
[gzserver-2] #   # # #     #    #     #  #       #
[gzserver-2] #    ## #     #    #     #  #     # #
[gzserver-2] #     # #######    #    ###  #####  #######
[gzserver-2] 
[gzserver-2] This version of Gazebo, now called Gazebo classic, reaches end-of-life
[gzserver-2] in January 2025. Users are highly encouraged to migrate to the new Gazebo
[gzserver-2] using our migration guides (https://gazebosim.org/docs/latest/gazebo_classic_migration?utm_source=gazebo_ros_pkgs&utm_medium=cli)
[gzserver-2] 
[gzserver-2] [0m[1;33m
[spawn_entity.py-3] [INFO] [1780920147.140933569] [spawn_entity]: Spawn Entity started
[spawn_entity.py-3] [INFO] [1780920147.141242757] [spawn_entity]: Loading entity published on topic robot_description
[spawn_entity.py-3] [INFO] [1780920147.142864134] [spawn_entity]: Waiting for entity xml on robot_description
[spawn_entity.py-3] [INFO] [1780920147.153910465] [spawn_entity]: Waiting for service /spawn_entity, timeout = 30
[spawn_entity.py-3] [INFO] [1780920147.154368054] [spawn_entity]: Waiting for service /spawn_entity
[spawn_entity.py-3] [INFO] [1780920148.158782320] [spawn_entity]: Calling service /spawn_entity
[spawn_entity.py-3] [INFO] [1780920148.191185877] [spawn_entity]: Spawn status: Entity pushed to spawn queue, but spawn service timed outwaiting for entity to appear in simulation under the name [diff_drive_robot]
[spawn_entity.py-3] [ERROR] [1780920148.191455304] [spawn_entity]: Spawn service failed. Exiting.
[ERROR] [spawn_entity.py-3]: process has died [pid 271630, exit code 1, cmd '/opt/ros/humble/lib/gazebo_ros/spawn_entity.py -topic robot_description -entity diff_drive_robot -x 0 -y 0 -z 0.1 -Y 0 --ros-args'].
[gzserver-2] [0m[1;33m[0m[1;33m[0m[INFO] [1780920148.467163887] [LivoxPointsPlugin]: load csv file name: /home/xkai/agribot/agribot_ws/install/ros2_livox_simulation/share/ros2_livox_simulation/scan_mode/mid360.csv
[gzserver-2] [1;32m[Msg] [0m[1;32mWaiting for master.[0m[1;32m
[gzserver-2] [0m[1;32m[0m[1;32m[0m[1;32m[Msg] [0m[1;32mConnected to gazebo master @ [0m[1;32mhttp://127.0.0.1:11345[0m[1;32m
[gzserver-2] [0m[1;32m[0m[1;32m[0m[1;32m[Msg] [0m[1;32mPublicized address: [0m[1;32m192.168.3.182[0m[1;32m
[gzserver-2] [0m[1;32m[0m[1;32m[0m[1;32m[Msg] [0m[1;32mLoading world file [[0m[1;32m/home/xkai/agribot/agribot_ws/install/agribot_simulation/share/agribot_simulation/world/corn_leaf_world.world[0m[1;32m][0m[1;32m
[gzserver-2] cannot convert str:
[gzserver-2] data size:800000
[gzserver-2] [INFO] [1780920149.806854849] [LivoxPointsPlugin]: ros topic name: mid360
[gzserver-2] [INFO] [1780920149.892508657] [LivoxPointsPlugin]: scan info size: 800000
[gzserver-2] [INFO] [1780920149.893976235] [LivoxPointsPlugin]: sample: 10000
[gzserver-2] [INFO] [1780920149.893995639] [LivoxPointsPlugin]: downsample: 1
[gzserver-2] [INFO] [1780920152.297363021] [diff_drive_controller]: Wheel pair 1 separation set to [0.240000m]
[gzserver-2] [1;31mError [Element.cc:914][0m Missing element description for [wheel_diameter]
[gzserver-2] [INFO] [1780920152.298693236] [diff_drive_controller]: Subscribed to [/cmd_vel]
[gzserver-2] [INFO] [1780920152.301056872] [diff_drive_controller]: Advertise odometry on [/odom]
[gzserver-2] [INFO] [1780920152.303460170] [diff_drive_controller]: Publishing odom transforms between [odom] and [base_footprint]
[gzserver-2] [INFO] [1780920152.303503318] [diff_drive_controller]: Publishing wheel transforms between [base_footprint], [wheel_front_left_joint] and [wheel_front_right_joint]
[gzserver-2] [INFO] [1780920152.303516916] [diff_drive_controller]: Publishing wheel transforms between [base_footprint], [wheel_rear_left_joint] and [wheel_rear_right_joint]
[WARNING] [launch]: user interrupted with ctrl-c (SIGINT)
[INFO] [gzserver-2]: sending signal 'SIGINT' to process[gzserver-2]
[INFO] [robot_state_publisher-1]: sending signal 'SIGINT' to process[robot_state_publisher-1]
[robot_state_publisher-1] [INFO] [1780920164.434460260] [rclcpp]: signal_handler(SIGINT/SIGTERM)
[robot_state_publisher-1] [INFO] [1780920164.437008046] [rclcpp]: signal_handler(SIGINT/SIGTERM)
[INFO] [robot_state_publisher-1]: process has finished cleanly [pid 271626]
[INFO] [gzserver-2]: process has finished cleanly [pid 271628]
[gzserver-2] [0m[1;32m[0m[1;32m[0m[1;36m[0m[1;32m[0m
[gzserver-2] [1;33m[0m[1;31m[0m
