[0.022s] Invoking command in '/home/xkai/agribot/agribot_ws/build/fast_lio': CMAKE_PREFIX_PATH=/home/xkai/agribot/agribot_ws/install/livox_ros_driver2:/home/xkai/agribot/agribot_ws/install/ros2_livox_simulation:/home/xkai/agribot/agribot_ws/install/fast_lio:/home/xkai/agribot/agribot_ws/install/centerline_extraction:/home/xkai/agribot/agribot_ws/install/agribot_simulation:/opt/ros/humble LD_LIBRARY_PATH=/home/xkai/agribot/agribot_ws/install/livox_ros_driver2/lib:/home/xkai/agribot/agribot_ws/install/ros2_livox_simulation/lib:/home/xkai/agribot/agribot_ws/install/fast_lio/lib:/usr/lib/x86_64-linux-gnu/gazebo-11/plugins:/opt/ros/humble/opt/rviz_ogre_vendor/lib:/opt/ros/humble/lib/x86_64-linux-gnu:/opt/ros/humble/lib /usr/bin/cmake --build /home/xkai/agribot/agribot_ws/build/fast_lio -- -j8 -l8
[0.064s] [0mCurrent CPU archtecture: x86_64[0m
[0.070s] [0mProcesser number:  8[0m
[0.070s] [0mcore for MP: 3[0m
[0.077s] -- Found PythonLibs: /usr/lib/x86_64-linux-gnu/libpython3.10.so (found version "3.10.12") 
[0.078s] -- Found ament_cmake: 1.3.12 (/opt/ros/humble/share/ament_cmake/cmake)
[0.268s] -- Override CMake install command with custom implementation using symlinks instead of copying resources
[0.277s] -- Found rclcpp: 16.0.16 (/opt/ros/humble/share/rclcpp/cmake)
[0.307s] -- Found rosidl_generator_c: 3.1.7 (/opt/ros/humble/share/rosidl_generator_c/cmake)
[0.310s] -- Found rosidl_adapter: 3.1.7 (/opt/ros/humble/share/rosidl_adapter/cmake)
[0.317s] -- Found rosidl_generator_cpp: 3.1.7 (/opt/ros/humble/share/rosidl_generator_cpp/cmake)
[0.327s] -- Using all available rosidl_typesupport_c: rosidl_typesupport_fastrtps_c;rosidl_typesupport_introspection_c
[0.341s] -- Using all available rosidl_typesupport_cpp: rosidl_typesupport_fastrtps_cpp;rosidl_typesupport_introspection_cpp
[0.381s] -- Found rmw_implementation_cmake: 6.1.2 (/opt/ros/humble/share/rmw_implementation_cmake/cmake)
[0.382s] -- Found rmw_fastrtps_cpp: 6.2.9 (/opt/ros/humble/share/rmw_fastrtps_cpp/cmake)
[0.488s] -- Using RMW implementation 'rmw_fastrtps_cpp' as default
[0.551s] -- Found rclcpp_components: 16.0.16 (/opt/ros/humble/share/rclcpp_components/cmake)
[0.579s] -- Found geometry_msgs: 4.9.0 (/opt/ros/humble/share/geometry_msgs/cmake)
[0.601s] -- Found nav_msgs: 4.9.0 (/opt/ros/humble/share/nav_msgs/cmake)
[0.632s] -- Found sensor_msgs: 4.9.0 (/opt/ros/humble/share/sensor_msgs/cmake)
[0.661s] -- Found std_srvs: 4.9.0 (/opt/ros/humble/share/std_srvs/cmake)
[0.675s] -- Found visualization_msgs: 4.9.0 (/opt/ros/humble/share/visualization_msgs/cmake)
[0.704s] -- Found pcl_ros: 2.4.5 (/opt/ros/humble/share/pcl_ros/cmake)
[0.758s] -- Eigen found (include: /usr/include/eigen3, version: 3.4.0)
[0.797s] -- FLANN found (include: /usr/include, lib: /usr/lib/x86_64-linux-gnu/libflann_cpp.so)
[1.196s] -- OpenNI found (version: 1.5.4.0, include: /usr/include/ni, lib: /usr/lib/libOpenNI.so;libusb::libusb)
[1.204s] -- OpenNI2 found (version: 2.2.0.33, include: /usr/include/openni2, lib: /usr/lib/x86_64-linux-gnu/libOpenNI2.so;libusb::libusb)
[1.455s] -- Eigen found (include: /usr/include/eigen3, version: 3.4.0)
[1.464s] -- OpenNI found (version: 1.5.4.0, include: /usr/include/ni, lib: /usr/lib/libOpenNI.so;libusb::libusb)
[1.474s] -- OpenNI2 found (version: 2.2.0.33, include: /usr/include/openni2, lib: /usr/lib/x86_64-linux-gnu/libOpenNI2.so;libusb::libusb)
[1.710s] -- Found Qhull version 8.0.2
[1.905s] -- OpenNI found (version: 1.5.4.0, include: /usr/include/ni, lib: /usr/lib/libOpenNI.so;libusb::libusb)
[2.121s] -- Found eigen3_cmake_module: 0.1.1 (/opt/ros/humble/share/eigen3_cmake_module/cmake)
[2.123s] -- Ensuring Eigen3 include directory is part of orocos-kdl CMake target
[2.201s] -- Found livox_ros_driver2: 1.0.0 (/home/xkai/agribot/agribot_ws/install/livox_ros_driver2/share/livox_ros_driver2/cmake)
[2.229s] -- Found rosidl_default_generators: 1.2.0 (/opt/ros/humble/share/rosidl_default_generators/cmake)
[2.238s] [33mCMake Warning (dev) at CMakeLists.txt:81 (find_package):
[2.238s]   Policy CMP0074 is not set: find_package uses <PackageName>_ROOT variables.
[2.239s]   Run "cmake --help-policy CMP0074" for policy details.  Use the cmake_policy
[2.239s]   command to set the policy and suppress this warning.
[2.239s] 
[2.239s]   CMake variable PCL_ROOT is set to:
[2.239s] 
[2.239s]     /usr
[2.239s] 
[2.239s]   For compatibility, CMake is ignoring the variable.
[2.239s] This warning is for project developers.  Use -Wno-dev to suppress it.
[2.239s] [0m
[2.246s] [0mEigen:/usr/include/eigen3[0m
[2.246s] -- PCL: /usr/include/pcl-1.12
[2.552s] -- Found ament_cmake_ros: 0.10.0 (/opt/ros/humble/share/ament_cmake_ros/cmake)
[2.870s] -- Using all available rosidl_typesupport_c: rosidl_typesupport_fastrtps_c;rosidl_typesupport_introspection_c
[3.000s] -- Using all available rosidl_typesupport_cpp: rosidl_typesupport_fastrtps_cpp;rosidl_typesupport_introspection_cpp
[3.027s] -- Found python_cmake_module: 0.10.0 (/opt/ros/humble/share/python_cmake_module/cmake)
[3.057s] -- Found PythonLibs: /usr/lib/x86_64-linux-gnu/libpython3.10.so (found suitable version "3.10.12", minimum required is "3.5") 
[3.058s] -- Using PYTHON_EXECUTABLE: /usr/bin/python3
[3.058s] -- Using PYTHON_INCLUDE_DIRS: /usr/include/python3.10
[3.058s] -- Using PYTHON_LIBRARIES: /usr/lib/x86_64-linux-gnu/libpython3.10.so
[3.109s] -- Configuring done
[3.210s] -- Generating done
[3.242s] -- Build files have been written to: /home/xkai/agribot/agribot_ws/build/fast_lio
[3.290s] [35m[1mConsolidate compiler generated dependencies of target fast_lio__rosidl_generator_c[0m
[3.295s] [  2%] Built target fast_lio__cpp
[3.304s] [  5%] [32m[1mLinking C shared library libfast_lio__rosidl_generator_c.so[0m
[3.308s] [35m[1mConsolidate compiler generated dependencies of target fast_lio__rosidl_typesupport_fastrtps_cpp[0m
[3.312s] [35m[1mConsolidate compiler generated dependencies of target fast_lio__rosidl_typesupport_introspection_cpp[0m
[3.312s] [35m[1mConsolidate compiler generated dependencies of target fast_lio__rosidl_typesupport_cpp[0m
[3.319s] [  5%] Built target ament_cmake_python_symlink_fast_lio
[3.330s] [  8%] [32mBuilding CXX object CMakeFiles/fast_lio__rosidl_typesupport_fastrtps_cpp.dir/rosidl_typesupport_fastrtps_cpp/fast_lio/msg/detail/dds_fastrtps/pose6_d__type_support.cpp.o[0m
[3.337s] [ 11%] [32mBuilding CXX object CMakeFiles/fast_lio__rosidl_typesupport_introspection_cpp.dir/rosidl_typesupport_introspection_cpp/fast_lio/msg/detail/pose6_d__type_support.cpp.o[0m
[3.343s] [ 14%] [32mBuilding CXX object CMakeFiles/fast_lio__rosidl_typesupport_cpp.dir/rosidl_typesupport_cpp/fast_lio/msg/pose6_d__type_support.cpp.o[0m
[3.368s] [ 20%] Built target fast_lio__rosidl_generator_c
[3.396s] [35m[1mConsolidate compiler generated dependencies of target fast_lio__rosidl_typesupport_introspection_c[0m
[3.402s] [35m[1mConsolidate compiler generated dependencies of target fast_lio__rosidl_typesupport_c[0m
[3.402s] [35m[1mConsolidate compiler generated dependencies of target fast_lio__rosidl_typesupport_fastrtps_c[0m
[3.427s] [ 22%] [32m[1mLinking C shared library libfast_lio__rosidl_typesupport_introspection_c.so[0m
[3.429s] [ 25%] [32mBuilding CXX object CMakeFiles/fast_lio__rosidl_typesupport_fastrtps_c.dir/rosidl_typesupport_fastrtps_c/fast_lio/msg/detail/pose6_d__type_support_c.cpp.o[0m
[3.441s] [ 28%] [32m[1mLinking CXX shared library libfast_lio__rosidl_typesupport_c.so[0m
[3.514s] [ 34%] Built target fast_lio__rosidl_typesupport_introspection_c
[3.559s] [ 40%] Built target fast_lio__rosidl_typesupport_c
[3.839s] running egg_info
[3.842s] writing fast_lio.egg-info/PKG-INFO
[3.847s] writing dependency_links to fast_lio.egg-info/dependency_links.txt
[3.847s] writing top-level names to fast_lio.egg-info/top_level.txt
[3.868s] reading manifest file 'fast_lio.egg-info/SOURCES.txt'
[3.868s] writing manifest file 'fast_lio.egg-info/SOURCES.txt'
[3.887s] [ 42%] [32m[1mLinking CXX shared library libfast_lio__rosidl_typesupport_cpp.so[0m
[3.979s] [ 42%] Built target ament_cmake_python_build_fast_lio_egg
[3.994s] [ 45%] Built target fast_lio__rosidl_typesupport_cpp
[4.016s] [35m[1mConsolidate compiler generated dependencies of target fastlio_mapping[0m
[4.082s] [ 48%] [32mBuilding CXX object CMakeFiles/fastlio_mapping.dir/src/laserMapping.cpp.o[0m
[4.089s] [ 51%] [32mBuilding CXX object CMakeFiles/fastlio_mapping.dir/include/ikd-Tree/ikd_Tree.cpp.o[0m
[4.092s] [ 54%] [32m[1mLinking CXX shared library libfast_lio__rosidl_typesupport_introspection_cpp.so[0m
[4.095s] [ 57%] [32mBuilding CXX object CMakeFiles/fastlio_mapping.dir/src/preprocess.cpp.o[0m
[4.152s] [ 60%] [32m[1mLinking CXX shared library libfast_lio__rosidl_typesupport_fastrtps_cpp.so[0m
[4.173s] [ 62%] [32m[1mLinking CXX shared library libfast_lio__rosidl_typesupport_fastrtps_c.so[0m
[4.212s] [ 65%] Built target fast_lio__rosidl_typesupport_introspection_cpp
[4.309s] [ 68%] Built target fast_lio__rosidl_typesupport_fastrtps_cpp
[4.366s] [ 71%] Built target fast_lio__rosidl_typesupport_fastrtps_c
[4.393s] [ 71%] Built target fast_lio
[4.415s] [ 74%] Built target fast_lio__py
[4.426s] [35m[1mConsolidate compiler generated dependencies of target fast_lio__rosidl_generator_py[0m
[4.443s] [ 77%] [32m[1mLinking C shared library rosidl_generator_py/fast_lio/libfast_lio__rosidl_generator_py.so[0m
[4.496s] [ 80%] Built target fast_lio__rosidl_generator_py
[4.520s] [35m[1mConsolidate compiler generated dependencies of target fast_lio__rosidl_typesupport_c__pyext[0m
[4.521s] [35m[1mConsolidate compiler generated dependencies of target fast_lio__rosidl_typesupport_introspection_c__pyext[0m
[4.527s] [35m[1mConsolidate compiler generated dependencies of target fast_lio__rosidl_typesupport_fastrtps_c__pyext[0m
[4.547s] [ 82%] [32m[1mLinking C shared library rosidl_generator_py/fast_lio/fast_lio_s__rosidl_typesupport_introspection_c.cpython-310-x86_64-linux-gnu.so[0m
[4.547s] [ 85%] [32m[1mLinking C shared library rosidl_generator_py/fast_lio/fast_lio_s__rosidl_typesupport_c.cpython-310-x86_64-linux-gnu.so[0m
[4.554s] [ 88%] [32m[1mLinking C shared library rosidl_generator_py/fast_lio/fast_lio_s__rosidl_typesupport_fastrtps_c.cpython-310-x86_64-linux-gnu.so[0m
[4.617s] [ 91%] Built target fast_lio__rosidl_typesupport_fastrtps_c__pyext
[4.626s] [ 94%] Built target fast_lio__rosidl_typesupport_c__pyext
[4.633s] [ 97%] Built target fast_lio__rosidl_typesupport_introspection_c__pyext
[13.175s] In file included from [01m[K/usr/include/boost/smart_ptr/detail/sp_thread_sleep.hpp:22[m[K,
[13.175s]                  from [01m[K/usr/include/boost/smart_ptr/detail/yield_k.hpp:23[m[K,
[13.175s]                  from [01m[K/usr/include/boost/smart_ptr/detail/spinlock_gcc_atomic.hpp:14[m[K,
[13.175s]                  from [01m[K/usr/include/boost/smart_ptr/detail/spinlock.hpp:42[m[K,
[13.175s]                  from [01m[K/usr/include/boost/smart_ptr/detail/spinlock_pool.hpp:25[m[K,
[13.175s]                  from [01m[K/usr/include/boost/smart_ptr/shared_ptr.hpp:29[m[K,
[13.176s]                  from [01m[K/usr/include/boost/shared_ptr.hpp:17[m[K,
[13.176s]                  from [01m[K/usr/include/boost/date_time/microsec_time_clock.hpp:18[m[K,
[13.176s]                  from [01m[K/usr/include/boost/interprocess/detail/posix_time_types_wrk.hpp:31[m[K,
[13.176s]                  from [01m[K/usr/include/boost/interprocess/detail/os_thread_functions.hpp:36[m[K,
[13.176s]                  from [01m[K/usr/include/boost/interprocess/sync/file_lock.hpp:26[m[K,
[13.176s]                  from [01m[K/usr/include/pcl-1.12/pcl/io/pcd_io.h:46[m[K,
[13.176s]                  from [01m[K/opt/ros/humble/include/pcl_conversions/pcl_conversions/pcl_conversions.h:73[m[K,
[13.176s]                  from [01m[K/home/xkai/agribot/agribot_ws/src/FAST_LIO/src/IMU_Processing.hpp:18[m[K,
[13.176s]                  from [01m[K/home/xkai/agribot/agribot_ws/src/FAST_LIO/src/laserMapping.cpp:47[m[K:
[13.176s] [01m[K/usr/include/boost/bind.hpp:36:1:[m[K [01;36m[Knote: [m[K‘[01m[K#pragma message: The practice of declaring the Bind placeholders (_1, _2, ...) in the global namespace is deprecated. Please use <boost/bind/bind.hpp> + using namespace boost::placeholders, or define BOOST_BIND_GLOBAL_PLACEHOLDERS to retain the current behavior.[m[K’
[13.177s]    36 | [01;36m[KBOOST_PRAGMA_MESSAGE[m[K(
[13.177s]       | [01;36m[K^~~~~~~~~~~~~~~~~~~~[m[K
[66.961s] [100%] [32m[1mLinking CXX executable fastlio_mapping[0m
[67.940s] [100%] Built target fastlio_mapping
[67.948s] Invoked command in '/home/xkai/agribot/agribot_ws/build/fast_lio' returned '0': CMAKE_PREFIX_PATH=/home/xkai/agribot/agribot_ws/install/livox_ros_driver2:/home/xkai/agribot/agribot_ws/install/ros2_livox_simulation:/home/xkai/agribot/agribot_ws/install/fast_lio:/home/xkai/agribot/agribot_ws/install/centerline_extraction:/home/xkai/agribot/agribot_ws/install/agribot_simulation:/opt/ros/humble LD_LIBRARY_PATH=/home/xkai/agribot/agribot_ws/install/livox_ros_driver2/lib:/home/xkai/agribot/agribot_ws/install/ros2_livox_simulation/lib:/home/xkai/agribot/agribot_ws/install/fast_lio/lib:/usr/lib/x86_64-linux-gnu/gazebo-11/plugins:/opt/ros/humble/opt/rviz_ogre_vendor/lib:/opt/ros/humble/lib/x86_64-linux-gnu:/opt/ros/humble/lib /usr/bin/cmake --build /home/xkai/agribot/agribot_ws/build/fast_lio -- -j8 -l8
[67.950s] Invoking command in '/home/xkai/agribot/agribot_ws/build/fast_lio': CMAKE_PREFIX_PATH=/home/xkai/agribot/agribot_ws/install/livox_ros_driver2:/home/xkai/agribot/agribot_ws/install/ros2_livox_simulation:/home/xkai/agribot/agribot_ws/install/fast_lio:/home/xkai/agribot/agribot_ws/install/centerline_extraction:/home/xkai/agribot/agribot_ws/install/agribot_simulation:/opt/ros/humble LD_LIBRARY_PATH=/home/xkai/agribot/agribot_ws/install/livox_ros_driver2/lib:/home/xkai/agribot/agribot_ws/install/ros2_livox_simulation/lib:/home/xkai/agribot/agribot_ws/install/fast_lio/lib:/usr/lib/x86_64-linux-gnu/gazebo-11/plugins:/opt/ros/humble/opt/rviz_ogre_vendor/lib:/opt/ros/humble/lib/x86_64-linux-gnu:/opt/ros/humble/lib /usr/bin/cmake --install /home/xkai/agribot/agribot_ws/build/fast_lio
[67.955s] -- Install configuration: "Release"
[67.956s] -- Execute custom install script
[67.956s] -- Up-to-date symlink: /home/xkai/agribot/agribot_ws/install/fast_lio/share/ament_index/resource_index/rosidl_interfaces/fast_lio
[67.956s] -- Up-to-date symlink: /home/xkai/agribot/agribot_ws/install/fast_lio/include/fast_lio/fast_lio/msg/detail/pose6_d__functions.h
[67.956s] -- Up-to-date symlink: /home/xkai/agribot/agribot_ws/install/fast_lio/include/fast_lio/fast_lio/msg/detail/pose6_d__struct.h
[67.956s] -- Up-to-date symlink: /home/xkai/agribot/agribot_ws/install/fast_lio/include/fast_lio/fast_lio/msg/detail/pose6_d__type_support.h
[67.957s] -- Up-to-date symlink: /home/xkai/agribot/agribot_ws/install/fast_lio/include/fast_lio/fast_lio/msg/pose6_d.h
[67.957s] -- Up-to-date symlink: /home/xkai/agribot/agribot_ws/install/fast_lio/include/fast_lio/fast_lio/msg/rosidl_generator_c__visibility_control.h
[67.957s] -- Up-to-date symlink: /home/xkai/agribot/agribot_ws/install/fast_lio/share/fast_lio/environment/library_path.sh
[67.957s] -- Up-to-date symlink: /home/xkai/agribot/agribot_ws/install/fast_lio/share/fast_lio/environment/library_path.dsv
[67.957s] -- Up-to-date symlink: /home/xkai/agribot/agribot_ws/install/fast_lio/include/fast_lio/fast_lio/msg/detail/pose6_d__rosidl_typesupport_fastrtps_c.h
[67.957s] -- Up-to-date symlink: /home/xkai/agribot/agribot_ws/install/fast_lio/include/fast_lio/fast_lio/msg/rosidl_typesupport_fastrtps_c__visibility_control.h
[67.957s] -- Up-to-date symlink: /home/xkai/agribot/agribot_ws/install/fast_lio/include/fast_lio/fast_lio/msg/detail/pose6_d__builder.hpp
[67.958s] -- Up-to-date symlink: /home/xkai/agribot/agribot_ws/install/fast_lio/include/fast_lio/fast_lio/msg/detail/pose6_d__struct.hpp
[67.958s] -- Up-to-date symlink: /home/xkai/agribot/agribot_ws/install/fast_lio/include/fast_lio/fast_lio/msg/detail/pose6_d__traits.hpp
[67.958s] -- Up-to-date symlink: /home/xkai/agribot/agribot_ws/install/fast_lio/include/fast_lio/fast_lio/msg/detail/pose6_d__type_support.hpp
[67.958s] -- Up-to-date symlink: /home/xkai/agribot/agribot_ws/install/fast_lio/include/fast_lio/fast_lio/msg/pose6_d.hpp
[67.958s] -- Up-to-date symlink: /home/xkai/agribot/agribot_ws/install/fast_lio/include/fast_lio/fast_lio/msg/rosidl_generator_cpp__visibility_control.hpp
[67.958s] -- Up-to-date symlink: /home/xkai/agribot/agribot_ws/install/fast_lio/include/fast_lio/fast_lio/msg/detail/pose6_d__rosidl_typesupport_fastrtps_cpp.hpp
[67.958s] -- Up-to-date symlink: /home/xkai/agribot/agribot_ws/install/fast_lio/include/fast_lio/fast_lio/msg/rosidl_typesupport_fastrtps_cpp__visibility_control.h
[67.959s] -- Up-to-date symlink: /home/xkai/agribot/agribot_ws/install/fast_lio/include/fast_lio/fast_lio/msg/detail/pose6_d__rosidl_typesupport_introspection_c.h
[67.959s] -- Up-to-date symlink: /home/xkai/agribot/agribot_ws/install/fast_lio/include/fast_lio/fast_lio/msg/rosidl_typesupport_introspection_c__visibility_control.h
[67.959s] -- Up-to-date symlink: /home/xkai/agribot/agribot_ws/install/fast_lio/include/fast_lio/fast_lio/msg/detail/pose6_d__rosidl_typesupport_introspection_cpp.hpp
[67.959s] -- Up-to-date symlink: /home/xkai/agribot/agribot_ws/install/fast_lio/share/fast_lio/environment/pythonpath.sh
[67.959s] -- Up-to-date symlink: /home/xkai/agribot/agribot_ws/install/fast_lio/share/fast_lio/environment/pythonpath.dsv
[67.959s] -- Up-to-date symlink: /home/xkai/agribot/agribot_ws/install/fast_lio/local/lib/python3.10/dist-packages/fast_lio-0.0.0-py3.10.egg-info/PKG-INFO
[67.959s] -- Up-to-date symlink: /home/xkai/agribot/agribot_ws/install/fast_lio/local/lib/python3.10/dist-packages/fast_lio-0.0.0-py3.10.egg-info/SOURCES.txt
[67.959s] -- Up-to-date symlink: /home/xkai/agribot/agribot_ws/install/fast_lio/local/lib/python3.10/dist-packages/fast_lio-0.0.0-py3.10.egg-info/dependency_links.txt
[67.960s] -- Up-to-date symlink: /home/xkai/agribot/agribot_ws/install/fast_lio/local/lib/python3.10/dist-packages/fast_lio-0.0.0-py3.10.egg-info/top_level.txt
[67.960s] -- Up-to-date symlink: /home/xkai/agribot/agribot_ws/install/fast_lio/local/lib/python3.10/dist-packages/fast_lio/__init__.py
[67.960s] -- Up-to-date symlink: /home/xkai/agribot/agribot_ws/install/fast_lio/local/lib/python3.10/dist-packages/fast_lio/_fast_lio_s.ep.rosidl_typesupport_c.c
[67.960s] -- Up-to-date symlink: /home/xkai/agribot/agribot_ws/install/fast_lio/local/lib/python3.10/dist-packages/fast_lio/_fast_lio_s.ep.rosidl_typesupport_fastrtps_c.c
[67.960s] -- Up-to-date symlink: /home/xkai/agribot/agribot_ws/install/fast_lio/local/lib/python3.10/dist-packages/fast_lio/_fast_lio_s.ep.rosidl_typesupport_introspection_c.c
[67.960s] -- Up-to-date symlink: /home/xkai/agribot/agribot_ws/install/fast_lio/local/lib/python3.10/dist-packages/fast_lio/fast_lio_s__rosidl_typesupport_c.cpython-310-x86_64-linux-gnu.so
[67.960s] -- Up-to-date symlink: /home/xkai/agribot/agribot_ws/install/fast_lio/local/lib/python3.10/dist-packages/fast_lio/fast_lio_s__rosidl_typesupport_fastrtps_c.cpython-310-x86_64-linux-gnu.so
[67.960s] -- Up-to-date symlink: /home/xkai/agribot/agribot_ws/install/fast_lio/local/lib/python3.10/dist-packages/fast_lio/fast_lio_s__rosidl_typesupport_introspection_c.cpython-310-x86_64-linux-gnu.so
[67.960s] -- Up-to-date symlink: /home/xkai/agribot/agribot_ws/install/fast_lio/local/lib/python3.10/dist-packages/fast_lio/libfast_lio__rosidl_generator_py.so
[67.961s] -- Up-to-date symlink: /home/xkai/agribot/agribot_ws/install/fast_lio/local/lib/python3.10/dist-packages/fast_lio/msg/__init__.py
[67.961s] -- Up-to-date symlink: /home/xkai/agribot/agribot_ws/install/fast_lio/local/lib/python3.10/dist-packages/fast_lio/msg/_pose6_d.py
[67.961s] -- Up-to-date symlink: /home/xkai/agribot/agribot_ws/install/fast_lio/local/lib/python3.10/dist-packages/fast_lio/msg/_pose6_d_s.c
[67.961s] -- Up-to-date symlink: /home/xkai/agribot/agribot_ws/install/fast_lio/local/lib/python3.10/dist-packages/fast_lio/fast_lio_s__rosidl_typesupport_fastrtps_c.cpython-310-x86_64-linux-gnu.so
[67.961s] -- Up-to-date symlink: /home/xkai/agribot/agribot_ws/install/fast_lio/local/lib/python3.10/dist-packages/fast_lio/fast_lio_s__rosidl_typesupport_introspection_c.cpython-310-x86_64-linux-gnu.so
[67.961s] -- Up-to-date symlink: /home/xkai/agribot/agribot_ws/install/fast_lio/local/lib/python3.10/dist-packages/fast_lio/fast_lio_s__rosidl_typesupport_c.cpython-310-x86_64-linux-gnu.so
[67.961s] -- Up-to-date symlink: /home/xkai/agribot/agribot_ws/install/fast_lio/share/fast_lio/msg/Pose6D.idl
[67.962s] -- Up-to-date symlink: /home/xkai/agribot/agribot_ws/install/fast_lio/share/fast_lio/msg/Pose6D.msg
[67.962s] -- Up-to-date symlink: /home/xkai/agribot/agribot_ws/install/fast_lio/lib/fast_lio/fastlio_mapping
[67.962s] -- Up-to-date symlink: /home/xkai/agribot/agribot_ws/install/fast_lio/share/fast_lio/config/avia.yaml
[67.962s] -- Up-to-date symlink: /home/xkai/agribot/agribot_ws/install/fast_lio/share/fast_lio/config/horizon.yaml
[67.962s] -- Up-to-date symlink: /home/xkai/agribot/agribot_ws/install/fast_lio/share/fast_lio/config/mid360.yaml
[67.962s] -- Up-to-date symlink: /home/xkai/agribot/agribot_ws/install/fast_lio/share/fast_lio/config/ouster64.yaml
[67.962s] -- Up-to-date symlink: /home/xkai/agribot/agribot_ws/install/fast_lio/share/fast_lio/config/velodyne.yaml
[67.962s] -- Up-to-date symlink: /home/xkai/agribot/agribot_ws/install/fast_lio/share/fast_lio/launch/gdb_debug_example.launch
[67.963s] -- Up-to-date symlink: /home/xkai/agribot/agribot_ws/install/fast_lio/share/fast_lio/launch/mapping.launch.py
[67.963s] -- Up-to-date symlink: /home/xkai/agribot/agribot_ws/install/fast_lio/share/fast_lio/rviz/fastlio.rviz
[67.963s] -- Up-to-date symlink: /home/xkai/agribot/agribot_ws/install/fast_lio/share/ament_index/resource_index/package_run_dependencies/fast_lio
[67.963s] -- Up-to-date symlink: /home/xkai/agribot/agribot_ws/install/fast_lio/share/ament_index/resource_index/parent_prefix_path/fast_lio
[67.963s] -- Up-to-date symlink: /home/xkai/agribot/agribot_ws/install/fast_lio/share/fast_lio/environment/ament_prefix_path.sh
[67.963s] -- Up-to-date symlink: /home/xkai/agribot/agribot_ws/install/fast_lio/share/fast_lio/environment/ament_prefix_path.dsv
[67.963s] -- Up-to-date symlink: /home/xkai/agribot/agribot_ws/install/fast_lio/share/fast_lio/environment/path.sh
[67.963s] -- Up-to-date symlink: /home/xkai/agribot/agribot_ws/install/fast_lio/share/fast_lio/environment/path.dsv
[67.963s] -- Up-to-date symlink: /home/xkai/agribot/agribot_ws/install/fast_lio/share/fast_lio/local_setup.bash
[67.964s] -- Up-to-date symlink: /home/xkai/agribot/agribot_ws/install/fast_lio/share/fast_lio/local_setup.sh
[67.964s] -- Up-to-date symlink: /home/xkai/agribot/agribot_ws/install/fast_lio/share/fast_lio/local_setup.zsh
[67.964s] -- Up-to-date symlink: /home/xkai/agribot/agribot_ws/install/fast_lio/share/fast_lio/local_setup.dsv
[67.964s] -- Symlinking: /home/xkai/agribot/agribot_ws/install/fast_lio/share/fast_lio/package.dsv
[67.970s] -- Up-to-date symlink: /home/xkai/agribot/agribot_ws/install/fast_lio/share/ament_index/resource_index/packages/fast_lio
[67.970s] -- Up-to-date symlink: /home/xkai/agribot/agribot_ws/install/fast_lio/share/fast_lio/cmake/rosidl_cmake-extras.cmake
[67.970s] -- Up-to-date symlink: /home/xkai/agribot/agribot_ws/install/fast_lio/share/fast_lio/cmake/ament_cmake_export_include_directories-extras.cmake
[67.971s] -- Up-to-date symlink: /home/xkai/agribot/agribot_ws/install/fast_lio/share/fast_lio/cmake/ament_cmake_export_libraries-extras.cmake
[67.971s] -- Up-to-date symlink: /home/xkai/agribot/agribot_ws/install/fast_lio/share/fast_lio/cmake/ament_cmake_export_targets-extras.cmake
[67.971s] -- Up-to-date symlink: /home/xkai/agribot/agribot_ws/install/fast_lio/share/fast_lio/cmake/rosidl_cmake_export_typesupport_targets-extras.cmake
[67.971s] -- Up-to-date symlink: /home/xkai/agribot/agribot_ws/install/fast_lio/share/fast_lio/cmake/ament_cmake_export_dependencies-extras.cmake
[67.971s] -- Up-to-date symlink: /home/xkai/agribot/agribot_ws/install/fast_lio/share/fast_lio/cmake/rosidl_cmake_export_typesupport_libraries-extras.cmake
[67.971s] -- Up-to-date symlink: /home/xkai/agribot/agribot_ws/install/fast_lio/share/fast_lio/cmake/fast_lioConfig.cmake
[67.971s] -- Up-to-date symlink: /home/xkai/agribot/agribot_ws/install/fast_lio/share/fast_lio/cmake/fast_lioConfig-version.cmake
[67.971s] -- Up-to-date symlink: /home/xkai/agribot/agribot_ws/install/fast_lio/share/fast_lio/package.xml
[67.971s] -- Installing: /home/xkai/agribot/agribot_ws/install/fast_lio/lib/libfast_lio__rosidl_generator_c.so
[67.972s] -- Set runtime path of "/home/xkai/agribot/agribot_ws/install/fast_lio/lib/libfast_lio__rosidl_generator_c.so" to ""
[67.972s] -- Installing: /home/xkai/agribot/agribot_ws/install/fast_lio/lib/libfast_lio__rosidl_typesupport_fastrtps_c.so
[67.972s] -- Set runtime path of "/home/xkai/agribot/agribot_ws/install/fast_lio/lib/libfast_lio__rosidl_typesupport_fastrtps_c.so" to ""
[67.972s] -- Installing: /home/xkai/agribot/agribot_ws/install/fast_lio/lib/libfast_lio__rosidl_typesupport_fastrtps_cpp.so
[67.972s] -- Set runtime path of "/home/xkai/agribot/agribot_ws/install/fast_lio/lib/libfast_lio__rosidl_typesupport_fastrtps_cpp.so" to ""
[67.972s] -- Installing: /home/xkai/agribot/agribot_ws/install/fast_lio/lib/libfast_lio__rosidl_typesupport_introspection_c.so
[67.973s] -- Set runtime path of "/home/xkai/agribot/agribot_ws/install/fast_lio/lib/libfast_lio__rosidl_typesupport_introspection_c.so" to ""
[67.973s] -- Installing: /home/xkai/agribot/agribot_ws/install/fast_lio/lib/libfast_lio__rosidl_typesupport_c.so
[67.973s] -- Set runtime path of "/home/xkai/agribot/agribot_ws/install/fast_lio/lib/libfast_lio__rosidl_typesupport_c.so" to ""
[67.973s] -- Installing: /home/xkai/agribot/agribot_ws/install/fast_lio/lib/libfast_lio__rosidl_typesupport_introspection_cpp.so
[67.973s] -- Set runtime path of "/home/xkai/agribot/agribot_ws/install/fast_lio/lib/libfast_lio__rosidl_typesupport_introspection_cpp.so" to ""
[67.973s] -- Installing: /home/xkai/agribot/agribot_ws/install/fast_lio/lib/libfast_lio__rosidl_typesupport_cpp.so
[67.974s] -- Set runtime path of "/home/xkai/agribot/agribot_ws/install/fast_lio/lib/libfast_lio__rosidl_typesupport_cpp.so" to ""
[68.002s] Listing '/home/xkai/agribot/agribot_ws/install/fast_lio/local/lib/python3.10/dist-packages/fast_lio'...
[68.003s] Compiling '/home/xkai/agribot/agribot_ws/install/fast_lio/local/lib/python3.10/dist-packages/fast_lio/__init__.py'...
[68.003s] Listing '/home/xkai/agribot/agribot_ws/install/fast_lio/local/lib/python3.10/dist-packages/fast_lio/msg'...
[68.003s] Compiling '/home/xkai/agribot/agribot_ws/install/fast_lio/local/lib/python3.10/dist-packages/fast_lio/msg/__init__.py'...
[68.003s] Compiling '/home/xkai/agribot/agribot_ws/install/fast_lio/local/lib/python3.10/dist-packages/fast_lio/msg/_pose6_d.py'...
[68.006s] -- Installing: /home/xkai/agribot/agribot_ws/install/fast_lio/lib/libfast_lio__rosidl_generator_py.so
[68.006s] -- Set runtime path of "/home/xkai/agribot/agribot_ws/install/fast_lio/lib/libfast_lio__rosidl_generator_py.so" to ""
[68.007s] -- Up-to-date: /home/xkai/agribot/agribot_ws/install/fast_lio/share/fast_lio/cmake/export_fast_lio__rosidl_generator_cExport.cmake
[68.007s] -- Up-to-date: /home/xkai/agribot/agribot_ws/install/fast_lio/share/fast_lio/cmake/export_fast_lio__rosidl_generator_cExport-release.cmake
[68.007s] -- Up-to-date: /home/xkai/agribot/agribot_ws/install/fast_lio/share/fast_lio/cmake/export_fast_lio__rosidl_typesupport_fastrtps_cExport.cmake
[68.007s] -- Up-to-date: /home/xkai/agribot/agribot_ws/install/fast_lio/share/fast_lio/cmake/export_fast_lio__rosidl_typesupport_fastrtps_cExport-release.cmake
[68.007s] -- Up-to-date: /home/xkai/agribot/agribot_ws/install/fast_lio/share/fast_lio/cmake/export_fast_lio__rosidl_generator_cppExport.cmake
[68.007s] -- Up-to-date: /home/xkai/agribot/agribot_ws/install/fast_lio/share/fast_lio/cmake/export_fast_lio__rosidl_typesupport_fastrtps_cppExport.cmake
[68.007s] -- Up-to-date: /home/xkai/agribot/agribot_ws/install/fast_lio/share/fast_lio/cmake/export_fast_lio__rosidl_typesupport_fastrtps_cppExport-release.cmake
[68.007s] -- Up-to-date: /home/xkai/agribot/agribot_ws/install/fast_lio/share/fast_lio/cmake/fast_lio__rosidl_typesupport_introspection_cExport.cmake
[68.007s] -- Up-to-date: /home/xkai/agribot/agribot_ws/install/fast_lio/share/fast_lio/cmake/fast_lio__rosidl_typesupport_introspection_cExport-release.cmake
[68.007s] -- Up-to-date: /home/xkai/agribot/agribot_ws/install/fast_lio/share/fast_lio/cmake/fast_lio__rosidl_typesupport_cExport.cmake
[68.007s] -- Up-to-date: /home/xkai/agribot/agribot_ws/install/fast_lio/share/fast_lio/cmake/fast_lio__rosidl_typesupport_cExport-release.cmake
[68.007s] -- Up-to-date: /home/xkai/agribot/agribot_ws/install/fast_lio/share/fast_lio/cmake/fast_lio__rosidl_typesupport_introspection_cppExport.cmake
[68.007s] -- Up-to-date: /home/xkai/agribot/agribot_ws/install/fast_lio/share/fast_lio/cmake/fast_lio__rosidl_typesupport_introspection_cppExport-release.cmake
[68.007s] -- Up-to-date: /home/xkai/agribot/agribot_ws/install/fast_lio/share/fast_lio/cmake/fast_lio__rosidl_typesupport_cppExport.cmake
[68.007s] -- Up-to-date: /home/xkai/agribot/agribot_ws/install/fast_lio/share/fast_lio/cmake/fast_lio__rosidl_typesupport_cppExport-release.cmake
[68.008s] -- Up-to-date: /home/xkai/agribot/agribot_ws/install/fast_lio/share/fast_lio/cmake/export_fast_lio__rosidl_generator_pyExport.cmake
[68.008s] -- Up-to-date: /home/xkai/agribot/agribot_ws/install/fast_lio/share/fast_lio/cmake/export_fast_lio__rosidl_generator_pyExport-release.cmake
[68.009s] Invoked command in '/home/xkai/agribot/agribot_ws/build/fast_lio' returned '0': CMAKE_PREFIX_PATH=/home/xkai/agribot/agribot_ws/install/livox_ros_driver2:/home/xkai/agribot/agribot_ws/install/ros2_livox_simulation:/home/xkai/agribot/agribot_ws/install/fast_lio:/home/xkai/agribot/agribot_ws/install/centerline_extraction:/home/xkai/agribot/agribot_ws/install/agribot_simulation:/opt/ros/humble LD_LIBRARY_PATH=/home/xkai/agribot/agribot_ws/install/livox_ros_driver2/lib:/home/xkai/agribot/agribot_ws/install/ros2_livox_simulation/lib:/home/xkai/agribot/agribot_ws/install/fast_lio/lib:/usr/lib/x86_64-linux-gnu/gazebo-11/plugins:/opt/ros/humble/opt/rviz_ogre_vendor/lib:/opt/ros/humble/lib/x86_64-linux-gnu:/opt/ros/humble/lib /usr/bin/cmake --install /home/xkai/agribot/agribot_ws/build/fast_lio
