[0.026s] Invoking command in '/home/xkai/agribot/agribot_ws/build/centerline_extraction': CMAKE_PREFIX_PATH=${CMAKE_PREFIX_PATH}:/opt/ros/humble /usr/bin/cmake --build /home/xkai/agribot/agribot_ws/build/centerline_extraction -- -j8 -l8
[0.178s] [35m[1mConsolidate compiler generated dependencies of target pure_pursuit_controller[0m
[0.200s] [ 12%] [32mBuilding CXX object CMakeFiles/corn_row_detector_projection.dir/src/corn_row_detector_projection.cpp.o[0m
[0.204s] [ 37%] Built target centerline_extract
[0.207s] [ 62%] Built target pcl_learning
[0.218s] [ 75%] [32mBuilding CXX object CMakeFiles/pure_pursuit_controller.dir/src/pure_pursuit_controller.cpp.o[0m
[14.986s] [ 87%] [32m[1mLinking CXX executable pure_pursuit_controller[0m
[16.542s] [ 87%] Built target pure_pursuit_controller
[20.139s] [100%] [32m[1mLinking CXX executable corn_row_detector_projection[0m
[22.220s] [100%] Built target corn_row_detector_projection
[22.231s] Invoked command in '/home/xkai/agribot/agribot_ws/build/centerline_extraction' returned '0': CMAKE_PREFIX_PATH=${CMAKE_PREFIX_PATH}:/opt/ros/humble /usr/bin/cmake --build /home/xkai/agribot/agribot_ws/build/centerline_extraction -- -j8 -l8
[22.241s] Invoking command in '/home/xkai/agribot/agribot_ws/build/centerline_extraction': CMAKE_PREFIX_PATH=${CMAKE_PREFIX_PATH}:/opt/ros/humble /usr/bin/cmake --install /home/xkai/agribot/agribot_ws/build/centerline_extraction
[22.248s] -- Install configuration: ""
[22.249s] -- Installing: /home/xkai/agribot/agribot_ws/install/centerline_extraction/lib/centerline_extraction/corn_row_detector_projection
[22.255s] -- Set runtime path of "/home/xkai/agribot/agribot_ws/install/centerline_extraction/lib/centerline_extraction/corn_row_detector_projection" to ""
[22.255s] -- Installing: /home/xkai/agribot/agribot_ws/install/centerline_extraction/lib/centerline_extraction/pure_pursuit_controller
[22.260s] -- Set runtime path of "/home/xkai/agribot/agribot_ws/install/centerline_extraction/lib/centerline_extraction/pure_pursuit_controller" to ""
[22.260s] -- Up-to-date: /home/xkai/agribot/agribot_ws/install/centerline_extraction/include//include
[22.260s] -- Up-to-date: /home/xkai/agribot/agribot_ws/install/centerline_extraction/include//include/centerline_extraction
[22.260s] -- Installing: /home/xkai/agribot/agribot_ws/install/centerline_extraction/include//include/centerline_extraction/corn_row_detector_projection.hpp
[22.260s] -- Up-to-date: /home/xkai/agribot/agribot_ws/install/centerline_extraction/include//include/centerline_extraction/pid_controller.hpp
[22.261s] -- Installing: /home/xkai/agribot/agribot_ws/install/centerline_extraction/share/centerline_extraction/package.dsv
[22.264s] Invoked command in '/home/xkai/agribot/agribot_ws/build/centerline_extraction' returned '0': CMAKE_PREFIX_PATH=${CMAKE_PREFIX_PATH}:/opt/ros/humble /usr/bin/cmake --install /home/xkai/agribot/agribot_ws/build/centerline_extraction
