[0.021s] Invoking command in '/home/xkai/agribot/agribot_ws/build/centerline_extraction': CMAKE_PREFIX_PATH=${CMAKE_PREFIX_PATH}:/opt/ros/humble /usr/bin/cmake --build /home/xkai/agribot/agribot_ws/build/centerline_extraction -- -j8 -l8
[0.129s] [ 22%] Built target pcl_learning
[0.136s] [ 44%] Built target centerline_extract
[0.149s] [100%] Built target cornfield_navigation_node
[0.163s] Invoked command in '/home/xkai/agribot/agribot_ws/build/centerline_extraction' returned '0': CMAKE_PREFIX_PATH=${CMAKE_PREFIX_PATH}:/opt/ros/humble /usr/bin/cmake --build /home/xkai/agribot/agribot_ws/build/centerline_extraction -- -j8 -l8
[0.164s] Invoking command in '/home/xkai/agribot/agribot_ws/build/centerline_extraction': CMAKE_PREFIX_PATH=${CMAKE_PREFIX_PATH}:/opt/ros/humble /usr/bin/cmake --install /home/xkai/agribot/agribot_ws/build/centerline_extraction
[0.173s] -- Install configuration: ""
[0.173s] -- Execute custom install script
[0.174s] -- Symlinking: /home/xkai/agribot/agribot_ws/install/centerline_extraction/lib/centerline_extraction/pcl_learning
[0.184s] -- Symlinking: /home/xkai/agribot/agribot_ws/install/centerline_extraction/lib/centerline_extraction/centerline_extract
[0.195s] -- Symlinking: /home/xkai/agribot/agribot_ws/install/centerline_extraction/lib/centerline_extraction/cornfield_navigation_node
[0.208s] -- Symlinking: /home/xkai/agribot/agribot_ws/install/centerline_extraction/include//include/centerline_extraction/corn_row_detector copy.hpp
[0.220s] -- Symlinking: /home/xkai/agribot/agribot_ws/install/centerline_extraction/include//include/centerline_extraction/corn_row_detector.hpp
[0.231s] -- Symlinking: /home/xkai/agribot/agribot_ws/install/centerline_extraction/include//include/centerline_extraction/corn_row_detector1.hpp
[0.242s] -- Symlinking: /home/xkai/agribot/agribot_ws/install/centerline_extraction/include//include/centerline_extraction/obstacle_detector.hpp
[0.252s] -- Symlinking: /home/xkai/agribot/agribot_ws/install/centerline_extraction/include//include/centerline_extraction/pure_pursuit_controller copy.hpp
[0.259s] -- Symlinking: /home/xkai/agribot/agribot_ws/install/centerline_extraction/include//include/centerline_extraction/pure_pursuit_controller.hpp
[0.269s] -- Symlinking: /home/xkai/agribot/agribot_ws/install/centerline_extraction/share/ament_index/resource_index/package_run_dependencies/centerline_extraction
[0.277s] -- Symlinking: /home/xkai/agribot/agribot_ws/install/centerline_extraction/share/ament_index/resource_index/parent_prefix_path/centerline_extraction
[0.291s] -- Symlinking: /home/xkai/agribot/agribot_ws/install/centerline_extraction/share/centerline_extraction/environment/ament_prefix_path.sh
[0.301s] -- Symlinking: /home/xkai/agribot/agribot_ws/install/centerline_extraction/share/centerline_extraction/environment/ament_prefix_path.dsv
[0.313s] -- Symlinking: /home/xkai/agribot/agribot_ws/install/centerline_extraction/share/centerline_extraction/environment/path.sh
[0.323s] -- Symlinking: /home/xkai/agribot/agribot_ws/install/centerline_extraction/share/centerline_extraction/environment/path.dsv
[0.333s] -- Symlinking: /home/xkai/agribot/agribot_ws/install/centerline_extraction/share/centerline_extraction/local_setup.bash
[0.343s] -- Symlinking: /home/xkai/agribot/agribot_ws/install/centerline_extraction/share/centerline_extraction/local_setup.sh
[0.353s] -- Symlinking: /home/xkai/agribot/agribot_ws/install/centerline_extraction/share/centerline_extraction/local_setup.zsh
[0.363s] -- Symlinking: /home/xkai/agribot/agribot_ws/install/centerline_extraction/share/centerline_extraction/local_setup.dsv
[0.376s] -- Symlinking: /home/xkai/agribot/agribot_ws/install/centerline_extraction/share/centerline_extraction/package.dsv
[0.387s] -- Symlinking: /home/xkai/agribot/agribot_ws/install/centerline_extraction/share/ament_index/resource_index/packages/centerline_extraction
[0.398s] -- Symlinking: /home/xkai/agribot/agribot_ws/install/centerline_extraction/share/centerline_extraction/cmake/centerline_extractionConfig.cmake
[0.407s] -- Symlinking: /home/xkai/agribot/agribot_ws/install/centerline_extraction/share/centerline_extraction/cmake/centerline_extractionConfig-version.cmake
[0.418s] -- Symlinking: /home/xkai/agribot/agribot_ws/install/centerline_extraction/share/centerline_extraction/package.xml
[0.429s] Invoked command in '/home/xkai/agribot/agribot_ws/build/centerline_extraction' returned '0': CMAKE_PREFIX_PATH=${CMAKE_PREFIX_PATH}:/opt/ros/humble /usr/bin/cmake --install /home/xkai/agribot/agribot_ws/build/centerline_extraction
