[0.015s] Invoking command in '/home/xkai/agribot/agribot_ws/build/livox_ros_driver2': CMAKE_PREFIX_PATH=/opt/ros/humble /usr/bin/cmake /home/xkai/agribot/agribot_ws/src/livox_ros_driver2 -DCMAKE_INSTALL_PREFIX=/home/xkai/agribot/agribot_ws/install/livox_ros_driver2
[0.029s] -- livox_ros_driver2 version: 1.2.4
[0.030s] -- Found ament_cmake_auto: 1.3.12 (/opt/ros/humble/share/ament_cmake_auto/cmake)
[0.213s] -- Using all available rosidl_typesupport_c: rosidl_typesupport_fastrtps_c;rosidl_typesupport_introspection_c
[0.215s] -- Found rosidl_adapter: 3.1.7 (/opt/ros/humble/share/rosidl_adapter/cmake)
[0.245s] -- Using all available rosidl_typesupport_cpp: rosidl_typesupport_fastrtps_cpp;rosidl_typesupport_introspection_cpp
[0.305s] -- Found rmw_implementation_cmake: 6.1.2 (/opt/ros/humble/share/rmw_implementation_cmake/cmake)
[0.306s] -- Found rmw_fastrtps_cpp: 6.2.8 (/opt/ros/humble/share/rmw_fastrtps_cpp/cmake)
[0.401s] -- Using RMW implementation 'rmw_fastrtps_cpp' as default
[0.520s] -- Eigen found (include: /usr/include/eigen3, version: 3.4.0)
[0.543s] -- FLANN found (include: /usr/include, lib: /usr/lib/x86_64-linux-gnu/libflann_cpp.so)
[0.790s] -- OpenNI found (version: 1.5.4.0, include: /usr/include/ni, lib: /usr/lib/libOpenNI.so;libusb::libusb)
[0.795s] -- OpenNI2 found (version: 2.2.0.33, include: /usr/include/openni2, lib: /usr/lib/x86_64-linux-gnu/libOpenNI2.so;libusb::libusb)
[0.920s] -- Eigen found (include: /usr/include/eigen3, version: 3.4.0)
[0.926s] -- OpenNI found (version: 1.5.4.0, include: /usr/include/ni, lib: /usr/lib/libOpenNI.so;libusb::libusb)
[0.931s] -- OpenNI2 found (version: 2.2.0.33, include: /usr/include/openni2, lib: /usr/lib/x86_64-linux-gnu/libOpenNI2.so;libusb::libusb)
[1.048s] -- Found Qhull version 8.0.2
[1.187s] -- OpenNI found (version: 1.5.4.0, include: /usr/include/ni, lib: /usr/lib/libOpenNI.so;libusb::libusb)
[1.361s] -- Checking for module 'apr-1'
[1.371s] --   Found apr-1, version 1.7.0
[1.394s] [0m/usr/include/apr-1.0[0m
[1.394s] [0mapr-1[0m
[1.580s] -- Found ament_cmake_ros: 0.10.0 (/opt/ros/humble/share/ament_cmake_ros/cmake)
[1.881s] -- Using all available rosidl_typesupport_c: rosidl_typesupport_fastrtps_c;rosidl_typesupport_introspection_c
[2.413s] -- Using all available rosidl_typesupport_cpp: rosidl_typesupport_fastrtps_cpp;rosidl_typesupport_introspection_cpp
[2.447s] -- Found python_cmake_module: 0.10.0 (/opt/ros/humble/share/python_cmake_module/cmake)
[2.482s] -- Using PYTHON_EXECUTABLE: /usr/bin/python3
[2.482s] -- Using PYTHON_INCLUDE_DIRS: /usr/include/python3.10
[2.483s] -- Using PYTHON_LIBRARIES: /usr/lib/x86_64-linux-gnu/libpython3.10.so
[2.570s] -- Found ament_lint_auto: 0.12.14 (/opt/ros/humble/share/ament_lint_auto/cmake)
[2.605s] -- Added test 'copyright' to check source files copyright and LICENSE
[2.614s] -- Added test 'cppcheck' to perform static code analysis on C / C++ code
[2.615s] -- Configured cppcheck include dirs: /home/xkai/agribot/agribot_ws/src/livox_ros_driver2/3rdparty;/home/xkai/agribot/agribot_ws/src/livox_ros_driver2/src
[2.615s] -- Configured cppcheck exclude dirs and/or files: 
[2.625s] -- Added test 'cpplint' to check C / C++ code against the Google style
[2.625s] -- Configured cpplint exclude dirs and/or files: 
[2.628s] -- Added test 'flake8' to check Python code syntax and style conventions
[2.632s] -- Added test 'lint_cmake' to check CMake code style
[2.634s] -- Added test 'pep257' to check Python code against some of the docstring style conventions in PEP 257
[2.643s] -- Added test 'uncrustify' to check C / C++ code style
[2.643s] -- Configured uncrustify additional arguments: 
[2.646s] -- Added test 'xmllint' to check XML markup files
[2.653s] -- Configuring done
[2.865s] -- Generating done
[2.933s] -- Build files have been written to: /home/xkai/agribot/agribot_ws/build/livox_ros_driver2
[2.991s] Invoked command in '/home/xkai/agribot/agribot_ws/build/livox_ros_driver2' returned '0': CMAKE_PREFIX_PATH=/opt/ros/humble /usr/bin/cmake /home/xkai/agribot/agribot_ws/src/livox_ros_driver2 -DCMAKE_INSTALL_PREFIX=/home/xkai/agribot/agribot_ws/install/livox_ros_driver2
[2.991s] Invoking command in '/home/xkai/agribot/agribot_ws/build/livox_ros_driver2': CMAKE_PREFIX_PATH=/opt/ros/humble /usr/bin/cmake --build /home/xkai/agribot/agribot_ws/build/livox_ros_driver2 -- -j8 -l8
[3.066s] [35m[1mConsolidate compiler generated dependencies of target livox_interfaces2__rosidl_generator_c[0m
[3.071s] [35m[1mConsolidate compiler generated dependencies of target livox_ros_driver2_node[0m
[3.084s] [  1%] Built target livox_interfaces2__cpp
[3.094s] [  3%] [32mBuilding C object CMakeFiles/livox_interfaces2__rosidl_generator_c.dir/rosidl_generator_c/livox_ros_driver2/msg/detail/custom_point__functions.c.o[0m
[3.097s] [  5%] [32mBuilding C object CMakeFiles/livox_interfaces2__rosidl_generator_c.dir/rosidl_generator_c/livox_ros_driver2/msg/detail/custom_msg__functions.c.o[0m
[3.106s] [35m[1mConsolidate compiler generated dependencies of target livox_interfaces2__rosidl_typesupport_cpp[0m
[3.116s] [  7%] [32mBuilding CXX object CMakeFiles/livox_ros_driver2_node.dir/rclcpp_components/node_main_livox_ros_driver2_node.cpp.o[0m
[3.123s] [35m[1mConsolidate compiler generated dependencies of target livox_interfaces2__rosidl_typesupport_fastrtps_cpp[0m
[3.126s] [  8%] [32mBuilding CXX object CMakeFiles/livox_interfaces2__rosidl_typesupport_cpp.dir/rosidl_typesupport_cpp/livox_ros_driver2/msg/custom_point__type_support.cpp.o[0m
[3.135s] [35m[1mConsolidate compiler generated dependencies of target livox_interfaces2__rosidl_typesupport_introspection_cpp[0m
[3.138s] [  8%] Built target ament_cmake_python_copy_livox_ros_driver2
[3.141s] [ 10%] [32mBuilding CXX object CMakeFiles/livox_interfaces2__rosidl_typesupport_cpp.dir/rosidl_typesupport_cpp/livox_ros_driver2/msg/custom_msg__type_support.cpp.o[0m
[3.156s] [ 12%] [32mBuilding CXX object CMakeFiles/livox_interfaces2__rosidl_typesupport_fastrtps_cpp.dir/rosidl_typesupport_fastrtps_cpp/livox_ros_driver2/msg/detail/dds_fastrtps/custom_msg__type_support.cpp.o[0m
[3.166s] [ 14%] [32mBuilding CXX object CMakeFiles/livox_interfaces2__rosidl_typesupport_introspection_cpp.dir/rosidl_typesupport_introspection_cpp/livox_ros_driver2/msg/detail/custom_point__type_support.cpp.o[0m
[3.166s] [ 15%] [32mBuilding CXX object CMakeFiles/livox_interfaces2__rosidl_typesupport_fastrtps_cpp.dir/rosidl_typesupport_fastrtps_cpp/livox_ros_driver2/msg/detail/dds_fastrtps/custom_point__type_support.cpp.o[0m
[3.255s] [ 17%] [32m[1mLinking C shared library liblivox_ros_driver2__rosidl_generator_c.so[0m
[3.376s] [ 19%] Built target livox_interfaces2__rosidl_generator_c
[3.403s] [35m[1mConsolidate compiler generated dependencies of target livox_interfaces2__rosidl_typesupport_fastrtps_c[0m
[3.443s] [ 21%] [32mBuilding CXX object CMakeFiles/livox_interfaces2__rosidl_typesupport_fastrtps_c.dir/rosidl_typesupport_fastrtps_c/livox_ros_driver2/msg/detail/custom_point__type_support_c.cpp.o[0m
[3.873s] [ 22%] [32mBuilding CXX object CMakeFiles/livox_interfaces2__rosidl_typesupport_introspection_cpp.dir/rosidl_typesupport_introspection_cpp/livox_ros_driver2/msg/detail/custom_msg__type_support.cpp.o[0m
[3.954s] [35m[1mConsolidate compiler generated dependencies of target livox_interfaces2__rosidl_typesupport_introspection_c[0m
[3.984s] [ 24%] [32mBuilding C object CMakeFiles/livox_interfaces2__rosidl_typesupport_introspection_c.dir/rosidl_typesupport_introspection_c/livox_ros_driver2/msg/detail/custom_point__type_support.c.o[0m
[4.035s] running egg_info
[4.036s] writing livox_ros_driver2.egg-info/PKG-INFO
[4.036s] writing dependency_links to livox_ros_driver2.egg-info/dependency_links.txt
[4.036s] writing top-level names to livox_ros_driver2.egg-info/top_level.txt
[4.047s] reading manifest file 'livox_ros_driver2.egg-info/SOURCES.txt'
[4.057s] writing manifest file 'livox_ros_driver2.egg-info/SOURCES.txt'
[4.058s] [ 26%] [32mBuilding C object CMakeFiles/livox_interfaces2__rosidl_typesupport_introspection_c.dir/rosidl_typesupport_introspection_c/livox_ros_driver2/msg/detail/custom_msg__type_support.c.o[0m
[4.073s] [ 28%] [32m[1mLinking CXX shared library liblivox_ros_driver2__rosidl_typesupport_cpp.so[0m
[4.144s] [ 28%] Built target ament_cmake_python_build_livox_ros_driver2_egg
[4.163s] [ 29%] [32m[1mLinking C shared library liblivox_ros_driver2__rosidl_typesupport_introspection_c.so[0m
[4.190s] [ 31%] Built target livox_interfaces2__rosidl_typesupport_cpp
[4.196s] [35m[1mConsolidate compiler generated dependencies of target livox_interfaces2__rosidl_typesupport_c[0m
[4.227s] [ 33%] [32mBuilding CXX object CMakeFiles/livox_interfaces2__rosidl_typesupport_c.dir/rosidl_typesupport_c/livox_ros_driver2/msg/custom_point__type_support.cpp.o[0m
[4.265s] [35m[1mConsolidate compiler generated dependencies of target livox_ros_driver2[0m
[4.266s] [ 35%] Built target livox_interfaces2__rosidl_typesupport_introspection_c
[4.290s] [ 36%] [32mBuilding CXX object CMakeFiles/livox_interfaces2__rosidl_typesupport_fastrtps_c.dir/rosidl_typesupport_fastrtps_c/livox_ros_driver2/msg/detail/custom_msg__type_support_c.cpp.o[0m
[4.300s] [ 38%] [32mBuilding CXX object CMakeFiles/livox_interfaces2__rosidl_typesupport_c.dir/rosidl_typesupport_c/livox_ros_driver2/msg/custom_msg__type_support.cpp.o[0m
[4.368s] [ 40%] [32m[1mLinking CXX shared library liblivox_ros_driver2__rosidl_typesupport_c.so[0m
[4.434s] [ 43%] [32mBuilding CXX object CMakeFiles/livox_ros_driver2.dir/src/lddc.cpp.o[0m
[4.435s] [ 43%] [32mBuilding CXX object CMakeFiles/livox_ros_driver2.dir/src/livox_ros_driver2.cpp.o[0m
[4.500s] [ 45%] Built target livox_interfaces2__rosidl_typesupport_c
[4.515s] [ 47%] [32mBuilding CXX object CMakeFiles/livox_ros_driver2.dir/src/driver_node.cpp.o[0m
[4.522s] [ 49%] [32mBuilding CXX object CMakeFiles/livox_ros_driver2.dir/src/lds.cpp.o[0m
[4.658s] [ 50%] [32m[1mLinking CXX shared library liblivox_ros_driver2__rosidl_typesupport_fastrtps_cpp.so[0m
[4.911s] [ 52%] Built target livox_interfaces2__rosidl_typesupport_fastrtps_cpp
[4.928s] [ 54%] [32mBuilding CXX object CMakeFiles/livox_ros_driver2.dir/src/lds_lidar.cpp.o[0m
[5.118s] [ 56%] [32m[1mLinking CXX shared library liblivox_ros_driver2__rosidl_typesupport_introspection_cpp.so[0m
[5.185s] [ 57%] [32m[1mLinking CXX shared library liblivox_ros_driver2__rosidl_typesupport_fastrtps_c.so[0m
[5.381s] [ 59%] Built target livox_interfaces2__rosidl_typesupport_introspection_cpp
[5.416s] [ 61%] [32mBuilding CXX object CMakeFiles/livox_ros_driver2.dir/src/comm/comm.cpp.o[0m
[5.465s] [ 63%] Built target livox_interfaces2__rosidl_typesupport_fastrtps_c
[5.491s] [ 64%] [32mBuilding CXX object CMakeFiles/livox_ros_driver2.dir/src/comm/ldq.cpp.o[0m
[6.683s] [ 64%] Built target livox_interfaces2
[6.759s] [ 66%] Built target livox_interfaces2__py
[6.788s] [ 68%] [32mBuilding CXX object CMakeFiles/livox_ros_driver2.dir/src/comm/semaphore.cpp.o[0m
[7.225s] [ 70%] [32mBuilding CXX object CMakeFiles/livox_ros_driver2.dir/src/comm/lidar_imu_data_queue.cpp.o[0m
[7.576s] [ 71%] [32mBuilding CXX object CMakeFiles/livox_ros_driver2.dir/src/comm/cache_index.cpp.o[0m
[7.775s] [ 73%] [32mBuilding CXX object CMakeFiles/livox_ros_driver2.dir/src/comm/pub_handler.cpp.o[0m
[7.783s] [ 75%] [32mBuilding CXX object CMakeFiles/livox_ros_driver2.dir/src/parse_cfg_file/parse_cfg_file.cpp.o[0m
[8.272s] [ 77%] [32mBuilding CXX object CMakeFiles/livox_ros_driver2.dir/src/parse_cfg_file/parse_livox_lidar_cfg.cpp.o[0m
[10.046s] [35m[1mConsolidate compiler generated dependencies of target livox_interfaces2__rosidl_generator_py[0m
[10.072s] [ 78%] [32mBuilding C object CMakeFiles/livox_interfaces2__rosidl_generator_py.dir/rosidl_generator_py/livox_ros_driver2/msg/_custom_point_s.c.o[0m
[10.452s] [ 80%] [32mBuilding C object CMakeFiles/livox_interfaces2__rosidl_generator_py.dir/rosidl_generator_py/livox_ros_driver2/msg/_custom_msg_s.c.o[0m
[10.588s] [ 82%] [32mBuilding CXX object CMakeFiles/livox_ros_driver2.dir/src/call_back/lidar_common_callback.cpp.o[0m
[10.655s] [ 84%] [32mBuilding CXX object CMakeFiles/livox_ros_driver2.dir/src/call_back/livox_lidar_callback.cpp.o[0m
[10.738s] [ 85%] [32m[1mLinking C shared library rosidl_generator_py/livox_ros_driver2/liblivox_interfaces2__rosidl_generator_py.so[0m
[10.840s] [ 85%] Built target livox_interfaces2__rosidl_generator_py
[10.881s] [35m[1mConsolidate compiler generated dependencies of target livox_ros_driver2__rosidl_typesupport_fastrtps_c__pyext[0m
[10.922s] [ 87%] [32mBuilding C object CMakeFiles/livox_ros_driver2__rosidl_typesupport_fastrtps_c__pyext.dir/rosidl_generator_py/livox_ros_driver2/_livox_ros_driver2_s.ep.rosidl_typesupport_fastrtps_c.c.o[0m
[11.283s] [ 89%] [32m[1mLinking C shared library rosidl_generator_py/livox_ros_driver2/livox_ros_driver2_s__rosidl_typesupport_fastrtps_c.cpython-310-x86_64-linux-gnu.so[0m
[11.383s] [ 89%] Built target livox_ros_driver2__rosidl_typesupport_fastrtps_c__pyext
[11.420s] [35m[1mConsolidate compiler generated dependencies of target livox_ros_driver2__rosidl_typesupport_introspection_c__pyext[0m
[11.445s] [ 91%] [32mBuilding C object CMakeFiles/livox_ros_driver2__rosidl_typesupport_introspection_c__pyext.dir/rosidl_generator_py/livox_ros_driver2/_livox_ros_driver2_s.ep.rosidl_typesupport_introspection_c.c.o[0m
[11.658s] [35m[1mConsolidate compiler generated dependencies of target livox_ros_driver2__rosidl_typesupport_c__pyext[0m
[11.695s] [ 92%] [32mBuilding C object CMakeFiles/livox_ros_driver2__rosidl_typesupport_c__pyext.dir/rosidl_generator_py/livox_ros_driver2/_livox_ros_driver2_s.ep.rosidl_typesupport_c.c.o[0m
[11.743s] [ 94%] [32m[1mLinking C shared library rosidl_generator_py/livox_ros_driver2/livox_ros_driver2_s__rosidl_typesupport_introspection_c.cpython-310-x86_64-linux-gnu.so[0m
[11.848s] [ 94%] Built target livox_ros_driver2__rosidl_typesupport_introspection_c__pyext
[11.885s] [ 96%] [32m[1mLinking C shared library rosidl_generator_py/livox_ros_driver2/livox_ros_driver2_s__rosidl_typesupport_c.cpython-310-x86_64-linux-gnu.so[0m
[11.963s] [ 96%] Built target livox_ros_driver2__rosidl_typesupport_c__pyext
[12.347s] [ 98%] [32m[1mLinking CXX executable livox_ros_driver2_node[0m
[12.766s] [ 98%] Built target livox_ros_driver2_node
[20.041s] [100%] [32m[1mLinking CXX shared library liblivox_ros_driver2.so[0m
[21.130s] [100%] Built target livox_ros_driver2
[21.149s] Invoked command in '/home/xkai/agribot/agribot_ws/build/livox_ros_driver2' returned '0': CMAKE_PREFIX_PATH=/opt/ros/humble /usr/bin/cmake --build /home/xkai/agribot/agribot_ws/build/livox_ros_driver2 -- -j8 -l8
[21.150s] Invoking command in '/home/xkai/agribot/agribot_ws/build/livox_ros_driver2': CMAKE_PREFIX_PATH=/opt/ros/humble /usr/bin/cmake --install /home/xkai/agribot/agribot_ws/build/livox_ros_driver2
[21.157s] -- Install configuration: ""
[21.159s] -- Up-to-date: /home/xkai/agribot/agribot_ws/install/livox_ros_driver2/share/ament_index/resource_index/rosidl_interfaces/livox_ros_driver2
[21.159s] -- Up-to-date: /home/xkai/agribot/agribot_ws/install/livox_ros_driver2/include/livox_ros_driver2/livox_ros_driver2
[21.159s] -- Up-to-date: /home/xkai/agribot/agribot_ws/install/livox_ros_driver2/include/livox_ros_driver2/livox_ros_driver2/msg
[21.159s] -- Up-to-date: /home/xkai/agribot/agribot_ws/install/livox_ros_driver2/include/livox_ros_driver2/livox_ros_driver2/msg/detail
[21.159s] -- Up-to-date: /home/xkai/agribot/agribot_ws/install/livox_ros_driver2/include/livox_ros_driver2/livox_ros_driver2/msg/detail/custom_point__functions.h
[21.159s] -- Up-to-date: /home/xkai/agribot/agribot_ws/install/livox_ros_driver2/include/livox_ros_driver2/livox_ros_driver2/msg/detail/custom_msg__struct.h
[21.159s] -- Up-to-date: /home/xkai/agribot/agribot_ws/install/livox_ros_driver2/include/livox_ros_driver2/livox_ros_driver2/msg/detail/custom_msg__functions.c
[21.160s] -- Up-to-date: /home/xkai/agribot/agribot_ws/install/livox_ros_driver2/include/livox_ros_driver2/livox_ros_driver2/msg/detail/custom_msg__type_support.h
[21.160s] -- Up-to-date: /home/xkai/agribot/agribot_ws/install/livox_ros_driver2/include/livox_ros_driver2/livox_ros_driver2/msg/detail/custom_point__struct.h
[21.160s] -- Up-to-date: /home/xkai/agribot/agribot_ws/install/livox_ros_driver2/include/livox_ros_driver2/livox_ros_driver2/msg/detail/custom_point__type_support.h
[21.160s] -- Up-to-date: /home/xkai/agribot/agribot_ws/install/livox_ros_driver2/include/livox_ros_driver2/livox_ros_driver2/msg/detail/custom_msg__functions.h
[21.160s] -- Up-to-date: /home/xkai/agribot/agribot_ws/install/livox_ros_driver2/include/livox_ros_driver2/livox_ros_driver2/msg/detail/custom_point__functions.c
[21.160s] -- Up-to-date: /home/xkai/agribot/agribot_ws/install/livox_ros_driver2/include/livox_ros_driver2/livox_ros_driver2/msg/custom_point.h
[21.160s] -- Up-to-date: /home/xkai/agribot/agribot_ws/install/livox_ros_driver2/include/livox_ros_driver2/livox_ros_driver2/msg/rosidl_generator_c__visibility_control.h
[21.160s] -- Up-to-date: /home/xkai/agribot/agribot_ws/install/livox_ros_driver2/include/livox_ros_driver2/livox_ros_driver2/msg/custom_msg.h
[21.160s] -- Up-to-date: /home/xkai/agribot/agribot_ws/install/livox_ros_driver2/share/livox_ros_driver2/environment/library_path.sh
[21.161s] -- Installing: /home/xkai/agribot/agribot_ws/install/livox_ros_driver2/share/livox_ros_driver2/environment/library_path.dsv
[21.161s] -- Installing: /home/xkai/agribot/agribot_ws/install/livox_ros_driver2/lib/liblivox_ros_driver2__rosidl_generator_c.so
[21.162s] -- Set runtime path of "/home/xkai/agribot/agribot_ws/install/livox_ros_driver2/lib/liblivox_ros_driver2__rosidl_generator_c.so" to ""
[21.163s] -- Up-to-date: /home/xkai/agribot/agribot_ws/install/livox_ros_driver2/include/livox_ros_driver2/livox_ros_driver2
[21.163s] -- Up-to-date: /home/xkai/agribot/agribot_ws/install/livox_ros_driver2/include/livox_ros_driver2/livox_ros_driver2/msg
[21.163s] -- Up-to-date: /home/xkai/agribot/agribot_ws/install/livox_ros_driver2/include/livox_ros_driver2/livox_ros_driver2/msg/detail
[21.163s] -- Up-to-date: /home/xkai/agribot/agribot_ws/install/livox_ros_driver2/include/livox_ros_driver2/livox_ros_driver2/msg/detail/custom_point__rosidl_typesupport_fastrtps_c.h
[21.164s] -- Up-to-date: /home/xkai/agribot/agribot_ws/install/livox_ros_driver2/include/livox_ros_driver2/livox_ros_driver2/msg/detail/custom_msg__rosidl_typesupport_fastrtps_c.h
[21.164s] -- Up-to-date: /home/xkai/agribot/agribot_ws/install/livox_ros_driver2/include/livox_ros_driver2/livox_ros_driver2/msg/rosidl_typesupport_fastrtps_c__visibility_control.h
[21.164s] -- Installing: /home/xkai/agribot/agribot_ws/install/livox_ros_driver2/lib/liblivox_ros_driver2__rosidl_typesupport_fastrtps_c.so
[21.164s] -- Set runtime path of "/home/xkai/agribot/agribot_ws/install/livox_ros_driver2/lib/liblivox_ros_driver2__rosidl_typesupport_fastrtps_c.so" to ""
[21.164s] -- Up-to-date: /home/xkai/agribot/agribot_ws/install/livox_ros_driver2/include/livox_ros_driver2/livox_ros_driver2
[21.164s] -- Up-to-date: /home/xkai/agribot/agribot_ws/install/livox_ros_driver2/include/livox_ros_driver2/livox_ros_driver2/msg
[21.164s] -- Up-to-date: /home/xkai/agribot/agribot_ws/install/livox_ros_driver2/include/livox_ros_driver2/livox_ros_driver2/msg/rosidl_typesupport_introspection_c__visibility_control.h
[21.164s] -- Up-to-date: /home/xkai/agribot/agribot_ws/install/livox_ros_driver2/include/livox_ros_driver2/livox_ros_driver2/msg/detail
[21.165s] -- Up-to-date: /home/xkai/agribot/agribot_ws/install/livox_ros_driver2/include/livox_ros_driver2/livox_ros_driver2/msg/detail/custom_point__type_support.c
[21.165s] -- Up-to-date: /home/xkai/agribot/agribot_ws/install/livox_ros_driver2/include/livox_ros_driver2/livox_ros_driver2/msg/detail/custom_point__rosidl_typesupport_introspection_c.h
[21.166s] -- Up-to-date: /home/xkai/agribot/agribot_ws/install/livox_ros_driver2/include/livox_ros_driver2/livox_ros_driver2/msg/detail/custom_msg__type_support.c
[21.166s] -- Up-to-date: /home/xkai/agribot/agribot_ws/install/livox_ros_driver2/include/livox_ros_driver2/livox_ros_driver2/msg/detail/custom_msg__rosidl_typesupport_introspection_c.h
[21.167s] -- Installing: /home/xkai/agribot/agribot_ws/install/livox_ros_driver2/lib/liblivox_ros_driver2__rosidl_typesupport_introspection_c.so
[21.169s] -- Set runtime path of "/home/xkai/agribot/agribot_ws/install/livox_ros_driver2/lib/liblivox_ros_driver2__rosidl_typesupport_introspection_c.so" to ""
[21.170s] -- Installing: /home/xkai/agribot/agribot_ws/install/livox_ros_driver2/lib/liblivox_ros_driver2__rosidl_typesupport_c.so
[21.170s] -- Set runtime path of "/home/xkai/agribot/agribot_ws/install/livox_ros_driver2/lib/liblivox_ros_driver2__rosidl_typesupport_c.so" to ""
[21.170s] -- Up-to-date: /home/xkai/agribot/agribot_ws/install/livox_ros_driver2/include/livox_ros_driver2/livox_ros_driver2
[21.171s] -- Up-to-date: /home/xkai/agribot/agribot_ws/install/livox_ros_driver2/include/livox_ros_driver2/livox_ros_driver2/msg
[21.173s] -- Up-to-date: /home/xkai/agribot/agribot_ws/install/livox_ros_driver2/include/livox_ros_driver2/livox_ros_driver2/msg/rosidl_generator_cpp__visibility_control.hpp
[21.173s] -- Up-to-date: /home/xkai/agribot/agribot_ws/install/livox_ros_driver2/include/livox_ros_driver2/livox_ros_driver2/msg/custom_point.hpp
[21.173s] -- Up-to-date: /home/xkai/agribot/agribot_ws/install/livox_ros_driver2/include/livox_ros_driver2/livox_ros_driver2/msg/detail
[21.173s] -- Up-to-date: /home/xkai/agribot/agribot_ws/install/livox_ros_driver2/include/livox_ros_driver2/livox_ros_driver2/msg/detail/custom_point__type_support.hpp
[21.174s] -- Up-to-date: /home/xkai/agribot/agribot_ws/install/livox_ros_driver2/include/livox_ros_driver2/livox_ros_driver2/msg/detail/custom_msg__traits.hpp
[21.174s] -- Up-to-date: /home/xkai/agribot/agribot_ws/install/livox_ros_driver2/include/livox_ros_driver2/livox_ros_driver2/msg/detail/custom_point__traits.hpp
[21.174s] -- Up-to-date: /home/xkai/agribot/agribot_ws/install/livox_ros_driver2/include/livox_ros_driver2/livox_ros_driver2/msg/detail/custom_msg__builder.hpp
[21.174s] -- Up-to-date: /home/xkai/agribot/agribot_ws/install/livox_ros_driver2/include/livox_ros_driver2/livox_ros_driver2/msg/detail/custom_point__builder.hpp
[21.174s] -- Up-to-date: /home/xkai/agribot/agribot_ws/install/livox_ros_driver2/include/livox_ros_driver2/livox_ros_driver2/msg/detail/custom_msg__type_support.hpp
[21.174s] -- Up-to-date: /home/xkai/agribot/agribot_ws/install/livox_ros_driver2/include/livox_ros_driver2/livox_ros_driver2/msg/detail/custom_msg__struct.hpp
[21.174s] -- Up-to-date: /home/xkai/agribot/agribot_ws/install/livox_ros_driver2/include/livox_ros_driver2/livox_ros_driver2/msg/detail/custom_point__struct.hpp
[21.174s] -- Up-to-date: /home/xkai/agribot/agribot_ws/install/livox_ros_driver2/include/livox_ros_driver2/livox_ros_driver2/msg/custom_msg.hpp
[21.176s] -- Up-to-date: /home/xkai/agribot/agribot_ws/install/livox_ros_driver2/include/livox_ros_driver2/livox_ros_driver2
[21.176s] -- Up-to-date: /home/xkai/agribot/agribot_ws/install/livox_ros_driver2/include/livox_ros_driver2/livox_ros_driver2/msg
[21.176s] -- Up-to-date: /home/xkai/agribot/agribot_ws/install/livox_ros_driver2/include/livox_ros_driver2/livox_ros_driver2/msg/detail
[21.176s] -- Up-to-date: /home/xkai/agribot/agribot_ws/install/livox_ros_driver2/include/livox_ros_driver2/livox_ros_driver2/msg/detail/custom_point__rosidl_typesupport_fastrtps_cpp.hpp
[21.176s] -- Up-to-date: /home/xkai/agribot/agribot_ws/install/livox_ros_driver2/include/livox_ros_driver2/livox_ros_driver2/msg/detail/dds_fastrtps
[21.177s] -- Up-to-date: /home/xkai/agribot/agribot_ws/install/livox_ros_driver2/include/livox_ros_driver2/livox_ros_driver2/msg/detail/custom_msg__rosidl_typesupport_fastrtps_cpp.hpp
[21.177s] -- Up-to-date: /home/xkai/agribot/agribot_ws/install/livox_ros_driver2/include/livox_ros_driver2/livox_ros_driver2/msg/rosidl_typesupport_fastrtps_cpp__visibility_control.h
[21.177s] -- Installing: /home/xkai/agribot/agribot_ws/install/livox_ros_driver2/lib/liblivox_ros_driver2__rosidl_typesupport_fastrtps_cpp.so
[21.177s] -- Set runtime path of "/home/xkai/agribot/agribot_ws/install/livox_ros_driver2/lib/liblivox_ros_driver2__rosidl_typesupport_fastrtps_cpp.so" to ""
[21.177s] -- Up-to-date: /home/xkai/agribot/agribot_ws/install/livox_ros_driver2/include/livox_ros_driver2/livox_ros_driver2
[21.177s] -- Up-to-date: /home/xkai/agribot/agribot_ws/install/livox_ros_driver2/include/livox_ros_driver2/livox_ros_driver2/msg
[21.179s] -- Up-to-date: /home/xkai/agribot/agribot_ws/install/livox_ros_driver2/include/livox_ros_driver2/livox_ros_driver2/msg/detail
[21.180s] -- Up-to-date: /home/xkai/agribot/agribot_ws/install/livox_ros_driver2/include/livox_ros_driver2/livox_ros_driver2/msg/detail/custom_msg__rosidl_typesupport_introspection_cpp.hpp
[21.180s] -- Up-to-date: /home/xkai/agribot/agribot_ws/install/livox_ros_driver2/include/livox_ros_driver2/livox_ros_driver2/msg/detail/custom_point__rosidl_typesupport_introspection_cpp.hpp
[21.180s] -- Up-to-date: /home/xkai/agribot/agribot_ws/install/livox_ros_driver2/include/livox_ros_driver2/livox_ros_driver2/msg/detail/custom_point__type_support.cpp
[21.180s] -- Up-to-date: /home/xkai/agribot/agribot_ws/install/livox_ros_driver2/include/livox_ros_driver2/livox_ros_driver2/msg/detail/custom_msg__type_support.cpp
[21.180s] -- Installing: /home/xkai/agribot/agribot_ws/install/livox_ros_driver2/lib/liblivox_ros_driver2__rosidl_typesupport_introspection_cpp.so
[21.181s] -- Set runtime path of "/home/xkai/agribot/agribot_ws/install/livox_ros_driver2/lib/liblivox_ros_driver2__rosidl_typesupport_introspection_cpp.so" to ""
[21.181s] -- Installing: /home/xkai/agribot/agribot_ws/install/livox_ros_driver2/lib/liblivox_ros_driver2__rosidl_typesupport_cpp.so
[21.181s] -- Set runtime path of "/home/xkai/agribot/agribot_ws/install/livox_ros_driver2/lib/liblivox_ros_driver2__rosidl_typesupport_cpp.so" to ""
[21.181s] -- Up-to-date: /home/xkai/agribot/agribot_ws/install/livox_ros_driver2/share/livox_ros_driver2/environment/pythonpath.sh
[21.181s] -- Installing: /home/xkai/agribot/agribot_ws/install/livox_ros_driver2/share/livox_ros_driver2/environment/pythonpath.dsv
[21.181s] -- Up-to-date: /home/xkai/agribot/agribot_ws/install/livox_ros_driver2/local/lib/python3.10/dist-packages/livox_ros_driver2-1.0.0-py3.10.egg-info
[21.183s] -- Installing: /home/xkai/agribot/agribot_ws/install/livox_ros_driver2/local/lib/python3.10/dist-packages/livox_ros_driver2-1.0.0-py3.10.egg-info/SOURCES.txt
[21.185s] -- Installing: /home/xkai/agribot/agribot_ws/install/livox_ros_driver2/local/lib/python3.10/dist-packages/livox_ros_driver2-1.0.0-py3.10.egg-info/top_level.txt
[21.185s] -- Installing: /home/xkai/agribot/agribot_ws/install/livox_ros_driver2/local/lib/python3.10/dist-packages/livox_ros_driver2-1.0.0-py3.10.egg-info/dependency_links.txt
[21.185s] -- Installing: /home/xkai/agribot/agribot_ws/install/livox_ros_driver2/local/lib/python3.10/dist-packages/livox_ros_driver2-1.0.0-py3.10.egg-info/PKG-INFO
[21.186s] -- Up-to-date: /home/xkai/agribot/agribot_ws/install/livox_ros_driver2/local/lib/python3.10/dist-packages/livox_ros_driver2
[21.186s] -- Installing: /home/xkai/agribot/agribot_ws/install/livox_ros_driver2/local/lib/python3.10/dist-packages/livox_ros_driver2/__init__.py
[21.186s] -- Up-to-date: /home/xkai/agribot/agribot_ws/install/livox_ros_driver2/local/lib/python3.10/dist-packages/livox_ros_driver2/_livox_ros_driver2_s.ep.rosidl_typesupport_fastrtps_c.c
[21.186s] -- Installing: /home/xkai/agribot/agribot_ws/install/livox_ros_driver2/local/lib/python3.10/dist-packages/livox_ros_driver2/livox_ros_driver2_s__rosidl_typesupport_c.cpython-310-x86_64-linux-gnu.so
[21.186s] -- Up-to-date: /home/xkai/agribot/agribot_ws/install/livox_ros_driver2/local/lib/python3.10/dist-packages/livox_ros_driver2/_livox_ros_driver2_s.ep.rosidl_typesupport_introspection_c.c
[21.187s] -- Installing: /home/xkai/agribot/agribot_ws/install/livox_ros_driver2/local/lib/python3.10/dist-packages/livox_ros_driver2/livox_ros_driver2_s__rosidl_typesupport_fastrtps_c.cpython-310-x86_64-linux-gnu.so
[21.187s] -- Up-to-date: /home/xkai/agribot/agribot_ws/install/livox_ros_driver2/local/lib/python3.10/dist-packages/livox_ros_driver2/_livox_ros_driver2_s.ep.rosidl_typesupport_c.c
[21.187s] -- Installing: /home/xkai/agribot/agribot_ws/install/livox_ros_driver2/local/lib/python3.10/dist-packages/livox_ros_driver2/livox_ros_driver2_s__rosidl_typesupport_introspection_c.cpython-310-x86_64-linux-gnu.so
[21.187s] -- Installing: /home/xkai/agribot/agribot_ws/install/livox_ros_driver2/local/lib/python3.10/dist-packages/livox_ros_driver2/liblivox_interfaces2__rosidl_generator_py.so
[21.187s] -- Up-to-date: /home/xkai/agribot/agribot_ws/install/livox_ros_driver2/local/lib/python3.10/dist-packages/livox_ros_driver2/msg
[21.187s] -- Up-to-date: /home/xkai/agribot/agribot_ws/install/livox_ros_driver2/local/lib/python3.10/dist-packages/livox_ros_driver2/msg/__init__.py
[21.187s] -- Up-to-date: /home/xkai/agribot/agribot_ws/install/livox_ros_driver2/local/lib/python3.10/dist-packages/livox_ros_driver2/msg/_custom_msg.py
[21.188s] -- Up-to-date: /home/xkai/agribot/agribot_ws/install/livox_ros_driver2/local/lib/python3.10/dist-packages/livox_ros_driver2/msg/_custom_point_s.c
[21.188s] -- Up-to-date: /home/xkai/agribot/agribot_ws/install/livox_ros_driver2/local/lib/python3.10/dist-packages/livox_ros_driver2/msg/_custom_point.py
[21.188s] -- Up-to-date: /home/xkai/agribot/agribot_ws/install/livox_ros_driver2/local/lib/python3.10/dist-packages/livox_ros_driver2/msg/_custom_msg_s.c
[21.246s] Listing '/home/xkai/agribot/agribot_ws/install/livox_ros_driver2/local/lib/python3.10/dist-packages/livox_ros_driver2'...
[21.246s] Compiling '/home/xkai/agribot/agribot_ws/install/livox_ros_driver2/local/lib/python3.10/dist-packages/livox_ros_driver2/__init__.py'...
[21.246s] Listing '/home/xkai/agribot/agribot_ws/install/livox_ros_driver2/local/lib/python3.10/dist-packages/livox_ros_driver2/msg'...
[21.255s] -- Installing: /home/xkai/agribot/agribot_ws/install/livox_ros_driver2/local/lib/python3.10/dist-packages/livox_ros_driver2/livox_ros_driver2_s__rosidl_typesupport_fastrtps_c.cpython-310-x86_64-linux-gnu.so
[21.256s] -- Set runtime path of "/home/xkai/agribot/agribot_ws/install/livox_ros_driver2/local/lib/python3.10/dist-packages/livox_ros_driver2/livox_ros_driver2_s__rosidl_typesupport_fastrtps_c.cpython-310-x86_64-linux-gnu.so" to ""
[21.256s] -- Installing: /home/xkai/agribot/agribot_ws/install/livox_ros_driver2/local/lib/python3.10/dist-packages/livox_ros_driver2/livox_ros_driver2_s__rosidl_typesupport_introspection_c.cpython-310-x86_64-linux-gnu.so
[21.257s] -- Set runtime path of "/home/xkai/agribot/agribot_ws/install/livox_ros_driver2/local/lib/python3.10/dist-packages/livox_ros_driver2/livox_ros_driver2_s__rosidl_typesupport_introspection_c.cpython-310-x86_64-linux-gnu.so" to ""
[21.257s] -- Installing: /home/xkai/agribot/agribot_ws/install/livox_ros_driver2/local/lib/python3.10/dist-packages/livox_ros_driver2/livox_ros_driver2_s__rosidl_typesupport_c.cpython-310-x86_64-linux-gnu.so
[21.258s] -- Set runtime path of "/home/xkai/agribot/agribot_ws/install/livox_ros_driver2/local/lib/python3.10/dist-packages/livox_ros_driver2/livox_ros_driver2_s__rosidl_typesupport_c.cpython-310-x86_64-linux-gnu.so" to ""
[21.259s] -- Installing: /home/xkai/agribot/agribot_ws/install/livox_ros_driver2/lib/liblivox_interfaces2__rosidl_generator_py.so
[21.259s] -- Set runtime path of "/home/xkai/agribot/agribot_ws/install/livox_ros_driver2/lib/liblivox_interfaces2__rosidl_generator_py.so" to ""
[21.259s] -- Up-to-date: /home/xkai/agribot/agribot_ws/install/livox_ros_driver2/share/livox_ros_driver2/msg/CustomPoint.idl
[21.259s] -- Up-to-date: /home/xkai/agribot/agribot_ws/install/livox_ros_driver2/share/livox_ros_driver2/msg/CustomMsg.idl
[21.260s] -- Up-to-date: /home/xkai/agribot/agribot_ws/install/livox_ros_driver2/share/livox_ros_driver2/msg/CustomPoint.msg
[21.260s] -- Up-to-date: /home/xkai/agribot/agribot_ws/install/livox_ros_driver2/share/livox_ros_driver2/msg/CustomMsg.msg
[21.261s] -- Installing: /home/xkai/agribot/agribot_ws/install/livox_ros_driver2/lib/livox_ros_driver2/livox_ros_driver2_node
[21.262s] -- Set runtime path of "/home/xkai/agribot/agribot_ws/install/livox_ros_driver2/lib/livox_ros_driver2/livox_ros_driver2_node" to ""
[21.266s] -- Installing: /home/xkai/agribot/agribot_ws/install/livox_ros_driver2/lib/liblivox_ros_driver2.so
[21.269s] -- Set runtime path of "/home/xkai/agribot/agribot_ws/install/livox_ros_driver2/lib/liblivox_ros_driver2.so" to ""
[21.269s] -- Up-to-date: /home/xkai/agribot/agribot_ws/install/livox_ros_driver2/share/livox_ros_driver2/config
[21.270s] -- Up-to-date: /home/xkai/agribot/agribot_ws/install/livox_ros_driver2/share/livox_ros_driver2/config/MID360_config.json
[21.270s] -- Up-to-date: /home/xkai/agribot/agribot_ws/install/livox_ros_driver2/share/livox_ros_driver2/config/mixed_HAP_MID360_config.json
[21.270s] -- Up-to-date: /home/xkai/agribot/agribot_ws/install/livox_ros_driver2/share/livox_ros_driver2/config/display_point_cloud_ROS1.rviz
[21.270s] -- Up-to-date: /home/xkai/agribot/agribot_ws/install/livox_ros_driver2/share/livox_ros_driver2/config/HAP_config.json
[21.270s] -- Up-to-date: /home/xkai/agribot/agribot_ws/install/livox_ros_driver2/share/livox_ros_driver2/config/display_point_cloud_ROS2.rviz
[21.271s] -- Up-to-date: /home/xkai/agribot/agribot_ws/install/livox_ros_driver2/share/livox_ros_driver2/launch_ROS2
[21.271s] -- Up-to-date: /home/xkai/agribot/agribot_ws/install/livox_ros_driver2/share/livox_ros_driver2/launch_ROS2/msg_HAP_launch.py
[21.271s] -- Up-to-date: /home/xkai/agribot/agribot_ws/install/livox_ros_driver2/share/livox_ros_driver2/launch_ROS2/msg_MID360_launch.py
[21.271s] -- Up-to-date: /home/xkai/agribot/agribot_ws/install/livox_ros_driver2/share/livox_ros_driver2/launch_ROS2/rviz_MID360_launch.py
[21.272s] -- Up-to-date: /home/xkai/agribot/agribot_ws/install/livox_ros_driver2/share/livox_ros_driver2/launch_ROS2/rviz_mixed.py
[21.272s] -- Up-to-date: /home/xkai/agribot/agribot_ws/install/livox_ros_driver2/share/livox_ros_driver2/launch_ROS2/rviz_HAP_launch.py
[21.272s] -- Up-to-date: /home/xkai/agribot/agribot_ws/install/livox_ros_driver2/share/ament_index/resource_index/package_run_dependencies/livox_ros_driver2
[21.272s] -- Up-to-date: /home/xkai/agribot/agribot_ws/install/livox_ros_driver2/share/ament_index/resource_index/parent_prefix_path/livox_ros_driver2
[21.272s] -- Up-to-date: /home/xkai/agribot/agribot_ws/install/livox_ros_driver2/share/livox_ros_driver2/environment/ament_prefix_path.sh
[21.272s] -- Installing: /home/xkai/agribot/agribot_ws/install/livox_ros_driver2/share/livox_ros_driver2/environment/ament_prefix_path.dsv
[21.273s] -- Up-to-date: /home/xkai/agribot/agribot_ws/install/livox_ros_driver2/share/livox_ros_driver2/environment/path.sh
[21.273s] -- Installing: /home/xkai/agribot/agribot_ws/install/livox_ros_driver2/share/livox_ros_driver2/environment/path.dsv
[21.275s] -- Up-to-date: /home/xkai/agribot/agribot_ws/install/livox_ros_driver2/share/livox_ros_driver2/local_setup.bash
[21.275s] -- Up-to-date: /home/xkai/agribot/agribot_ws/install/livox_ros_driver2/share/livox_ros_driver2/local_setup.sh
[21.275s] -- Up-to-date: /home/xkai/agribot/agribot_ws/install/livox_ros_driver2/share/livox_ros_driver2/local_setup.zsh
[21.275s] -- Installing: /home/xkai/agribot/agribot_ws/install/livox_ros_driver2/share/livox_ros_driver2/local_setup.dsv
[21.276s] -- Installing: /home/xkai/agribot/agribot_ws/install/livox_ros_driver2/share/livox_ros_driver2/package.dsv
[21.276s] -- Up-to-date: /home/xkai/agribot/agribot_ws/install/livox_ros_driver2/share/ament_index/resource_index/packages/livox_ros_driver2
[21.276s] -- Up-to-date: /home/xkai/agribot/agribot_ws/install/livox_ros_driver2/share/livox_ros_driver2/cmake/export_livox_interfaces2__rosidl_generator_cExport.cmake
[21.277s] -- Up-to-date: /home/xkai/agribot/agribot_ws/install/livox_ros_driver2/share/livox_ros_driver2/cmake/export_livox_interfaces2__rosidl_generator_cExport-noconfig.cmake
[21.277s] -- Up-to-date: /home/xkai/agribot/agribot_ws/install/livox_ros_driver2/share/livox_ros_driver2/cmake/export_livox_interfaces2__rosidl_typesupport_fastrtps_cExport.cmake
[21.277s] -- Up-to-date: /home/xkai/agribot/agribot_ws/install/livox_ros_driver2/share/livox_ros_driver2/cmake/export_livox_interfaces2__rosidl_typesupport_fastrtps_cExport-noconfig.cmake
[21.278s] -- Up-to-date: /home/xkai/agribot/agribot_ws/install/livox_ros_driver2/share/livox_ros_driver2/cmake/livox_interfaces2__rosidl_typesupport_introspection_cExport.cmake
[21.278s] -- Up-to-date: /home/xkai/agribot/agribot_ws/install/livox_ros_driver2/share/livox_ros_driver2/cmake/livox_interfaces2__rosidl_typesupport_introspection_cExport-noconfig.cmake
[21.278s] -- Up-to-date: /home/xkai/agribot/agribot_ws/install/livox_ros_driver2/share/livox_ros_driver2/cmake/livox_interfaces2__rosidl_typesupport_cExport.cmake
[21.279s] -- Up-to-date: /home/xkai/agribot/agribot_ws/install/livox_ros_driver2/share/livox_ros_driver2/cmake/livox_interfaces2__rosidl_typesupport_cExport-noconfig.cmake
[21.279s] -- Up-to-date: /home/xkai/agribot/agribot_ws/install/livox_ros_driver2/share/livox_ros_driver2/cmake/export_livox_interfaces2__rosidl_generator_cppExport.cmake
[21.280s] -- Up-to-date: /home/xkai/agribot/agribot_ws/install/livox_ros_driver2/share/livox_ros_driver2/cmake/export_livox_interfaces2__rosidl_typesupport_fastrtps_cppExport.cmake
[21.280s] -- Up-to-date: /home/xkai/agribot/agribot_ws/install/livox_ros_driver2/share/livox_ros_driver2/cmake/export_livox_interfaces2__rosidl_typesupport_fastrtps_cppExport-noconfig.cmake
[21.280s] -- Up-to-date: /home/xkai/agribot/agribot_ws/install/livox_ros_driver2/share/livox_ros_driver2/cmake/livox_interfaces2__rosidl_typesupport_introspection_cppExport.cmake
[21.281s] -- Up-to-date: /home/xkai/agribot/agribot_ws/install/livox_ros_driver2/share/livox_ros_driver2/cmake/livox_interfaces2__rosidl_typesupport_introspection_cppExport-noconfig.cmake
[21.281s] -- Up-to-date: /home/xkai/agribot/agribot_ws/install/livox_ros_driver2/share/livox_ros_driver2/cmake/livox_interfaces2__rosidl_typesupport_cppExport.cmake
[21.281s] -- Up-to-date: /home/xkai/agribot/agribot_ws/install/livox_ros_driver2/share/livox_ros_driver2/cmake/livox_interfaces2__rosidl_typesupport_cppExport-noconfig.cmake
[21.281s] -- Up-to-date: /home/xkai/agribot/agribot_ws/install/livox_ros_driver2/share/livox_ros_driver2/cmake/export_livox_interfaces2__rosidl_generator_pyExport.cmake
[21.282s] -- Up-to-date: /home/xkai/agribot/agribot_ws/install/livox_ros_driver2/share/livox_ros_driver2/cmake/export_livox_interfaces2__rosidl_generator_pyExport-noconfig.cmake
[21.282s] -- Up-to-date: /home/xkai/agribot/agribot_ws/install/livox_ros_driver2/share/ament_index/resource_index/rclcpp_components/livox_ros_driver2
[21.282s] -- Up-to-date: /home/xkai/agribot/agribot_ws/install/livox_ros_driver2/share/livox_ros_driver2/cmake/rosidl_cmake-extras.cmake
[21.282s] -- Up-to-date: /home/xkai/agribot/agribot_ws/install/livox_ros_driver2/share/livox_ros_driver2/cmake/ament_cmake_export_dependencies-extras.cmake
[21.283s] -- Up-to-date: /home/xkai/agribot/agribot_ws/install/livox_ros_driver2/share/livox_ros_driver2/cmake/ament_cmake_export_include_directories-extras.cmake
[21.283s] -- Up-to-date: /home/xkai/agribot/agribot_ws/install/livox_ros_driver2/share/livox_ros_driver2/cmake/ament_cmake_export_libraries-extras.cmake
[21.283s] -- Up-to-date: /home/xkai/agribot/agribot_ws/install/livox_ros_driver2/share/livox_ros_driver2/cmake/ament_cmake_export_targets-extras.cmake
[21.284s] -- Up-to-date: /home/xkai/agribot/agribot_ws/install/livox_ros_driver2/share/livox_ros_driver2/cmake/rosidl_cmake_export_typesupport_targets-extras.cmake
[21.284s] -- Up-to-date: /home/xkai/agribot/agribot_ws/install/livox_ros_driver2/share/livox_ros_driver2/cmake/rosidl_cmake_export_typesupport_libraries-extras.cmake
[21.286s] -- Up-to-date: /home/xkai/agribot/agribot_ws/install/livox_ros_driver2/share/livox_ros_driver2/cmake/livox_ros_driver2Config.cmake
[21.286s] -- Up-to-date: /home/xkai/agribot/agribot_ws/install/livox_ros_driver2/share/livox_ros_driver2/cmake/livox_ros_driver2Config-version.cmake
[21.286s] -- Up-to-date: /home/xkai/agribot/agribot_ws/install/livox_ros_driver2/share/livox_ros_driver2/package.xml
[21.289s] Invoked command in '/home/xkai/agribot/agribot_ws/build/livox_ros_driver2' returned '0': CMAKE_PREFIX_PATH=/opt/ros/humble /usr/bin/cmake --install /home/xkai/agribot/agribot_ws/build/livox_ros_driver2
