[0.022s] Invoking command in '/home/xkai/agribot/agribot_ws/build/centerline_extraction': CMAKE_PREFIX_PATH=/opt/ros/humble /usr/bin/cmake --build /home/xkai/agribot/agribot_ws/build/centerline_extraction -- -j8 -l8
[0.149s] [35m[1mConsolidate compiler generated dependencies of target cornfield_navigation_node[0m
[0.154s] [ 22%] Built target centerline_extract
[0.160s] [ 44%] Built target pcl_learning
[0.199s] [ 55%] [32mBuilding CXX object CMakeFiles/cornfield_navigation_node.dir/src/obstacle_detector.cpp.o[0m
[0.207s] [ 66%] [32mBuilding CXX object CMakeFiles/cornfield_navigation_node.dir/src/pure_pursuit_controller.cpp.o[0m
[3.799s] [01m[K/home/xkai/agribot/agribot_ws/src/centerline_extraction/src/pure_pursuit_controller.cpp:[m[K In member function ‘[01m[Kvoid PurePursuitController::getCurrentPose(nav_msgs::msg::Odometry_<std::allocator<void> >::SharedPtr, float&, float&, float&)[m[K’:
[3.799s] [01m[K/home/xkai/agribot/agribot_ws/src/centerline_extraction/src/pure_pursuit_controller.cpp:104:27:[m[K [01;31m[Kerror: [m[Kcannot bind non-const lvalue reference of type ‘[01m[Ktf2Scalar&[m[K’ {aka ‘[01m[Kdouble&[m[K’} to a value of type ‘[01m[Kfloat[m[K’
[3.799s]   104 |     m.getRPY(roll, pitch, [01;31m[Kyaw[m[K);
[3.799s]       |                           [01;31m[K^~~[m[K
[3.799s] In file included from [01m[K/opt/ros/humble/include/tf2/tf2/LinearMath/Matrix3x3.h:19[m[K,
[3.799s]                  from [01m[K/home/xkai/agribot/agribot_ws/src/centerline_extraction/include/centerline_extraction/pure_pursuit_controller.hpp:9[m[K,
[3.799s]                  from [01m[K/home/xkai/agribot/agribot_ws/src/centerline_extraction/src/pure_pursuit_controller.cpp:1[m[K:
[3.799s] [01m[K/opt/ros/humble/include/tf2/tf2/LinearMath/Matrix3x3.hpp:359:67:[m[K [01;36m[Knote: [m[K  initializing argument 3 of ‘[01m[Kvoid tf2::Matrix3x3::getRPY(tf2Scalar&, tf2Scalar&, tf2Scalar&, unsigned int) const[m[K’
[3.800s]   359 |         void getRPY(tf2Scalar& roll, tf2Scalar& pitch, [01;36m[Ktf2Scalar& yaw[m[K, unsigned int solution_number = 1) const
[3.800s]       |                                                        [01;36m[K~~~~~~~~~~~^~~[m[K
[5.974s] In file included from [01m[K/home/xkai/agribot/agribot_ws/src/centerline_extraction/src/obstacle_detector.cpp:1[m[K:
[5.974s] [01m[K/home/xkai/agribot/agribot_ws/src/centerline_extraction/include/centerline_extraction/obstacle_detector.hpp:17:37:[m[K [01;31m[Kerror: [m[K‘[01m[KPointCloud[m[K’ in namespace ‘[01m[Kpcl[m[K’ does not name a template type
[5.974s]    17 |     bool detectObstacles(const pcl::[01;31m[KPointCloud[m[K<pcl::PointXYZ>::Ptr cloud);
[5.975s]       |                                     [01;31m[K^~~~~~~~~~[m[K
[5.976s] [01m[K/home/xkai/agribot/agribot_ws/src/centerline_extraction/include/centerline_extraction/obstacle_detector.hpp:17:47:[m[K [01;31m[Kerror: [m[Kexpected ‘[01m[K,[m[K’ or ‘[01m[K...[m[K’ before ‘[01m[K<[m[K’ token
[5.976s]    17 |     bool detectObstacles(const pcl::PointCloud[01;31m[K<[m[Kpcl::PointXYZ>::Ptr cloud);
[5.976s]       |                                               [01;31m[K^[m[K
[6.707s] [01m[K/home/xkai/agribot/agribot_ws/src/centerline_extraction/src/obstacle_detector.cpp:[m[K In member function ‘[01m[Kvoid ObstacleDetector::pointCloudCallback(sensor_msgs::msg::PointCloud2_<std::allocator<void> >::SharedPtr)[m[K’:
[6.707s] [01m[K/home/xkai/agribot/agribot_ws/src/centerline_extraction/src/obstacle_detector.cpp:39:46:[m[K [01;31m[Kerror: [m[Kcannot convert ‘[01m[Kpcl::PointCloud<pcl::PointXYZ>::Ptr[m[K’ {aka ‘[01m[Kstd::shared_ptr<pcl::PointCloud<pcl::PointXYZ> >[m[K’} to ‘[01m[Kint[m[K’
[6.707s]    39 |     bool obstacle_detected = detectObstacles([01;31m[Kcloud[m[K);
[6.707s]       |                                              [01;31m[K^~~~~[m[K
[6.707s]       |                                              [01;31m[K|[m[K
[6.707s]       |                                              [01;31m[Kpcl::PointCloud<pcl::PointXYZ>::Ptr {aka std::shared_ptr<pcl::PointCloud<pcl::PointXYZ> >}[m[K
[6.710s] In file included from [01m[K/home/xkai/agribot/agribot_ws/src/centerline_extraction/src/obstacle_detector.cpp:1[m[K:
[6.711s] [01m[K/home/xkai/agribot/agribot_ws/src/centerline_extraction/include/centerline_extraction/obstacle_detector.hpp:17:26:[m[K [01;36m[Knote: [m[K  initializing argument 1 of ‘[01m[Kbool ObstacleDetector::detectObstacles(int)[m[K’
[6.711s]    17 |     bool detectObstacles([01;36m[Kconst pcl::PointCloud[m[K<pcl::PointXYZ>::Ptr cloud);
[6.711s]       |                          [01;36m[K^~~~~~~~~~~~~~~~~~~~~[m[K
[6.713s] [01m[K/home/xkai/agribot/agribot_ws/src/centerline_extraction/src/obstacle_detector.cpp:[m[K At global scope:
[6.713s] [01m[K/home/xkai/agribot/agribot_ws/src/centerline_extraction/src/obstacle_detector.cpp:47:6:[m[K [01;31m[Kerror: [m[Kno declaration matches ‘[01m[Kbool ObstacleDetector::detectObstacles(pcl::PointCloud<pcl::PointXYZ>::Ptr)[m[K’
[6.713s]    47 | bool [01;31m[KObstacleDetector[m[K::detectObstacles(const pcl::PointCloud<pcl::PointXYZ>::Ptr cloud)
[6.713s]       |      [01;31m[K^~~~~~~~~~~~~~~~[m[K
[6.713s] In file included from [01m[K/home/xkai/agribot/agribot_ws/src/centerline_extraction/src/obstacle_detector.cpp:1[m[K:
[6.713s] [01m[K/home/xkai/agribot/agribot_ws/src/centerline_extraction/include/centerline_extraction/obstacle_detector.hpp:17:10:[m[K [01;36m[Knote: [m[Kcandidate is: ‘[01m[Kbool ObstacleDetector::detectObstacles(int)[m[K’
[6.714s]    17 |     bool [01;36m[KdetectObstacles[m[K(const pcl::PointCloud<pcl::PointXYZ>::Ptr cloud);
[6.714s]       |          [01;36m[K^~~~~~~~~~~~~~~[m[K
[6.714s] [01m[K/home/xkai/agribot/agribot_ws/src/centerline_extraction/include/centerline_extraction/obstacle_detector.hpp:10:7:[m[K [01;36m[Knote: [m[K‘[01m[Kclass ObstacleDetector[m[K’ defined here
[6.714s]    10 | class [01;36m[KObstacleDetector[m[K : public rclcpp::Node
[6.714s]       |       [01;36m[K^~~~~~~~~~~~~~~~[m[K
[8.382s] gmake[2]: *** [CMakeFiles/cornfield_navigation_node.dir/build.make:90：CMakeFiles/cornfield_navigation_node.dir/src/pure_pursuit_controller.cpp.o] 错误 1
[8.383s] gmake[2]: *** 正在等待未完成的任务....
[10.286s] gmake[2]: *** [CMakeFiles/cornfield_navigation_node.dir/build.make:104：CMakeFiles/cornfield_navigation_node.dir/src/obstacle_detector.cpp.o] 错误 1
[10.287s] gmake[1]: *** [CMakeFiles/Makefile2:193：CMakeFiles/cornfield_navigation_node.dir/all] 错误 2
[10.287s] gmake: *** [Makefile:146：all] 错误 2
[10.289s] Invoked command in '/home/xkai/agribot/agribot_ws/build/centerline_extraction' returned '2': CMAKE_PREFIX_PATH=/opt/ros/humble /usr/bin/cmake --build /home/xkai/agribot/agribot_ws/build/centerline_extraction -- -j8 -l8
