[0.017s] Invoking command in '/home/xkai/agribot/agribot_ws/build/centerline_extraction': CMAKE_PREFIX_PATH=${CMAKE_PREFIX_PATH}:/opt/ros/humble /usr/bin/cmake --build /home/xkai/agribot/agribot_ws/build/centerline_extraction -- -j8 -l8
[0.103s] [35m[1mConsolidate compiler generated dependencies of target centerline_extract[0m
[0.172s] [ 25%] [32mBuilding CXX object CMakeFiles/centerline_extract.dir/src/centerline_extract.cpp.o[0m
[0.176s] [ 75%] Built target pcl_learning
[6.900s] In file included from [01m[K/opt/ros/humble/include/rclcpp/rclcpp/logging.hpp:24[m[K,
[6.900s]                  from [01m[K/opt/ros/humble/include/rclcpp/rclcpp/client.hpp:40[m[K,
[6.900s]                  from [01m[K/opt/ros/humble/include/rclcpp/rclcpp/callback_group.hpp:24[m[K,
[6.901s]                  from [01m[K/opt/ros/humble/include/rclcpp/rclcpp/any_executable.hpp:20[m[K,
[6.901s]                  from [01m[K/opt/ros/humble/include/rclcpp/rclcpp/memory_strategy.hpp:25[m[K,
[6.901s]                  from [01m[K/opt/ros/humble/include/rclcpp/rclcpp/memory_strategies.hpp:18[m[K,
[6.901s]                  from [01m[K/opt/ros/humble/include/rclcpp/rclcpp/executor_options.hpp:20[m[K,
[6.901s]                  from [01m[K/opt/ros/humble/include/rclcpp/rclcpp/executor.hpp:37[m[K,
[6.901s]                  from [01m[K/opt/ros/humble/include/rclcpp/rclcpp/executors/multi_threaded_executor.hpp:25[m[K,
[6.901s]                  from [01m[K/opt/ros/humble/include/rclcpp/rclcpp/executors.hpp:21[m[K,
[6.901s]                  from [01m[K/opt/ros/humble/include/rclcpp/rclcpp/rclcpp.hpp:155[m[K,
[6.901s]                  from [01m[K/home/xkai/agribot/agribot_ws/src/centerline_extraction/src/centerline_extract.cpp:1[m[K:
[6.901s] [01m[K/home/xkai/agribot/agribot_ws/src/centerline_extraction/src/centerline_extract.cpp:[m[K In member function ‘[01m[Kvoid CenterLineExtract::cloud_callback(sensor_msgs::msg::PointCloud2_<std::allocator<void> >::SharedPtr)[m[K’:
[6.901s] [01m[K/home/xkai/agribot/agribot_ws/src/centerline_extraction/src/centerline_extract.cpp:132:101:[m[K [01;31m[Kerror: [m[Kbase operand of ‘[01m[K->[m[K’ has non-pointer type ‘[01m[Ksensor_msgs::msg::PointCloud2[m[K’ {aka ‘[01m[Ksensor_msgs::msg::PointCloud2_<std::allocator<void> >[m[K’}
[6.901s]   132 |         RCLCPP_INFO(this->get_logger(), "Published filtered point cloud with %ld points", output_msg[01;31m[K->[m[Ksize());
[6.901s]       |                                                                                                     [01;31m[K^~[m[K
[9.781s] gmake[2]: *** [CMakeFiles/centerline_extract.dir/build.make:76：CMakeFiles/centerline_extract.dir/src/centerline_extract.cpp.o] 错误 1
[9.781s] gmake[1]: *** [CMakeFiles/Makefile2:165：CMakeFiles/centerline_extract.dir/all] 错误 2
[9.781s] gmake: *** [Makefile:146：all] 错误 2
[9.783s] Invoked command in '/home/xkai/agribot/agribot_ws/build/centerline_extraction' returned '2': CMAKE_PREFIX_PATH=${CMAKE_PREFIX_PATH}:/opt/ros/humble /usr/bin/cmake --build /home/xkai/agribot/agribot_ws/build/centerline_extraction -- -j8 -l8
