[0.030s] Invoking command in '/home/xkai/agribot/agribot_ws/build/fast_lio': CMAKE_PREFIX_PATH=/home/xkai/agribot/agribot_ws/install/livox_ros_driver2:/home/xkai/agribot/agribot_ws/install/ros2_livox_simulation:/home/xkai/agribot/agribot_ws/install/fast_lio:/home/xkai/agribot/agribot_ws/install/centerline_extraction:/home/xkai/agribot/agribot_ws/install/agribot_simulation:/opt/ros/humble LD_LIBRARY_PATH=/home/xkai/agribot/agribot_ws/install/livox_ros_driver2/lib:/home/xkai/agribot/agribot_ws/install/ros2_livox_simulation/lib:/home/xkai/agribot/agribot_ws/install/fast_lio/lib:/usr/lib/x86_64-linux-gnu/gazebo-11/plugins:/opt/ros/humble/opt/rviz_ogre_vendor/lib:/opt/ros/humble/lib/x86_64-linux-gnu:/opt/ros/humble/lib /usr/bin/cmake --build /home/xkai/agribot/agribot_ws/build/fast_lio -- -j8 -l8
[0.141s] [  2%] Built target fast_lio__cpp
[0.157s] [ 11%] Built target fast_lio__rosidl_generator_c
[0.235s] [ 11%] Built target ament_cmake_python_symlink_fast_lio
[0.246s] [ 22%] Built target fast_lio__rosidl_typesupport_cpp
[0.248s] [ 28%] Built target fast_lio__rosidl_typesupport_introspection_cpp
[0.269s] [ 37%] Built target fast_lio__rosidl_typesupport_introspection_c
[0.269s] [ 62%] Built target fast_lio__rosidl_typesupport_fastrtps_c
[0.282s] [ 45%] Built target fast_lio__rosidl_typesupport_c
[0.285s] [ 54%] Built target fast_lio__rosidl_typesupport_fastrtps_cpp
[0.331s] [ 62%] Built target fast_lio
[0.383s] [ 74%] Built target fastlio_mapping
[0.384s] [ 77%] Built target fast_lio__py
[0.430s] [ 82%] Built target fast_lio__rosidl_generator_py
[0.475s] [ 88%] Built target fast_lio__rosidl_typesupport_c__pyext
[0.482s] [ 94%] Built target fast_lio__rosidl_typesupport_fastrtps_c__pyext
[0.486s] [100%] Built target fast_lio__rosidl_typesupport_introspection_c__pyext
[0.765s] running egg_info
[0.767s] writing fast_lio.egg-info/PKG-INFO
[0.767s] writing dependency_links to fast_lio.egg-info/dependency_links.txt
[0.767s] writing top-level names to fast_lio.egg-info/top_level.txt
[0.771s] reading manifest file 'fast_lio.egg-info/SOURCES.txt'
[0.772s] writing manifest file 'fast_lio.egg-info/SOURCES.txt'
[0.823s] [100%] Built target ament_cmake_python_build_fast_lio_egg
[0.840s] Invoked command in '/home/xkai/agribot/agribot_ws/build/fast_lio' returned '0': CMAKE_PREFIX_PATH=/home/xkai/agribot/agribot_ws/install/livox_ros_driver2:/home/xkai/agribot/agribot_ws/install/ros2_livox_simulation:/home/xkai/agribot/agribot_ws/install/fast_lio:/home/xkai/agribot/agribot_ws/install/centerline_extraction:/home/xkai/agribot/agribot_ws/install/agribot_simulation:/opt/ros/humble LD_LIBRARY_PATH=/home/xkai/agribot/agribot_ws/install/livox_ros_driver2/lib:/home/xkai/agribot/agribot_ws/install/ros2_livox_simulation/lib:/home/xkai/agribot/agribot_ws/install/fast_lio/lib:/usr/lib/x86_64-linux-gnu/gazebo-11/plugins:/opt/ros/humble/opt/rviz_ogre_vendor/lib:/opt/ros/humble/lib/x86_64-linux-gnu:/opt/ros/humble/lib /usr/bin/cmake --build /home/xkai/agribot/agribot_ws/build/fast_lio -- -j8 -l8
[0.844s] Invoking command in '/home/xkai/agribot/agribot_ws/build/fast_lio': CMAKE_PREFIX_PATH=/home/xkai/agribot/agribot_ws/install/livox_ros_driver2:/home/xkai/agribot/agribot_ws/install/ros2_livox_simulation:/home/xkai/agribot/agribot_ws/install/fast_lio:/home/xkai/agribot/agribot_ws/install/centerline_extraction:/home/xkai/agribot/agribot_ws/install/agribot_simulation:/opt/ros/humble LD_LIBRARY_PATH=/home/xkai/agribot/agribot_ws/install/livox_ros_driver2/lib:/home/xkai/agribot/agribot_ws/install/ros2_livox_simulation/lib:/home/xkai/agribot/agribot_ws/install/fast_lio/lib:/usr/lib/x86_64-linux-gnu/gazebo-11/plugins:/opt/ros/humble/opt/rviz_ogre_vendor/lib:/opt/ros/humble/lib/x86_64-linux-gnu:/opt/ros/humble/lib /usr/bin/cmake --install /home/xkai/agribot/agribot_ws/build/fast_lio
[0.853s] -- Install configuration: "Release"
[0.855s] -- Execute custom install script
[0.856s] -- Up-to-date symlink: /home/xkai/agribot/agribot_ws/install/fast_lio/share/ament_index/resource_index/rosidl_interfaces/fast_lio
[0.858s] -- Up-to-date symlink: /home/xkai/agribot/agribot_ws/install/fast_lio/include/fast_lio/fast_lio/msg/detail/pose6_d__functions.h
[0.858s] -- Up-to-date symlink: /home/xkai/agribot/agribot_ws/install/fast_lio/include/fast_lio/fast_lio/msg/detail/pose6_d__struct.h
[0.858s] -- Up-to-date symlink: /home/xkai/agribot/agribot_ws/install/fast_lio/include/fast_lio/fast_lio/msg/detail/pose6_d__type_support.h
[0.858s] -- Up-to-date symlink: /home/xkai/agribot/agribot_ws/install/fast_lio/include/fast_lio/fast_lio/msg/pose6_d.h
[0.859s] -- Up-to-date symlink: /home/xkai/agribot/agribot_ws/install/fast_lio/include/fast_lio/fast_lio/msg/rosidl_generator_c__visibility_control.h
[0.859s] -- Up-to-date symlink: /home/xkai/agribot/agribot_ws/install/fast_lio/share/fast_lio/environment/library_path.sh
[0.859s] -- Up-to-date symlink: /home/xkai/agribot/agribot_ws/install/fast_lio/share/fast_lio/environment/library_path.dsv
[0.860s] -- Up-to-date symlink: /home/xkai/agribot/agribot_ws/install/fast_lio/include/fast_lio/fast_lio/msg/detail/pose6_d__rosidl_typesupport_fastrtps_c.h
[0.860s] -- Up-to-date symlink: /home/xkai/agribot/agribot_ws/install/fast_lio/include/fast_lio/fast_lio/msg/rosidl_typesupport_fastrtps_c__visibility_control.h
[0.862s] -- Up-to-date symlink: /home/xkai/agribot/agribot_ws/install/fast_lio/include/fast_lio/fast_lio/msg/detail/pose6_d__builder.hpp
[0.862s] -- Up-to-date symlink: /home/xkai/agribot/agribot_ws/install/fast_lio/include/fast_lio/fast_lio/msg/detail/pose6_d__struct.hpp
[0.863s] -- Up-to-date symlink: /home/xkai/agribot/agribot_ws/install/fast_lio/include/fast_lio/fast_lio/msg/detail/pose6_d__traits.hpp
[0.863s] -- Up-to-date symlink: /home/xkai/agribot/agribot_ws/install/fast_lio/include/fast_lio/fast_lio/msg/detail/pose6_d__type_support.hpp
[0.863s] -- Up-to-date symlink: /home/xkai/agribot/agribot_ws/install/fast_lio/include/fast_lio/fast_lio/msg/pose6_d.hpp
[0.863s] -- Up-to-date symlink: /home/xkai/agribot/agribot_ws/install/fast_lio/include/fast_lio/fast_lio/msg/rosidl_generator_cpp__visibility_control.hpp
[0.863s] -- Up-to-date symlink: /home/xkai/agribot/agribot_ws/install/fast_lio/include/fast_lio/fast_lio/msg/detail/pose6_d__rosidl_typesupport_fastrtps_cpp.hpp
[0.864s] -- Up-to-date symlink: /home/xkai/agribot/agribot_ws/install/fast_lio/include/fast_lio/fast_lio/msg/rosidl_typesupport_fastrtps_cpp__visibility_control.h
[0.864s] -- Up-to-date symlink: /home/xkai/agribot/agribot_ws/install/fast_lio/include/fast_lio/fast_lio/msg/detail/pose6_d__rosidl_typesupport_introspection_c.h
[0.864s] -- Up-to-date symlink: /home/xkai/agribot/agribot_ws/install/fast_lio/include/fast_lio/fast_lio/msg/rosidl_typesupport_introspection_c__visibility_control.h
[0.865s] -- Up-to-date symlink: /home/xkai/agribot/agribot_ws/install/fast_lio/include/fast_lio/fast_lio/msg/detail/pose6_d__rosidl_typesupport_introspection_cpp.hpp
[0.865s] -- Up-to-date symlink: /home/xkai/agribot/agribot_ws/install/fast_lio/share/fast_lio/environment/pythonpath.sh
[0.865s] -- Up-to-date symlink: /home/xkai/agribot/agribot_ws/install/fast_lio/share/fast_lio/environment/pythonpath.dsv
[0.866s] -- Up-to-date symlink: /home/xkai/agribot/agribot_ws/install/fast_lio/local/lib/python3.10/dist-packages/fast_lio-0.0.0-py3.10.egg-info/PKG-INFO
[0.866s] -- Up-to-date symlink: /home/xkai/agribot/agribot_ws/install/fast_lio/local/lib/python3.10/dist-packages/fast_lio-0.0.0-py3.10.egg-info/SOURCES.txt
[0.866s] -- Up-to-date symlink: /home/xkai/agribot/agribot_ws/install/fast_lio/local/lib/python3.10/dist-packages/fast_lio-0.0.0-py3.10.egg-info/dependency_links.txt
[0.866s] -- Up-to-date symlink: /home/xkai/agribot/agribot_ws/install/fast_lio/local/lib/python3.10/dist-packages/fast_lio-0.0.0-py3.10.egg-info/top_level.txt
[0.867s] -- Up-to-date symlink: /home/xkai/agribot/agribot_ws/install/fast_lio/local/lib/python3.10/dist-packages/fast_lio/__init__.py
[0.867s] -- Up-to-date symlink: /home/xkai/agribot/agribot_ws/install/fast_lio/local/lib/python3.10/dist-packages/fast_lio/_fast_lio_s.ep.rosidl_typesupport_c.c
[0.868s] -- Up-to-date symlink: /home/xkai/agribot/agribot_ws/install/fast_lio/local/lib/python3.10/dist-packages/fast_lio/_fast_lio_s.ep.rosidl_typesupport_fastrtps_c.c
[0.868s] -- Up-to-date symlink: /home/xkai/agribot/agribot_ws/install/fast_lio/local/lib/python3.10/dist-packages/fast_lio/_fast_lio_s.ep.rosidl_typesupport_introspection_c.c
[0.868s] -- Up-to-date symlink: /home/xkai/agribot/agribot_ws/install/fast_lio/local/lib/python3.10/dist-packages/fast_lio/fast_lio_s__rosidl_typesupport_c.cpython-310-x86_64-linux-gnu.so
[0.868s] -- Up-to-date symlink: /home/xkai/agribot/agribot_ws/install/fast_lio/local/lib/python3.10/dist-packages/fast_lio/fast_lio_s__rosidl_typesupport_fastrtps_c.cpython-310-x86_64-linux-gnu.so
[0.868s] -- Up-to-date symlink: /home/xkai/agribot/agribot_ws/install/fast_lio/local/lib/python3.10/dist-packages/fast_lio/fast_lio_s__rosidl_typesupport_introspection_c.cpython-310-x86_64-linux-gnu.so
[0.869s] -- Up-to-date symlink: /home/xkai/agribot/agribot_ws/install/fast_lio/local/lib/python3.10/dist-packages/fast_lio/libfast_lio__rosidl_generator_py.so
[0.869s] -- Up-to-date symlink: /home/xkai/agribot/agribot_ws/install/fast_lio/local/lib/python3.10/dist-packages/fast_lio/msg/__init__.py
[0.869s] -- Up-to-date symlink: /home/xkai/agribot/agribot_ws/install/fast_lio/local/lib/python3.10/dist-packages/fast_lio/msg/_pose6_d.py
[0.869s] -- Up-to-date symlink: /home/xkai/agribot/agribot_ws/install/fast_lio/local/lib/python3.10/dist-packages/fast_lio/msg/_pose6_d_s.c
[0.870s] -- Up-to-date symlink: /home/xkai/agribot/agribot_ws/install/fast_lio/local/lib/python3.10/dist-packages/fast_lio/fast_lio_s__rosidl_typesupport_fastrtps_c.cpython-310-x86_64-linux-gnu.so
[0.870s] -- Up-to-date symlink: /home/xkai/agribot/agribot_ws/install/fast_lio/local/lib/python3.10/dist-packages/fast_lio/fast_lio_s__rosidl_typesupport_introspection_c.cpython-310-x86_64-linux-gnu.so
[0.871s] -- Up-to-date symlink: /home/xkai/agribot/agribot_ws/install/fast_lio/local/lib/python3.10/dist-packages/fast_lio/fast_lio_s__rosidl_typesupport_c.cpython-310-x86_64-linux-gnu.so
[0.872s] -- Up-to-date symlink: /home/xkai/agribot/agribot_ws/install/fast_lio/share/fast_lio/msg/Pose6D.idl
[0.872s] -- Up-to-date symlink: /home/xkai/agribot/agribot_ws/install/fast_lio/share/fast_lio/msg/Pose6D.msg
[0.873s] -- Up-to-date symlink: /home/xkai/agribot/agribot_ws/install/fast_lio/lib/fast_lio/fastlio_mapping
[0.873s] -- Up-to-date symlink: /home/xkai/agribot/agribot_ws/install/fast_lio/share/fast_lio/config/avia.yaml
[0.873s] -- Up-to-date symlink: /home/xkai/agribot/agribot_ws/install/fast_lio/share/fast_lio/config/horizon.yaml
[0.874s] -- Up-to-date symlink: /home/xkai/agribot/agribot_ws/install/fast_lio/share/fast_lio/config/mid360.yaml
[0.874s] -- Up-to-date symlink: /home/xkai/agribot/agribot_ws/install/fast_lio/share/fast_lio/config/ouster64.yaml
[0.874s] -- Up-to-date symlink: /home/xkai/agribot/agribot_ws/install/fast_lio/share/fast_lio/config/velodyne.yaml
[0.874s] -- Up-to-date symlink: /home/xkai/agribot/agribot_ws/install/fast_lio/share/fast_lio/launch/gdb_debug_example.launch
[0.875s] -- Up-to-date symlink: /home/xkai/agribot/agribot_ws/install/fast_lio/share/fast_lio/launch/mapping.launch.py
[0.875s] -- Up-to-date symlink: /home/xkai/agribot/agribot_ws/install/fast_lio/share/fast_lio/rviz/fastlio.rviz
[0.876s] -- Up-to-date symlink: /home/xkai/agribot/agribot_ws/install/fast_lio/share/ament_index/resource_index/package_run_dependencies/fast_lio
[0.876s] -- Up-to-date symlink: /home/xkai/agribot/agribot_ws/install/fast_lio/share/ament_index/resource_index/parent_prefix_path/fast_lio
[0.876s] -- Up-to-date symlink: /home/xkai/agribot/agribot_ws/install/fast_lio/share/fast_lio/environment/ament_prefix_path.sh
[0.876s] -- Up-to-date symlink: /home/xkai/agribot/agribot_ws/install/fast_lio/share/fast_lio/environment/ament_prefix_path.dsv
[0.876s] -- Up-to-date symlink: /home/xkai/agribot/agribot_ws/install/fast_lio/share/fast_lio/environment/path.sh
[0.877s] -- Up-to-date symlink: /home/xkai/agribot/agribot_ws/install/fast_lio/share/fast_lio/environment/path.dsv
[0.877s] -- Up-to-date symlink: /home/xkai/agribot/agribot_ws/install/fast_lio/share/fast_lio/local_setup.bash
[0.877s] -- Up-to-date symlink: /home/xkai/agribot/agribot_ws/install/fast_lio/share/fast_lio/local_setup.sh
[0.877s] -- Up-to-date symlink: /home/xkai/agribot/agribot_ws/install/fast_lio/share/fast_lio/local_setup.zsh
[0.877s] -- Up-to-date symlink: /home/xkai/agribot/agribot_ws/install/fast_lio/share/fast_lio/local_setup.dsv
[0.877s] -- Symlinking: /home/xkai/agribot/agribot_ws/install/fast_lio/share/fast_lio/package.dsv
[0.891s] -- Up-to-date symlink: /home/xkai/agribot/agribot_ws/install/fast_lio/share/ament_index/resource_index/packages/fast_lio
[0.891s] -- Up-to-date symlink: /home/xkai/agribot/agribot_ws/install/fast_lio/share/fast_lio/cmake/rosidl_cmake-extras.cmake
[0.892s] -- Up-to-date symlink: /home/xkai/agribot/agribot_ws/install/fast_lio/share/fast_lio/cmake/ament_cmake_export_include_directories-extras.cmake
[0.892s] -- Up-to-date symlink: /home/xkai/agribot/agribot_ws/install/fast_lio/share/fast_lio/cmake/ament_cmake_export_libraries-extras.cmake
[0.893s] -- Up-to-date symlink: /home/xkai/agribot/agribot_ws/install/fast_lio/share/fast_lio/cmake/ament_cmake_export_targets-extras.cmake
[0.894s] -- Up-to-date symlink: /home/xkai/agribot/agribot_ws/install/fast_lio/share/fast_lio/cmake/rosidl_cmake_export_typesupport_targets-extras.cmake
[0.894s] -- Up-to-date symlink: /home/xkai/agribot/agribot_ws/install/fast_lio/share/fast_lio/cmake/ament_cmake_export_dependencies-extras.cmake
[0.894s] -- Up-to-date symlink: /home/xkai/agribot/agribot_ws/install/fast_lio/share/fast_lio/cmake/rosidl_cmake_export_typesupport_libraries-extras.cmake
[0.895s] -- Up-to-date symlink: /home/xkai/agribot/agribot_ws/install/fast_lio/share/fast_lio/cmake/fast_lioConfig.cmake
[0.895s] -- Up-to-date symlink: /home/xkai/agribot/agribot_ws/install/fast_lio/share/fast_lio/cmake/fast_lioConfig-version.cmake
[0.895s] -- Up-to-date symlink: /home/xkai/agribot/agribot_ws/install/fast_lio/share/fast_lio/package.xml
[0.895s] -- Up-to-date: /home/xkai/agribot/agribot_ws/install/fast_lio/lib/libfast_lio__rosidl_generator_c.so
[0.896s] -- Up-to-date: /home/xkai/agribot/agribot_ws/install/fast_lio/lib/libfast_lio__rosidl_typesupport_fastrtps_c.so
[0.896s] -- Up-to-date: /home/xkai/agribot/agribot_ws/install/fast_lio/lib/libfast_lio__rosidl_typesupport_fastrtps_cpp.so
[0.897s] -- Up-to-date: /home/xkai/agribot/agribot_ws/install/fast_lio/lib/libfast_lio__rosidl_typesupport_introspection_c.so
[0.897s] -- Up-to-date: /home/xkai/agribot/agribot_ws/install/fast_lio/lib/libfast_lio__rosidl_typesupport_c.so
[0.898s] -- Up-to-date: /home/xkai/agribot/agribot_ws/install/fast_lio/lib/libfast_lio__rosidl_typesupport_introspection_cpp.so
[0.898s] -- Up-to-date: /home/xkai/agribot/agribot_ws/install/fast_lio/lib/libfast_lio__rosidl_typesupport_cpp.so
[0.960s] Listing '/home/xkai/agribot/agribot_ws/install/fast_lio/local/lib/python3.10/dist-packages/fast_lio'...
[0.960s] Listing '/home/xkai/agribot/agribot_ws/install/fast_lio/local/lib/python3.10/dist-packages/fast_lio/msg'...
[0.967s] -- Up-to-date: /home/xkai/agribot/agribot_ws/install/fast_lio/lib/libfast_lio__rosidl_generator_py.so
[0.968s] -- Up-to-date: /home/xkai/agribot/agribot_ws/install/fast_lio/share/fast_lio/cmake/export_fast_lio__rosidl_generator_cExport.cmake
[0.969s] -- Up-to-date: /home/xkai/agribot/agribot_ws/install/fast_lio/share/fast_lio/cmake/export_fast_lio__rosidl_generator_cExport-release.cmake
[0.969s] -- Up-to-date: /home/xkai/agribot/agribot_ws/install/fast_lio/share/fast_lio/cmake/export_fast_lio__rosidl_typesupport_fastrtps_cExport.cmake
[0.969s] -- Up-to-date: /home/xkai/agribot/agribot_ws/install/fast_lio/share/fast_lio/cmake/export_fast_lio__rosidl_typesupport_fastrtps_cExport-release.cmake
[0.969s] -- Up-to-date: /home/xkai/agribot/agribot_ws/install/fast_lio/share/fast_lio/cmake/export_fast_lio__rosidl_generator_cppExport.cmake
[0.969s] -- Up-to-date: /home/xkai/agribot/agribot_ws/install/fast_lio/share/fast_lio/cmake/export_fast_lio__rosidl_typesupport_fastrtps_cppExport.cmake
[0.970s] -- Up-to-date: /home/xkai/agribot/agribot_ws/install/fast_lio/share/fast_lio/cmake/export_fast_lio__rosidl_typesupport_fastrtps_cppExport-release.cmake
[0.970s] -- Up-to-date: /home/xkai/agribot/agribot_ws/install/fast_lio/share/fast_lio/cmake/fast_lio__rosidl_typesupport_introspection_cExport.cmake
[0.970s] -- Up-to-date: /home/xkai/agribot/agribot_ws/install/fast_lio/share/fast_lio/cmake/fast_lio__rosidl_typesupport_introspection_cExport-release.cmake
[0.971s] -- Up-to-date: /home/xkai/agribot/agribot_ws/install/fast_lio/share/fast_lio/cmake/fast_lio__rosidl_typesupport_cExport.cmake
[0.971s] -- Up-to-date: /home/xkai/agribot/agribot_ws/install/fast_lio/share/fast_lio/cmake/fast_lio__rosidl_typesupport_cExport-release.cmake
[0.971s] -- Up-to-date: /home/xkai/agribot/agribot_ws/install/fast_lio/share/fast_lio/cmake/fast_lio__rosidl_typesupport_introspection_cppExport.cmake
[0.971s] -- Up-to-date: /home/xkai/agribot/agribot_ws/install/fast_lio/share/fast_lio/cmake/fast_lio__rosidl_typesupport_introspection_cppExport-release.cmake
[0.971s] -- Up-to-date: /home/xkai/agribot/agribot_ws/install/fast_lio/share/fast_lio/cmake/fast_lio__rosidl_typesupport_cppExport.cmake
[0.971s] -- Up-to-date: /home/xkai/agribot/agribot_ws/install/fast_lio/share/fast_lio/cmake/fast_lio__rosidl_typesupport_cppExport-release.cmake
[0.971s] -- Up-to-date: /home/xkai/agribot/agribot_ws/install/fast_lio/share/fast_lio/cmake/export_fast_lio__rosidl_generator_pyExport.cmake
[0.972s] -- Up-to-date: /home/xkai/agribot/agribot_ws/install/fast_lio/share/fast_lio/cmake/export_fast_lio__rosidl_generator_pyExport-release.cmake
[0.979s] Invoked command in '/home/xkai/agribot/agribot_ws/build/fast_lio' returned '0': CMAKE_PREFIX_PATH=/home/xkai/agribot/agribot_ws/install/livox_ros_driver2:/home/xkai/agribot/agribot_ws/install/ros2_livox_simulation:/home/xkai/agribot/agribot_ws/install/fast_lio:/home/xkai/agribot/agribot_ws/install/centerline_extraction:/home/xkai/agribot/agribot_ws/install/agribot_simulation:/opt/ros/humble LD_LIBRARY_PATH=/home/xkai/agribot/agribot_ws/install/livox_ros_driver2/lib:/home/xkai/agribot/agribot_ws/install/ros2_livox_simulation/lib:/home/xkai/agribot/agribot_ws/install/fast_lio/lib:/usr/lib/x86_64-linux-gnu/gazebo-11/plugins:/opt/ros/humble/opt/rviz_ogre_vendor/lib:/opt/ros/humble/lib/x86_64-linux-gnu:/opt/ros/humble/lib /usr/bin/cmake --install /home/xkai/agribot/agribot_ws/build/fast_lio
