-- Install configuration: ""
-- Up-to-date: /home/xkai/agribot/agribot_ws/install/agribot_simulation/share/agribot_simulation/launch
-- Up-to-date: /home/xkai/agribot/agribot_ws/install/agribot_simulation/share/agribot_simulation/launch/gazebo_sim.launch.py
-- Up-to-date: /home/xkai/agribot/agribot_ws/install/agribot_simulation/share/agribot_simulation/launch/display_robot.launch.py
-- Up-to-date: /home/xkai/agribot/agribot_ws/install/agribot_simulation/share/agribot_simulation/urdf
-- Up-to-date: /home/xkai/agribot/agribot_ws/install/agribot_simulation/share/agribot_simulation/urdf/urdf
-- Up-to-date: /home/xkai/agribot/agribot_ws/install/agribot_simulation/share/agribot_simulation/urdf/urdf/flagship_mec_dl_robot.urdf
-- Up-to-date: /home/xkai/agribot/agribot_ws/install/agribot_simulation/share/agribot_simulation/urdf/urdf/senior_4wd_dl_robot.urdf
-- Up-to-date: /home/xkai/agribot/agribot_ws/install/agribot_simulation/share/agribot_simulation/urdf/urdf/mini_tank_moveit.urdf
-- Up-to-date: /home/xkai/agribot/agribot_ws/install/agribot_simulation/share/agribot_simulation/urdf/urdf/flagship_mec_bs_robot.urdf
-- Up-to-date: /home/xkai/agribot/agribot_ws/install/agribot_simulation/share/agribot_simulation/urdf/urdf/top_mec_dl_robot.urdf
-- Up-to-date: /home/xkai/agribot/agribot_ws/install/agribot_simulation/share/agribot_simulation/urdf/urdf/four_wheel_diff_dl_robot.urdf
-- Up-to-date: /home/xkai/agribot/agribot_ws/install/agribot_simulation/share/agribot_simulation/urdf/urdf/mini_mec_robot.urdf
-- Up-to-date: /home/xkai/agribot/agribot_ws/install/agribot_simulation/share/agribot_simulation/urdf/urdf/flagship_4wd_dl_robot.urdf
-- Up-to-date: /home/xkai/agribot/agribot_ws/install/agribot_simulation/share/agribot_simulation/urdf/urdf/top_akm_bs_robot.urdf
-- Up-to-date: /home/xkai/agribot/agribot_ws/install/agribot_simulation/share/agribot_simulation/urdf/urdf/senior_mec_dl_robot.urdf
-- Up-to-date: /home/xkai/agribot/agribot_ws/install/agribot_simulation/share/agribot_simulation/urdf/urdf/mini_4wd_robot.urdf
-- Up-to-date: /home/xkai/agribot/agribot_ws/install/agribot_simulation/share/agribot_simulation/urdf/urdf/senior_diff_robot.urdf
-- Up-to-date: /home/xkai/agribot/agribot_ws/install/agribot_simulation/share/agribot_simulation/urdf/urdf/senior_akm_robot.urdf
-- Up-to-date: /home/xkai/agribot/agribot_ws/install/agribot_simulation/share/agribot_simulation/urdf/urdf/mini_akm_robot.urdf
-- Up-to-date: /home/xkai/agribot/agribot_ws/install/agribot_simulation/share/agribot_simulation/urdf/urdf/flagship_four_wheel_diff_dl_robot.urdf
-- Up-to-date: /home/xkai/agribot/agribot_ws/install/agribot_simulation/share/agribot_simulation/urdf/urdf/flagship_4wd_bs_robot.urdf
-- Up-to-date: /home/xkai/agribot/agribot_ws/install/agribot_simulation/share/agribot_simulation/urdf/urdf/senior_omni_robot.urdf
-- Up-to-date: /home/xkai/agribot/agribot_ws/install/agribot_simulation/share/agribot_simulation/urdf/urdf/four_wheel_diff_bs_robot.urdf
-- Up-to-date: /home/xkai/agribot/agribot_ws/install/agribot_simulation/share/agribot_simulation/urdf/urdf/brushless_senior_diff.urdf
-- Up-to-date: /home/xkai/agribot/agribot_ws/install/agribot_simulation/share/agribot_simulation/urdf/urdf/senior_mec_robot.urdf
-- Up-to-date: /home/xkai/agribot/agribot_ws/install/agribot_simulation/share/agribot_simulation/urdf/urdf/senior_4wd_bs_robot.urdf
-- Up-to-date: /home/xkai/agribot/agribot_ws/install/agribot_simulation/share/agribot_simulation/urdf/urdf/top_4wd_dl_robot.urdf
-- Up-to-date: /home/xkai/agribot/agribot_ws/install/agribot_simulation/share/agribot_simulation/urdf/urdf/mini_omni_robot.urdf
-- Up-to-date: /home/xkai/agribot/agribot_ws/install/agribot_simulation/share/agribot_simulation/urdf/urdf/top_omni_robot.urdf
-- Up-to-date: /home/xkai/agribot/agribot_ws/install/agribot_simulation/share/agribot_simulation/urdf/urdf/mini_diff_robot.urdf
-- Up-to-date: /home/xkai/agribot/agribot_ws/install/agribot_simulation/share/agribot_simulation/urdf/urdf/mini_mec_moveit.urdf
-- Up-to-date: /home/xkai/agribot/agribot_ws/install/agribot_simulation/share/agribot_simulation/urdf/urdf/top_4wd_bs_robot.urdf
-- Up-to-date: /home/xkai/agribot/agribot_ws/install/agribot_simulation/share/agribot_simulation/urdf/urdf/top_mec_bs_robot.urdf
-- Up-to-date: /home/xkai/agribot/agribot_ws/install/agribot_simulation/share/agribot_simulation/urdf/urdf/top_akm_dl_robot.urdf
-- Up-to-date: /home/xkai/agribot/agribot_ws/install/agribot_simulation/share/agribot_simulation/urdf/urdf/mec_EightDrive_robot.urdf
-- Up-to-date: /home/xkai/agribot/agribot_ws/install/agribot_simulation/share/agribot_simulation/urdf/urdf/flagship_four_wheel_diff_bs_robot.urdf
-- Up-to-date: /home/xkai/agribot/agribot_ws/install/agribot_simulation/share/agribot_simulation/urdf/meshes
-- Up-to-date: /home/xkai/agribot/agribot_ws/install/agribot_simulation/share/agribot_simulation/urdf/meshes/wheels
-- Up-to-date: /home/xkai/agribot/agribot_ws/install/agribot_simulation/share/agribot_simulation/urdf/meshes/wheels/right_tire.stl
-- Up-to-date: /home/xkai/agribot/agribot_ws/install/agribot_simulation/share/agribot_simulation/urdf/meshes/wheels/left_tire.stl
-- Up-to-date: /home/xkai/agribot/agribot_ws/install/agribot_simulation/share/agribot_simulation/urdf/meshes/mini_4wd_robot_meshes
-- Up-to-date: /home/xkai/agribot/agribot_ws/install/agribot_simulation/share/agribot_simulation/urdf/meshes/mini_4wd_robot_meshes/controller_link.STL
-- Up-to-date: /home/xkai/agribot/agribot_ws/install/agribot_simulation/share/agribot_simulation/urdf/meshes/mini_4wd_robot_meshes/rb_wheel_link.STL
-- Up-to-date: /home/xkai/agribot/agribot_ws/install/agribot_simulation/share/agribot_simulation/urdf/meshes/mini_4wd_robot_meshes/lb_wheel_link.STL
-- Up-to-date: /home/xkai/agribot/agribot_ws/install/agribot_simulation/share/agribot_simulation/urdf/meshes/mini_4wd_robot_meshes/camera_link.STL
-- Up-to-date: /home/xkai/agribot/agribot_ws/install/agribot_simulation/share/agribot_simulation/urdf/meshes/mini_4wd_robot_meshes/rf_wheel_link.STL
-- Up-to-date: /home/xkai/agribot/agribot_ws/install/agribot_simulation/share/agribot_simulation/urdf/meshes/mini_4wd_robot_meshes/lf_wheel_link.STL
-- Up-to-date: /home/xkai/agribot/agribot_ws/install/agribot_simulation/share/agribot_simulation/urdf/meshes/mini_4wd_robot_meshes/base_link.STL
-- Up-to-date: /home/xkai/agribot/agribot_ws/install/agribot_simulation/share/agribot_simulation/urdf/meshes/mini_4wd_robot_meshes/laser.STL
-- Up-to-date: /home/xkai/agribot/agribot_ws/install/agribot_simulation/share/agribot_simulation/urdf/meshes/bases
-- Up-to-date: /home/xkai/agribot/agribot_ws/install/agribot_simulation/share/agribot_simulation/urdf/meshes/bases/waffle_pi_base.stl
-- Up-to-date: /home/xkai/agribot/agribot_ws/install/agribot_simulation/share/agribot_simulation/urdf/meshes/bases/burger_base.stl
-- Up-to-date: /home/xkai/agribot/agribot_ws/install/agribot_simulation/share/agribot_simulation/urdf/meshes/bases/waffle_base.stl
-- Up-to-date: /home/xkai/agribot/agribot_ws/install/agribot_simulation/share/agribot_simulation/urdf/meshes/sensors
-- Up-to-date: /home/xkai/agribot/agribot_ws/install/agribot_simulation/share/agribot_simulation/urdf/meshes/sensors/lds.stl
-- Up-to-date: /home/xkai/agribot/agribot_ws/install/agribot_simulation/share/agribot_simulation/urdf/meshes/sensors/astra.dae
-- Up-to-date: /home/xkai/agribot/agribot_ws/install/agribot_simulation/share/agribot_simulation/urdf/meshes/sensors/r200.jpg
-- Up-to-date: /home/xkai/agribot/agribot_ws/install/agribot_simulation/share/agribot_simulation/urdf/meshes/sensors/r200.dae
-- Up-to-date: /home/xkai/agribot/agribot_ws/install/agribot_simulation/share/agribot_simulation/urdf/meshes/sensors/astra.jpg
-- Up-to-date: /home/xkai/agribot/agribot_ws/install/agribot_simulation/share/agribot_simulation/urdf/first_robot.urdf
-- Up-to-date: /home/xkai/agribot/agribot_ws/install/agribot_simulation/share/agribot_simulation/urdf/agribot
-- Up-to-date: /home/xkai/agribot/agribot_ws/install/agribot_simulation/share/agribot_simulation/urdf/agribot/mini_4wd_robot.urdf.xacro
-- Up-to-date: /home/xkai/agribot/agribot_ws/install/agribot_simulation/share/agribot_simulation/urdf/agribot/mini_4wd_robot.urdf
-- Up-to-date: /home/xkai/agribot/agribot_ws/install/agribot_simulation/share/agribot_simulation/urdf/agribot/plugins
-- Up-to-date: /home/xkai/agribot/agribot_ws/install/agribot_simulation/share/agribot_simulation/urdf/agribot/plugins/gazebo_sensor_plugin.xacro
-- Up-to-date: /home/xkai/agribot/agribot_ws/install/agribot_simulation/share/agribot_simulation/urdf/agribot/plugins/gazebo_control_plugin.xacro
-- Up-to-date: /home/xkai/agribot/agribot_ws/install/agribot_simulation/share/agribot_simulation/urdf/agribot/agribot.ros2_control.xacro
-- Up-to-date: /home/xkai/agribot/agribot_ws/install/agribot_simulation/share/agribot_simulation/urdf/agribot/sensors
-- Up-to-date: /home/xkai/agribot/agribot_ws/install/agribot_simulation/share/agribot_simulation/urdf/agribot/sensors/imu.urdf.xacro
-- Up-to-date: /home/xkai/agribot/agribot_ws/install/agribot_simulation/share/agribot_simulation/urdf/agribot/agribot.gazebo.xacro
-- Up-to-date: /home/xkai/agribot/agribot_ws/install/agribot_simulation/share/agribot_simulation/urdf/agribot/agribot.urdf.xacro
-- Up-to-date: /home/xkai/agribot/agribot_ws/install/agribot_simulation/share/agribot_simulation/config
-- Up-to-date: /home/xkai/agribot/agribot_ws/install/agribot_simulation/share/agribot_simulation/config/diaplay_robot_model.rviz
-- Up-to-date: /home/xkai/agribot/agribot_ws/install/agribot_simulation/share/agribot_simulation/config/agribot_ros2_controller.yaml
-- Up-to-date: /home/xkai/agribot/agribot_ws/install/agribot_simulation/share/agribot_simulation/world
-- Up-to-date: /home/xkai/agribot/agribot_ws/install/agribot_simulation/share/agribot_simulation/world/room
-- Up-to-date: /home/xkai/agribot/agribot_ws/install/agribot_simulation/share/agribot_simulation/world/room/model.config
-- Up-to-date: /home/xkai/agribot/agribot_ws/install/agribot_simulation/share/agribot_simulation/world/room/model.sdf
-- Up-to-date: /home/xkai/agribot/agribot_ws/install/agribot_simulation/share/agribot_simulation/world/cornlinens.world
-- Up-to-date: /home/xkai/agribot/agribot_ws/install/agribot_simulation/share/agribot_simulation/world/cornlinens_angular2.world
-- Up-to-date: /home/xkai/agribot/agribot_ws/install/agribot_simulation/share/agribot_simulation/world/agri_room.world
-- Up-to-date: /home/xkai/agribot/agribot_ws/install/agribot_simulation/share/agribot_simulation/world/cornlinens_angular.world
-- Up-to-date: /home/xkai/agribot/agribot_ws/install/agribot_simulation/share/agribot_simulation/world/new.world
-- Up-to-date: /home/xkai/agribot/agribot_ws/install/agribot_simulation/share/agribot_simulation/world/custom_room.world
-- Up-to-date: /home/xkai/agribot/agribot_ws/install/agribot_simulation/share/ament_index/resource_index/package_run_dependencies/agribot_simulation
-- Up-to-date: /home/xkai/agribot/agribot_ws/install/agribot_simulation/share/ament_index/resource_index/parent_prefix_path/agribot_simulation
-- Up-to-date: /home/xkai/agribot/agribot_ws/install/agribot_simulation/share/agribot_simulation/environment/ament_prefix_path.sh
-- Up-to-date: /home/xkai/agribot/agribot_ws/install/agribot_simulation/share/agribot_simulation/environment/ament_prefix_path.dsv
-- Up-to-date: /home/xkai/agribot/agribot_ws/install/agribot_simulation/share/agribot_simulation/environment/path.sh
-- Up-to-date: /home/xkai/agribot/agribot_ws/install/agribot_simulation/share/agribot_simulation/environment/path.dsv
-- Up-to-date: /home/xkai/agribot/agribot_ws/install/agribot_simulation/share/agribot_simulation/local_setup.bash
-- Up-to-date: /home/xkai/agribot/agribot_ws/install/agribot_simulation/share/agribot_simulation/local_setup.sh
-- Up-to-date: /home/xkai/agribot/agribot_ws/install/agribot_simulation/share/agribot_simulation/local_setup.zsh
-- Up-to-date: /home/xkai/agribot/agribot_ws/install/agribot_simulation/share/agribot_simulation/local_setup.dsv
-- Installing: /home/xkai/agribot/agribot_ws/install/agribot_simulation/share/agribot_simulation/package.dsv
-- Up-to-date: /home/xkai/agribot/agribot_ws/install/agribot_simulation/share/ament_index/resource_index/packages/agribot_simulation
-- Up-to-date: /home/xkai/agribot/agribot_ws/install/agribot_simulation/share/agribot_simulation/cmake/agribot_simulationConfig.cmake
-- Up-to-date: /home/xkai/agribot/agribot_ws/install/agribot_simulation/share/agribot_simulation/cmake/agribot_simulationConfig-version.cmake
-- Up-to-date: /home/xkai/agribot/agribot_ws/install/agribot_simulation/share/agribot_simulation/package.xml
