-- Found ament_cmake: 1.3.12 (/opt/ros/humble/share/ament_cmake/cmake)
-- Found rclcpp: 16.0.14 (/opt/ros/humble/share/rclcpp/cmake)
-- Found rosidl_generator_c: 3.1.7 (/opt/ros/humble/share/rosidl_generator_c/cmake)
-- Found rosidl_adapter: 3.1.7 (/opt/ros/humble/share/rosidl_adapter/cmake)
-- Found rosidl_generator_cpp: 3.1.7 (/opt/ros/humble/share/rosidl_generator_cpp/cmake)
-- Using all available rosidl_typesupport_c: rosidl_typesupport_fastrtps_c;rosidl_typesupport_introspection_c
-- Using all available rosidl_typesupport_cpp: rosidl_typesupport_fastrtps_cpp;rosidl_typesupport_introspection_cpp
-- Found rmw_implementation_cmake: 6.1.2 (/opt/ros/humble/share/rmw_implementation_cmake/cmake)
-- Found rmw_fastrtps_cpp: 6.2.8 (/opt/ros/humble/share/rmw_fastrtps_cpp/cmake)
-- Using RMW implementation 'rmw_fastrtps_cpp' as default
-- Found sensor_msgs: 4.9.0 (/opt/ros/humble/share/sensor_msgs/cmake)
-- Found nav_msgs: 4.9.0 (/opt/ros/humble/share/nav_msgs/cmake)
-- Found visualization_msgs: 4.9.0 (/opt/ros/humble/share/visualization_msgs/cmake)
-- Found pcl_conversions: 2.4.5 (/opt/ros/humble/share/pcl_conversions/cmake)
-- Eigen found (include: /usr/include/eigen3, version: 3.4.0)
-- FLANN found (include: /usr/include, lib: /usr/lib/x86_64-linux-gnu/libflann_cpp.so)
-- OpenNI found (version: 1.5.4.0, include: /usr/include/ni, lib: /usr/lib/libOpenNI.so;libusb::libusb)
-- OpenNI2 found (version: 2.2.0.33, include: /usr/include/openni2, lib: /usr/lib/x86_64-linux-gnu/libOpenNI2.so;libusb::libusb)
-- Eigen found (include: /usr/include/eigen3, version: 3.4.0)
-- OpenNI found (version: 1.5.4.0, include: /usr/include/ni, lib: /usr/lib/libOpenNI.so;libusb::libusb)
-- OpenNI2 found (version: 2.2.0.33, include: /usr/include/openni2, lib: /usr/lib/x86_64-linux-gnu/libOpenNI2.so;libusb::libusb)
-- Found Qhull version 8.0.2
-- OpenNI found (version: 1.5.4.0, include: /usr/include/ni, lib: /usr/lib/libOpenNI.so;libusb::libusb)
-- Found tf2: 0.25.16 (/opt/ros/humble/share/tf2/cmake)
-- Found tf2_geometry_msgs: 0.25.16 (/opt/ros/humble/share/tf2_geometry_msgs/cmake)
-- Found eigen3_cmake_module: 0.1.1 (/opt/ros/humble/share/eigen3_cmake_module/cmake)
-- Ensuring Eigen3 include directory is part of orocos-kdl CMake target
-- Found ament_lint_auto: 0.12.14 (/opt/ros/humble/share/ament_lint_auto/cmake)
-- Added test 'cppcheck' to perform static code analysis on C / C++ code
-- Configured cppcheck include dirs: /home/xkai/agribot/agribot_ws/src/centerline_extraction/include
-- Configured cppcheck exclude dirs and/or files: 
-- Added test 'lint_cmake' to check CMake code style
-- Added test 'uncrustify' to check C / C++ code style
-- Configured uncrustify additional arguments: 
-- Added test 'xmllint' to check XML markup files
-- Configuring done
-- Generating done
-- Build files have been written to: /home/xkai/agribot/agribot_ws/build/centerline_extraction
[35m[1mConsolidate compiler generated dependencies of target pcl_learning[0m
[35m[1mConsolidate compiler generated dependencies of target centerline_extract[0m
[35m[1mConsolidate compiler generated dependencies of target cornfield_navigation_node[0m
[ 22%] Built target pcl_learning
[ 44%] Built target centerline_extract
[ 55%] [32mBuilding CXX object CMakeFiles/cornfield_navigation_node.dir/src/corn_row_detector.cpp.o[0m
[01m[K/home/xkai/agribot/agribot_ws/src/centerline_extraction/src/corn_row_detector.cpp:[m[K In member function ‘[01m[Kvoid CornRowDetector::point_cloud_callback(sensor_msgs::msg::PointCloud2_<std::allocator<void> >::SharedPtr)[m[K’:
[01m[K/home/xkai/agribot/agribot_ws/src/centerline_extraction/src/corn_row_detector.cpp:45:27:[m[K [01;31m[Kerror: [m[Kno matching function for call to ‘[01m[KtoPCL(std::__shared_ptr_access<sensor_msgs::msg::PointCloud2_<std::allocator<void> >, __gnu_cxx::_S_atomic, false, false>::element_type&, std::__shared_ptr_access<pcl::PointCloud<pcl::PointXYZ>, __gnu_cxx::_S_atomic, false, false>::element_type&)[m[K’
   45 |     [01;31m[Kpcl_conversions::toPCL(*msg, *cloud)[m[K;  // 替换pcl::fromROSMsg
      |     [01;31m[K~~~~~~~~~~~~~~~~~~~~~~^~~~~~~~~~~~~~[m[K
In file included from [01m[K/home/xkai/agribot/agribot_ws/src/centerline_extraction/src/corn_row_detector.cpp:9[m[K:
[01m[K/opt/ros/humble/include/pcl_conversions/pcl_conversions/pcl_conversions.h:90:8:[m[K [01;36m[Knote: [m[Kcandidate: ‘[01m[Kvoid pcl_conversions::toPCL(const rclcpp::Time&, uint64_t&)[m[K’
   90 |   void [01;36m[KtoPCL[m[K(const rclcpp::Time &stamp, std::uint64_t &pcl_stamp)
      |        [01;36m[K^~~~~[m[K
[01m[K/opt/ros/humble/include/pcl_conversions/pcl_conversions/pcl_conversions.h:90:34:[m[K [01;36m[Knote: [m[K  no known conversion for argument 1 from ‘[01m[Kstd::__shared_ptr_access<sensor_msgs::msg::PointCloud2_<std::allocator<void> >, __gnu_cxx::_S_atomic, false, false>::element_type[m[K’ {aka ‘[01m[Ksensor_msgs::msg::PointCloud2_<std::allocator<void> >[m[K’} to ‘[01m[Kconst rclcpp::Time&[m[K’
   90 |   void toPCL([01;36m[Kconst rclcpp::Time &stamp[m[K, std::uint64_t &pcl_stamp)
      |              [01;36m[K~~~~~~~~~~~~~~~~~~~~^~~~~[m[K
[01m[K/opt/ros/humble/include/pcl_conversions/pcl_conversions/pcl_conversions.h:104:17:[m[K [01;36m[Knote: [m[Kcandidate: ‘[01m[Kuint64_t pcl_conversions::toPCL(const rclcpp::Time&)[m[K’
  104 |   std::uint64_t [01;36m[KtoPCL[m[K(const rclcpp::Time &stamp)
      |                 [01;36m[K^~~~~[m[K
[01m[K/opt/ros/humble/include/pcl_conversions/pcl_conversions/pcl_conversions.h:104:17:[m[K [01;36m[Knote: [m[K  candidate expects 1 argument, 2 provided
[01m[K/opt/ros/humble/include/pcl_conversions/pcl_conversions/pcl_conversions.h:121:8:[m[K [01;36m[Knote: [m[Kcandidate: ‘[01m[Kvoid pcl_conversions::toPCL(const Header&, pcl::PCLHeader&)[m[K’
  121 |   void [01;36m[KtoPCL[m[K(const std_msgs::msg::Header &header, pcl::PCLHeader &pcl_header)
      |        [01;36m[K^~~~~[m[K
[01m[K/opt/ros/humble/include/pcl_conversions/pcl_conversions/pcl_conversions.h:121:43:[m[K [01;36m[Knote: [m[K  no known conversion for argument 1 from ‘[01m[Kstd::__shared_ptr_access<sensor_msgs::msg::PointCloud2_<std::allocator<void> >, __gnu_cxx::_S_atomic, false, false>::element_type[m[K’ {aka ‘[01m[Ksensor_msgs::msg::PointCloud2_<std::allocator<void> >[m[K’} to ‘[01m[Kconst Header&[m[K’ {aka ‘[01m[Kconst std_msgs::msg::Header_<std::allocator<void> >&[m[K’}
  121 |   void toPCL([01;36m[Kconst std_msgs::msg::Header &header[m[K, pcl::PCLHeader &pcl_header)
      |              [01;36m[K~~~~~~~~~~~~~~~~~~~~~~~~~~~~~^~~~~~[m[K
[01m[K/opt/ros/humble/include/pcl_conversions/pcl_conversions/pcl_conversions.h:141:18:[m[K [01;36m[Knote: [m[Kcandidate: ‘[01m[Kpcl::PCLHeader pcl_conversions::toPCL(const Header&)[m[K’
  141 |   pcl::PCLHeader [01;36m[KtoPCL[m[K(const std_msgs::msg::Header &header)
      |                  [01;36m[K^~~~~[m[K
[01m[K/opt/ros/humble/include/pcl_conversions/pcl_conversions/pcl_conversions.h:141:18:[m[K [01;36m[Knote: [m[K  candidate expects 1 argument, 2 provided
[01m[K/opt/ros/humble/include/pcl_conversions/pcl_conversions/pcl_conversions.h:187:8:[m[K [01;36m[Knote: [m[Kcandidate: ‘[01m[Kvoid pcl_conversions::toPCL(const Image&, pcl::PCLImage&)[m[K’
  187 |   void [01;36m[KtoPCL[m[K(const sensor_msgs::msg::Image &image, pcl::PCLImage &pcl_image)
      |        [01;36m[K^~~~~[m[K
[01m[K/opt/ros/humble/include/pcl_conversions/pcl_conversions/pcl_conversions.h:187:45:[m[K [01;36m[Knote: [m[K  no known conversion for argument 1 from ‘[01m[Kstd::__shared_ptr_access<sensor_msgs::msg::PointCloud2_<std::allocator<void> >, __gnu_cxx::_S_atomic, false, false>::element_type[m[K’ {aka ‘[01m[Ksensor_msgs::msg::PointCloud2_<std::allocator<void> >[m[K’} to ‘[01m[Kconst Image&[m[K’ {aka ‘[01m[Kconst sensor_msgs::msg::Image_<std::allocator<void> >&[m[K’}
  187 |   void toPCL([01;36m[Kconst sensor_msgs::msg::Image &image[m[K, pcl::PCLImage &pcl_image)
      |              [01;36m[K~~~~~~~~~~~~~~~~~~~~~~~~~~~~~~~^~~~~[m[K
[01m[K/opt/ros/humble/include/pcl_conversions/pcl_conversions/pcl_conversions.h:223:8:[m[K [01;36m[Knote: [m[Kcandidate: ‘[01m[Kvoid pcl_conversions::toPCL(const PointField&, pcl::PCLPointField&)[m[K’
  223 |   void [01;36m[KtoPCL[m[K(const sensor_msgs::msg::PointField &pf, pcl::PCLPointField &pcl_pf)
      |        [01;36m[K^~~~~[m[K
[01m[K/opt/ros/humble/include/pcl_conversions/pcl_conversions/pcl_conversions.h:223:50:[m[K [01;36m[Knote: [m[K  no known conversion for argument 1 from ‘[01m[Kstd::__shared_ptr_access<sensor_msgs::msg::PointCloud2_<std::allocator<void> >, __gnu_cxx::_S_atomic, false, false>::element_type[m[K’ {aka ‘[01m[Ksensor_msgs::msg::PointCloud2_<std::allocator<void> >[m[K’} to ‘[01m[Kconst PointField&[m[K’ {aka ‘[01m[Kconst sensor_msgs::msg::PointField_<std::allocator<void> >&[m[K’}
  223 |   void toPCL([01;36m[Kconst sensor_msgs::msg::PointField &pf[m[K, pcl::PCLPointField &pcl_pf)
      |              [01;36m[K~~~~~~~~~~~~~~~~~~~~~~~~~~~~~~~~~~~~^~[m[K
[01m[K/opt/ros/humble/include/pcl_conversions/pcl_conversions/pcl_conversions.h:232:8:[m[K [01;36m[Knote: [m[Kcandidate: ‘[01m[Kvoid pcl_conversions::toPCL(const std::vector<sensor_msgs::msg::PointField_<std::allocator<void> >, std::allocator<sensor_msgs::msg::PointField_<std::allocator<void> > > >&, std::vector<pcl::PCLPointField>&)[m[K’
  232 |   void [01;36m[KtoPCL[m[K(const std::vector<sensor_msgs::msg::PointField> &pfs, std::vector<pcl::PCLPointField> &pcl_pfs)
      |        [01;36m[K^~~~~[m[K
[01m[K/opt/ros/humble/include/pcl_conversions/pcl_conversions/pcl_conversions.h:232:63:[m[K [01;36m[Knote: [m[K  no known conversion for argument 1 from ‘[01m[Kstd::__shared_ptr_access<sensor_msgs::msg::PointCloud2_<std::allocator<void> >, __gnu_cxx::_S_atomic, false, false>::element_type[m[K’ {aka ‘[01m[Ksensor_msgs::msg::PointCloud2_<std::allocator<void> >[m[K’} to ‘[01m[Kconst std::vector<sensor_msgs::msg::PointField_<std::allocator<void> >, std::allocator<sensor_msgs::msg::PointField_<std::allocator<void> > > >&[m[K’
  232 |   void toPCL([01;36m[Kconst std::vector<sensor_msgs::msg::PointField> &pfs[m[K, std::vector<pcl::PCLPointField> &pcl_pfs)
      |              [01;36m[K~~~~~~~~~~~~~~~~~~~~~~~~~~~~~~~~~~~~~~~~~~~~~~~~~^~~[m[K
[01m[K/opt/ros/humble/include/pcl_conversions/pcl_conversions/pcl_conversions.h:285:8:[m[K [01;36m[Knote: [m[Kcandidate: ‘[01m[Kvoid pcl_conversions::toPCL(const PointCloud2&, pcl::PCLPointCloud2&)[m[K’
  285 |   void [01;36m[KtoPCL[m[K(const sensor_msgs::msg::PointCloud2 &pc2, pcl::PCLPointCloud2 &pcl_pc2)
      |        [01;36m[K^~~~~[m[K
[01m[K/opt/ros/humble/include/pcl_conversions/pcl_conversions/pcl_conversions.h:285:77:[m[K [01;36m[Knote: [m[K  no known conversion for argument 2 from ‘[01m[Kstd::__shared_ptr_access<pcl::PointCloud<pcl::PointXYZ>, __gnu_cxx::_S_atomic, false, false>::element_type[m[K’ {aka ‘[01m[Kpcl::PointCloud<pcl::PointXYZ>[m[K’} to ‘[01m[Kpcl::PCLPointCloud2&[m[K’
  285 |   void toPCL(const sensor_msgs::msg::PointCloud2 &pc2, [01;36m[Kpcl::PCLPointCloud2 &pcl_pc2[m[K)
      |                                                        [01;36m[K~~~~~~~~~~~~~~~~~~~~~^~~~~~~[m[K
[01m[K/opt/ros/humble/include/pcl_conversions/pcl_conversions/pcl_conversions.h:315:8:[m[K [01;36m[Knote: [m[Kcandidate: ‘[01m[Kvoid pcl_conversions::toPCL(const PointIndices&, pcl::PointIndices&)[m[K’
  315 |   void [01;36m[KtoPCL[m[K(const pcl_msgs::msg::PointIndices &pi, pcl::PointIndices &pcl_pi)
      |        [01;36m[K^~~~~[m[K
[01m[K/opt/ros/humble/include/pcl_conversions/pcl_conversions/pcl_conversions.h:315:49:[m[K [01;36m[Knote: [m[K  no known conversion for argument 1 from ‘[01m[Kstd::__shared_ptr_access<sensor_msgs::msg::PointCloud2_<std::allocator<void> >, __gnu_cxx::_S_atomic, false, false>::element_type[m[K’ {aka ‘[01m[Ksensor_msgs::msg::PointCloud2_<std::allocator<void> >[m[K’} to ‘[01m[Kconst PointIndices&[m[K’ {aka ‘[01m[Kconst pcl_msgs::msg::PointIndices_<std::allocator<void> >&[m[K’}
  315 |   void toPCL([01;36m[Kconst pcl_msgs::msg::PointIndices &pi[m[K, pcl::PointIndices &pcl_pi)
      |              [01;36m[K~~~~~~~~~~~~~~~~~~~~~~~~~~~~~~~~~~~^~[m[K
[01m[K/opt/ros/humble/include/pcl_conversions/pcl_conversions/pcl_conversions.h:345:8:[m[K [01;36m[Knote: [m[Kcandidate: ‘[01m[Kvoid pcl_conversions::toPCL(const ModelCoefficients&, pcl::ModelCoefficients&)[m[K’
  345 |   void [01;36m[KtoPCL[m[K(const pcl_msgs::msg::ModelCoefficients &mc, pcl::ModelCoefficients &pcl_mc)
      |        [01;36m[K^~~~~[m[K
[01m[K/opt/ros/humble/include/pcl_conversions/pcl_conversions/pcl_conversions.h:345:54:[m[K [01;36m[Knote: [m[K  no known conversion for argument 1 from ‘[01m[Kstd::__shared_ptr_access<sensor_msgs::msg::PointCloud2_<std::allocator<void> >, __gnu_cxx::_S_atomic, false, false>::element_type[m[K’ {aka ‘[01m[Ksensor_msgs::msg::PointCloud2_<std::allocator<void> >[m[K’} to ‘[01m[Kconst ModelCoefficients&[m[K’ {aka ‘[01m[Kconst pcl_msgs::msg::ModelCoefficients_<std::allocator<void> >&[m[K’}
  345 |   void toPCL([01;36m[Kconst pcl_msgs::msg::ModelCoefficients &mc[m[K, pcl::ModelCoefficients &pcl_mc)
      |              [01;36m[K~~~~~~~~~~~~~~~~~~~~~~~~~~~~~~~~~~~~~~~~^~[m[K
[01m[K/opt/ros/humble/include/pcl_conversions/pcl_conversions/pcl_conversions.h:410:8:[m[K [01;36m[Knote: [m[Kcandidate: ‘[01m[Kvoid pcl_conversions::toPCL(const Vertices&, pcl::Vertices&)[m[K’
  410 |   void [01;36m[KtoPCL[m[K(const pcl_msgs::msg::Vertices &vert, pcl::Vertices &pcl_vert)
      |        [01;36m[K^~~~~[m[K
[01m[K/opt/ros/humble/include/pcl_conversions/pcl_conversions/pcl_conversions.h:410:45:[m[K [01;36m[Knote: [m[K  no known conversion for argument 1 from ‘[01m[Kstd::__shared_ptr_access<sensor_msgs::msg::PointCloud2_<std::allocator<void> >, __gnu_cxx::_S_atomic, false, false>::element_type[m[K’ {aka ‘[01m[Ksensor_msgs::msg::PointCloud2_<std::allocator<void> >[m[K’} to ‘[01m[Kconst Vertices&[m[K’ {aka ‘[01m[Kconst pcl_msgs::msg::Vertices_<std::allocator<void> >&[m[K’}
  410 |   void toPCL([01;36m[Kconst pcl_msgs::msg::Vertices &vert[m[K, pcl::Vertices &pcl_vert)
      |              [01;36m[K~~~~~~~~~~~~~~~~~~~~~~~~~~~~~~~^~~~[m[K
[01m[K/opt/ros/humble/include/pcl_conversions/pcl_conversions/pcl_conversions.h:416:8:[m[K [01;36m[Knote: [m[Kcandidate: ‘[01m[Kvoid pcl_conversions::toPCL(const std::vector<pcl_msgs::msg::Vertices_<std::allocator<void> >, std::allocator<pcl_msgs::msg::Vertices_<std::allocator<void> > > >&, std::vector<pcl::Vertices>&)[m[K’
  416 |   void [01;36m[KtoPCL[m[K(const std::vector<pcl_msgs::msg::Vertices> &verts, std::vector<pcl::Vertices> &pcl_verts)
      |        [01;36m[K^~~~~[m[K
[01m[K/opt/ros/humble/include/pcl_conversions/pcl_conversions/pcl_conversions.h:416:58:[m[K [01;36m[Knote: [m[K  no known conversion for argument 1 from ‘[01m[Kstd::__shared_ptr_access<sensor_msgs::msg::PointCloud2_<std::allocator<void> >, __gnu_cxx::_S_atomic, false, false>::element_type[m[K’ {aka ‘[01m[Ksensor_msgs::msg::PointCloud2_<std::allocator<void> >[m[K’} to ‘[01m[Kconst std::vector<pcl_msgs::msg::Vertices_<std::allocator<void> >, std::allocator<pcl_msgs::msg::Vertices_<std::allocator<void> > > >&[m[K’
  416 |   void toPCL([01;36m[Kconst std::vector<pcl_msgs::msg::Vertices> &verts[m[K, std::vector<pcl::Vertices> &pcl_verts)
      |              [01;36m[K~~~~~~~~~~~~~~~~~~~~~~~~~~~~~~~~~~~~~~~~~~~~^~~~~[m[K
[01m[K/opt/ros/humble/include/pcl_conversions/pcl_conversions/pcl_conversions.h:461:8:[m[K [01;36m[Knote: [m[Kcandidate: ‘[01m[Kvoid pcl_conversions::toPCL(const PolygonMesh&, pcl::PolygonMesh&)[m[K’
  461 |   void [01;36m[KtoPCL[m[K(const pcl_msgs::msg::PolygonMesh &mesh, pcl::PolygonMesh &pcl_mesh)
      |        [01;36m[K^~~~~[m[K
[01m[K/opt/ros/humble/include/pcl_conversions/pcl_conversions/pcl_conversions.h:461:48:[m[K [01;36m[Knote: [m[K  no known conversion for argument 1 from ‘[01m[Kstd::__shared_ptr_access<sensor_msgs::msg::PointCloud2_<std::allocator<void> >, __gnu_cxx::_S_atomic, false, false>::element_type[m[K’ {aka ‘[01m[Ksensor_msgs::msg::PointCloud2_<std::allocator<void> >[m[K’} to ‘[01m[Kconst PolygonMesh&[m[K’ {aka ‘[01m[Kconst pcl_msgs::msg::PolygonMesh_<std::allocator<void> >&[m[K’}
  461 |   void toPCL([01;36m[Kconst pcl_msgs::msg::PolygonMesh &mesh[m[K, pcl::PolygonMesh &pcl_mesh)
      |              [01;36m[K~~~~~~~~~~~~~~~~~~~~~~~~~~~~~~~~~~^~~~[m[K
gmake[2]: *** [CMakeFiles/cornfield_navigation_node.dir/build.make:76：CMakeFiles/cornfield_navigation_node.dir/src/corn_row_detector.cpp.o] 错误 1
gmake[1]: *** [CMakeFiles/Makefile2:193：CMakeFiles/cornfield_navigation_node.dir/all] 错误 2
gmake: *** [Makefile:146：all] 错误 2
