[0.010s] Invoking command in '/home/xkai/agribot/agribot_ws/build/centerline_extraction': CMAKE_PREFIX_PATH=${CMAKE_PREFIX_PATH}:/opt/ros/humble __trae_PS1=\n(TraeAI-7) \w [$?] $ /usr/bin/cmake --build /home/xkai/agribot/agribot_ws/build/centerline_extraction -- -j8 -l8
[0.032s] -- Found ament_cmake: 1.3.14 (/opt/ros/humble/share/ament_cmake/cmake)
[0.143s] -- Found rclcpp: 16.0.19 (/opt/ros/humble/share/rclcpp/cmake)
[0.170s] -- Found rosidl_generator_c: 3.1.8 (/opt/ros/humble/share/rosidl_generator_c/cmake)
[0.172s] -- Found rosidl_adapter: 3.1.8 (/opt/ros/humble/share/rosidl_adapter/cmake)
[0.178s] -- Found rosidl_generator_cpp: 3.1.8 (/opt/ros/humble/share/rosidl_generator_cpp/cmake)
[0.187s] -- Using all available rosidl_typesupport_c: rosidl_typesupport_fastrtps_c;rosidl_typesupport_introspection_c
[0.200s] -- Using all available rosidl_typesupport_cpp: rosidl_typesupport_fastrtps_cpp;rosidl_typesupport_introspection_cpp
[0.235s] -- Found rmw_implementation_cmake: 6.1.2 (/opt/ros/humble/share/rmw_implementation_cmake/cmake)
[0.237s] -- Found rmw_fastrtps_cpp: 6.2.10 (/opt/ros/humble/share/rmw_fastrtps_cpp/cmake)
[0.330s] -- Using RMW implementation 'rmw_fastrtps_cpp' as default
[0.377s] -- Found sensor_msgs: 4.9.1 (/opt/ros/humble/share/sensor_msgs/cmake)
[0.403s] -- Found nav_msgs: 4.9.1 (/opt/ros/humble/share/nav_msgs/cmake)
[0.423s] -- Found visualization_msgs: 4.9.1 (/opt/ros/humble/share/visualization_msgs/cmake)
[0.443s] -- Found pcl_conversions: 2.4.5 (/opt/ros/humble/share/pcl_conversions/cmake)
[0.475s] -- Eigen found (include: /usr/include/eigen3, version: 3.4.0)
[0.506s] -- FLANN found (include: /usr/include, lib: /usr/lib/x86_64-linux-gnu/libflann_cpp.so)
[0.760s] -- OpenNI found (version: 1.5.4.0, include: /usr/include/ni, lib: /usr/lib/libOpenNI.so;libusb::libusb)
[0.766s] -- OpenNI2 found (version: 2.2.0.33, include: /usr/include/openni2, lib: /usr/lib/x86_64-linux-gnu/libOpenNI2.so;libusb::libusb)
[0.905s] -- Eigen found (include: /usr/include/eigen3, version: 3.4.0)
[0.910s] -- OpenNI found (version: 1.5.4.0, include: /usr/include/ni, lib: /usr/lib/libOpenNI.so;libusb::libusb)
[0.916s] -- OpenNI2 found (version: 2.2.0.33, include: /usr/include/openni2, lib: /usr/lib/x86_64-linux-gnu/libOpenNI2.so;libusb::libusb)
[1.044s] -- Found Qhull version 8.0.2
[1.176s] -- OpenNI found (version: 1.5.4.0, include: /usr/include/ni, lib: /usr/lib/libOpenNI.so;libusb::libusb)
[1.322s] -- Found tf2: 0.25.20 (/opt/ros/humble/share/tf2/cmake)
[1.326s] -- Found tf2_geometry_msgs: 0.25.20 (/opt/ros/humble/share/tf2_geometry_msgs/cmake)
[1.329s] -- Found eigen3_cmake_module: 0.1.1 (/opt/ros/humble/share/eigen3_cmake_module/cmake)
[1.330s] -- Ensuring Eigen3 include directory is part of orocos-kdl CMake target
[1.452s] -- Found ament_lint_auto: 0.12.15 (/opt/ros/humble/share/ament_lint_auto/cmake)
[1.520s] -- Added test 'cppcheck' to perform static code analysis on C / C++ code
[1.520s] -- Configured cppcheck include dirs: /home/xkai/agribot/agribot_ws/src/centerline_extraction/include
[1.520s] -- Configured cppcheck exclude dirs and/or files: 
[1.521s] -- Added test 'flake8' to check Python code syntax and style conventions
[1.521s] -- Added test 'lint_cmake' to check CMake code style
[1.522s] -- Added test 'pep257' to check Python code against some of the docstring style conventions in PEP 257
[1.524s] -- Added test 'uncrustify' to check C / C++ code style
[1.524s] -- Configured uncrustify additional arguments: 
[1.524s] -- Added test 'xmllint' to check XML markup files
[1.525s] -- Configuring done
[1.617s] -- Generating done
[1.648s] -- Build files have been written to: /home/xkai/agribot/agribot_ws/build/centerline_extraction
[1.694s] Consolidate compiler generated dependencies of target pid_controller_test
[1.695s] Consolidate compiler generated dependencies of target centerline_extract
[1.696s] [  6%] Building CXX object CMakeFiles/simple_test.dir/src/simple_test.cpp.o
[1.696s] Consolidate compiler generated dependencies of target pcl_learning
[1.697s] Consolidate compiler generated dependencies of target corn_row_detector_projection
[1.709s] [ 18%] Built target pid_controller_test
[1.716s] Consolidate compiler generated dependencies of target cornfield_navigation_node
[1.719s] [ 31%] Built target centerline_extract
[1.719s] [ 43%] Built target pcl_learning
[1.721s] [ 56%] Built target corn_row_detector_projection
[1.744s] [ 93%] Built target cornfield_navigation_node
[5.864s] [100%] Linking CXX executable simple_test
[6.070s] [100%] Built target simple_test
[6.080s] Invoked command in '/home/xkai/agribot/agribot_ws/build/centerline_extraction' returned '0': CMAKE_PREFIX_PATH=${CMAKE_PREFIX_PATH}:/opt/ros/humble __trae_PS1=\n(TraeAI-7) \w [$?] $ /usr/bin/cmake --build /home/xkai/agribot/agribot_ws/build/centerline_extraction -- -j8 -l8
[6.088s] Invoking command in '/home/xkai/agribot/agribot_ws/build/centerline_extraction': CMAKE_PREFIX_PATH=${CMAKE_PREFIX_PATH}:/opt/ros/humble __trae_PS1=\n(TraeAI-7) \w [$?] $ /usr/bin/cmake --install /home/xkai/agribot/agribot_ws/build/centerline_extraction
[6.095s] -- Install configuration: ""
[6.095s] -- Up-to-date: /home/xkai/agribot/agribot_ws/install/centerline_extraction/lib/centerline_extraction/pcl_learning
[6.095s] -- Up-to-date: /home/xkai/agribot/agribot_ws/install/centerline_extraction/lib/centerline_extraction/centerline_extract
[6.095s] -- Up-to-date: /home/xkai/agribot/agribot_ws/install/centerline_extraction/lib/centerline_extraction/cornfield_navigation_node
[6.096s] -- Up-to-date: /home/xkai/agribot/agribot_ws/install/centerline_extraction/lib/centerline_extraction/corn_row_detector_projection
[6.096s] -- Up-to-date: /home/xkai/agribot/agribot_ws/install/centerline_extraction/lib/centerline_extraction/pid_controller_test
[6.096s] -- Installing: /home/xkai/agribot/agribot_ws/install/centerline_extraction/lib/centerline_extraction/simple_test
[6.097s] -- Set runtime path of "/home/xkai/agribot/agribot_ws/install/centerline_extraction/lib/centerline_extraction/simple_test" to ""
[6.098s] -- Up-to-date: /home/xkai/agribot/agribot_ws/install/centerline_extraction/include//include
[6.098s] -- Up-to-date: /home/xkai/agribot/agribot_ws/install/centerline_extraction/include//include/centerline_extraction
[6.098s] -- Up-to-date: /home/xkai/agribot/agribot_ws/install/centerline_extraction/include//include/centerline_extraction/obstacle_detector.hpp
[6.098s] -- Up-to-date: /home/xkai/agribot/agribot_ws/install/centerline_extraction/include//include/centerline_extraction/pure_pursuit_controller copy.hpp
[6.098s] -- Up-to-date: /home/xkai/agribot/agribot_ws/install/centerline_extraction/include//include/centerline_extraction/pure_pursuit_controller.hpp
[6.098s] -- Up-to-date: /home/xkai/agribot/agribot_ws/install/centerline_extraction/include//include/centerline_extraction/pure_pursuit_controller copy 2.hpp
[6.098s] -- Up-to-date: /home/xkai/agribot/agribot_ws/install/centerline_extraction/include//include/centerline_extraction/corn_row_detector_projection.hpp
[6.098s] -- Up-to-date: /home/xkai/agribot/agribot_ws/install/centerline_extraction/include//include/centerline_extraction/corn_row_detector.hpp
[6.098s] -- Up-to-date: /home/xkai/agribot/agribot_ws/install/centerline_extraction/include//include/centerline_extraction/corn_row_detector1.hpp
[6.098s] -- Up-to-date: /home/xkai/agribot/agribot_ws/install/centerline_extraction/include//include/centerline_extraction/corn_row_detector copy.hpp
[6.099s] -- Up-to-date: /home/xkai/agribot/agribot_ws/install/centerline_extraction/include//include/centerline_extraction/pid_controller.hpp
[6.099s] -- Up-to-date: /home/xkai/agribot/agribot_ws/install/centerline_extraction/share/centerline_extraction/launch
[6.099s] -- Up-to-date: /home/xkai/agribot/agribot_ws/install/centerline_extraction/share/centerline_extraction/launch/pid_test.launch.py
[6.099s] -- Up-to-date: /home/xkai/agribot/agribot_ws/install/centerline_extraction/share/centerline_extraction/config
[6.099s] -- Up-to-date: /home/xkai/agribot/agribot_ws/install/centerline_extraction/share/centerline_extraction/config/pid_test.rviz
[6.099s] -- Up-to-date: /home/xkai/agribot/agribot_ws/install/centerline_extraction/share/ament_index/resource_index/package_run_dependencies/centerline_extraction
[6.099s] -- Up-to-date: /home/xkai/agribot/agribot_ws/install/centerline_extraction/share/ament_index/resource_index/parent_prefix_path/centerline_extraction
[6.099s] -- Up-to-date: /home/xkai/agribot/agribot_ws/install/centerline_extraction/share/centerline_extraction/environment/ament_prefix_path.sh
[6.099s] -- Installing: /home/xkai/agribot/agribot_ws/install/centerline_extraction/share/centerline_extraction/environment/ament_prefix_path.dsv
[6.099s] -- Up-to-date: /home/xkai/agribot/agribot_ws/install/centerline_extraction/share/centerline_extraction/environment/path.sh
[6.100s] -- Installing: /home/xkai/agribot/agribot_ws/install/centerline_extraction/share/centerline_extraction/environment/path.dsv
[6.100s] -- Up-to-date: /home/xkai/agribot/agribot_ws/install/centerline_extraction/share/centerline_extraction/local_setup.bash
[6.100s] -- Up-to-date: /home/xkai/agribot/agribot_ws/install/centerline_extraction/share/centerline_extraction/local_setup.sh
[6.101s] -- Up-to-date: /home/xkai/agribot/agribot_ws/install/centerline_extraction/share/centerline_extraction/local_setup.zsh
[6.101s] -- Installing: /home/xkai/agribot/agribot_ws/install/centerline_extraction/share/centerline_extraction/local_setup.dsv
[6.101s] -- Installing: /home/xkai/agribot/agribot_ws/install/centerline_extraction/share/centerline_extraction/package.dsv
[6.101s] -- Up-to-date: /home/xkai/agribot/agribot_ws/install/centerline_extraction/share/ament_index/resource_index/packages/centerline_extraction
[6.101s] -- Up-to-date: /home/xkai/agribot/agribot_ws/install/centerline_extraction/share/centerline_extraction/cmake/centerline_extractionConfig.cmake
[6.101s] -- Up-to-date: /home/xkai/agribot/agribot_ws/install/centerline_extraction/share/centerline_extraction/cmake/centerline_extractionConfig-version.cmake
[6.102s] -- Up-to-date: /home/xkai/agribot/agribot_ws/install/centerline_extraction/share/centerline_extraction/package.xml
[6.102s] Invoked command in '/home/xkai/agribot/agribot_ws/build/centerline_extraction' returned '0': CMAKE_PREFIX_PATH=${CMAKE_PREFIX_PATH}:/opt/ros/humble __trae_PS1=\n(TraeAI-7) \w [$?] $ /usr/bin/cmake --install /home/xkai/agribot/agribot_ws/build/centerline_extraction
