[0.014s] Invoking command in '/home/xkai/agribot/agribot_ws/build/centerline_extraction': CMAKE_PREFIX_PATH=${CMAKE_PREFIX_PATH}:/opt/ros/humble /usr/bin/cmake --build /home/xkai/agribot/agribot_ws/build/centerline_extraction -- -j8 -l8
[0.087s] [35m[1mConsolidate compiler generated dependencies of target corn_row_detector_projection[0m
[0.124s] [ 33%] Built target pcl_learning
[0.127s] [ 33%] Built target centerline_extract
[0.144s] [ 83%] Built target cornfield_navigation_node
[0.146s] [ 91%] [32mBuilding CXX object CMakeFiles/corn_row_detector_projection.dir/src/corn_row_detector_projection.cpp.o[0m
[6.970s] [01m[K/home/xkai/agribot/agribot_ws/src/centerline_extraction/src/corn_row_detector_projection.cpp:[m[K In member function ‘[01m[Kvoid CornRowDetectorProjection::point_cloud_callback(sensor_msgs::msg::PointCloud2_<std::allocator<void> >::SharedPtr)[m[K’:
[6.971s] [01m[K/home/xkai/agribot/agribot_ws/src/centerline_extraction/src/corn_row_detector_projection.cpp:118:14:[m[K [01;35m[Kwarning: [m[Kvariable ‘[01m[Ktransformed[m[K’ set but not used [[01;35m[K]8;;https://gcc.gnu.org/onlinedocs/gcc/Warning-Options.html#index-Wunused-but-set-variable-Wunused-but-set-variable]8;;[m[K]
[6.971s]   118 |         bool [01;35m[Ktransformed[m[K = false;
[6.971s]       |              [01;35m[K^~~~~~~~~~~[m[K
[18.552s] [100%] [32m[1mLinking CXX executable corn_row_detector_projection[0m
[20.644s] [100%] Built target corn_row_detector_projection
[20.655s] Invoked command in '/home/xkai/agribot/agribot_ws/build/centerline_extraction' returned '0': CMAKE_PREFIX_PATH=${CMAKE_PREFIX_PATH}:/opt/ros/humble /usr/bin/cmake --build /home/xkai/agribot/agribot_ws/build/centerline_extraction -- -j8 -l8
[20.665s] Invoking command in '/home/xkai/agribot/agribot_ws/build/centerline_extraction': CMAKE_PREFIX_PATH=${CMAKE_PREFIX_PATH}:/opt/ros/humble /usr/bin/cmake --install /home/xkai/agribot/agribot_ws/build/centerline_extraction
[20.671s] -- Install configuration: ""
[20.672s] -- Installing: /home/xkai/agribot/agribot_ws/install/centerline_extraction/lib/centerline_extraction/corn_row_detector_projection
[20.679s] -- Set runtime path of "/home/xkai/agribot/agribot_ws/install/centerline_extraction/lib/centerline_extraction/corn_row_detector_projection" to ""
[20.679s] -- Up-to-date: /home/xkai/agribot/agribot_ws/install/centerline_extraction/include//include
[20.679s] -- Up-to-date: /home/xkai/agribot/agribot_ws/install/centerline_extraction/include//include/centerline_extraction
[20.679s] -- Installing: /home/xkai/agribot/agribot_ws/install/centerline_extraction/include//include/centerline_extraction/corn_row_detector_projection.hpp
[20.679s] -- Up-to-date: /home/xkai/agribot/agribot_ws/install/centerline_extraction/include//include/centerline_extraction/pid_controller.hpp
[20.679s] -- Installing: /home/xkai/agribot/agribot_ws/install/centerline_extraction/share/centerline_extraction/package.dsv
[20.682s] Invoked command in '/home/xkai/agribot/agribot_ws/build/centerline_extraction' returned '0': CMAKE_PREFIX_PATH=${CMAKE_PREFIX_PATH}:/opt/ros/humble /usr/bin/cmake --install /home/xkai/agribot/agribot_ws/build/centerline_extraction
