[0.109s] DEBUG:colcon:Command line arguments: ['/usr/bin/colcon', 'build']
[0.109s] DEBUG:colcon:Parsed command line arguments: Namespace(log_base=None, log_level=None, verb_name='build', build_base='build', install_base='install', merge_install=False, symlink_install=False, test_result_base=None, continue_on_error=False, executor='parallel', parallel_workers=8, event_handlers=None, ignore_user_meta=False, metas=['./colcon.meta'], base_paths=['.'], packages_ignore=None, packages_ignore_regex=None, paths=None, packages_up_to=None, packages_up_to_regex=None, packages_above=None, packages_above_and_dependencies=None, packages_above_depth=None, packages_select_by_dep=None, packages_skip_by_dep=None, packages_skip_up_to=None, packages_select_build_failed=False, packages_skip_build_finished=False, packages_select_test_failures=False, packages_skip_test_passed=False, packages_select=None, packages_skip=None, packages_select_regex=None, packages_skip_regex=None, packages_start=None, packages_end=None, allow_overriding=[], cmake_args=None, cmake_target=None, cmake_target_skip_unavailable=False, cmake_clean_cache=False, cmake_clean_first=False, cmake_force_configure=False, ament_cmake_args=None, catkin_cmake_args=None, catkin_skip_building_tests=False, verb_parser=<colcon_defaults.argument_parser.defaults.DefaultArgumentsDecorator object at 0x78fea9c07a60>, verb_extension=<colcon_core.verb.build.BuildVerb object at 0x78fea9c074f0>, main=<bound method BuildVerb.main of <colcon_core.verb.build.BuildVerb object at 0x78fea9c074f0>>)
[0.270s] Level 1:colcon.colcon_core.package_discovery:discover_packages(colcon_meta) check parameters
[0.270s] Level 1:colcon.colcon_core.package_discovery:discover_packages(recursive) check parameters
[0.270s] Level 1:colcon.colcon_core.package_discovery:discover_packages(ignore) check parameters
[0.270s] Level 1:colcon.colcon_core.package_discovery:discover_packages(path) check parameters
[0.270s] Level 1:colcon.colcon_core.package_discovery:discover_packages(colcon_meta) discover
[0.271s] Level 1:colcon.colcon_core.package_discovery:discover_packages(recursive) discover
[0.271s] INFO:colcon.colcon_core.package_discovery:Crawling recursively for packages in '/home/xkai/agribot/agribot_ws'
[0.271s] Level 1:colcon.colcon_core.package_identification:_identify(.) by extensions ['ignore', 'ignore_ament_install']
[0.271s] Level 1:colcon.colcon_core.package_identification:_identify(.) by extension 'ignore'
[0.271s] Level 1:colcon.colcon_core.package_identification:_identify(.) by extension 'ignore_ament_install'
[0.271s] Level 1:colcon.colcon_core.package_identification:_identify(.) by extensions ['colcon_pkg']
[0.271s] Level 1:colcon.colcon_core.package_identification:_identify(.) by extension 'colcon_pkg'
[0.271s] Level 1:colcon.colcon_core.package_identification:_identify(.) by extensions ['colcon_meta']
[0.271s] Level 1:colcon.colcon_core.package_identification:_identify(.) by extension 'colcon_meta'
[0.271s] Level 1:colcon.colcon_core.package_identification:_identify(.) by extensions ['ros']
[0.271s] Level 1:colcon.colcon_core.package_identification:_identify(.) by extension 'ros'
[0.281s] Level 1:colcon.colcon_core.package_identification:_identify(.) by extensions ['cmake', 'python']
[0.281s] Level 1:colcon.colcon_core.package_identification:_identify(.) by extension 'cmake'
[0.281s] Level 1:colcon.colcon_core.package_identification:_identify(.) by extension 'python'
[0.281s] Level 1:colcon.colcon_core.package_identification:_identify(.) by extensions ['python_setup_py']
[0.281s] Level 1:colcon.colcon_core.package_identification:_identify(.) by extension 'python_setup_py'
[0.281s] Level 1:colcon.colcon_core.package_identification:_identify(build) by extensions ['ignore', 'ignore_ament_install']
[0.281s] Level 1:colcon.colcon_core.package_identification:_identify(build) by extension 'ignore'
[0.281s] Level 1:colcon.colcon_core.package_identification:_identify(build) ignored
[0.282s] Level 1:colcon.colcon_core.package_identification:_identify(install) by extensions ['ignore', 'ignore_ament_install']
[0.282s] Level 1:colcon.colcon_core.package_identification:_identify(install) by extension 'ignore'
[0.282s] Level 1:colcon.colcon_core.package_identification:_identify(install) ignored
[0.282s] Level 1:colcon.colcon_core.package_identification:_identify(log) by extensions ['ignore', 'ignore_ament_install']
[0.282s] Level 1:colcon.colcon_core.package_identification:_identify(log) by extension 'ignore'
[0.282s] Level 1:colcon.colcon_core.package_identification:_identify(log) ignored
[0.282s] Level 1:colcon.colcon_core.package_identification:_identify(src) by extensions ['ignore', 'ignore_ament_install']
[0.282s] Level 1:colcon.colcon_core.package_identification:_identify(src) by extension 'ignore'
[0.282s] Level 1:colcon.colcon_core.package_identification:_identify(src) by extension 'ignore_ament_install'
[0.282s] Level 1:colcon.colcon_core.package_identification:_identify(src) by extensions ['colcon_pkg']
[0.282s] Level 1:colcon.colcon_core.package_identification:_identify(src) by extension 'colcon_pkg'
[0.282s] Level 1:colcon.colcon_core.package_identification:_identify(src) by extensions ['colcon_meta']
[0.282s] Level 1:colcon.colcon_core.package_identification:_identify(src) by extension 'colcon_meta'
[0.282s] Level 1:colcon.colcon_core.package_identification:_identify(src) by extensions ['ros']
[0.282s] Level 1:colcon.colcon_core.package_identification:_identify(src) by extension 'ros'
[0.283s] Level 1:colcon.colcon_core.package_identification:_identify(src) by extensions ['cmake', 'python']
[0.283s] Level 1:colcon.colcon_core.package_identification:_identify(src) by extension 'cmake'
[0.283s] Level 1:colcon.colcon_core.package_identification:_identify(src) by extension 'python'
[0.283s] Level 1:colcon.colcon_core.package_identification:_identify(src) by extensions ['python_setup_py']
[0.283s] Level 1:colcon.colcon_core.package_identification:_identify(src) by extension 'python_setup_py'
[0.283s] Level 1:colcon.colcon_core.package_identification:_identify(src/agribot_simulation) by extensions ['ignore', 'ignore_ament_install']
[0.283s] Level 1:colcon.colcon_core.package_identification:_identify(src/agribot_simulation) by extension 'ignore'
[0.283s] Level 1:colcon.colcon_core.package_identification:_identify(src/agribot_simulation) by extension 'ignore_ament_install'
[0.283s] Level 1:colcon.colcon_core.package_identification:_identify(src/agribot_simulation) by extensions ['colcon_pkg']
[0.283s] Level 1:colcon.colcon_core.package_identification:_identify(src/agribot_simulation) by extension 'colcon_pkg'
[0.283s] Level 1:colcon.colcon_core.package_identification:_identify(src/agribot_simulation) by extensions ['colcon_meta']
[0.283s] Level 1:colcon.colcon_core.package_identification:_identify(src/agribot_simulation) by extension 'colcon_meta'
[0.283s] Level 1:colcon.colcon_core.package_identification:_identify(src/agribot_simulation) by extensions ['ros']
[0.283s] Level 1:colcon.colcon_core.package_identification:_identify(src/agribot_simulation) by extension 'ros'
[0.285s] DEBUG:colcon.colcon_core.package_identification:Package 'src/agribot_simulation' with type 'ros.ament_cmake' and name 'agribot_simulation'
[0.285s] Level 1:colcon.colcon_core.package_identification:_identify(src/centerline_extraction) by extensions ['ignore', 'ignore_ament_install']
[0.285s] Level 1:colcon.colcon_core.package_identification:_identify(src/centerline_extraction) by extension 'ignore'
[0.285s] Level 1:colcon.colcon_core.package_identification:_identify(src/centerline_extraction) by extension 'ignore_ament_install'
[0.286s] Level 1:colcon.colcon_core.package_identification:_identify(src/centerline_extraction) by extensions ['colcon_pkg']
[0.286s] Level 1:colcon.colcon_core.package_identification:_identify(src/centerline_extraction) by extension 'colcon_pkg'
[0.286s] Level 1:colcon.colcon_core.package_identification:_identify(src/centerline_extraction) by extensions ['colcon_meta']
[0.286s] Level 1:colcon.colcon_core.package_identification:_identify(src/centerline_extraction) by extension 'colcon_meta'
[0.286s] Level 1:colcon.colcon_core.package_identification:_identify(src/centerline_extraction) by extensions ['ros']
[0.286s] Level 1:colcon.colcon_core.package_identification:_identify(src/centerline_extraction) by extension 'ros'
[0.287s] DEBUG:colcon.colcon_core.package_identification:Package 'src/centerline_extraction' with type 'ros.ament_cmake' and name 'centerline_extraction'
[0.287s] Level 1:colcon.colcon_core.package_identification:_identify(src/livox_laser_simulation_ros2) by extensions ['ignore', 'ignore_ament_install']
[0.287s] Level 1:colcon.colcon_core.package_identification:_identify(src/livox_laser_simulation_ros2) by extension 'ignore'
[0.287s] Level 1:colcon.colcon_core.package_identification:_identify(src/livox_laser_simulation_ros2) by extension 'ignore_ament_install'
[0.287s] Level 1:colcon.colcon_core.package_identification:_identify(src/livox_laser_simulation_ros2) by extensions ['colcon_pkg']
[0.287s] Level 1:colcon.colcon_core.package_identification:_identify(src/livox_laser_simulation_ros2) by extension 'colcon_pkg'
[0.287s] Level 1:colcon.colcon_core.package_identification:_identify(src/livox_laser_simulation_ros2) by extensions ['colcon_meta']
[0.287s] Level 1:colcon.colcon_core.package_identification:_identify(src/livox_laser_simulation_ros2) by extension 'colcon_meta'
[0.287s] Level 1:colcon.colcon_core.package_identification:_identify(src/livox_laser_simulation_ros2) by extensions ['ros']
[0.287s] Level 1:colcon.colcon_core.package_identification:_identify(src/livox_laser_simulation_ros2) by extension 'ros'
[0.288s] DEBUG:colcon.colcon_core.package_identification:Package 'src/livox_laser_simulation_ros2' with type 'ros.ament_cmake' and name 'ros2_livox_simulation'
[0.289s] Level 1:colcon.colcon_core.package_identification:_identify(src/livox_ros_driver2) by extensions ['ignore', 'ignore_ament_install']
[0.289s] Level 1:colcon.colcon_core.package_identification:_identify(src/livox_ros_driver2) by extension 'ignore'
[0.289s] Level 1:colcon.colcon_core.package_identification:_identify(src/livox_ros_driver2) by extension 'ignore_ament_install'
[0.289s] Level 1:colcon.colcon_core.package_identification:_identify(src/livox_ros_driver2) by extensions ['colcon_pkg']
[0.289s] Level 1:colcon.colcon_core.package_identification:_identify(src/livox_ros_driver2) by extension 'colcon_pkg'
[0.289s] Level 1:colcon.colcon_core.package_identification:_identify(src/livox_ros_driver2) by extensions ['colcon_meta']
[0.289s] Level 1:colcon.colcon_core.package_identification:_identify(src/livox_ros_driver2) by extension 'colcon_meta'
[0.289s] Level 1:colcon.colcon_core.package_identification:_identify(src/livox_ros_driver2) by extensions ['ros']
[0.289s] Level 1:colcon.colcon_core.package_identification:_identify(src/livox_ros_driver2) by extension 'ros'
[0.290s] DEBUG:colcon.colcon_core.package_identification:Package 'src/livox_ros_driver2' with type 'ros.ament_cmake' and name 'livox_ros_driver2'
[0.290s] Level 1:colcon.colcon_core.package_discovery:discover_packages(recursive) using defaults
[0.290s] Level 1:colcon.colcon_core.package_discovery:discover_packages(ignore) discover
[0.290s] Level 1:colcon.colcon_core.package_discovery:discover_packages(ignore) using defaults
[0.290s] Level 1:colcon.colcon_core.package_discovery:discover_packages(path) discover
[0.290s] Level 1:colcon.colcon_core.package_discovery:discover_packages(path) using defaults
[0.315s] Level 1:colcon.colcon_core.package_discovery:discover_packages(prefix_path) check parameters
[0.315s] Level 1:colcon.colcon_core.package_discovery:discover_packages(prefix_path) discover
[0.317s] DEBUG:colcon.colcon_installed_package_information.package_discovery:Found 4 installed packages in /home/xkai/agribot/agribot_ws/install
[0.319s] DEBUG:colcon.colcon_installed_package_information.package_discovery:Found 323 installed packages in /opt/ros/humble
[0.331s] Level 1:colcon.colcon_core.package_discovery:discover_packages(prefix_path) using defaults
[0.374s] Level 5:colcon.colcon_core.verb:set package 'agribot_simulation' build argument 'cmake_args' from command line to 'None'
[0.374s] Level 5:colcon.colcon_core.verb:set package 'agribot_simulation' build argument 'cmake_target' from command line to 'None'
[0.374s] Level 5:colcon.colcon_core.verb:set package 'agribot_simulation' build argument 'cmake_target_skip_unavailable' from command line to 'False'
[0.374s] Level 5:colcon.colcon_core.verb:set package 'agribot_simulation' build argument 'cmake_clean_cache' from command line to 'False'
[0.374s] Level 5:colcon.colcon_core.verb:set package 'agribot_simulation' build argument 'cmake_clean_first' from command line to 'False'
[0.374s] Level 5:colcon.colcon_core.verb:set package 'agribot_simulation' build argument 'cmake_force_configure' from command line to 'False'
[0.374s] Level 5:colcon.colcon_core.verb:set package 'agribot_simulation' build argument 'ament_cmake_args' from command line to 'None'
[0.374s] Level 5:colcon.colcon_core.verb:set package 'agribot_simulation' build argument 'catkin_cmake_args' from command line to 'None'
[0.374s] Level 5:colcon.colcon_core.verb:set package 'agribot_simulation' build argument 'catkin_skip_building_tests' from command line to 'False'
[0.374s] DEBUG:colcon.colcon_core.verb:Building package 'agribot_simulation' with the following arguments: {'ament_cmake_args': None, 'build_base': '/home/xkai/agribot/agribot_ws/build/agribot_simulation', 'catkin_cmake_args': None, 'catkin_skip_building_tests': False, 'cmake_args': None, 'cmake_clean_cache': False, 'cmake_clean_first': False, 'cmake_force_configure': False, 'cmake_target': None, 'cmake_target_skip_unavailable': False, 'install_base': '/home/xkai/agribot/agribot_ws/install/agribot_simulation', 'merge_install': False, 'path': '/home/xkai/agribot/agribot_ws/src/agribot_simulation', 'symlink_install': False, 'test_result_base': None}
[0.375s] Level 5:colcon.colcon_core.verb:set package 'centerline_extraction' build argument 'cmake_args' from command line to 'None'
[0.375s] Level 5:colcon.colcon_core.verb:set package 'centerline_extraction' build argument 'cmake_target' from command line to 'None'
[0.375s] Level 5:colcon.colcon_core.verb:set package 'centerline_extraction' build argument 'cmake_target_skip_unavailable' from command line to 'False'
[0.375s] Level 5:colcon.colcon_core.verb:set package 'centerline_extraction' build argument 'cmake_clean_cache' from command line to 'False'
[0.375s] Level 5:colcon.colcon_core.verb:set package 'centerline_extraction' build argument 'cmake_clean_first' from command line to 'False'
[0.375s] Level 5:colcon.colcon_core.verb:set package 'centerline_extraction' build argument 'cmake_force_configure' from command line to 'False'
[0.375s] Level 5:colcon.colcon_core.verb:set package 'centerline_extraction' build argument 'ament_cmake_args' from command line to 'None'
[0.375s] Level 5:colcon.colcon_core.verb:set package 'centerline_extraction' build argument 'catkin_cmake_args' from command line to 'None'
[0.375s] Level 5:colcon.colcon_core.verb:set package 'centerline_extraction' build argument 'catkin_skip_building_tests' from command line to 'False'
[0.375s] DEBUG:colcon.colcon_core.verb:Building package 'centerline_extraction' with the following arguments: {'ament_cmake_args': None, 'build_base': '/home/xkai/agribot/agribot_ws/build/centerline_extraction', 'catkin_cmake_args': None, 'catkin_skip_building_tests': False, 'cmake_args': None, 'cmake_clean_cache': False, 'cmake_clean_first': False, 'cmake_force_configure': False, 'cmake_target': None, 'cmake_target_skip_unavailable': False, 'install_base': '/home/xkai/agribot/agribot_ws/install/centerline_extraction', 'merge_install': False, 'path': '/home/xkai/agribot/agribot_ws/src/centerline_extraction', 'symlink_install': False, 'test_result_base': None}
[0.375s] Level 5:colcon.colcon_core.verb:set package 'livox_ros_driver2' build argument 'cmake_args' from command line to 'None'
[0.375s] Level 5:colcon.colcon_core.verb:set package 'livox_ros_driver2' build argument 'cmake_target' from command line to 'None'
[0.375s] Level 5:colcon.colcon_core.verb:set package 'livox_ros_driver2' build argument 'cmake_target_skip_unavailable' from command line to 'False'
[0.376s] Level 5:colcon.colcon_core.verb:set package 'livox_ros_driver2' build argument 'cmake_clean_cache' from command line to 'False'
[0.376s] Level 5:colcon.colcon_core.verb:set package 'livox_ros_driver2' build argument 'cmake_clean_first' from command line to 'False'
[0.376s] Level 5:colcon.colcon_core.verb:set package 'livox_ros_driver2' build argument 'cmake_force_configure' from command line to 'False'
[0.376s] Level 5:colcon.colcon_core.verb:set package 'livox_ros_driver2' build argument 'ament_cmake_args' from command line to 'None'
[0.376s] Level 5:colcon.colcon_core.verb:set package 'livox_ros_driver2' build argument 'catkin_cmake_args' from command line to 'None'
[0.376s] Level 5:colcon.colcon_core.verb:set package 'livox_ros_driver2' build argument 'catkin_skip_building_tests' from command line to 'False'
[0.376s] DEBUG:colcon.colcon_core.verb:Building package 'livox_ros_driver2' with the following arguments: {'ament_cmake_args': None, 'build_base': '/home/xkai/agribot/agribot_ws/build/livox_ros_driver2', 'catkin_cmake_args': None, 'catkin_skip_building_tests': False, 'cmake_args': None, 'cmake_clean_cache': False, 'cmake_clean_first': False, 'cmake_force_configure': False, 'cmake_target': None, 'cmake_target_skip_unavailable': False, 'install_base': '/home/xkai/agribot/agribot_ws/install/livox_ros_driver2', 'merge_install': False, 'path': '/home/xkai/agribot/agribot_ws/src/livox_ros_driver2', 'symlink_install': False, 'test_result_base': None}
[0.376s] Level 5:colcon.colcon_core.verb:set package 'ros2_livox_simulation' build argument 'cmake_args' from command line to 'None'
[0.376s] Level 5:colcon.colcon_core.verb:set package 'ros2_livox_simulation' build argument 'cmake_target' from command line to 'None'
[0.376s] Level 5:colcon.colcon_core.verb:set package 'ros2_livox_simulation' build argument 'cmake_target_skip_unavailable' from command line to 'False'
[0.376s] Level 5:colcon.colcon_core.verb:set package 'ros2_livox_simulation' build argument 'cmake_clean_cache' from command line to 'False'
[0.376s] Level 5:colcon.colcon_core.verb:set package 'ros2_livox_simulation' build argument 'cmake_clean_first' from command line to 'False'
[0.376s] Level 5:colcon.colcon_core.verb:set package 'ros2_livox_simulation' build argument 'cmake_force_configure' from command line to 'False'
[0.376s] Level 5:colcon.colcon_core.verb:set package 'ros2_livox_simulation' build argument 'ament_cmake_args' from command line to 'None'
[0.376s] Level 5:colcon.colcon_core.verb:set package 'ros2_livox_simulation' build argument 'catkin_cmake_args' from command line to 'None'
[0.376s] Level 5:colcon.colcon_core.verb:set package 'ros2_livox_simulation' build argument 'catkin_skip_building_tests' from command line to 'False'
[0.376s] DEBUG:colcon.colcon_core.verb:Building package 'ros2_livox_simulation' with the following arguments: {'ament_cmake_args': None, 'build_base': '/home/xkai/agribot/agribot_ws/build/ros2_livox_simulation', 'catkin_cmake_args': None, 'catkin_skip_building_tests': False, 'cmake_args': None, 'cmake_clean_cache': False, 'cmake_clean_first': False, 'cmake_force_configure': False, 'cmake_target': None, 'cmake_target_skip_unavailable': False, 'install_base': '/home/xkai/agribot/agribot_ws/install/ros2_livox_simulation', 'merge_install': False, 'path': '/home/xkai/agribot/agribot_ws/src/livox_laser_simulation_ros2', 'symlink_install': False, 'test_result_base': None}
[0.377s] INFO:colcon.colcon_core.executor:Executing jobs using 'parallel' executor
[0.378s] DEBUG:colcon.colcon_parallel_executor.executor.parallel:run_until_complete
[0.378s] INFO:colcon.colcon_ros.task.ament_cmake.build:Building ROS package in '/home/xkai/agribot/agribot_ws/src/livox_ros_driver2' with build type 'ament_cmake'
[0.378s] INFO:colcon.colcon_cmake.task.cmake.build:Building CMake package in '/home/xkai/agribot/agribot_ws/src/livox_ros_driver2'
[0.380s] INFO:colcon.colcon_core.plugin_system:Skipping extension 'colcon_core.shell.bat': Not used on non-Windows systems
[0.380s] INFO:colcon.colcon_core.shell:Skip shell extension 'powershell' for command environment: Not usable outside of PowerShell
[0.380s] DEBUG:colcon.colcon_core.shell:Skip shell extension 'dsv' for command environment
[0.384s] INFO:colcon.colcon_ros.task.ament_cmake.build:Building ROS package in '/home/xkai/agribot/agribot_ws/src/agribot_simulation' with build type 'ament_cmake'
[0.384s] INFO:colcon.colcon_cmake.task.cmake.build:Building CMake package in '/home/xkai/agribot/agribot_ws/src/agribot_simulation'
[0.384s] INFO:colcon.colcon_core.shell:Skip shell extension 'powershell' for command environment: Not usable outside of PowerShell
[0.384s] DEBUG:colcon.colcon_core.shell:Skip shell extension 'dsv' for command environment
[0.388s] INFO:colcon.colcon_ros.task.ament_cmake.build:Building ROS package in '/home/xkai/agribot/agribot_ws/src/centerline_extraction' with build type 'ament_cmake'
[0.388s] INFO:colcon.colcon_cmake.task.cmake.build:Building CMake package in '/home/xkai/agribot/agribot_ws/src/centerline_extraction'
[0.389s] INFO:colcon.colcon_core.shell:Skip shell extension 'powershell' for command environment: Not usable outside of PowerShell
[0.389s] DEBUG:colcon.colcon_core.shell:Skip shell extension 'dsv' for command environment
[0.399s] DEBUG:colcon.colcon_core.event_handler.log_command:Invoking command in '/home/xkai/agribot/agribot_ws/build/livox_ros_driver2': CMAKE_PREFIX_PATH=${CMAKE_PREFIX_PATH}:/opt/ros/humble /usr/bin/cmake --build /home/xkai/agribot/agribot_ws/build/livox_ros_driver2 -- -j8 -l8
[0.405s] DEBUG:colcon.colcon_core.event_handler.log_command:Invoking command in '/home/xkai/agribot/agribot_ws/build/agribot_simulation': CMAKE_PREFIX_PATH=${CMAKE_PREFIX_PATH}:/opt/ros/humble /usr/bin/cmake --build /home/xkai/agribot/agribot_ws/build/agribot_simulation -- -j8 -l8
[0.411s] DEBUG:colcon.colcon_core.event_handler.log_command:Invoking command in '/home/xkai/agribot/agribot_ws/build/centerline_extraction': CMAKE_PREFIX_PATH=${CMAKE_PREFIX_PATH}:/opt/ros/humble /usr/bin/cmake --build /home/xkai/agribot/agribot_ws/build/centerline_extraction -- -j8 -l8
[0.458s] DEBUG:colcon.colcon_core.event_handler.log_command:Invoked command in '/home/xkai/agribot/agribot_ws/build/agribot_simulation' returned '0': CMAKE_PREFIX_PATH=${CMAKE_PREFIX_PATH}:/opt/ros/humble /usr/bin/cmake --build /home/xkai/agribot/agribot_ws/build/agribot_simulation -- -j8 -l8
[0.480s] DEBUG:colcon.colcon_core.event_handler.log_command:Invoking command in '/home/xkai/agribot/agribot_ws/build/agribot_simulation': CMAKE_PREFIX_PATH=${CMAKE_PREFIX_PATH}:/opt/ros/humble /usr/bin/cmake --install /home/xkai/agribot/agribot_ws/build/agribot_simulation
[0.509s] Level 1:colcon.colcon_core.environment:create_environment_scripts_only(agribot_simulation)
[0.515s] Level 1:colcon.colcon_core.environment:checking '/home/xkai/agribot/agribot_ws/install/agribot_simulation' for CMake module files
[0.517s] Level 1:colcon.colcon_core.environment:checking '/home/xkai/agribot/agribot_ws/install/agribot_simulation' for CMake config files
[0.518s] Level 1:colcon.colcon_core.shell:create_environment_hook('agribot_simulation', 'cmake_prefix_path')
[0.522s] INFO:colcon.colcon_core.shell:Creating environment hook '/home/xkai/agribot/agribot_ws/install/agribot_simulation/share/agribot_simulation/hook/cmake_prefix_path.ps1'
[0.524s] INFO:colcon.colcon_core.shell:Creating environment descriptor '/home/xkai/agribot/agribot_ws/install/agribot_simulation/share/agribot_simulation/hook/cmake_prefix_path.dsv'
[0.525s] DEBUG:colcon.colcon_core.event_handler.log_command:Invoked command in '/home/xkai/agribot/agribot_ws/build/agribot_simulation' returned '0': CMAKE_PREFIX_PATH=${CMAKE_PREFIX_PATH}:/opt/ros/humble /usr/bin/cmake --install /home/xkai/agribot/agribot_ws/build/agribot_simulation
[0.527s] INFO:colcon.colcon_core.shell:Creating environment hook '/home/xkai/agribot/agribot_ws/install/agribot_simulation/share/agribot_simulation/hook/cmake_prefix_path.sh'
[0.532s] Level 1:colcon.colcon_core.environment:checking '/home/xkai/agribot/agribot_ws/install/agribot_simulation/bin'
[0.532s] Level 1:colcon.colcon_core.environment:checking '/home/xkai/agribot/agribot_ws/install/agribot_simulation/lib/pkgconfig/agribot_simulation.pc'
[0.533s] Level 1:colcon.colcon_core.environment:checking '/home/xkai/agribot/agribot_ws/install/agribot_simulation/lib/python3.10/site-packages'
[0.534s] Level 1:colcon.colcon_core.environment:checking '/home/xkai/agribot/agribot_ws/install/agribot_simulation/bin'
[0.534s] INFO:colcon.colcon_core.shell:Creating package script '/home/xkai/agribot/agribot_ws/install/agribot_simulation/share/agribot_simulation/package.ps1'
[0.538s] INFO:colcon.colcon_core.shell:Creating package descriptor '/home/xkai/agribot/agribot_ws/install/agribot_simulation/share/agribot_simulation/package.dsv'
[0.540s] INFO:colcon.colcon_core.shell:Creating package script '/home/xkai/agribot/agribot_ws/install/agribot_simulation/share/agribot_simulation/package.sh'
[0.543s] INFO:colcon.colcon_core.shell:Creating package script '/home/xkai/agribot/agribot_ws/install/agribot_simulation/share/agribot_simulation/package.bash'
[0.547s] INFO:colcon.colcon_core.shell:Creating package script '/home/xkai/agribot/agribot_ws/install/agribot_simulation/share/agribot_simulation/package.zsh'
[0.551s] Level 1:colcon.colcon_core.environment:create_file_with_runtime_dependencies(/home/xkai/agribot/agribot_ws/install/agribot_simulation/share/colcon-core/packages/agribot_simulation)
[0.552s] Level 1:colcon.colcon_core.environment:create_environment_scripts_only(agribot_simulation)
[0.552s] Level 1:colcon.colcon_core.environment:checking '/home/xkai/agribot/agribot_ws/install/agribot_simulation' for CMake module files
[0.553s] Level 1:colcon.colcon_core.environment:checking '/home/xkai/agribot/agribot_ws/install/agribot_simulation' for CMake config files
[0.553s] Level 1:colcon.colcon_core.shell:create_environment_hook('agribot_simulation', 'cmake_prefix_path')
[0.554s] INFO:colcon.colcon_core.shell:Creating environment hook '/home/xkai/agribot/agribot_ws/install/agribot_simulation/share/agribot_simulation/hook/cmake_prefix_path.ps1'
[0.554s] INFO:colcon.colcon_core.shell:Creating environment descriptor '/home/xkai/agribot/agribot_ws/install/agribot_simulation/share/agribot_simulation/hook/cmake_prefix_path.dsv'
[0.555s] INFO:colcon.colcon_core.shell:Creating environment hook '/home/xkai/agribot/agribot_ws/install/agribot_simulation/share/agribot_simulation/hook/cmake_prefix_path.sh'
[0.556s] Level 1:colcon.colcon_core.environment:checking '/home/xkai/agribot/agribot_ws/install/agribot_simulation/bin'
[0.556s] Level 1:colcon.colcon_core.environment:checking '/home/xkai/agribot/agribot_ws/install/agribot_simulation/lib/pkgconfig/agribot_simulation.pc'
[0.556s] Level 1:colcon.colcon_core.environment:checking '/home/xkai/agribot/agribot_ws/install/agribot_simulation/lib/python3.10/site-packages'
[0.557s] Level 1:colcon.colcon_core.environment:checking '/home/xkai/agribot/agribot_ws/install/agribot_simulation/bin'
[0.557s] INFO:colcon.colcon_core.shell:Creating package script '/home/xkai/agribot/agribot_ws/install/agribot_simulation/share/agribot_simulation/package.ps1'
[0.561s] INFO:colcon.colcon_core.shell:Creating package descriptor '/home/xkai/agribot/agribot_ws/install/agribot_simulation/share/agribot_simulation/package.dsv'
[0.562s] INFO:colcon.colcon_core.shell:Creating package script '/home/xkai/agribot/agribot_ws/install/agribot_simulation/share/agribot_simulation/package.sh'
[0.563s] INFO:colcon.colcon_core.shell:Creating package script '/home/xkai/agribot/agribot_ws/install/agribot_simulation/share/agribot_simulation/package.bash'
[0.564s] INFO:colcon.colcon_core.shell:Creating package script '/home/xkai/agribot/agribot_ws/install/agribot_simulation/share/agribot_simulation/package.zsh'
[0.565s] Level 1:colcon.colcon_core.environment:create_file_with_runtime_dependencies(/home/xkai/agribot/agribot_ws/install/agribot_simulation/share/colcon-core/packages/agribot_simulation)
[0.961s] DEBUG:colcon.colcon_core.event_handler.log_command:Invoked command in '/home/xkai/agribot/agribot_ws/build/livox_ros_driver2' returned '0': CMAKE_PREFIX_PATH=${CMAKE_PREFIX_PATH}:/opt/ros/humble /usr/bin/cmake --build /home/xkai/agribot/agribot_ws/build/livox_ros_driver2 -- -j8 -l8
[0.964s] DEBUG:colcon.colcon_core.event_handler.log_command:Invoking command in '/home/xkai/agribot/agribot_ws/build/livox_ros_driver2': CMAKE_PREFIX_PATH=${CMAKE_PREFIX_PATH}:/opt/ros/humble /usr/bin/cmake --install /home/xkai/agribot/agribot_ws/build/livox_ros_driver2
[1.050s] Level 1:colcon.colcon_core.environment:create_environment_scripts_only(livox_ros_driver2)
[1.050s] Level 1:colcon.colcon_core.environment:checking '/home/xkai/agribot/agribot_ws/install/livox_ros_driver2' for CMake module files
[1.051s] DEBUG:colcon.colcon_core.event_handler.log_command:Invoked command in '/home/xkai/agribot/agribot_ws/build/livox_ros_driver2' returned '0': CMAKE_PREFIX_PATH=${CMAKE_PREFIX_PATH}:/opt/ros/humble /usr/bin/cmake --install /home/xkai/agribot/agribot_ws/build/livox_ros_driver2
[1.051s] Level 1:colcon.colcon_core.environment:checking '/home/xkai/agribot/agribot_ws/install/livox_ros_driver2' for CMake config files
[1.052s] Level 1:colcon.colcon_core.shell:create_environment_hook('livox_ros_driver2', 'cmake_prefix_path')
[1.052s] INFO:colcon.colcon_core.shell:Creating environment hook '/home/xkai/agribot/agribot_ws/install/livox_ros_driver2/share/livox_ros_driver2/hook/cmake_prefix_path.ps1'
[1.053s] INFO:colcon.colcon_core.shell:Creating environment descriptor '/home/xkai/agribot/agribot_ws/install/livox_ros_driver2/share/livox_ros_driver2/hook/cmake_prefix_path.dsv'
[1.054s] INFO:colcon.colcon_core.shell:Creating environment hook '/home/xkai/agribot/agribot_ws/install/livox_ros_driver2/share/livox_ros_driver2/hook/cmake_prefix_path.sh'
[1.054s] Level 1:colcon.colcon_core.environment:checking '/home/xkai/agribot/agribot_ws/install/livox_ros_driver2/lib'
[1.055s] Level 1:colcon.colcon_core.shell:create_environment_hook('livox_ros_driver2', 'ld_library_path_lib')
[1.055s] INFO:colcon.colcon_core.shell:Creating environment hook '/home/xkai/agribot/agribot_ws/install/livox_ros_driver2/share/livox_ros_driver2/hook/ld_library_path_lib.ps1'
[1.056s] INFO:colcon.colcon_core.shell:Creating environment descriptor '/home/xkai/agribot/agribot_ws/install/livox_ros_driver2/share/livox_ros_driver2/hook/ld_library_path_lib.dsv'
[1.056s] INFO:colcon.colcon_core.shell:Creating environment hook '/home/xkai/agribot/agribot_ws/install/livox_ros_driver2/share/livox_ros_driver2/hook/ld_library_path_lib.sh'
[1.057s] Level 1:colcon.colcon_core.environment:checking '/home/xkai/agribot/agribot_ws/install/livox_ros_driver2/bin'
[1.057s] Level 1:colcon.colcon_core.environment:checking '/home/xkai/agribot/agribot_ws/install/livox_ros_driver2/lib/pkgconfig/livox_ros_driver2.pc'
[1.057s] Level 1:colcon.colcon_core.environment:checking '/home/xkai/agribot/agribot_ws/install/livox_ros_driver2/lib/python3.10/site-packages'
[1.057s] Level 1:colcon.colcon_core.environment:checking '/home/xkai/agribot/agribot_ws/install/livox_ros_driver2/bin'
[1.058s] INFO:colcon.colcon_core.shell:Creating package script '/home/xkai/agribot/agribot_ws/install/livox_ros_driver2/share/livox_ros_driver2/package.ps1'
[1.058s] INFO:colcon.colcon_core.shell:Creating package descriptor '/home/xkai/agribot/agribot_ws/install/livox_ros_driver2/share/livox_ros_driver2/package.dsv'
[1.059s] INFO:colcon.colcon_core.shell:Creating package script '/home/xkai/agribot/agribot_ws/install/livox_ros_driver2/share/livox_ros_driver2/package.sh'
[1.059s] INFO:colcon.colcon_core.shell:Creating package script '/home/xkai/agribot/agribot_ws/install/livox_ros_driver2/share/livox_ros_driver2/package.bash'
[1.060s] INFO:colcon.colcon_core.shell:Creating package script '/home/xkai/agribot/agribot_ws/install/livox_ros_driver2/share/livox_ros_driver2/package.zsh'
[1.060s] Level 1:colcon.colcon_core.environment:create_file_with_runtime_dependencies(/home/xkai/agribot/agribot_ws/install/livox_ros_driver2/share/colcon-core/packages/livox_ros_driver2)
[1.061s] Level 1:colcon.colcon_core.environment:create_environment_scripts_only(livox_ros_driver2)
[1.062s] Level 1:colcon.colcon_core.environment:checking '/home/xkai/agribot/agribot_ws/install/livox_ros_driver2' for CMake module files
[1.062s] Level 1:colcon.colcon_core.environment:checking '/home/xkai/agribot/agribot_ws/install/livox_ros_driver2' for CMake config files
[1.063s] Level 1:colcon.colcon_core.shell:create_environment_hook('livox_ros_driver2', 'cmake_prefix_path')
[1.063s] INFO:colcon.colcon_core.shell:Creating environment hook '/home/xkai/agribot/agribot_ws/install/livox_ros_driver2/share/livox_ros_driver2/hook/cmake_prefix_path.ps1'
[1.064s] INFO:colcon.colcon_core.shell:Creating environment descriptor '/home/xkai/agribot/agribot_ws/install/livox_ros_driver2/share/livox_ros_driver2/hook/cmake_prefix_path.dsv'
[1.064s] INFO:colcon.colcon_core.shell:Creating environment hook '/home/xkai/agribot/agribot_ws/install/livox_ros_driver2/share/livox_ros_driver2/hook/cmake_prefix_path.sh'
[1.065s] Level 1:colcon.colcon_core.environment:checking '/home/xkai/agribot/agribot_ws/install/livox_ros_driver2/lib'
[1.065s] Level 1:colcon.colcon_core.shell:create_environment_hook('livox_ros_driver2', 'ld_library_path_lib')
[1.065s] INFO:colcon.colcon_core.shell:Creating environment hook '/home/xkai/agribot/agribot_ws/install/livox_ros_driver2/share/livox_ros_driver2/hook/ld_library_path_lib.ps1'
[1.066s] INFO:colcon.colcon_core.shell:Creating environment descriptor '/home/xkai/agribot/agribot_ws/install/livox_ros_driver2/share/livox_ros_driver2/hook/ld_library_path_lib.dsv'
[1.066s] INFO:colcon.colcon_core.shell:Creating environment hook '/home/xkai/agribot/agribot_ws/install/livox_ros_driver2/share/livox_ros_driver2/hook/ld_library_path_lib.sh'
[1.067s] Level 1:colcon.colcon_core.environment:checking '/home/xkai/agribot/agribot_ws/install/livox_ros_driver2/bin'
[1.067s] Level 1:colcon.colcon_core.environment:checking '/home/xkai/agribot/agribot_ws/install/livox_ros_driver2/lib/pkgconfig/livox_ros_driver2.pc'
[1.067s] Level 1:colcon.colcon_core.environment:checking '/home/xkai/agribot/agribot_ws/install/livox_ros_driver2/lib/python3.10/site-packages'
[1.068s] Level 1:colcon.colcon_core.environment:checking '/home/xkai/agribot/agribot_ws/install/livox_ros_driver2/bin'
[1.068s] INFO:colcon.colcon_core.shell:Creating package script '/home/xkai/agribot/agribot_ws/install/livox_ros_driver2/share/livox_ros_driver2/package.ps1'
[1.070s] INFO:colcon.colcon_core.shell:Creating package descriptor '/home/xkai/agribot/agribot_ws/install/livox_ros_driver2/share/livox_ros_driver2/package.dsv'
[1.071s] INFO:colcon.colcon_core.shell:Creating package script '/home/xkai/agribot/agribot_ws/install/livox_ros_driver2/share/livox_ros_driver2/package.sh'
[1.071s] INFO:colcon.colcon_core.shell:Creating package script '/home/xkai/agribot/agribot_ws/install/livox_ros_driver2/share/livox_ros_driver2/package.bash'
[1.072s] INFO:colcon.colcon_core.shell:Creating package script '/home/xkai/agribot/agribot_ws/install/livox_ros_driver2/share/livox_ros_driver2/package.zsh'
[1.072s] Level 1:colcon.colcon_core.environment:create_file_with_runtime_dependencies(/home/xkai/agribot/agribot_ws/install/livox_ros_driver2/share/colcon-core/packages/livox_ros_driver2)
[1.073s] INFO:colcon.colcon_ros.task.ament_cmake.build:Building ROS package in '/home/xkai/agribot/agribot_ws/src/livox_laser_simulation_ros2' with build type 'ament_cmake'
[1.073s] INFO:colcon.colcon_cmake.task.cmake.build:Building CMake package in '/home/xkai/agribot/agribot_ws/src/livox_laser_simulation_ros2'
[1.073s] INFO:colcon.colcon_core.shell:Skip shell extension 'powershell' for command environment: Not usable outside of PowerShell
[1.074s] DEBUG:colcon.colcon_core.shell:Skip shell extension 'dsv' for command environment
[1.093s] DEBUG:colcon.colcon_core.event_handler.log_command:Invoking command in '/home/xkai/agribot/agribot_ws/build/ros2_livox_simulation': CMAKE_PREFIX_PATH=/home/xkai/agribot/agribot_ws/install/livox_ros_driver2:/home/xkai/agribot/agribot_ws/install/ros2_livox_simulation:/home/xkai/agribot/agribot_ws/install/centerline_extraction:/home/xkai/agribot/agribot_ws/install/agribot_simulation:/opt/ros/humble LD_LIBRARY_PATH=/home/xkai/agribot/agribot_ws/install/livox_ros_driver2/lib:/home/xkai/agribot/agribot_ws/install/ros2_livox_simulation/lib:/usr/lib/x86_64-linux-gnu/gazebo-11/plugins:/opt/ros/humble/opt/rviz_ogre_vendor/lib:/opt/ros/humble/lib/x86_64-linux-gnu:/opt/ros/humble/lib /usr/bin/cmake --build /home/xkai/agribot/agribot_ws/build/ros2_livox_simulation -- -j8 -l8
[1.231s] DEBUG:colcon.colcon_core.event_handler.log_command:Invoked command in '/home/xkai/agribot/agribot_ws/build/ros2_livox_simulation' returned '0': CMAKE_PREFIX_PATH=/home/xkai/agribot/agribot_ws/install/livox_ros_driver2:/home/xkai/agribot/agribot_ws/install/ros2_livox_simulation:/home/xkai/agribot/agribot_ws/install/centerline_extraction:/home/xkai/agribot/agribot_ws/install/agribot_simulation:/opt/ros/humble LD_LIBRARY_PATH=/home/xkai/agribot/agribot_ws/install/livox_ros_driver2/lib:/home/xkai/agribot/agribot_ws/install/ros2_livox_simulation/lib:/usr/lib/x86_64-linux-gnu/gazebo-11/plugins:/opt/ros/humble/opt/rviz_ogre_vendor/lib:/opt/ros/humble/lib/x86_64-linux-gnu:/opt/ros/humble/lib /usr/bin/cmake --build /home/xkai/agribot/agribot_ws/build/ros2_livox_simulation -- -j8 -l8
[1.233s] DEBUG:colcon.colcon_core.event_handler.log_command:Invoking command in '/home/xkai/agribot/agribot_ws/build/ros2_livox_simulation': CMAKE_PREFIX_PATH=/home/xkai/agribot/agribot_ws/install/livox_ros_driver2:/home/xkai/agribot/agribot_ws/install/ros2_livox_simulation:/home/xkai/agribot/agribot_ws/install/centerline_extraction:/home/xkai/agribot/agribot_ws/install/agribot_simulation:/opt/ros/humble LD_LIBRARY_PATH=/home/xkai/agribot/agribot_ws/install/livox_ros_driver2/lib:/home/xkai/agribot/agribot_ws/install/ros2_livox_simulation/lib:/usr/lib/x86_64-linux-gnu/gazebo-11/plugins:/opt/ros/humble/opt/rviz_ogre_vendor/lib:/opt/ros/humble/lib/x86_64-linux-gnu:/opt/ros/humble/lib /usr/bin/cmake --install /home/xkai/agribot/agribot_ws/build/ros2_livox_simulation
[1.249s] Level 1:colcon.colcon_core.environment:create_environment_scripts_only(ros2_livox_simulation)
[1.249s] Level 1:colcon.colcon_core.environment:checking '/home/xkai/agribot/agribot_ws/install/ros2_livox_simulation' for CMake module files
[1.250s] Level 1:colcon.colcon_core.environment:checking '/home/xkai/agribot/agribot_ws/install/ros2_livox_simulation' for CMake config files
[1.250s] Level 1:colcon.colcon_core.shell:create_environment_hook('ros2_livox_simulation', 'cmake_prefix_path')
[1.251s] INFO:colcon.colcon_core.shell:Creating environment hook '/home/xkai/agribot/agribot_ws/install/ros2_livox_simulation/share/ros2_livox_simulation/hook/cmake_prefix_path.ps1'
[1.251s] DEBUG:colcon.colcon_core.event_handler.log_command:Invoked command in '/home/xkai/agribot/agribot_ws/build/ros2_livox_simulation' returned '0': CMAKE_PREFIX_PATH=/home/xkai/agribot/agribot_ws/install/livox_ros_driver2:/home/xkai/agribot/agribot_ws/install/ros2_livox_simulation:/home/xkai/agribot/agribot_ws/install/centerline_extraction:/home/xkai/agribot/agribot_ws/install/agribot_simulation:/opt/ros/humble LD_LIBRARY_PATH=/home/xkai/agribot/agribot_ws/install/livox_ros_driver2/lib:/home/xkai/agribot/agribot_ws/install/ros2_livox_simulation/lib:/usr/lib/x86_64-linux-gnu/gazebo-11/plugins:/opt/ros/humble/opt/rviz_ogre_vendor/lib:/opt/ros/humble/lib/x86_64-linux-gnu:/opt/ros/humble/lib /usr/bin/cmake --install /home/xkai/agribot/agribot_ws/build/ros2_livox_simulation
[1.253s] INFO:colcon.colcon_core.shell:Creating environment descriptor '/home/xkai/agribot/agribot_ws/install/ros2_livox_simulation/share/ros2_livox_simulation/hook/cmake_prefix_path.dsv'
[1.253s] INFO:colcon.colcon_core.shell:Creating environment hook '/home/xkai/agribot/agribot_ws/install/ros2_livox_simulation/share/ros2_livox_simulation/hook/cmake_prefix_path.sh'
[1.254s] Level 1:colcon.colcon_core.environment:checking '/home/xkai/agribot/agribot_ws/install/ros2_livox_simulation/lib'
[1.254s] Level 1:colcon.colcon_core.shell:create_environment_hook('ros2_livox_simulation', 'ld_library_path_lib')
[1.255s] INFO:colcon.colcon_core.shell:Creating environment hook '/home/xkai/agribot/agribot_ws/install/ros2_livox_simulation/share/ros2_livox_simulation/hook/ld_library_path_lib.ps1'
[1.255s] INFO:colcon.colcon_core.shell:Creating environment descriptor '/home/xkai/agribot/agribot_ws/install/ros2_livox_simulation/share/ros2_livox_simulation/hook/ld_library_path_lib.dsv'
[1.256s] INFO:colcon.colcon_core.shell:Creating environment hook '/home/xkai/agribot/agribot_ws/install/ros2_livox_simulation/share/ros2_livox_simulation/hook/ld_library_path_lib.sh'
[1.260s] Level 1:colcon.colcon_core.environment:checking '/home/xkai/agribot/agribot_ws/install/ros2_livox_simulation/bin'
[1.260s] Level 1:colcon.colcon_core.environment:checking '/home/xkai/agribot/agribot_ws/install/ros2_livox_simulation/lib/pkgconfig/ros2_livox_simulation.pc'
[1.260s] Level 1:colcon.colcon_core.environment:checking '/home/xkai/agribot/agribot_ws/install/ros2_livox_simulation/lib/python3.10/site-packages'
[1.261s] Level 1:colcon.colcon_core.environment:checking '/home/xkai/agribot/agribot_ws/install/ros2_livox_simulation/bin'
[1.261s] INFO:colcon.colcon_core.shell:Creating package script '/home/xkai/agribot/agribot_ws/install/ros2_livox_simulation/share/ros2_livox_simulation/package.ps1'
[1.262s] INFO:colcon.colcon_core.shell:Creating package descriptor '/home/xkai/agribot/agribot_ws/install/ros2_livox_simulation/share/ros2_livox_simulation/package.dsv'
[1.263s] INFO:colcon.colcon_core.shell:Creating package script '/home/xkai/agribot/agribot_ws/install/ros2_livox_simulation/share/ros2_livox_simulation/package.sh'
[1.263s] INFO:colcon.colcon_core.shell:Creating package script '/home/xkai/agribot/agribot_ws/install/ros2_livox_simulation/share/ros2_livox_simulation/package.bash'
[1.264s] INFO:colcon.colcon_core.shell:Creating package script '/home/xkai/agribot/agribot_ws/install/ros2_livox_simulation/share/ros2_livox_simulation/package.zsh'
[1.264s] Level 1:colcon.colcon_core.environment:create_file_with_runtime_dependencies(/home/xkai/agribot/agribot_ws/install/ros2_livox_simulation/share/colcon-core/packages/ros2_livox_simulation)
[1.265s] Level 1:colcon.colcon_core.environment:create_environment_scripts_only(ros2_livox_simulation)
[1.266s] Level 1:colcon.colcon_core.environment:checking '/home/xkai/agribot/agribot_ws/install/ros2_livox_simulation' for CMake module files
[1.266s] Level 1:colcon.colcon_core.environment:checking '/home/xkai/agribot/agribot_ws/install/ros2_livox_simulation' for CMake config files
[1.267s] Level 1:colcon.colcon_core.shell:create_environment_hook('ros2_livox_simulation', 'cmake_prefix_path')
[1.267s] INFO:colcon.colcon_core.shell:Creating environment hook '/home/xkai/agribot/agribot_ws/install/ros2_livox_simulation/share/ros2_livox_simulation/hook/cmake_prefix_path.ps1'
[1.268s] INFO:colcon.colcon_core.shell:Creating environment descriptor '/home/xkai/agribot/agribot_ws/install/ros2_livox_simulation/share/ros2_livox_simulation/hook/cmake_prefix_path.dsv'
[1.269s] INFO:colcon.colcon_core.shell:Creating environment hook '/home/xkai/agribot/agribot_ws/install/ros2_livox_simulation/share/ros2_livox_simulation/hook/cmake_prefix_path.sh'
[1.270s] Level 1:colcon.colcon_core.environment:checking '/home/xkai/agribot/agribot_ws/install/ros2_livox_simulation/lib'
[1.270s] Level 1:colcon.colcon_core.shell:create_environment_hook('ros2_livox_simulation', 'ld_library_path_lib')
[1.270s] INFO:colcon.colcon_core.shell:Creating environment hook '/home/xkai/agribot/agribot_ws/install/ros2_livox_simulation/share/ros2_livox_simulation/hook/ld_library_path_lib.ps1'
[1.271s] INFO:colcon.colcon_core.shell:Creating environment descriptor '/home/xkai/agribot/agribot_ws/install/ros2_livox_simulation/share/ros2_livox_simulation/hook/ld_library_path_lib.dsv'
[1.271s] INFO:colcon.colcon_core.shell:Creating environment hook '/home/xkai/agribot/agribot_ws/install/ros2_livox_simulation/share/ros2_livox_simulation/hook/ld_library_path_lib.sh'
[1.272s] Level 1:colcon.colcon_core.environment:checking '/home/xkai/agribot/agribot_ws/install/ros2_livox_simulation/bin'
[1.272s] Level 1:colcon.colcon_core.environment:checking '/home/xkai/agribot/agribot_ws/install/ros2_livox_simulation/lib/pkgconfig/ros2_livox_simulation.pc'
[1.272s] Level 1:colcon.colcon_core.environment:checking '/home/xkai/agribot/agribot_ws/install/ros2_livox_simulation/lib/python3.10/site-packages'
[1.273s] Level 1:colcon.colcon_core.environment:checking '/home/xkai/agribot/agribot_ws/install/ros2_livox_simulation/bin'
[1.273s] INFO:colcon.colcon_core.shell:Creating package script '/home/xkai/agribot/agribot_ws/install/ros2_livox_simulation/share/ros2_livox_simulation/package.ps1'
[1.274s] INFO:colcon.colcon_core.shell:Creating package descriptor '/home/xkai/agribot/agribot_ws/install/ros2_livox_simulation/share/ros2_livox_simulation/package.dsv'
[1.275s] INFO:colcon.colcon_core.shell:Creating package script '/home/xkai/agribot/agribot_ws/install/ros2_livox_simulation/share/ros2_livox_simulation/package.sh'
[1.276s] INFO:colcon.colcon_core.shell:Creating package script '/home/xkai/agribot/agribot_ws/install/ros2_livox_simulation/share/ros2_livox_simulation/package.bash'
[1.276s] INFO:colcon.colcon_core.shell:Creating package script '/home/xkai/agribot/agribot_ws/install/ros2_livox_simulation/share/ros2_livox_simulation/package.zsh'
[1.277s] Level 1:colcon.colcon_core.environment:create_file_with_runtime_dependencies(/home/xkai/agribot/agribot_ws/install/ros2_livox_simulation/share/colcon-core/packages/ros2_livox_simulation)
[15.302s] DEBUG:colcon.colcon_core.event_handler.log_command:Invoked command in '/home/xkai/agribot/agribot_ws/build/centerline_extraction' returned '0': CMAKE_PREFIX_PATH=${CMAKE_PREFIX_PATH}:/opt/ros/humble /usr/bin/cmake --build /home/xkai/agribot/agribot_ws/build/centerline_extraction -- -j8 -l8
[15.303s] DEBUG:colcon.colcon_core.event_handler.log_command:Invoking command in '/home/xkai/agribot/agribot_ws/build/centerline_extraction': CMAKE_PREFIX_PATH=${CMAKE_PREFIX_PATH}:/opt/ros/humble /usr/bin/cmake --install /home/xkai/agribot/agribot_ws/build/centerline_extraction
[15.316s] Level 1:colcon.colcon_core.environment:create_environment_scripts_only(centerline_extraction)
[15.317s] Level 1:colcon.colcon_core.environment:checking '/home/xkai/agribot/agribot_ws/install/centerline_extraction' for CMake module files
[15.317s] DEBUG:colcon.colcon_core.event_handler.log_command:Invoked command in '/home/xkai/agribot/agribot_ws/build/centerline_extraction' returned '0': CMAKE_PREFIX_PATH=${CMAKE_PREFIX_PATH}:/opt/ros/humble /usr/bin/cmake --install /home/xkai/agribot/agribot_ws/build/centerline_extraction
[15.317s] Level 1:colcon.colcon_core.environment:checking '/home/xkai/agribot/agribot_ws/install/centerline_extraction' for CMake config files
[15.318s] Level 1:colcon.colcon_core.shell:create_environment_hook('centerline_extraction', 'cmake_prefix_path')
[15.318s] INFO:colcon.colcon_core.shell:Creating environment hook '/home/xkai/agribot/agribot_ws/install/centerline_extraction/share/centerline_extraction/hook/cmake_prefix_path.ps1'
[15.318s] INFO:colcon.colcon_core.shell:Creating environment descriptor '/home/xkai/agribot/agribot_ws/install/centerline_extraction/share/centerline_extraction/hook/cmake_prefix_path.dsv'
[15.318s] INFO:colcon.colcon_core.shell:Creating environment hook '/home/xkai/agribot/agribot_ws/install/centerline_extraction/share/centerline_extraction/hook/cmake_prefix_path.sh'
[15.319s] Level 1:colcon.colcon_core.environment:checking '/home/xkai/agribot/agribot_ws/install/centerline_extraction/lib'
[15.319s] Level 1:colcon.colcon_core.environment:checking '/home/xkai/agribot/agribot_ws/install/centerline_extraction/bin'
[15.319s] Level 1:colcon.colcon_core.environment:checking '/home/xkai/agribot/agribot_ws/install/centerline_extraction/lib/pkgconfig/centerline_extraction.pc'
[15.319s] Level 1:colcon.colcon_core.environment:checking '/home/xkai/agribot/agribot_ws/install/centerline_extraction/lib/python3.10/site-packages'
[15.319s] Level 1:colcon.colcon_core.environment:checking '/home/xkai/agribot/agribot_ws/install/centerline_extraction/bin'
[15.320s] INFO:colcon.colcon_core.shell:Creating package script '/home/xkai/agribot/agribot_ws/install/centerline_extraction/share/centerline_extraction/package.ps1'
[15.320s] INFO:colcon.colcon_core.shell:Creating package descriptor '/home/xkai/agribot/agribot_ws/install/centerline_extraction/share/centerline_extraction/package.dsv'
[15.320s] INFO:colcon.colcon_core.shell:Creating package script '/home/xkai/agribot/agribot_ws/install/centerline_extraction/share/centerline_extraction/package.sh'
[15.321s] INFO:colcon.colcon_core.shell:Creating package script '/home/xkai/agribot/agribot_ws/install/centerline_extraction/share/centerline_extraction/package.bash'
[15.321s] INFO:colcon.colcon_core.shell:Creating package script '/home/xkai/agribot/agribot_ws/install/centerline_extraction/share/centerline_extraction/package.zsh'
[15.321s] Level 1:colcon.colcon_core.environment:create_file_with_runtime_dependencies(/home/xkai/agribot/agribot_ws/install/centerline_extraction/share/colcon-core/packages/centerline_extraction)
[15.322s] Level 1:colcon.colcon_core.environment:create_environment_scripts_only(centerline_extraction)
[15.322s] Level 1:colcon.colcon_core.environment:checking '/home/xkai/agribot/agribot_ws/install/centerline_extraction' for CMake module files
[15.322s] Level 1:colcon.colcon_core.environment:checking '/home/xkai/agribot/agribot_ws/install/centerline_extraction' for CMake config files
[15.323s] Level 1:colcon.colcon_core.shell:create_environment_hook('centerline_extraction', 'cmake_prefix_path')
[15.323s] INFO:colcon.colcon_core.shell:Creating environment hook '/home/xkai/agribot/agribot_ws/install/centerline_extraction/share/centerline_extraction/hook/cmake_prefix_path.ps1'
[15.323s] INFO:colcon.colcon_core.shell:Creating environment descriptor '/home/xkai/agribot/agribot_ws/install/centerline_extraction/share/centerline_extraction/hook/cmake_prefix_path.dsv'
[15.324s] INFO:colcon.colcon_core.shell:Creating environment hook '/home/xkai/agribot/agribot_ws/install/centerline_extraction/share/centerline_extraction/hook/cmake_prefix_path.sh'
[15.324s] Level 1:colcon.colcon_core.environment:checking '/home/xkai/agribot/agribot_ws/install/centerline_extraction/lib'
[15.324s] Level 1:colcon.colcon_core.environment:checking '/home/xkai/agribot/agribot_ws/install/centerline_extraction/bin'
[15.324s] Level 1:colcon.colcon_core.environment:checking '/home/xkai/agribot/agribot_ws/install/centerline_extraction/lib/pkgconfig/centerline_extraction.pc'
[15.325s] Level 1:colcon.colcon_core.environment:checking '/home/xkai/agribot/agribot_ws/install/centerline_extraction/lib/python3.10/site-packages'
[15.325s] Level 1:colcon.colcon_core.environment:checking '/home/xkai/agribot/agribot_ws/install/centerline_extraction/bin'
[15.326s] INFO:colcon.colcon_core.shell:Creating package script '/home/xkai/agribot/agribot_ws/install/centerline_extraction/share/centerline_extraction/package.ps1'
[15.326s] INFO:colcon.colcon_core.shell:Creating package descriptor '/home/xkai/agribot/agribot_ws/install/centerline_extraction/share/centerline_extraction/package.dsv'
[15.327s] INFO:colcon.colcon_core.shell:Creating package script '/home/xkai/agribot/agribot_ws/install/centerline_extraction/share/centerline_extraction/package.sh'
[15.327s] INFO:colcon.colcon_core.shell:Creating package script '/home/xkai/agribot/agribot_ws/install/centerline_extraction/share/centerline_extraction/package.bash'
[15.327s] INFO:colcon.colcon_core.shell:Creating package script '/home/xkai/agribot/agribot_ws/install/centerline_extraction/share/centerline_extraction/package.zsh'
[15.328s] Level 1:colcon.colcon_core.environment:create_file_with_runtime_dependencies(/home/xkai/agribot/agribot_ws/install/centerline_extraction/share/colcon-core/packages/centerline_extraction)
[15.328s] DEBUG:colcon.colcon_parallel_executor.executor.parallel:closing loop
[15.328s] DEBUG:colcon.colcon_parallel_executor.executor.parallel:loop closed
[15.328s] DEBUG:colcon.colcon_parallel_executor.executor.parallel:run_until_complete finished with '0'
[15.328s] DEBUG:colcon.colcon_core.event_reactor:joining thread
[15.332s] INFO:colcon.colcon_core.plugin_system:Skipping extension 'colcon_notification.desktop_notification.terminal_notifier': Not used on non-Darwin systems
[15.333s] INFO:colcon.colcon_core.plugin_system:Skipping extension 'colcon_notification.desktop_notification.win32': Not used on non-Windows systems
[15.333s] INFO:colcon.colcon_notification.desktop_notification:Sending desktop notification using 'notify2'
[15.345s] DEBUG:colcon.colcon_core.event_reactor:joined thread
[15.345s] INFO:colcon.colcon_core.shell:Creating prefix script '/home/xkai/agribot/agribot_ws/install/local_setup.ps1'
[15.346s] INFO:colcon.colcon_core.shell:Creating prefix util module '/home/xkai/agribot/agribot_ws/install/_local_setup_util_ps1.py'
[15.347s] INFO:colcon.colcon_core.shell:Creating prefix chain script '/home/xkai/agribot/agribot_ws/install/setup.ps1'
[15.348s] INFO:colcon.colcon_core.shell:Creating prefix script '/home/xkai/agribot/agribot_ws/install/local_setup.sh'
[15.349s] INFO:colcon.colcon_core.shell:Creating prefix util module '/home/xkai/agribot/agribot_ws/install/_local_setup_util_sh.py'
[15.349s] INFO:colcon.colcon_core.shell:Creating prefix chain script '/home/xkai/agribot/agribot_ws/install/setup.sh'
[15.350s] INFO:colcon.colcon_core.shell:Creating prefix script '/home/xkai/agribot/agribot_ws/install/local_setup.bash'
[15.350s] INFO:colcon.colcon_core.shell:Creating prefix chain script '/home/xkai/agribot/agribot_ws/install/setup.bash'
[15.352s] INFO:colcon.colcon_core.shell:Creating prefix script '/home/xkai/agribot/agribot_ws/install/local_setup.zsh'
[15.353s] INFO:colcon.colcon_core.shell:Creating prefix chain script '/home/xkai/agribot/agribot_ws/install/setup.zsh'
