[0.022s] Invoking command in '/home/xkai/agribot/agribot_ws/build/diff_drive_robot': CMAKE_PREFIX_PATH=${CMAKE_PREFIX_PATH}:/opt/ros/humble /usr/bin/cmake --build /home/xkai/agribot/agribot_ws/build/diff_drive_robot -- -j8 -l8
[0.076s] Invoked command in '/home/xkai/agribot/agribot_ws/build/diff_drive_robot' returned '0': CMAKE_PREFIX_PATH=${CMAKE_PREFIX_PATH}:/opt/ros/humble /usr/bin/cmake --build /home/xkai/agribot/agribot_ws/build/diff_drive_robot -- -j8 -l8
[0.077s] Invoking command in '/home/xkai/agribot/agribot_ws/build/diff_drive_robot': CMAKE_PREFIX_PATH=${CMAKE_PREFIX_PATH}:/opt/ros/humble /usr/bin/cmake --install /home/xkai/agribot/agribot_ws/build/diff_drive_robot
[0.089s] -- Install configuration: ""
[0.089s] -- Up-to-date: /home/xkai/agribot/agribot_ws/install/diff_drive_robot/share/diff_drive_robot/launch
[0.089s] -- Installing: /home/xkai/agribot/agribot_ws/install/diff_drive_robot/share/diff_drive_robot/launch/robot.launch.py
[0.090s] -- Up-to-date: /home/xkai/agribot/agribot_ws/install/diff_drive_robot/share/diff_drive_robot/urdf
[0.090s] -- Up-to-date: /home/xkai/agribot/agribot_ws/install/diff_drive_robot/share/diff_drive_robot/urdf/agribot_diff_drive.urdf.xacro
[0.090s] -- Up-to-date: /home/xkai/agribot/agribot_ws/install/diff_drive_robot/share/diff_drive_robot/urdf/robot.gazebo.xacro
[0.090s] -- Up-to-date: /home/xkai/agribot/agribot_ws/install/diff_drive_robot/share/diff_drive_robot/urdf/robot.urdf.xacro
[0.090s] -- Up-to-date: /home/xkai/agribot/agribot_ws/install/diff_drive_robot/share/diff_drive_robot/urdf/agribot_diff_drive.gazebo.xacro
[0.090s] -- Up-to-date: /home/xkai/agribot/agribot_ws/install/diff_drive_robot/share/diff_drive_robot/urdf/materials.xacro
[0.090s] -- Up-to-date: /home/xkai/agribot/agribot_ws/install/diff_drive_robot/share/diff_drive_robot/urdf/agribot_diff_drive.ros2_control.xacro
[0.090s] -- Up-to-date: /home/xkai/agribot/agribot_ws/install/diff_drive_robot/share/diff_drive_robot/config
[0.090s] -- Up-to-date: /home/xkai/agribot/agribot_ws/install/diff_drive_robot/share/diff_drive_robot/config/gazebo_params.yaml
[0.090s] -- Up-to-date: /home/xkai/agribot/agribot_ws/install/diff_drive_robot/share/diff_drive_robot/config/agribot_ros2_controller.yaml
[0.090s] -- Up-to-date: /home/xkai/agribot/agribot_ws/install/diff_drive_robot/share/ament_index/resource_index/package_run_dependencies/diff_drive_robot
[0.091s] -- Up-to-date: /home/xkai/agribot/agribot_ws/install/diff_drive_robot/share/ament_index/resource_index/parent_prefix_path/diff_drive_robot
[0.091s] -- Up-to-date: /home/xkai/agribot/agribot_ws/install/diff_drive_robot/share/diff_drive_robot/environment/ament_prefix_path.sh
[0.091s] -- Up-to-date: /home/xkai/agribot/agribot_ws/install/diff_drive_robot/share/diff_drive_robot/environment/ament_prefix_path.dsv
[0.091s] -- Up-to-date: /home/xkai/agribot/agribot_ws/install/diff_drive_robot/share/diff_drive_robot/environment/path.sh
[0.091s] -- Up-to-date: /home/xkai/agribot/agribot_ws/install/diff_drive_robot/share/diff_drive_robot/environment/path.dsv
[0.091s] -- Up-to-date: /home/xkai/agribot/agribot_ws/install/diff_drive_robot/share/diff_drive_robot/local_setup.bash
[0.092s] -- Up-to-date: /home/xkai/agribot/agribot_ws/install/diff_drive_robot/share/diff_drive_robot/local_setup.sh
[0.092s] -- Up-to-date: /home/xkai/agribot/agribot_ws/install/diff_drive_robot/share/diff_drive_robot/local_setup.zsh
[0.093s] -- Up-to-date: /home/xkai/agribot/agribot_ws/install/diff_drive_robot/share/diff_drive_robot/local_setup.dsv
[0.093s] -- Installing: /home/xkai/agribot/agribot_ws/install/diff_drive_robot/share/diff_drive_robot/package.dsv
[0.093s] -- Up-to-date: /home/xkai/agribot/agribot_ws/install/diff_drive_robot/share/ament_index/resource_index/packages/diff_drive_robot
[0.093s] -- Up-to-date: /home/xkai/agribot/agribot_ws/install/diff_drive_robot/share/diff_drive_robot/cmake/diff_drive_robotConfig.cmake
[0.093s] -- Up-to-date: /home/xkai/agribot/agribot_ws/install/diff_drive_robot/share/diff_drive_robot/cmake/diff_drive_robotConfig-version.cmake
[0.099s] -- Up-to-date: /home/xkai/agribot/agribot_ws/install/diff_drive_robot/share/diff_drive_robot/package.xml
[0.099s] Invoked command in '/home/xkai/agribot/agribot_ws/build/diff_drive_robot' returned '0': CMAKE_PREFIX_PATH=${CMAKE_PREFIX_PATH}:/opt/ros/humble /usr/bin/cmake --install /home/xkai/agribot/agribot_ws/build/diff_drive_robot
