[0.022s] Invoking command in '/home/xkai/agribot/agribot_ws/build/fast_lio': CMAKE_PREFIX_PATH=${CMAKE_PREFIX_PATH}:/opt/ros/humble /usr/bin/cmake /home/xkai/agribot/agribot_ws/src/FAST_LIO -DAMENT_CMAKE_SYMLINK_INSTALL=1 -DCMAKE_INSTALL_PREFIX=/home/xkai/agribot/agribot_ws/install/fast_lio
[0.120s] -- The C compiler identification is GNU 11.4.0
[0.259s] -- The CXX compiler identification is GNU 11.4.0
[0.290s] -- Detecting C compiler ABI info
[0.503s] -- Detecting C compiler ABI info - done
[0.515s] -- Check for working C compiler: /usr/bin/cc - skipped
[0.518s] -- Detecting C compile features
[0.523s] -- Detecting C compile features - done
[0.527s] -- Detecting CXX compiler ABI info
[0.764s] -- Detecting CXX compiler ABI info - done
[0.785s] -- Check for working CXX compiler: /usr/bin/c++ - skipped
[0.788s] -- Detecting CXX compile features
[0.790s] [0mCurrent CPU archtecture: x86_64[0m
[0.794s] -- Detecting CXX compile features - done
[0.810s] [0mProcesser number:  8[0m
[0.810s] [0mcore for MP: 3[0m
[1.500s] -- Found PythonLibs: /usr/lib/x86_64-linux-gnu/libpython3.10.so (found version "3.10.12") 
[1.503s] -- Found ament_cmake: 1.3.12 (/opt/ros/humble/share/ament_cmake/cmake)
[1.887s] -- Found Python3: /usr/bin/python3 (found version "3.10.12") found components: Interpreter 
[2.058s] -- Override CMake install command with custom implementation using symlinks instead of copying resources
[2.105s] -- Found rclcpp: 16.0.14 (/opt/ros/humble/share/rclcpp/cmake)
[2.189s] -- Found rosidl_generator_c: 3.1.7 (/opt/ros/humble/share/rosidl_generator_c/cmake)
[2.200s] -- Found rosidl_adapter: 3.1.7 (/opt/ros/humble/share/rosidl_adapter/cmake)
[2.230s] -- Found rosidl_generator_cpp: 3.1.7 (/opt/ros/humble/share/rosidl_generator_cpp/cmake)
[2.271s] -- Using all available rosidl_typesupport_c: rosidl_typesupport_fastrtps_c;rosidl_typesupport_introspection_c
[2.320s] -- Using all available rosidl_typesupport_cpp: rosidl_typesupport_fastrtps_cpp;rosidl_typesupport_introspection_cpp
[2.394s] -- Found rmw_implementation_cmake: 6.1.2 (/opt/ros/humble/share/rmw_implementation_cmake/cmake)
[2.398s] -- Found rmw_fastrtps_cpp: 6.2.8 (/opt/ros/humble/share/rmw_fastrtps_cpp/cmake)
[2.649s] -- Found OpenSSL: /usr/lib/x86_64-linux-gnu/libcrypto.so (found version "3.0.2")  
[2.694s] -- Found FastRTPS: /opt/ros/humble/include  
[2.789s] -- Using RMW implementation 'rmw_fastrtps_cpp' as default
[2.794s] -- Looking for pthread.h
[2.983s] -- Looking for pthread.h - found
[2.984s] -- Performing Test CMAKE_HAVE_LIBC_PTHREAD
[3.109s] -- Performing Test CMAKE_HAVE_LIBC_PTHREAD - Success
[3.110s] -- Found Threads: TRUE  
[3.176s] -- Found rclcpp_components: 16.0.14 (/opt/ros/humble/share/rclcpp_components/cmake)
[3.210s] -- Found geometry_msgs: 4.9.0 (/opt/ros/humble/share/geometry_msgs/cmake)
[3.224s] -- Found nav_msgs: 4.9.0 (/opt/ros/humble/share/nav_msgs/cmake)
[3.251s] -- Found sensor_msgs: 4.9.0 (/opt/ros/humble/share/sensor_msgs/cmake)
[3.275s] -- Found std_srvs: 4.9.0 (/opt/ros/humble/share/std_srvs/cmake)
[3.289s] -- Found visualization_msgs: 4.9.0 (/opt/ros/humble/share/visualization_msgs/cmake)
[3.319s] [31mCMake Error at CMakeLists.txt:60 (find_package):
[3.319s]   By not providing "Findpcl_ros.cmake" in CMAKE_MODULE_PATH this project has
[3.319s]   asked CMake to find a package configuration file provided by "pcl_ros", but
[3.319s]   CMake did not find one.
[3.320s] 
[3.320s]   Could not find a package configuration file provided by "pcl_ros" with any
[3.320s]   of the following names:
[3.320s] 
[3.320s]     pcl_rosConfig.cmake
[3.320s]     pcl_ros-config.cmake
[3.320s] 
[3.320s]   Add the installation prefix of "pcl_ros" to CMAKE_PREFIX_PATH or set
[3.320s]   "pcl_ros_DIR" to a directory containing one of the above files.  If
[3.320s]   "pcl_ros" provides a separate development package or SDK, be sure it has
[3.320s]   been installed.
[3.321s] 
[3.321s] [0m
[3.321s] -- Configuring incomplete, errors occurred!
[3.321s] See also "/home/xkai/agribot/agribot_ws/build/fast_lio/CMakeFiles/CMakeOutput.log".
[3.327s] Invoked command in '/home/xkai/agribot/agribot_ws/build/fast_lio' returned '1': CMAKE_PREFIX_PATH=${CMAKE_PREFIX_PATH}:/opt/ros/humble /usr/bin/cmake /home/xkai/agribot/agribot_ws/src/FAST_LIO -DAMENT_CMAKE_SYMLINK_INSTALL=1 -DCMAKE_INSTALL_PREFIX=/home/xkai/agribot/agribot_ws/install/fast_lio
