1780822693.6555893 [INFO] [launch]: All log files can be found below /home/xkai/agribot/agribot_ws/log/2026-06-07-16-58-13-654365-xkai-Ubuntun-284867
1780822693.6557741 [INFO] [launch]: Default logging verbosity is set to INFO
1780822694.4359252 [INFO] [robot_state_publisher-1]: process started with pid [284886]
1780822694.4361906 [INFO] [gzserver-2]: process started with pid [284888]
1780822694.4363334 [INFO] [gzclient-3]: process started with pid [284890]
1780822694.4364433 [INFO] [spawn_entity.py-4]: process started with pid [284892]
1780822694.4365504 [INFO] [rviz2-5]: process started with pid [284894]
1780822694.8667161 [gzserver-2] Gazebo multi-robot simulator, version 11.10.2
1780822694.8669009 [gzserver-2] Copyright (C) 2012 Open Source Robotics Foundation.
1780822694.8670096 [gzserver-2] Released under the Apache 2 License.
1780822694.8670952 [gzserver-2] http://gazebosim.org
1780822694.8671939 [gzserver-2] 
1780822695.0699580 [gzserver-2] [1;33m[Wrn] [gazebo_ros_init.cpp:178] [0m[1;33m
1780822695.0701332 [gzserver-2] #     # ####### ####### ###  #####  #######
1780822695.0702450 [gzserver-2] ##    # #     #    #     #  #     # #
1780822695.0703239 [gzserver-2] # #   # #     #    #     #  #       #
1780822695.0704062 [gzserver-2] #  #  # #     #    #     #  #       #####
1780822695.0704823 [gzserver-2] #   # # #     #    #     #  #       #
1780822695.0705588 [gzserver-2] #    ## #     #    #     #  #     # #
1780822695.0706346 [gzserver-2] #     # #######    #    ###  #####  #######
1780822695.0707154 [gzserver-2] 
1780822695.0708058 [gzserver-2] This version of Gazebo, now called Gazebo classic, reaches end-of-life
1780822695.0708838 [gzserver-2] in January 2025. Users are highly encouraged to migrate to the new Gazebo
1780822695.0709558 [gzserver-2] using our migration guides (https://gazebosim.org/docs/latest/gazebo_classic_migration?utm_source=gazebo_ros_pkgs&utm_medium=cli)
1780822695.0710251 [gzserver-2] 
1780822695.0710943 [gzserver-2] [0m[1;33m
1780822697.0008812 [gzserver-2] [0m[1;33m[0m[1;33m[0m[INFO] [1780822697.000497603] [LivoxPointsPlugin]: load csv file name: /home/xkai/agribot/agribot_ws/install/ros2_livox_simulation/share/ros2_livox_simulation/scan_mode/mid360.csv
1780822697.1397190 [INFO] [spawn_entity.py-4]: process has finished cleanly [pid 284892]
1780822697.1492753 [INFO] [simple_test-6]: process started with pid [285053]
1780822697.1494999 [INFO] [cornfield_navigation_node-7]: process started with pid [285055]
1780822698.5881279 [gzserver-2] [1;32m[Msg] [0m[1;32mWaiting for master.[0m[1;32m
1780822698.5883098 [gzserver-2] [0m[1;32m[0m[1;32m[0m[1;32m[Msg] [0m[1;32mConnected to gazebo master @ [0m[1;32mhttp://127.0.0.1:11345[0m[1;32m
1780822698.5883942 [gzserver-2] [0m[1;32m[0m[1;32m[0m[1;32m[Msg] [0m[1;32mPublicized address: [0m[1;32m192.168.3.182[0m[1;32m
1780822698.5884674 [gzserver-2] [0m[1;32m[0m[1;32m[0m[1;32m[Msg] [0m[1;32mLoading world file [[0m[1;32m/opt/ros/humble/share/gazebo_ros/worlds/empty.world[0m[1;32m][0m[1;32m
1780822698.5888467 [gzserver-2] cannot convert str:
1780822698.5889184 [gzserver-2] data size:800000
1780822698.5891056 [gzserver-2] [INFO] [1780822698.588044441] [LivoxPointsPlugin]: ros topic name: mid360
1780822698.6903102 [gzserver-2] [INFO] [1780822698.690069198] [LivoxPointsPlugin]: scan info size: 800000
1780822698.6920793 [gzserver-2] [INFO] [1780822698.691860413] [LivoxPointsPlugin]: sample: 10000
1780822698.6922300 [gzserver-2] [INFO] [1780822698.691887633] [LivoxPointsPlugin]: downsample: 1
1780822701.4898739 [gzserver-2] [INFO] [1780822701.489412458] [diff_drive_controller]: Wheel pair 1 separation set to [0.240000m]
1780822701.4903917 [gzserver-2] [1;31mError [Element.cc:914][0m Missing element description for [wheel_diameter]
1780822701.4919608 [gzserver-2] [INFO] [1780822701.491674694] [diff_drive_controller]: Subscribed to [/cmd_vel]
1780822701.4946418 [gzserver-2] [INFO] [1780822701.494379915] [diff_drive_controller]: Advertise odometry on [/odom]
1780822701.4984124 [gzserver-2] [INFO] [1780822701.498095168] [diff_drive_controller]: Publishing odom transforms between [odom] and [base_footprint]
1780822701.4986293 [gzserver-2] [INFO] [1780822701.498152018] [diff_drive_controller]: Publishing wheel transforms between [base_footprint], [wheel_front_left_joint] and [wheel_front_right_joint]
1780822701.4987295 [gzserver-2] [INFO] [1780822701.498167741] [diff_drive_controller]: Publishing wheel transforms between [base_footprint], [wheel_rear_left_joint] and [wheel_rear_right_joint]
1780822780.4023366 [WARNING] [launch]: user interrupted with ctrl-c (SIGINT)
1780822780.5142636 [INFO] [robot_state_publisher-1]: process has finished cleanly [pid 284886]
1780822780.5208421 [INFO] [simple_test-6]: process has finished cleanly [pid 285053]
1780822780.5311604 [INFO] [cornfield_navigation_node-7]: process has finished cleanly [pid 285055]
1780822780.6114771 [INFO] [rviz2-5]: process has finished cleanly [pid 284894]
1780822780.6708927 [INFO] [gzclient-3]: process has finished cleanly [pid 284890]
1780822780.7033868 [INFO] [gzserver-2]: process has finished cleanly [pid 284888]
1780822780.7036808 [gzserver-2] [0m[1;32m[0m[1;32m[0m[1;36m[0m[1;32m[0m
1780822780.7038934 [gzserver-2] [1;33m[0m[1;31m[0m
