[0.015s] Invoking command in '/home/xkai/agribot/agribot_ws/build/agribot_simulation': __trae_PS1=\n(TraeAI-3) \w [$?] $ /usr/bin/cmake --build /home/xkai/agribot/agribot_ws/build/agribot_simulation -- -j8 -l8
[0.035s] -- Found ament_cmake: 1.3.14 (/opt/ros/humble/share/ament_cmake/cmake)
[0.151s] -- Override CMake install command with custom implementation using symlinks instead of copying resources
[0.171s] -- Found ament_lint_auto: 0.12.15 (/opt/ros/humble/share/ament_lint_auto/cmake)
[0.172s] [0mCMake Error: File /home/xkai/agribot/agribot_ws/src/agribot_simulation/package.xml does not exist.[0m
[0.172s] [31mCMake Error at /opt/ros/humble/share/ament_cmake_core/cmake/core/stamp.cmake:24 (configure_file):
[0.172s]   configure_file Problem configuring file
[0.172s] Call Stack (most recent call first):
[0.172s]   /opt/ros/humble/share/ament_cmake_core/cmake/core/ament_package_xml.cmake:73 (stamp)
[0.172s]   /opt/ros/humble/share/ament_cmake_core/cmake/core/ament_package_xml.cmake:49 (_ament_package_xml)
[0.172s]   /opt/ros/humble/share/ament_lint_auto/cmake/ament_lint_auto_find_test_dependencies.cmake:31 (ament_package_xml)
[0.172s]   CMakeLists.txt:23 (ament_lint_auto_find_test_dependencies)
[0.173s] 
[0.173s] [0m
[0.173s] [0mCMake Error: File /home/xkai/agribot/agribot_ws/src/agribot_simulation/package.xml does not exist.[0m
[0.173s] [31mCMake Error at /opt/ros/humble/share/ament_cmake_core/cmake/core/stamp.cmake:24 (configure_file):
[0.173s]   configure_file Problem configuring file
[0.173s] Call Stack (most recent call first):
[0.173s]   /opt/ros/humble/share/ament_cmake_core/cmake/core/ament_package_xml.cmake:73 (stamp)
[0.173s]   /opt/ros/humble/share/ament_cmake_core/cmake/core/ament_package_xml.cmake:49 (_ament_package_xml)
[0.173s]   /opt/ros/humble/share/ament_cmake_core/cmake/core/ament_package.cmake:63 (ament_package_xml)
[0.173s]   CMakeLists.txt:34 (ament_package)
[0.173s] 
[0.173s] [0m
[0.178s] -- Configuring incomplete, errors occurred!
[0.178s] See also "/home/xkai/agribot/agribot_ws/build/agribot_simulation/CMakeFiles/CMakeOutput.log".
[0.180s] gmake: *** [Makefile:226：cmake_check_build_system] 错误 1
[0.182s] Invoked command in '/home/xkai/agribot/agribot_ws/build/agribot_simulation' returned '2': __trae_PS1=\n(TraeAI-3) \w [$?] $ /usr/bin/cmake --build /home/xkai/agribot/agribot_ws/build/agribot_simulation -- -j8 -l8
