[0.019s] Invoking command in '/home/xkai/agribot/agribot_ws/build/centerline_extraction': CMAKE_PREFIX_PATH=/opt/ros/humble /usr/bin/cmake --build /home/xkai/agribot/agribot_ws/build/centerline_extraction -- -j8 -l8
[0.044s] -- Found ament_cmake: 1.3.12 (/opt/ros/humble/share/ament_cmake/cmake)
[0.168s] -- Found rclcpp: 16.0.14 (/opt/ros/humble/share/rclcpp/cmake)
[0.201s] -- Found rosidl_generator_c: 3.1.7 (/opt/ros/humble/share/rosidl_generator_c/cmake)
[0.203s] -- Found rosidl_adapter: 3.1.7 (/opt/ros/humble/share/rosidl_adapter/cmake)
[0.209s] -- Found rosidl_generator_cpp: 3.1.7 (/opt/ros/humble/share/rosidl_generator_cpp/cmake)
[0.219s] -- Using all available rosidl_typesupport_c: rosidl_typesupport_fastrtps_c;rosidl_typesupport_introspection_c
[0.233s] -- Using all available rosidl_typesupport_cpp: rosidl_typesupport_fastrtps_cpp;rosidl_typesupport_introspection_cpp
[0.266s] -- Found rmw_implementation_cmake: 6.1.2 (/opt/ros/humble/share/rmw_implementation_cmake/cmake)
[0.267s] -- Found rmw_fastrtps_cpp: 6.2.8 (/opt/ros/humble/share/rmw_fastrtps_cpp/cmake)
[0.361s] -- Using RMW implementation 'rmw_fastrtps_cpp' as default
[0.407s] -- Found sensor_msgs: 4.9.0 (/opt/ros/humble/share/sensor_msgs/cmake)
[0.434s] -- Found nav_msgs: 4.9.0 (/opt/ros/humble/share/nav_msgs/cmake)
[0.449s] -- Found visualization_msgs: 4.9.0 (/opt/ros/humble/share/visualization_msgs/cmake)
[0.466s] -- Found pcl_conversions: 2.4.5 (/opt/ros/humble/share/pcl_conversions/cmake)
[0.495s] -- Eigen found (include: /usr/include/eigen3, version: 3.4.0)
[0.520s] -- FLANN found (include: /usr/include, lib: /usr/lib/x86_64-linux-gnu/libflann_cpp.so)
[0.760s] -- OpenNI found (version: 1.5.4.0, include: /usr/include/ni, lib: /usr/lib/libOpenNI.so;libusb::libusb)
[0.765s] -- OpenNI2 found (version: 2.2.0.33, include: /usr/include/openni2, lib: /usr/lib/x86_64-linux-gnu/libOpenNI2.so;libusb::libusb)
[0.895s] -- Eigen found (include: /usr/include/eigen3, version: 3.4.0)
[0.900s] -- OpenNI found (version: 1.5.4.0, include: /usr/include/ni, lib: /usr/lib/libOpenNI.so;libusb::libusb)
[0.905s] -- OpenNI2 found (version: 2.2.0.33, include: /usr/include/openni2, lib: /usr/lib/x86_64-linux-gnu/libOpenNI2.so;libusb::libusb)
[1.025s] -- Found Qhull version 8.0.2
[1.156s] -- OpenNI found (version: 1.5.4.0, include: /usr/include/ni, lib: /usr/lib/libOpenNI.so;libusb::libusb)
[1.298s] -- Found tf2: 0.25.16 (/opt/ros/humble/share/tf2/cmake)
[1.302s] -- Found tf2_geometry_msgs: 0.25.16 (/opt/ros/humble/share/tf2_geometry_msgs/cmake)
[1.305s] -- Found eigen3_cmake_module: 0.1.1 (/opt/ros/humble/share/eigen3_cmake_module/cmake)
[1.306s] -- Ensuring Eigen3 include directory is part of orocos-kdl CMake target
[1.406s] -- Found ament_lint_auto: 0.12.14 (/opt/ros/humble/share/ament_lint_auto/cmake)
[1.465s] -- Added test 'cppcheck' to perform static code analysis on C / C++ code
[1.465s] -- Configured cppcheck include dirs: /home/xkai/agribot/agribot_ws/src/centerline_extraction/include
[1.465s] -- Configured cppcheck exclude dirs and/or files: 
[1.466s] -- Added test 'lint_cmake' to check CMake code style
[1.467s] -- Added test 'uncrustify' to check C / C++ code style
[1.467s] -- Configured uncrustify additional arguments: 
[1.468s] -- Added test 'xmllint' to check XML markup files
[1.469s] -- Configuring done
[1.536s] -- Generating done
[1.561s] -- Build files have been written to: /home/xkai/agribot/agribot_ws/build/centerline_extraction
[1.590s] [35m[1mConsolidate compiler generated dependencies of target pcl_learning[0m
[1.591s] [35m[1mConsolidate compiler generated dependencies of target centerline_extract[0m
[1.596s] [35m[1mConsolidate compiler generated dependencies of target cornfield_navigation_node[0m
[1.612s] [ 11%] [32mBuilding CXX object CMakeFiles/pcl_learning.dir/src/pcl_learning.cpp.o[0m
[1.621s] [ 22%] [32mBuilding CXX object CMakeFiles/centerline_extract.dir/src/centerline_extract.cpp.o[0m
[1.631s] [ 33%] [32mBuilding CXX object CMakeFiles/cornfield_navigation_node.dir/src/corn_row_detector.cpp.o[0m
[1.632s] [ 44%] [32mBuilding CXX object CMakeFiles/cornfield_navigation_node.dir/src/pure_pursuit_controller.cpp.o[0m
[1.632s] [ 55%] [32mBuilding CXX object CMakeFiles/cornfield_navigation_node.dir/src/obstacle_detector.cpp.o[0m
[1.640s] [ 66%] [32mBuilding CXX object CMakeFiles/cornfield_navigation_node.dir/src/main.cpp.o[0m
[16.293s] [01m[K/home/xkai/agribot/agribot_ws/src/centerline_extraction/src/corn_row_detector.cpp:[m[K In member function ‘[01m[Kstd::vector<geometry_msgs::msg::PoseStamped_<std::allocator<void> >, std::allocator<geometry_msgs::msg::PoseStamped_<std::allocator<void> > > > CornRowDetector::temporal_smoothing(const std::vector<geometry_msgs::msg::PoseStamped_<std::allocator<void> >, std::allocator<geometry_msgs::msg::PoseStamped_<std::allocator<void> > > >&)[m[K’:
[16.293s] [01m[K/home/xkai/agribot/agribot_ws/src/centerline_extraction/src/corn_row_detector.cpp:361:50:[m[K [01;35m[Kwarning: [m[Kcomparison of integer expressions of different signedness: ‘[01m[Kint[m[K’ and ‘[01m[Ksize_t[m[K’ {aka ‘[01m[Klong unsigned int[m[K’} [[01;35m[K]8;;https://gcc.gnu.org/onlinedocs/gcc/Warning-Options.html#index-Wsign-compare-Wsign-compare]8;;[m[K]
[16.293s]   361 |     while ([01;35m[Kstatic_cast<int>(path_buffer_.size()) > time_window_size_[m[K) {  // 显式转换为int
[16.294s]       |            [01;35m[K~~~~~~~~~~~~~~~~~~~~~~~~~~~~~~~~~~~~~~^~~~~~~~~~~~~~~~~~~[m[K
[16.294s] [01m[K/home/xkai/agribot/agribot_ws/src/centerline_extraction/src/corn_row_detector.cpp:367:47:[m[K [01;35m[Kwarning: [m[Kcomparison of integer expressions of different signedness: ‘[01m[Kint[m[K’ and ‘[01m[Ksize_t[m[K’ {aka ‘[01m[Klong unsigned int[m[K’} [[01;35m[K]8;;https://gcc.gnu.org/onlinedocs/gcc/Warning-Options.html#index-Wsign-compare-Wsign-compare]8;;[m[K]
[16.294s]   367 |     if ([01;35m[Kstatic_cast<int>(path_buffer_.size()) < time_window_size_[m[K) {  // 显式转换为int
[16.294s]       |         [01;35m[K~~~~~~~~~~~~~~~~~~~~~~~~~~~~~~~~~~~~~~^~~~~~~~~~~~~~~~~~~[m[K
[25.157s] [ 77%] [32m[1mLinking CXX executable centerline_extract[0m
[27.079s] [ 88%] [32m[1mLinking CXX executable pcl_learning[0m
[27.940s] [100%] [32m[1mLinking CXX executable cornfield_navigation_node[0m
[28.094s] [100%] Built target centerline_extract
[29.567s] [100%] Built target pcl_learning
[31.577s] [100%] Built target cornfield_navigation_node
[31.592s] Invoked command in '/home/xkai/agribot/agribot_ws/build/centerline_extraction' returned '0': CMAKE_PREFIX_PATH=/opt/ros/humble /usr/bin/cmake --build /home/xkai/agribot/agribot_ws/build/centerline_extraction -- -j8 -l8
[31.594s] Invoking command in '/home/xkai/agribot/agribot_ws/build/centerline_extraction': CMAKE_PREFIX_PATH=/opt/ros/humble /usr/bin/cmake --install /home/xkai/agribot/agribot_ws/build/centerline_extraction
[31.605s] -- Install configuration: ""
[31.605s] -- Up-to-date: /home/xkai/agribot/agribot_ws/install/centerline_extraction/include//include
[31.606s] -- Up-to-date: /home/xkai/agribot/agribot_ws/install/centerline_extraction/include//include/centerline_extraction
[31.606s] -- Installing: /home/xkai/agribot/agribot_ws/install/centerline_extraction/include//include/centerline_extraction/pid_controller.hpp
[31.607s] -- Installing: /home/xkai/agribot/agribot_ws/install/centerline_extraction/share/centerline_extraction/package.dsv
[31.609s] Invoked command in '/home/xkai/agribot/agribot_ws/build/centerline_extraction' returned '0': CMAKE_PREFIX_PATH=/opt/ros/humble /usr/bin/cmake --install /home/xkai/agribot/agribot_ws/build/centerline_extraction
