[0.099s] DEBUG:colcon:Command line arguments: ['/usr/bin/colcon', 'build']
[0.100s] DEBUG:colcon:Parsed command line arguments: Namespace(log_base=None, log_level=None, verb_name='build', build_base='build', install_base='install', merge_install=False, symlink_install=False, test_result_base=None, continue_on_error=False, executor='parallel', parallel_workers=8, event_handlers=None, ignore_user_meta=False, metas=['./colcon.meta'], base_paths=['.'], packages_ignore=None, packages_ignore_regex=None, paths=None, packages_up_to=None, packages_up_to_regex=None, packages_above=None, packages_above_and_dependencies=None, packages_above_depth=None, packages_select_by_dep=None, packages_skip_by_dep=None, packages_skip_up_to=None, packages_select_build_failed=False, packages_skip_build_finished=False, packages_select_test_failures=False, packages_skip_test_passed=False, packages_select=None, packages_skip=None, packages_select_regex=None, packages_skip_regex=None, packages_start=None, packages_end=None, allow_overriding=[], cmake_args=None, cmake_target=None, cmake_target_skip_unavailable=False, cmake_clean_cache=False, cmake_clean_first=False, cmake_force_configure=False, ament_cmake_args=None, catkin_cmake_args=None, catkin_skip_building_tests=False, verb_parser=<colcon_defaults.argument_parser.defaults.DefaultArgumentsDecorator object at 0x7f60b892ba60>, verb_extension=<colcon_core.verb.build.BuildVerb object at 0x7f60b892b4f0>, main=<bound method BuildVerb.main of <colcon_core.verb.build.BuildVerb object at 0x7f60b892b4f0>>)
[0.246s] Level 1:colcon.colcon_core.package_discovery:discover_packages(colcon_meta) check parameters
[0.246s] Level 1:colcon.colcon_core.package_discovery:discover_packages(recursive) check parameters
[0.246s] Level 1:colcon.colcon_core.package_discovery:discover_packages(ignore) check parameters
[0.246s] Level 1:colcon.colcon_core.package_discovery:discover_packages(path) check parameters
[0.246s] Level 1:colcon.colcon_core.package_discovery:discover_packages(colcon_meta) discover
[0.246s] Level 1:colcon.colcon_core.package_discovery:discover_packages(recursive) discover
[0.246s] INFO:colcon.colcon_core.package_discovery:Crawling recursively for packages in '/home/xkai/agribot/agribot_ws'
[0.247s] Level 1:colcon.colcon_core.package_identification:_identify(.) by extensions ['ignore', 'ignore_ament_install']
[0.247s] Level 1:colcon.colcon_core.package_identification:_identify(.) by extension 'ignore'
[0.247s] Level 1:colcon.colcon_core.package_identification:_identify(.) by extension 'ignore_ament_install'
[0.247s] Level 1:colcon.colcon_core.package_identification:_identify(.) by extensions ['colcon_pkg']
[0.247s] Level 1:colcon.colcon_core.package_identification:_identify(.) by extension 'colcon_pkg'
[0.247s] Level 1:colcon.colcon_core.package_identification:_identify(.) by extensions ['colcon_meta']
[0.247s] Level 1:colcon.colcon_core.package_identification:_identify(.) by extension 'colcon_meta'
[0.247s] Level 1:colcon.colcon_core.package_identification:_identify(.) by extensions ['ros']
[0.247s] Level 1:colcon.colcon_core.package_identification:_identify(.) by extension 'ros'
[0.257s] Level 1:colcon.colcon_core.package_identification:_identify(.) by extensions ['cmake', 'python']
[0.257s] Level 1:colcon.colcon_core.package_identification:_identify(.) by extension 'cmake'
[0.257s] Level 1:colcon.colcon_core.package_identification:_identify(.) by extension 'python'
[0.257s] Level 1:colcon.colcon_core.package_identification:_identify(.) by extensions ['python_setup_py']
[0.257s] Level 1:colcon.colcon_core.package_identification:_identify(.) by extension 'python_setup_py'
[0.257s] Level 1:colcon.colcon_core.package_identification:_identify(build) by extensions ['ignore', 'ignore_ament_install']
[0.257s] Level 1:colcon.colcon_core.package_identification:_identify(build) by extension 'ignore'
[0.257s] Level 1:colcon.colcon_core.package_identification:_identify(build) ignored
[0.257s] Level 1:colcon.colcon_core.package_identification:_identify(install) by extensions ['ignore', 'ignore_ament_install']
[0.257s] Level 1:colcon.colcon_core.package_identification:_identify(install) by extension 'ignore'
[0.257s] Level 1:colcon.colcon_core.package_identification:_identify(install) ignored
[0.258s] Level 1:colcon.colcon_core.package_identification:_identify(log) by extensions ['ignore', 'ignore_ament_install']
[0.258s] Level 1:colcon.colcon_core.package_identification:_identify(log) by extension 'ignore'
[0.258s] Level 1:colcon.colcon_core.package_identification:_identify(log) ignored
[0.258s] Level 1:colcon.colcon_core.package_identification:_identify(src) by extensions ['ignore', 'ignore_ament_install']
[0.258s] Level 1:colcon.colcon_core.package_identification:_identify(src) by extension 'ignore'
[0.258s] Level 1:colcon.colcon_core.package_identification:_identify(src) by extension 'ignore_ament_install'
[0.258s] Level 1:colcon.colcon_core.package_identification:_identify(src) by extensions ['colcon_pkg']
[0.258s] Level 1:colcon.colcon_core.package_identification:_identify(src) by extension 'colcon_pkg'
[0.258s] Level 1:colcon.colcon_core.package_identification:_identify(src) by extensions ['colcon_meta']
[0.258s] Level 1:colcon.colcon_core.package_identification:_identify(src) by extension 'colcon_meta'
[0.258s] Level 1:colcon.colcon_core.package_identification:_identify(src) by extensions ['ros']
[0.258s] Level 1:colcon.colcon_core.package_identification:_identify(src) by extension 'ros'
[0.258s] Level 1:colcon.colcon_core.package_identification:_identify(src) by extensions ['cmake', 'python']
[0.258s] Level 1:colcon.colcon_core.package_identification:_identify(src) by extension 'cmake'
[0.259s] Level 1:colcon.colcon_core.package_identification:_identify(src) by extension 'python'
[0.259s] Level 1:colcon.colcon_core.package_identification:_identify(src) by extensions ['python_setup_py']
[0.259s] Level 1:colcon.colcon_core.package_identification:_identify(src) by extension 'python_setup_py'
[0.259s] Level 1:colcon.colcon_core.package_identification:_identify(src/agribot_simulation) by extensions ['ignore', 'ignore_ament_install']
[0.259s] Level 1:colcon.colcon_core.package_identification:_identify(src/agribot_simulation) by extension 'ignore'
[0.259s] Level 1:colcon.colcon_core.package_identification:_identify(src/agribot_simulation) by extension 'ignore_ament_install'
[0.259s] Level 1:colcon.colcon_core.package_identification:_identify(src/agribot_simulation) by extensions ['colcon_pkg']
[0.259s] Level 1:colcon.colcon_core.package_identification:_identify(src/agribot_simulation) by extension 'colcon_pkg'
[0.259s] Level 1:colcon.colcon_core.package_identification:_identify(src/agribot_simulation) by extensions ['colcon_meta']
[0.259s] Level 1:colcon.colcon_core.package_identification:_identify(src/agribot_simulation) by extension 'colcon_meta'
[0.259s] Level 1:colcon.colcon_core.package_identification:_identify(src/agribot_simulation) by extensions ['ros']
[0.259s] Level 1:colcon.colcon_core.package_identification:_identify(src/agribot_simulation) by extension 'ros'
[0.261s] DEBUG:colcon.colcon_core.package_identification:Package 'src/agribot_simulation' with type 'ros.ament_cmake' and name 'agribot_simulation'
[0.261s] Level 1:colcon.colcon_core.package_identification:_identify(src/centerline_extraction) by extensions ['ignore', 'ignore_ament_install']
[0.262s] Level 1:colcon.colcon_core.package_identification:_identify(src/centerline_extraction) by extension 'ignore'
[0.262s] Level 1:colcon.colcon_core.package_identification:_identify(src/centerline_extraction) by extension 'ignore_ament_install'
[0.262s] Level 1:colcon.colcon_core.package_identification:_identify(src/centerline_extraction) by extensions ['colcon_pkg']
[0.262s] Level 1:colcon.colcon_core.package_identification:_identify(src/centerline_extraction) by extension 'colcon_pkg'
[0.262s] Level 1:colcon.colcon_core.package_identification:_identify(src/centerline_extraction) by extensions ['colcon_meta']
[0.262s] Level 1:colcon.colcon_core.package_identification:_identify(src/centerline_extraction) by extension 'colcon_meta'
[0.262s] Level 1:colcon.colcon_core.package_identification:_identify(src/centerline_extraction) by extensions ['ros']
[0.262s] Level 1:colcon.colcon_core.package_identification:_identify(src/centerline_extraction) by extension 'ros'
[0.263s] DEBUG:colcon.colcon_core.package_identification:Package 'src/centerline_extraction' with type 'ros.ament_cmake' and name 'centerline_extraction'
[0.263s] Level 1:colcon.colcon_core.package_identification:_identify(src/livox_laser_simulation_ros2) by extensions ['ignore', 'ignore_ament_install']
[0.263s] Level 1:colcon.colcon_core.package_identification:_identify(src/livox_laser_simulation_ros2) by extension 'ignore'
[0.263s] Level 1:colcon.colcon_core.package_identification:_identify(src/livox_laser_simulation_ros2) by extension 'ignore_ament_install'
[0.263s] Level 1:colcon.colcon_core.package_identification:_identify(src/livox_laser_simulation_ros2) by extensions ['colcon_pkg']
[0.263s] Level 1:colcon.colcon_core.package_identification:_identify(src/livox_laser_simulation_ros2) by extension 'colcon_pkg'
[0.263s] Level 1:colcon.colcon_core.package_identification:_identify(src/livox_laser_simulation_ros2) by extensions ['colcon_meta']
[0.263s] Level 1:colcon.colcon_core.package_identification:_identify(src/livox_laser_simulation_ros2) by extension 'colcon_meta'
[0.264s] Level 1:colcon.colcon_core.package_identification:_identify(src/livox_laser_simulation_ros2) by extensions ['ros']
[0.264s] Level 1:colcon.colcon_core.package_identification:_identify(src/livox_laser_simulation_ros2) by extension 'ros'
[0.265s] DEBUG:colcon.colcon_core.package_identification:Package 'src/livox_laser_simulation_ros2' with type 'ros.ament_cmake' and name 'ros2_livox_simulation'
[0.265s] Level 1:colcon.colcon_core.package_identification:_identify(src/livox_ros_driver2) by extensions ['ignore', 'ignore_ament_install']
[0.265s] Level 1:colcon.colcon_core.package_identification:_identify(src/livox_ros_driver2) by extension 'ignore'
[0.265s] Level 1:colcon.colcon_core.package_identification:_identify(src/livox_ros_driver2) by extension 'ignore_ament_install'
[0.265s] Level 1:colcon.colcon_core.package_identification:_identify(src/livox_ros_driver2) by extensions ['colcon_pkg']
[0.265s] Level 1:colcon.colcon_core.package_identification:_identify(src/livox_ros_driver2) by extension 'colcon_pkg'
[0.265s] Level 1:colcon.colcon_core.package_identification:_identify(src/livox_ros_driver2) by extensions ['colcon_meta']
[0.265s] Level 1:colcon.colcon_core.package_identification:_identify(src/livox_ros_driver2) by extension 'colcon_meta'
[0.265s] Level 1:colcon.colcon_core.package_identification:_identify(src/livox_ros_driver2) by extensions ['ros']
[0.265s] Level 1:colcon.colcon_core.package_identification:_identify(src/livox_ros_driver2) by extension 'ros'
[0.266s] DEBUG:colcon.colcon_core.package_identification:Package 'src/livox_ros_driver2' with type 'ros.ament_cmake' and name 'livox_ros_driver2'
[0.266s] Level 1:colcon.colcon_core.package_discovery:discover_packages(recursive) using defaults
[0.266s] Level 1:colcon.colcon_core.package_discovery:discover_packages(ignore) discover
[0.267s] Level 1:colcon.colcon_core.package_discovery:discover_packages(ignore) using defaults
[0.267s] Level 1:colcon.colcon_core.package_discovery:discover_packages(path) discover
[0.267s] Level 1:colcon.colcon_core.package_discovery:discover_packages(path) using defaults
[0.284s] Level 1:colcon.colcon_core.package_discovery:discover_packages(prefix_path) check parameters
[0.284s] Level 1:colcon.colcon_core.package_discovery:discover_packages(prefix_path) discover
[0.286s] DEBUG:colcon.colcon_installed_package_information.package_discovery:Found 4 installed packages in /home/xkai/agribot/agribot_ws/install
[0.287s] DEBUG:colcon.colcon_installed_package_information.package_discovery:Found 323 installed packages in /opt/ros/humble
[0.296s] Level 1:colcon.colcon_core.package_discovery:discover_packages(prefix_path) using defaults
[0.332s] Level 5:colcon.colcon_core.verb:set package 'agribot_simulation' build argument 'cmake_args' from command line to 'None'
[0.332s] Level 5:colcon.colcon_core.verb:set package 'agribot_simulation' build argument 'cmake_target' from command line to 'None'
[0.332s] Level 5:colcon.colcon_core.verb:set package 'agribot_simulation' build argument 'cmake_target_skip_unavailable' from command line to 'False'
[0.332s] Level 5:colcon.colcon_core.verb:set package 'agribot_simulation' build argument 'cmake_clean_cache' from command line to 'False'
[0.332s] Level 5:colcon.colcon_core.verb:set package 'agribot_simulation' build argument 'cmake_clean_first' from command line to 'False'
[0.332s] Level 5:colcon.colcon_core.verb:set package 'agribot_simulation' build argument 'cmake_force_configure' from command line to 'False'
[0.332s] Level 5:colcon.colcon_core.verb:set package 'agribot_simulation' build argument 'ament_cmake_args' from command line to 'None'
[0.332s] Level 5:colcon.colcon_core.verb:set package 'agribot_simulation' build argument 'catkin_cmake_args' from command line to 'None'
[0.332s] Level 5:colcon.colcon_core.verb:set package 'agribot_simulation' build argument 'catkin_skip_building_tests' from command line to 'False'
[0.332s] DEBUG:colcon.colcon_core.verb:Building package 'agribot_simulation' with the following arguments: {'ament_cmake_args': None, 'build_base': '/home/xkai/agribot/agribot_ws/build/agribot_simulation', 'catkin_cmake_args': None, 'catkin_skip_building_tests': False, 'cmake_args': None, 'cmake_clean_cache': False, 'cmake_clean_first': False, 'cmake_force_configure': False, 'cmake_target': None, 'cmake_target_skip_unavailable': False, 'install_base': '/home/xkai/agribot/agribot_ws/install/agribot_simulation', 'merge_install': False, 'path': '/home/xkai/agribot/agribot_ws/src/agribot_simulation', 'symlink_install': False, 'test_result_base': None}
[0.332s] Level 5:colcon.colcon_core.verb:set package 'centerline_extraction' build argument 'cmake_args' from command line to 'None'
[0.332s] Level 5:colcon.colcon_core.verb:set package 'centerline_extraction' build argument 'cmake_target' from command line to 'None'
[0.332s] Level 5:colcon.colcon_core.verb:set package 'centerline_extraction' build argument 'cmake_target_skip_unavailable' from command line to 'False'
[0.333s] Level 5:colcon.colcon_core.verb:set package 'centerline_extraction' build argument 'cmake_clean_cache' from command line to 'False'
[0.333s] Level 5:colcon.colcon_core.verb:set package 'centerline_extraction' build argument 'cmake_clean_first' from command line to 'False'
[0.333s] Level 5:colcon.colcon_core.verb:set package 'centerline_extraction' build argument 'cmake_force_configure' from command line to 'False'
[0.333s] Level 5:colcon.colcon_core.verb:set package 'centerline_extraction' build argument 'ament_cmake_args' from command line to 'None'
[0.333s] Level 5:colcon.colcon_core.verb:set package 'centerline_extraction' build argument 'catkin_cmake_args' from command line to 'None'
[0.333s] Level 5:colcon.colcon_core.verb:set package 'centerline_extraction' build argument 'catkin_skip_building_tests' from command line to 'False'
[0.333s] DEBUG:colcon.colcon_core.verb:Building package 'centerline_extraction' with the following arguments: {'ament_cmake_args': None, 'build_base': '/home/xkai/agribot/agribot_ws/build/centerline_extraction', 'catkin_cmake_args': None, 'catkin_skip_building_tests': False, 'cmake_args': None, 'cmake_clean_cache': False, 'cmake_clean_first': False, 'cmake_force_configure': False, 'cmake_target': None, 'cmake_target_skip_unavailable': False, 'install_base': '/home/xkai/agribot/agribot_ws/install/centerline_extraction', 'merge_install': False, 'path': '/home/xkai/agribot/agribot_ws/src/centerline_extraction', 'symlink_install': False, 'test_result_base': None}
[0.333s] Level 5:colcon.colcon_core.verb:set package 'livox_ros_driver2' build argument 'cmake_args' from command line to 'None'
[0.333s] Level 5:colcon.colcon_core.verb:set package 'livox_ros_driver2' build argument 'cmake_target' from command line to 'None'
[0.333s] Level 5:colcon.colcon_core.verb:set package 'livox_ros_driver2' build argument 'cmake_target_skip_unavailable' from command line to 'False'
[0.333s] Level 5:colcon.colcon_core.verb:set package 'livox_ros_driver2' build argument 'cmake_clean_cache' from command line to 'False'
[0.333s] Level 5:colcon.colcon_core.verb:set package 'livox_ros_driver2' build argument 'cmake_clean_first' from command line to 'False'
[0.333s] Level 5:colcon.colcon_core.verb:set package 'livox_ros_driver2' build argument 'cmake_force_configure' from command line to 'False'
[0.333s] Level 5:colcon.colcon_core.verb:set package 'livox_ros_driver2' build argument 'ament_cmake_args' from command line to 'None'
[0.333s] Level 5:colcon.colcon_core.verb:set package 'livox_ros_driver2' build argument 'catkin_cmake_args' from command line to 'None'
[0.333s] Level 5:colcon.colcon_core.verb:set package 'livox_ros_driver2' build argument 'catkin_skip_building_tests' from command line to 'False'
[0.333s] DEBUG:colcon.colcon_core.verb:Building package 'livox_ros_driver2' with the following arguments: {'ament_cmake_args': None, 'build_base': '/home/xkai/agribot/agribot_ws/build/livox_ros_driver2', 'catkin_cmake_args': None, 'catkin_skip_building_tests': False, 'cmake_args': None, 'cmake_clean_cache': False, 'cmake_clean_first': False, 'cmake_force_configure': False, 'cmake_target': None, 'cmake_target_skip_unavailable': False, 'install_base': '/home/xkai/agribot/agribot_ws/install/livox_ros_driver2', 'merge_install': False, 'path': '/home/xkai/agribot/agribot_ws/src/livox_ros_driver2', 'symlink_install': False, 'test_result_base': None}
[0.334s] Level 5:colcon.colcon_core.verb:set package 'ros2_livox_simulation' build argument 'cmake_args' from command line to 'None'
[0.334s] Level 5:colcon.colcon_core.verb:set package 'ros2_livox_simulation' build argument 'cmake_target' from command line to 'None'
[0.334s] Level 5:colcon.colcon_core.verb:set package 'ros2_livox_simulation' build argument 'cmake_target_skip_unavailable' from command line to 'False'
[0.334s] Level 5:colcon.colcon_core.verb:set package 'ros2_livox_simulation' build argument 'cmake_clean_cache' from command line to 'False'
[0.334s] Level 5:colcon.colcon_core.verb:set package 'ros2_livox_simulation' build argument 'cmake_clean_first' from command line to 'False'
[0.334s] Level 5:colcon.colcon_core.verb:set package 'ros2_livox_simulation' build argument 'cmake_force_configure' from command line to 'False'
[0.334s] Level 5:colcon.colcon_core.verb:set package 'ros2_livox_simulation' build argument 'ament_cmake_args' from command line to 'None'
[0.334s] Level 5:colcon.colcon_core.verb:set package 'ros2_livox_simulation' build argument 'catkin_cmake_args' from command line to 'None'
[0.334s] Level 5:colcon.colcon_core.verb:set package 'ros2_livox_simulation' build argument 'catkin_skip_building_tests' from command line to 'False'
[0.334s] DEBUG:colcon.colcon_core.verb:Building package 'ros2_livox_simulation' with the following arguments: {'ament_cmake_args': None, 'build_base': '/home/xkai/agribot/agribot_ws/build/ros2_livox_simulation', 'catkin_cmake_args': None, 'catkin_skip_building_tests': False, 'cmake_args': None, 'cmake_clean_cache': False, 'cmake_clean_first': False, 'cmake_force_configure': False, 'cmake_target': None, 'cmake_target_skip_unavailable': False, 'install_base': '/home/xkai/agribot/agribot_ws/install/ros2_livox_simulation', 'merge_install': False, 'path': '/home/xkai/agribot/agribot_ws/src/livox_laser_simulation_ros2', 'symlink_install': False, 'test_result_base': None}
[0.334s] INFO:colcon.colcon_core.executor:Executing jobs using 'parallel' executor
[0.335s] DEBUG:colcon.colcon_parallel_executor.executor.parallel:run_until_complete
[0.335s] INFO:colcon.colcon_ros.task.ament_cmake.build:Building ROS package in '/home/xkai/agribot/agribot_ws/src/livox_ros_driver2' with build type 'ament_cmake'
[0.335s] INFO:colcon.colcon_cmake.task.cmake.build:Building CMake package in '/home/xkai/agribot/agribot_ws/src/livox_ros_driver2'
[0.337s] INFO:colcon.colcon_core.plugin_system:Skipping extension 'colcon_core.shell.bat': Not used on non-Windows systems
[0.337s] INFO:colcon.colcon_core.shell:Skip shell extension 'powershell' for command environment: Not usable outside of PowerShell
[0.337s] DEBUG:colcon.colcon_core.shell:Skip shell extension 'dsv' for command environment
[0.340s] INFO:colcon.colcon_ros.task.ament_cmake.build:Building ROS package in '/home/xkai/agribot/agribot_ws/src/agribot_simulation' with build type 'ament_cmake'
[0.340s] INFO:colcon.colcon_cmake.task.cmake.build:Building CMake package in '/home/xkai/agribot/agribot_ws/src/agribot_simulation'
[0.341s] INFO:colcon.colcon_core.shell:Skip shell extension 'powershell' for command environment: Not usable outside of PowerShell
[0.341s] DEBUG:colcon.colcon_core.shell:Skip shell extension 'dsv' for command environment
[0.343s] INFO:colcon.colcon_ros.task.ament_cmake.build:Building ROS package in '/home/xkai/agribot/agribot_ws/src/centerline_extraction' with build type 'ament_cmake'
[0.343s] INFO:colcon.colcon_cmake.task.cmake.build:Building CMake package in '/home/xkai/agribot/agribot_ws/src/centerline_extraction'
[0.344s] INFO:colcon.colcon_core.shell:Skip shell extension 'powershell' for command environment: Not usable outside of PowerShell
[0.344s] DEBUG:colcon.colcon_core.shell:Skip shell extension 'dsv' for command environment
[0.354s] DEBUG:colcon.colcon_core.event_handler.log_command:Invoking command in '/home/xkai/agribot/agribot_ws/build/livox_ros_driver2': CMAKE_PREFIX_PATH=${CMAKE_PREFIX_PATH}:/opt/ros/humble /usr/bin/cmake --build /home/xkai/agribot/agribot_ws/build/livox_ros_driver2 -- -j8 -l8
[0.358s] DEBUG:colcon.colcon_core.event_handler.log_command:Invoking command in '/home/xkai/agribot/agribot_ws/build/agribot_simulation': CMAKE_PREFIX_PATH=${CMAKE_PREFIX_PATH}:/opt/ros/humble /usr/bin/cmake --build /home/xkai/agribot/agribot_ws/build/agribot_simulation -- -j8 -l8
[0.361s] DEBUG:colcon.colcon_core.event_handler.log_command:Invoking command in '/home/xkai/agribot/agribot_ws/build/centerline_extraction': CMAKE_PREFIX_PATH=${CMAKE_PREFIX_PATH}:/opt/ros/humble /usr/bin/cmake --build /home/xkai/agribot/agribot_ws/build/centerline_extraction -- -j8 -l8
[0.390s] DEBUG:colcon.colcon_core.event_handler.log_command:Invoked command in '/home/xkai/agribot/agribot_ws/build/agribot_simulation' returned '0': CMAKE_PREFIX_PATH=${CMAKE_PREFIX_PATH}:/opt/ros/humble /usr/bin/cmake --build /home/xkai/agribot/agribot_ws/build/agribot_simulation -- -j8 -l8
[0.398s] DEBUG:colcon.colcon_core.event_handler.log_command:Invoking command in '/home/xkai/agribot/agribot_ws/build/agribot_simulation': CMAKE_PREFIX_PATH=${CMAKE_PREFIX_PATH}:/opt/ros/humble /usr/bin/cmake --install /home/xkai/agribot/agribot_ws/build/agribot_simulation
[0.416s] Level 1:colcon.colcon_core.environment:create_environment_scripts_only(agribot_simulation)
[0.424s] Level 1:colcon.colcon_core.environment:checking '/home/xkai/agribot/agribot_ws/install/agribot_simulation' for CMake module files
[0.425s] Level 1:colcon.colcon_core.environment:checking '/home/xkai/agribot/agribot_ws/install/agribot_simulation' for CMake config files
[0.425s] Level 1:colcon.colcon_core.shell:create_environment_hook('agribot_simulation', 'cmake_prefix_path')
[0.425s] INFO:colcon.colcon_core.shell:Creating environment hook '/home/xkai/agribot/agribot_ws/install/agribot_simulation/share/agribot_simulation/hook/cmake_prefix_path.ps1'
[0.426s] INFO:colcon.colcon_core.shell:Creating environment descriptor '/home/xkai/agribot/agribot_ws/install/agribot_simulation/share/agribot_simulation/hook/cmake_prefix_path.dsv'
[0.427s] INFO:colcon.colcon_core.shell:Creating environment hook '/home/xkai/agribot/agribot_ws/install/agribot_simulation/share/agribot_simulation/hook/cmake_prefix_path.sh'
[0.429s] Level 1:colcon.colcon_core.environment:checking '/home/xkai/agribot/agribot_ws/install/agribot_simulation/bin'
[0.429s] Level 1:colcon.colcon_core.environment:checking '/home/xkai/agribot/agribot_ws/install/agribot_simulation/lib/pkgconfig/agribot_simulation.pc'
[0.430s] Level 1:colcon.colcon_core.environment:checking '/home/xkai/agribot/agribot_ws/install/agribot_simulation/lib/python3.10/site-packages'
[0.430s] Level 1:colcon.colcon_core.environment:checking '/home/xkai/agribot/agribot_ws/install/agribot_simulation/bin'
[0.430s] INFO:colcon.colcon_core.shell:Creating package script '/home/xkai/agribot/agribot_ws/install/agribot_simulation/share/agribot_simulation/package.ps1'
[0.431s] INFO:colcon.colcon_core.shell:Creating package descriptor '/home/xkai/agribot/agribot_ws/install/agribot_simulation/share/agribot_simulation/package.dsv'
[0.433s] INFO:colcon.colcon_core.shell:Creating package script '/home/xkai/agribot/agribot_ws/install/agribot_simulation/share/agribot_simulation/package.sh'
[0.434s] INFO:colcon.colcon_core.shell:Creating package script '/home/xkai/agribot/agribot_ws/install/agribot_simulation/share/agribot_simulation/package.bash'
[0.435s] INFO:colcon.colcon_core.shell:Creating package script '/home/xkai/agribot/agribot_ws/install/agribot_simulation/share/agribot_simulation/package.zsh'
[0.436s] Level 1:colcon.colcon_core.environment:create_file_with_runtime_dependencies(/home/xkai/agribot/agribot_ws/install/agribot_simulation/share/colcon-core/packages/agribot_simulation)
[0.438s] DEBUG:colcon.colcon_core.event_handler.log_command:Invoked command in '/home/xkai/agribot/agribot_ws/build/agribot_simulation' returned '0': CMAKE_PREFIX_PATH=${CMAKE_PREFIX_PATH}:/opt/ros/humble /usr/bin/cmake --install /home/xkai/agribot/agribot_ws/build/agribot_simulation
[0.439s] Level 1:colcon.colcon_core.environment:create_environment_scripts_only(agribot_simulation)
[0.440s] Level 1:colcon.colcon_core.environment:checking '/home/xkai/agribot/agribot_ws/install/agribot_simulation' for CMake module files
[0.440s] Level 1:colcon.colcon_core.environment:checking '/home/xkai/agribot/agribot_ws/install/agribot_simulation' for CMake config files
[0.440s] Level 1:colcon.colcon_core.shell:create_environment_hook('agribot_simulation', 'cmake_prefix_path')
[0.441s] INFO:colcon.colcon_core.shell:Creating environment hook '/home/xkai/agribot/agribot_ws/install/agribot_simulation/share/agribot_simulation/hook/cmake_prefix_path.ps1'
[0.441s] INFO:colcon.colcon_core.shell:Creating environment descriptor '/home/xkai/agribot/agribot_ws/install/agribot_simulation/share/agribot_simulation/hook/cmake_prefix_path.dsv'
[0.442s] INFO:colcon.colcon_core.shell:Creating environment hook '/home/xkai/agribot/agribot_ws/install/agribot_simulation/share/agribot_simulation/hook/cmake_prefix_path.sh'
[0.444s] Level 1:colcon.colcon_core.environment:checking '/home/xkai/agribot/agribot_ws/install/agribot_simulation/bin'
[0.444s] Level 1:colcon.colcon_core.environment:checking '/home/xkai/agribot/agribot_ws/install/agribot_simulation/lib/pkgconfig/agribot_simulation.pc'
[0.444s] Level 1:colcon.colcon_core.environment:checking '/home/xkai/agribot/agribot_ws/install/agribot_simulation/lib/python3.10/site-packages'
[0.445s] Level 1:colcon.colcon_core.environment:checking '/home/xkai/agribot/agribot_ws/install/agribot_simulation/bin'
[0.445s] INFO:colcon.colcon_core.shell:Creating package script '/home/xkai/agribot/agribot_ws/install/agribot_simulation/share/agribot_simulation/package.ps1'
[0.446s] INFO:colcon.colcon_core.shell:Creating package descriptor '/home/xkai/agribot/agribot_ws/install/agribot_simulation/share/agribot_simulation/package.dsv'
[0.447s] INFO:colcon.colcon_core.shell:Creating package script '/home/xkai/agribot/agribot_ws/install/agribot_simulation/share/agribot_simulation/package.sh'
[0.447s] INFO:colcon.colcon_core.shell:Creating package script '/home/xkai/agribot/agribot_ws/install/agribot_simulation/share/agribot_simulation/package.bash'
[0.448s] INFO:colcon.colcon_core.shell:Creating package script '/home/xkai/agribot/agribot_ws/install/agribot_simulation/share/agribot_simulation/package.zsh'
[0.449s] Level 1:colcon.colcon_core.environment:create_file_with_runtime_dependencies(/home/xkai/agribot/agribot_ws/install/agribot_simulation/share/colcon-core/packages/agribot_simulation)
[0.459s] DEBUG:colcon.colcon_core.event_handler.log_command:Invoked command in '/home/xkai/agribot/agribot_ws/build/centerline_extraction' returned '0': CMAKE_PREFIX_PATH=${CMAKE_PREFIX_PATH}:/opt/ros/humble /usr/bin/cmake --build /home/xkai/agribot/agribot_ws/build/centerline_extraction -- -j8 -l8
[0.460s] DEBUG:colcon.colcon_core.event_handler.log_command:Invoking command in '/home/xkai/agribot/agribot_ws/build/centerline_extraction': CMAKE_PREFIX_PATH=${CMAKE_PREFIX_PATH}:/opt/ros/humble /usr/bin/cmake --install /home/xkai/agribot/agribot_ws/build/centerline_extraction
[0.471s] Level 1:colcon.colcon_core.environment:create_environment_scripts_only(centerline_extraction)
[0.471s] Level 1:colcon.colcon_core.environment:checking '/home/xkai/agribot/agribot_ws/install/centerline_extraction' for CMake module files
[0.472s] DEBUG:colcon.colcon_core.event_handler.log_command:Invoked command in '/home/xkai/agribot/agribot_ws/build/centerline_extraction' returned '0': CMAKE_PREFIX_PATH=${CMAKE_PREFIX_PATH}:/opt/ros/humble /usr/bin/cmake --install /home/xkai/agribot/agribot_ws/build/centerline_extraction
[0.472s] Level 1:colcon.colcon_core.environment:checking '/home/xkai/agribot/agribot_ws/install/centerline_extraction' for CMake config files
[0.472s] Level 1:colcon.colcon_core.shell:create_environment_hook('centerline_extraction', 'cmake_prefix_path')
[0.473s] INFO:colcon.colcon_core.shell:Creating environment hook '/home/xkai/agribot/agribot_ws/install/centerline_extraction/share/centerline_extraction/hook/cmake_prefix_path.ps1'
[0.474s] INFO:colcon.colcon_core.shell:Creating environment descriptor '/home/xkai/agribot/agribot_ws/install/centerline_extraction/share/centerline_extraction/hook/cmake_prefix_path.dsv'
[0.474s] INFO:colcon.colcon_core.shell:Creating environment hook '/home/xkai/agribot/agribot_ws/install/centerline_extraction/share/centerline_extraction/hook/cmake_prefix_path.sh'
[0.475s] Level 1:colcon.colcon_core.environment:checking '/home/xkai/agribot/agribot_ws/install/centerline_extraction/lib'
[0.475s] Level 1:colcon.colcon_core.environment:checking '/home/xkai/agribot/agribot_ws/install/centerline_extraction/bin'
[0.475s] Level 1:colcon.colcon_core.environment:checking '/home/xkai/agribot/agribot_ws/install/centerline_extraction/lib/pkgconfig/centerline_extraction.pc'
[0.475s] Level 1:colcon.colcon_core.environment:checking '/home/xkai/agribot/agribot_ws/install/centerline_extraction/lib/python3.10/site-packages'
[0.475s] Level 1:colcon.colcon_core.environment:checking '/home/xkai/agribot/agribot_ws/install/centerline_extraction/bin'
[0.476s] INFO:colcon.colcon_core.shell:Creating package script '/home/xkai/agribot/agribot_ws/install/centerline_extraction/share/centerline_extraction/package.ps1'
[0.477s] INFO:colcon.colcon_core.shell:Creating package descriptor '/home/xkai/agribot/agribot_ws/install/centerline_extraction/share/centerline_extraction/package.dsv'
[0.477s] INFO:colcon.colcon_core.shell:Creating package script '/home/xkai/agribot/agribot_ws/install/centerline_extraction/share/centerline_extraction/package.sh'
[0.478s] INFO:colcon.colcon_core.shell:Creating package script '/home/xkai/agribot/agribot_ws/install/centerline_extraction/share/centerline_extraction/package.bash'
[0.478s] INFO:colcon.colcon_core.shell:Creating package script '/home/xkai/agribot/agribot_ws/install/centerline_extraction/share/centerline_extraction/package.zsh'
[0.479s] Level 1:colcon.colcon_core.environment:create_file_with_runtime_dependencies(/home/xkai/agribot/agribot_ws/install/centerline_extraction/share/colcon-core/packages/centerline_extraction)
[0.479s] Level 1:colcon.colcon_core.environment:create_environment_scripts_only(centerline_extraction)
[0.480s] Level 1:colcon.colcon_core.environment:checking '/home/xkai/agribot/agribot_ws/install/centerline_extraction' for CMake module files
[0.480s] Level 1:colcon.colcon_core.environment:checking '/home/xkai/agribot/agribot_ws/install/centerline_extraction' for CMake config files
[0.480s] Level 1:colcon.colcon_core.shell:create_environment_hook('centerline_extraction', 'cmake_prefix_path')
[0.481s] INFO:colcon.colcon_core.shell:Creating environment hook '/home/xkai/agribot/agribot_ws/install/centerline_extraction/share/centerline_extraction/hook/cmake_prefix_path.ps1'
[0.481s] INFO:colcon.colcon_core.shell:Creating environment descriptor '/home/xkai/agribot/agribot_ws/install/centerline_extraction/share/centerline_extraction/hook/cmake_prefix_path.dsv'
[0.482s] INFO:colcon.colcon_core.shell:Creating environment hook '/home/xkai/agribot/agribot_ws/install/centerline_extraction/share/centerline_extraction/hook/cmake_prefix_path.sh'
[0.482s] Level 1:colcon.colcon_core.environment:checking '/home/xkai/agribot/agribot_ws/install/centerline_extraction/lib'
[0.483s] Level 1:colcon.colcon_core.environment:checking '/home/xkai/agribot/agribot_ws/install/centerline_extraction/bin'
[0.483s] Level 1:colcon.colcon_core.environment:checking '/home/xkai/agribot/agribot_ws/install/centerline_extraction/lib/pkgconfig/centerline_extraction.pc'
[0.483s] Level 1:colcon.colcon_core.environment:checking '/home/xkai/agribot/agribot_ws/install/centerline_extraction/lib/python3.10/site-packages'
[0.483s] Level 1:colcon.colcon_core.environment:checking '/home/xkai/agribot/agribot_ws/install/centerline_extraction/bin'
[0.483s] INFO:colcon.colcon_core.shell:Creating package script '/home/xkai/agribot/agribot_ws/install/centerline_extraction/share/centerline_extraction/package.ps1'
[0.484s] INFO:colcon.colcon_core.shell:Creating package descriptor '/home/xkai/agribot/agribot_ws/install/centerline_extraction/share/centerline_extraction/package.dsv'
[0.484s] INFO:colcon.colcon_core.shell:Creating package script '/home/xkai/agribot/agribot_ws/install/centerline_extraction/share/centerline_extraction/package.sh'
[0.485s] INFO:colcon.colcon_core.shell:Creating package script '/home/xkai/agribot/agribot_ws/install/centerline_extraction/share/centerline_extraction/package.bash'
[0.485s] INFO:colcon.colcon_core.shell:Creating package script '/home/xkai/agribot/agribot_ws/install/centerline_extraction/share/centerline_extraction/package.zsh'
[0.486s] Level 1:colcon.colcon_core.environment:create_file_with_runtime_dependencies(/home/xkai/agribot/agribot_ws/install/centerline_extraction/share/colcon-core/packages/centerline_extraction)
[0.744s] DEBUG:colcon.colcon_core.event_handler.log_command:Invoked command in '/home/xkai/agribot/agribot_ws/build/livox_ros_driver2' returned '0': CMAKE_PREFIX_PATH=${CMAKE_PREFIX_PATH}:/opt/ros/humble /usr/bin/cmake --build /home/xkai/agribot/agribot_ws/build/livox_ros_driver2 -- -j8 -l8
[0.746s] DEBUG:colcon.colcon_core.event_handler.log_command:Invoking command in '/home/xkai/agribot/agribot_ws/build/livox_ros_driver2': CMAKE_PREFIX_PATH=${CMAKE_PREFIX_PATH}:/opt/ros/humble /usr/bin/cmake --install /home/xkai/agribot/agribot_ws/build/livox_ros_driver2
[0.802s] Level 1:colcon.colcon_core.environment:create_environment_scripts_only(livox_ros_driver2)
[0.802s] Level 1:colcon.colcon_core.environment:checking '/home/xkai/agribot/agribot_ws/install/livox_ros_driver2' for CMake module files
[0.804s] Level 1:colcon.colcon_core.environment:checking '/home/xkai/agribot/agribot_ws/install/livox_ros_driver2' for CMake config files
[0.804s] DEBUG:colcon.colcon_core.event_handler.log_command:Invoked command in '/home/xkai/agribot/agribot_ws/build/livox_ros_driver2' returned '0': CMAKE_PREFIX_PATH=${CMAKE_PREFIX_PATH}:/opt/ros/humble /usr/bin/cmake --install /home/xkai/agribot/agribot_ws/build/livox_ros_driver2
[0.804s] Level 1:colcon.colcon_core.shell:create_environment_hook('livox_ros_driver2', 'cmake_prefix_path')
[0.804s] INFO:colcon.colcon_core.shell:Creating environment hook '/home/xkai/agribot/agribot_ws/install/livox_ros_driver2/share/livox_ros_driver2/hook/cmake_prefix_path.ps1'
[0.805s] INFO:colcon.colcon_core.shell:Creating environment descriptor '/home/xkai/agribot/agribot_ws/install/livox_ros_driver2/share/livox_ros_driver2/hook/cmake_prefix_path.dsv'
[0.805s] INFO:colcon.colcon_core.shell:Creating environment hook '/home/xkai/agribot/agribot_ws/install/livox_ros_driver2/share/livox_ros_driver2/hook/cmake_prefix_path.sh'
[0.806s] Level 1:colcon.colcon_core.environment:checking '/home/xkai/agribot/agribot_ws/install/livox_ros_driver2/lib'
[0.806s] Level 1:colcon.colcon_core.shell:create_environment_hook('livox_ros_driver2', 'ld_library_path_lib')
[0.806s] INFO:colcon.colcon_core.shell:Creating environment hook '/home/xkai/agribot/agribot_ws/install/livox_ros_driver2/share/livox_ros_driver2/hook/ld_library_path_lib.ps1'
[0.806s] INFO:colcon.colcon_core.shell:Creating environment descriptor '/home/xkai/agribot/agribot_ws/install/livox_ros_driver2/share/livox_ros_driver2/hook/ld_library_path_lib.dsv'
[0.806s] INFO:colcon.colcon_core.shell:Creating environment hook '/home/xkai/agribot/agribot_ws/install/livox_ros_driver2/share/livox_ros_driver2/hook/ld_library_path_lib.sh'
[0.807s] Level 1:colcon.colcon_core.environment:checking '/home/xkai/agribot/agribot_ws/install/livox_ros_driver2/bin'
[0.807s] Level 1:colcon.colcon_core.environment:checking '/home/xkai/agribot/agribot_ws/install/livox_ros_driver2/lib/pkgconfig/livox_ros_driver2.pc'
[0.807s] Level 1:colcon.colcon_core.environment:checking '/home/xkai/agribot/agribot_ws/install/livox_ros_driver2/lib/python3.10/site-packages'
[0.807s] Level 1:colcon.colcon_core.environment:checking '/home/xkai/agribot/agribot_ws/install/livox_ros_driver2/bin'
[0.807s] INFO:colcon.colcon_core.shell:Creating package script '/home/xkai/agribot/agribot_ws/install/livox_ros_driver2/share/livox_ros_driver2/package.ps1'
[0.808s] INFO:colcon.colcon_core.shell:Creating package descriptor '/home/xkai/agribot/agribot_ws/install/livox_ros_driver2/share/livox_ros_driver2/package.dsv'
[0.808s] INFO:colcon.colcon_core.shell:Creating package script '/home/xkai/agribot/agribot_ws/install/livox_ros_driver2/share/livox_ros_driver2/package.sh'
[0.808s] INFO:colcon.colcon_core.shell:Creating package script '/home/xkai/agribot/agribot_ws/install/livox_ros_driver2/share/livox_ros_driver2/package.bash'
[0.809s] INFO:colcon.colcon_core.shell:Creating package script '/home/xkai/agribot/agribot_ws/install/livox_ros_driver2/share/livox_ros_driver2/package.zsh'
[0.809s] Level 1:colcon.colcon_core.environment:create_file_with_runtime_dependencies(/home/xkai/agribot/agribot_ws/install/livox_ros_driver2/share/colcon-core/packages/livox_ros_driver2)
[0.810s] Level 1:colcon.colcon_core.environment:create_environment_scripts_only(livox_ros_driver2)
[0.810s] Level 1:colcon.colcon_core.environment:checking '/home/xkai/agribot/agribot_ws/install/livox_ros_driver2' for CMake module files
[0.810s] Level 1:colcon.colcon_core.environment:checking '/home/xkai/agribot/agribot_ws/install/livox_ros_driver2' for CMake config files
[0.811s] Level 1:colcon.colcon_core.shell:create_environment_hook('livox_ros_driver2', 'cmake_prefix_path')
[0.811s] INFO:colcon.colcon_core.shell:Creating environment hook '/home/xkai/agribot/agribot_ws/install/livox_ros_driver2/share/livox_ros_driver2/hook/cmake_prefix_path.ps1'
[0.811s] INFO:colcon.colcon_core.shell:Creating environment descriptor '/home/xkai/agribot/agribot_ws/install/livox_ros_driver2/share/livox_ros_driver2/hook/cmake_prefix_path.dsv'
[0.811s] INFO:colcon.colcon_core.shell:Creating environment hook '/home/xkai/agribot/agribot_ws/install/livox_ros_driver2/share/livox_ros_driver2/hook/cmake_prefix_path.sh'
[0.812s] Level 1:colcon.colcon_core.environment:checking '/home/xkai/agribot/agribot_ws/install/livox_ros_driver2/lib'
[0.812s] Level 1:colcon.colcon_core.shell:create_environment_hook('livox_ros_driver2', 'ld_library_path_lib')
[0.812s] INFO:colcon.colcon_core.shell:Creating environment hook '/home/xkai/agribot/agribot_ws/install/livox_ros_driver2/share/livox_ros_driver2/hook/ld_library_path_lib.ps1'
[0.812s] INFO:colcon.colcon_core.shell:Creating environment descriptor '/home/xkai/agribot/agribot_ws/install/livox_ros_driver2/share/livox_ros_driver2/hook/ld_library_path_lib.dsv'
[0.813s] INFO:colcon.colcon_core.shell:Creating environment hook '/home/xkai/agribot/agribot_ws/install/livox_ros_driver2/share/livox_ros_driver2/hook/ld_library_path_lib.sh'
[0.813s] Level 1:colcon.colcon_core.environment:checking '/home/xkai/agribot/agribot_ws/install/livox_ros_driver2/bin'
[0.813s] Level 1:colcon.colcon_core.environment:checking '/home/xkai/agribot/agribot_ws/install/livox_ros_driver2/lib/pkgconfig/livox_ros_driver2.pc'
[0.813s] Level 1:colcon.colcon_core.environment:checking '/home/xkai/agribot/agribot_ws/install/livox_ros_driver2/lib/python3.10/site-packages'
[0.813s] Level 1:colcon.colcon_core.environment:checking '/home/xkai/agribot/agribot_ws/install/livox_ros_driver2/bin'
[0.814s] INFO:colcon.colcon_core.shell:Creating package script '/home/xkai/agribot/agribot_ws/install/livox_ros_driver2/share/livox_ros_driver2/package.ps1'
[0.814s] INFO:colcon.colcon_core.shell:Creating package descriptor '/home/xkai/agribot/agribot_ws/install/livox_ros_driver2/share/livox_ros_driver2/package.dsv'
[0.814s] INFO:colcon.colcon_core.shell:Creating package script '/home/xkai/agribot/agribot_ws/install/livox_ros_driver2/share/livox_ros_driver2/package.sh'
[0.815s] INFO:colcon.colcon_core.shell:Creating package script '/home/xkai/agribot/agribot_ws/install/livox_ros_driver2/share/livox_ros_driver2/package.bash'
[0.815s] INFO:colcon.colcon_core.shell:Creating package script '/home/xkai/agribot/agribot_ws/install/livox_ros_driver2/share/livox_ros_driver2/package.zsh'
[0.815s] Level 1:colcon.colcon_core.environment:create_file_with_runtime_dependencies(/home/xkai/agribot/agribot_ws/install/livox_ros_driver2/share/colcon-core/packages/livox_ros_driver2)
[0.816s] INFO:colcon.colcon_ros.task.ament_cmake.build:Building ROS package in '/home/xkai/agribot/agribot_ws/src/livox_laser_simulation_ros2' with build type 'ament_cmake'
[0.816s] INFO:colcon.colcon_cmake.task.cmake.build:Building CMake package in '/home/xkai/agribot/agribot_ws/src/livox_laser_simulation_ros2'
[0.816s] INFO:colcon.colcon_core.shell:Skip shell extension 'powershell' for command environment: Not usable outside of PowerShell
[0.816s] DEBUG:colcon.colcon_core.shell:Skip shell extension 'dsv' for command environment
[0.824s] DEBUG:colcon.colcon_core.event_handler.log_command:Invoking command in '/home/xkai/agribot/agribot_ws/build/ros2_livox_simulation': CMAKE_PREFIX_PATH=/home/xkai/agribot/agribot_ws/install/livox_ros_driver2:/home/xkai/agribot/agribot_ws/install/ros2_livox_simulation:/home/xkai/agribot/agribot_ws/install/centerline_extraction:/home/xkai/agribot/agribot_ws/install/agribot_simulation:/opt/ros/humble LD_LIBRARY_PATH=/home/xkai/agribot/agribot_ws/install/livox_ros_driver2/lib:/home/xkai/agribot/agribot_ws/install/ros2_livox_simulation/lib:/opt/ros/humble/opt/rviz_ogre_vendor/lib:/opt/ros/humble/lib/x86_64-linux-gnu:/opt/ros/humble/lib /usr/bin/cmake --build /home/xkai/agribot/agribot_ws/build/ros2_livox_simulation -- -j8 -l8
[0.897s] DEBUG:colcon.colcon_core.event_handler.log_command:Invoked command in '/home/xkai/agribot/agribot_ws/build/ros2_livox_simulation' returned '0': CMAKE_PREFIX_PATH=/home/xkai/agribot/agribot_ws/install/livox_ros_driver2:/home/xkai/agribot/agribot_ws/install/ros2_livox_simulation:/home/xkai/agribot/agribot_ws/install/centerline_extraction:/home/xkai/agribot/agribot_ws/install/agribot_simulation:/opt/ros/humble LD_LIBRARY_PATH=/home/xkai/agribot/agribot_ws/install/livox_ros_driver2/lib:/home/xkai/agribot/agribot_ws/install/ros2_livox_simulation/lib:/opt/ros/humble/opt/rviz_ogre_vendor/lib:/opt/ros/humble/lib/x86_64-linux-gnu:/opt/ros/humble/lib /usr/bin/cmake --build /home/xkai/agribot/agribot_ws/build/ros2_livox_simulation -- -j8 -l8
[0.899s] DEBUG:colcon.colcon_core.event_handler.log_command:Invoking command in '/home/xkai/agribot/agribot_ws/build/ros2_livox_simulation': CMAKE_PREFIX_PATH=/home/xkai/agribot/agribot_ws/install/livox_ros_driver2:/home/xkai/agribot/agribot_ws/install/ros2_livox_simulation:/home/xkai/agribot/agribot_ws/install/centerline_extraction:/home/xkai/agribot/agribot_ws/install/agribot_simulation:/opt/ros/humble LD_LIBRARY_PATH=/home/xkai/agribot/agribot_ws/install/livox_ros_driver2/lib:/home/xkai/agribot/agribot_ws/install/ros2_livox_simulation/lib:/opt/ros/humble/opt/rviz_ogre_vendor/lib:/opt/ros/humble/lib/x86_64-linux-gnu:/opt/ros/humble/lib /usr/bin/cmake --install /home/xkai/agribot/agribot_ws/build/ros2_livox_simulation
[0.907s] Level 1:colcon.colcon_core.environment:create_environment_scripts_only(ros2_livox_simulation)
[0.908s] Level 1:colcon.colcon_core.environment:checking '/home/xkai/agribot/agribot_ws/install/ros2_livox_simulation' for CMake module files
[0.908s] Level 1:colcon.colcon_core.environment:checking '/home/xkai/agribot/agribot_ws/install/ros2_livox_simulation' for CMake config files
[0.910s] Level 1:colcon.colcon_core.shell:create_environment_hook('ros2_livox_simulation', 'cmake_prefix_path')
[0.910s] INFO:colcon.colcon_core.shell:Creating environment hook '/home/xkai/agribot/agribot_ws/install/ros2_livox_simulation/share/ros2_livox_simulation/hook/cmake_prefix_path.ps1'
[0.911s] INFO:colcon.colcon_core.shell:Creating environment descriptor '/home/xkai/agribot/agribot_ws/install/ros2_livox_simulation/share/ros2_livox_simulation/hook/cmake_prefix_path.dsv'
[0.911s] DEBUG:colcon.colcon_core.event_handler.log_command:Invoked command in '/home/xkai/agribot/agribot_ws/build/ros2_livox_simulation' returned '0': CMAKE_PREFIX_PATH=/home/xkai/agribot/agribot_ws/install/livox_ros_driver2:/home/xkai/agribot/agribot_ws/install/ros2_livox_simulation:/home/xkai/agribot/agribot_ws/install/centerline_extraction:/home/xkai/agribot/agribot_ws/install/agribot_simulation:/opt/ros/humble LD_LIBRARY_PATH=/home/xkai/agribot/agribot_ws/install/livox_ros_driver2/lib:/home/xkai/agribot/agribot_ws/install/ros2_livox_simulation/lib:/opt/ros/humble/opt/rviz_ogre_vendor/lib:/opt/ros/humble/lib/x86_64-linux-gnu:/opt/ros/humble/lib /usr/bin/cmake --install /home/xkai/agribot/agribot_ws/build/ros2_livox_simulation
[0.911s] INFO:colcon.colcon_core.shell:Creating environment hook '/home/xkai/agribot/agribot_ws/install/ros2_livox_simulation/share/ros2_livox_simulation/hook/cmake_prefix_path.sh'
[0.912s] Level 1:colcon.colcon_core.environment:checking '/home/xkai/agribot/agribot_ws/install/ros2_livox_simulation/lib'
[0.912s] Level 1:colcon.colcon_core.shell:create_environment_hook('ros2_livox_simulation', 'ld_library_path_lib')
[0.912s] INFO:colcon.colcon_core.shell:Creating environment hook '/home/xkai/agribot/agribot_ws/install/ros2_livox_simulation/share/ros2_livox_simulation/hook/ld_library_path_lib.ps1'
[0.912s] INFO:colcon.colcon_core.shell:Creating environment descriptor '/home/xkai/agribot/agribot_ws/install/ros2_livox_simulation/share/ros2_livox_simulation/hook/ld_library_path_lib.dsv'
[0.913s] INFO:colcon.colcon_core.shell:Creating environment hook '/home/xkai/agribot/agribot_ws/install/ros2_livox_simulation/share/ros2_livox_simulation/hook/ld_library_path_lib.sh'
[0.913s] Level 1:colcon.colcon_core.environment:checking '/home/xkai/agribot/agribot_ws/install/ros2_livox_simulation/bin'
[0.913s] Level 1:colcon.colcon_core.environment:checking '/home/xkai/agribot/agribot_ws/install/ros2_livox_simulation/lib/pkgconfig/ros2_livox_simulation.pc'
[0.913s] Level 1:colcon.colcon_core.environment:checking '/home/xkai/agribot/agribot_ws/install/ros2_livox_simulation/lib/python3.10/site-packages'
[0.913s] Level 1:colcon.colcon_core.environment:checking '/home/xkai/agribot/agribot_ws/install/ros2_livox_simulation/bin'
[0.914s] INFO:colcon.colcon_core.shell:Creating package script '/home/xkai/agribot/agribot_ws/install/ros2_livox_simulation/share/ros2_livox_simulation/package.ps1'
[0.914s] INFO:colcon.colcon_core.shell:Creating package descriptor '/home/xkai/agribot/agribot_ws/install/ros2_livox_simulation/share/ros2_livox_simulation/package.dsv'
[0.914s] INFO:colcon.colcon_core.shell:Creating package script '/home/xkai/agribot/agribot_ws/install/ros2_livox_simulation/share/ros2_livox_simulation/package.sh'
[0.915s] INFO:colcon.colcon_core.shell:Creating package script '/home/xkai/agribot/agribot_ws/install/ros2_livox_simulation/share/ros2_livox_simulation/package.bash'
[0.915s] INFO:colcon.colcon_core.shell:Creating package script '/home/xkai/agribot/agribot_ws/install/ros2_livox_simulation/share/ros2_livox_simulation/package.zsh'
[0.915s] Level 1:colcon.colcon_core.environment:create_file_with_runtime_dependencies(/home/xkai/agribot/agribot_ws/install/ros2_livox_simulation/share/colcon-core/packages/ros2_livox_simulation)
[0.916s] Level 1:colcon.colcon_core.environment:create_environment_scripts_only(ros2_livox_simulation)
[0.916s] Level 1:colcon.colcon_core.environment:checking '/home/xkai/agribot/agribot_ws/install/ros2_livox_simulation' for CMake module files
[0.916s] Level 1:colcon.colcon_core.environment:checking '/home/xkai/agribot/agribot_ws/install/ros2_livox_simulation' for CMake config files
[0.916s] Level 1:colcon.colcon_core.shell:create_environment_hook('ros2_livox_simulation', 'cmake_prefix_path')
[0.917s] INFO:colcon.colcon_core.shell:Creating environment hook '/home/xkai/agribot/agribot_ws/install/ros2_livox_simulation/share/ros2_livox_simulation/hook/cmake_prefix_path.ps1'
[0.917s] INFO:colcon.colcon_core.shell:Creating environment descriptor '/home/xkai/agribot/agribot_ws/install/ros2_livox_simulation/share/ros2_livox_simulation/hook/cmake_prefix_path.dsv'
[0.917s] INFO:colcon.colcon_core.shell:Creating environment hook '/home/xkai/agribot/agribot_ws/install/ros2_livox_simulation/share/ros2_livox_simulation/hook/cmake_prefix_path.sh'
[0.918s] Level 1:colcon.colcon_core.environment:checking '/home/xkai/agribot/agribot_ws/install/ros2_livox_simulation/lib'
[0.918s] Level 1:colcon.colcon_core.shell:create_environment_hook('ros2_livox_simulation', 'ld_library_path_lib')
[0.918s] INFO:colcon.colcon_core.shell:Creating environment hook '/home/xkai/agribot/agribot_ws/install/ros2_livox_simulation/share/ros2_livox_simulation/hook/ld_library_path_lib.ps1'
[0.918s] INFO:colcon.colcon_core.shell:Creating environment descriptor '/home/xkai/agribot/agribot_ws/install/ros2_livox_simulation/share/ros2_livox_simulation/hook/ld_library_path_lib.dsv'
[0.918s] INFO:colcon.colcon_core.shell:Creating environment hook '/home/xkai/agribot/agribot_ws/install/ros2_livox_simulation/share/ros2_livox_simulation/hook/ld_library_path_lib.sh'
[0.919s] Level 1:colcon.colcon_core.environment:checking '/home/xkai/agribot/agribot_ws/install/ros2_livox_simulation/bin'
[0.919s] Level 1:colcon.colcon_core.environment:checking '/home/xkai/agribot/agribot_ws/install/ros2_livox_simulation/lib/pkgconfig/ros2_livox_simulation.pc'
[0.919s] Level 1:colcon.colcon_core.environment:checking '/home/xkai/agribot/agribot_ws/install/ros2_livox_simulation/lib/python3.10/site-packages'
[0.919s] Level 1:colcon.colcon_core.environment:checking '/home/xkai/agribot/agribot_ws/install/ros2_livox_simulation/bin'
[0.919s] INFO:colcon.colcon_core.shell:Creating package script '/home/xkai/agribot/agribot_ws/install/ros2_livox_simulation/share/ros2_livox_simulation/package.ps1'
[0.920s] INFO:colcon.colcon_core.shell:Creating package descriptor '/home/xkai/agribot/agribot_ws/install/ros2_livox_simulation/share/ros2_livox_simulation/package.dsv'
[0.920s] INFO:colcon.colcon_core.shell:Creating package script '/home/xkai/agribot/agribot_ws/install/ros2_livox_simulation/share/ros2_livox_simulation/package.sh'
[0.921s] INFO:colcon.colcon_core.shell:Creating package script '/home/xkai/agribot/agribot_ws/install/ros2_livox_simulation/share/ros2_livox_simulation/package.bash'
[0.921s] INFO:colcon.colcon_core.shell:Creating package script '/home/xkai/agribot/agribot_ws/install/ros2_livox_simulation/share/ros2_livox_simulation/package.zsh'
[0.922s] Level 1:colcon.colcon_core.environment:create_file_with_runtime_dependencies(/home/xkai/agribot/agribot_ws/install/ros2_livox_simulation/share/colcon-core/packages/ros2_livox_simulation)
[0.922s] DEBUG:colcon.colcon_parallel_executor.executor.parallel:closing loop
[0.922s] DEBUG:colcon.colcon_parallel_executor.executor.parallel:loop closed
[0.922s] DEBUG:colcon.colcon_parallel_executor.executor.parallel:run_until_complete finished with '0'
[0.922s] DEBUG:colcon.colcon_core.event_reactor:joining thread
[0.926s] INFO:colcon.colcon_core.plugin_system:Skipping extension 'colcon_notification.desktop_notification.terminal_notifier': Not used on non-Darwin systems
[0.926s] INFO:colcon.colcon_core.plugin_system:Skipping extension 'colcon_notification.desktop_notification.win32': Not used on non-Windows systems
[0.926s] INFO:colcon.colcon_notification.desktop_notification:Sending desktop notification using 'notify2'
[0.936s] DEBUG:colcon.colcon_core.event_reactor:joined thread
[0.936s] INFO:colcon.colcon_core.shell:Creating prefix script '/home/xkai/agribot/agribot_ws/install/local_setup.ps1'
[0.937s] INFO:colcon.colcon_core.shell:Creating prefix util module '/home/xkai/agribot/agribot_ws/install/_local_setup_util_ps1.py'
[0.939s] INFO:colcon.colcon_core.shell:Creating prefix chain script '/home/xkai/agribot/agribot_ws/install/setup.ps1'
[0.941s] INFO:colcon.colcon_core.shell:Creating prefix script '/home/xkai/agribot/agribot_ws/install/local_setup.sh'
[0.941s] INFO:colcon.colcon_core.shell:Creating prefix util module '/home/xkai/agribot/agribot_ws/install/_local_setup_util_sh.py'
[0.942s] INFO:colcon.colcon_core.shell:Creating prefix chain script '/home/xkai/agribot/agribot_ws/install/setup.sh'
[0.943s] INFO:colcon.colcon_core.shell:Creating prefix script '/home/xkai/agribot/agribot_ws/install/local_setup.bash'
[0.944s] INFO:colcon.colcon_core.shell:Creating prefix chain script '/home/xkai/agribot/agribot_ws/install/setup.bash'
[0.945s] INFO:colcon.colcon_core.shell:Creating prefix script '/home/xkai/agribot/agribot_ws/install/local_setup.zsh'
[0.946s] INFO:colcon.colcon_core.shell:Creating prefix chain script '/home/xkai/agribot/agribot_ws/install/setup.zsh'
