[0.015s] Invoking command in '/home/xkai/agribot/agribot_ws/build/centerline_extraction': CMAKE_PREFIX_PATH=${CMAKE_PREFIX_PATH}:/opt/ros/humble /usr/bin/cmake --build /home/xkai/agribot/agribot_ws/build/centerline_extraction -- -j8 -l8
[0.039s] -- Found ament_cmake: 1.3.12 (/opt/ros/humble/share/ament_cmake/cmake)
[0.236s] -- Found rclcpp: 16.0.14 (/opt/ros/humble/share/rclcpp/cmake)
[0.275s] -- Found rosidl_generator_c: 3.1.7 (/opt/ros/humble/share/rosidl_generator_c/cmake)
[0.278s] -- Found rosidl_adapter: 3.1.7 (/opt/ros/humble/share/rosidl_adapter/cmake)
[0.287s] -- Found rosidl_generator_cpp: 3.1.7 (/opt/ros/humble/share/rosidl_generator_cpp/cmake)
[0.301s] -- Using all available rosidl_typesupport_c: rosidl_typesupport_fastrtps_c;rosidl_typesupport_introspection_c
[0.320s] -- Using all available rosidl_typesupport_cpp: rosidl_typesupport_fastrtps_cpp;rosidl_typesupport_introspection_cpp
[0.369s] -- Found rmw_implementation_cmake: 6.1.2 (/opt/ros/humble/share/rmw_implementation_cmake/cmake)
[0.371s] -- Found rmw_fastrtps_cpp: 6.2.8 (/opt/ros/humble/share/rmw_fastrtps_cpp/cmake)
[0.494s] -- Using RMW implementation 'rmw_fastrtps_cpp' as default
[0.556s] -- Found sensor_msgs: 4.9.0 (/opt/ros/humble/share/sensor_msgs/cmake)
[0.587s] -- Found nav_msgs: 4.9.0 (/opt/ros/humble/share/nav_msgs/cmake)
[0.603s] -- Found visualization_msgs: 4.9.0 (/opt/ros/humble/share/visualization_msgs/cmake)
[0.633s] -- Found pcl_conversions: 2.4.5 (/opt/ros/humble/share/pcl_conversions/cmake)
[0.674s] -- Eigen found (include: /usr/include/eigen3, version: 3.4.0)
[0.708s] -- FLANN found (include: /usr/include, lib: /usr/lib/x86_64-linux-gnu/libflann_cpp.so)
[1.038s] -- OpenNI found (version: 1.5.4.0, include: /usr/include/ni, lib: /usr/lib/libOpenNI.so;libusb::libusb)
[1.045s] -- OpenNI2 found (version: 2.2.0.33, include: /usr/include/openni2, lib: /usr/lib/x86_64-linux-gnu/libOpenNI2.so;libusb::libusb)
[1.206s] -- Eigen found (include: /usr/include/eigen3, version: 3.4.0)
[1.212s] -- OpenNI found (version: 1.5.4.0, include: /usr/include/ni, lib: /usr/lib/libOpenNI.so;libusb::libusb)
[1.218s] -- OpenNI2 found (version: 2.2.0.33, include: /usr/include/openni2, lib: /usr/lib/x86_64-linux-gnu/libOpenNI2.so;libusb::libusb)
[1.342s] -- Found Qhull version 8.0.2
[1.472s] -- OpenNI found (version: 1.5.4.0, include: /usr/include/ni, lib: /usr/lib/libOpenNI.so;libusb::libusb)
[1.665s] -- Found ament_lint_auto: 0.12.14 (/opt/ros/humble/share/ament_lint_auto/cmake)
[1.730s] -- Added test 'cppcheck' to perform static code analysis on C / C++ code
[1.730s] -- Configured cppcheck include dirs: 
[1.731s] -- Configured cppcheck exclude dirs and/or files: 
[1.731s] -- Added test 'lint_cmake' to check CMake code style
[1.732s] -- Added test 'uncrustify' to check C / C++ code style
[1.732s] -- Configured uncrustify additional arguments: 
[1.733s] -- Added test 'xmllint' to check XML markup files
[1.734s] -- Configuring done
[1.800s] -- Generating done
[1.827s] -- Build files have been written to: /home/xkai/agribot/agribot_ws/build/centerline_extraction
[1.857s] [35m[1mConsolidate compiler generated dependencies of target pcl_learning[0m
[1.857s] [35m[1mConsolidate compiler generated dependencies of target centerline_extract[0m
[1.869s] [ 16%] [32mBuilding CXX object CMakeFiles/corn_row_detector.dir/src/corn_row_detector.cpp.o[0m
[1.890s] [ 50%] Built target centerline_extract
[1.892s] [ 83%] Built target pcl_learning
[14.096s] [100%] [32m[1mLinking CXX executable corn_row_detector[0m
[15.441s] [100%] Built target corn_row_detector
[15.450s] Invoked command in '/home/xkai/agribot/agribot_ws/build/centerline_extraction' returned '0': CMAKE_PREFIX_PATH=${CMAKE_PREFIX_PATH}:/opt/ros/humble /usr/bin/cmake --build /home/xkai/agribot/agribot_ws/build/centerline_extraction -- -j8 -l8
[15.452s] Invoking command in '/home/xkai/agribot/agribot_ws/build/centerline_extraction': CMAKE_PREFIX_PATH=${CMAKE_PREFIX_PATH}:/opt/ros/humble /usr/bin/cmake --install /home/xkai/agribot/agribot_ws/build/centerline_extraction
[15.458s] -- Install configuration: ""
[15.458s] -- Up-to-date: /home/xkai/agribot/agribot_ws/install/centerline_extraction/lib/centerline_extraction/pcl_learning
[15.458s] -- Installing: /home/xkai/agribot/agribot_ws/install/centerline_extraction/lib/centerline_extraction/centerline_extract
[15.461s] -- Set runtime path of "/home/xkai/agribot/agribot_ws/install/centerline_extraction/lib/centerline_extraction/centerline_extract" to ""
[15.461s] -- Installing: /home/xkai/agribot/agribot_ws/install/centerline_extraction/lib/centerline_extraction/corn_row_detector
[15.464s] -- Set runtime path of "/home/xkai/agribot/agribot_ws/install/centerline_extraction/lib/centerline_extraction/corn_row_detector" to ""
[15.464s] -- Up-to-date: /home/xkai/agribot/agribot_ws/install/centerline_extraction/share/ament_index/resource_index/package_run_dependencies/centerline_extraction
[15.464s] -- Installing: /home/xkai/agribot/agribot_ws/install/centerline_extraction/share/ament_index/resource_index/parent_prefix_path/centerline_extraction
[15.464s] -- Up-to-date: /home/xkai/agribot/agribot_ws/install/centerline_extraction/share/centerline_extraction/environment/ament_prefix_path.sh
[15.464s] -- Installing: /home/xkai/agribot/agribot_ws/install/centerline_extraction/share/centerline_extraction/environment/ament_prefix_path.dsv
[15.464s] -- Up-to-date: /home/xkai/agribot/agribot_ws/install/centerline_extraction/share/centerline_extraction/environment/path.sh
[15.464s] -- Installing: /home/xkai/agribot/agribot_ws/install/centerline_extraction/share/centerline_extraction/environment/path.dsv
[15.464s] -- Up-to-date: /home/xkai/agribot/agribot_ws/install/centerline_extraction/share/centerline_extraction/local_setup.bash
[15.464s] -- Up-to-date: /home/xkai/agribot/agribot_ws/install/centerline_extraction/share/centerline_extraction/local_setup.sh
[15.465s] -- Up-to-date: /home/xkai/agribot/agribot_ws/install/centerline_extraction/share/centerline_extraction/local_setup.zsh
[15.465s] -- Installing: /home/xkai/agribot/agribot_ws/install/centerline_extraction/share/centerline_extraction/local_setup.dsv
[15.465s] -- Installing: /home/xkai/agribot/agribot_ws/install/centerline_extraction/share/centerline_extraction/package.dsv
[15.465s] -- Up-to-date: /home/xkai/agribot/agribot_ws/install/centerline_extraction/share/ament_index/resource_index/packages/centerline_extraction
[15.465s] -- Up-to-date: /home/xkai/agribot/agribot_ws/install/centerline_extraction/share/centerline_extraction/cmake/centerline_extractionConfig.cmake
[15.465s] -- Up-to-date: /home/xkai/agribot/agribot_ws/install/centerline_extraction/share/centerline_extraction/cmake/centerline_extractionConfig-version.cmake
[15.465s] -- Up-to-date: /home/xkai/agribot/agribot_ws/install/centerline_extraction/share/centerline_extraction/package.xml
[15.467s] Invoked command in '/home/xkai/agribot/agribot_ws/build/centerline_extraction' returned '0': CMAKE_PREFIX_PATH=${CMAKE_PREFIX_PATH}:/opt/ros/humble /usr/bin/cmake --install /home/xkai/agribot/agribot_ws/build/centerline_extraction
