[  1%] Built target livox_interfaces2__rs
[  8%] Built target livox_interfaces2__rosidl_generator_c
[ 10%] Built target livox_interfaces2__cpp
[ 13%] Built target livox_ros_driver2_node
[ 13%] Built target ament_cmake_python_copy_livox_ros_driver2
[ 20%] Built target livox_interfaces2__rosidl_typesupport_fastrtps_c
[ 27%] Built target livox_interfaces2__rosidl_typesupport_cpp
[ 34%] Built target livox_interfaces2__rosidl_typesupport_introspection_cpp
[ 41%] Built target livox_interfaces2__rosidl_typesupport_c
[ 48%] Built target livox_interfaces2__rosidl_typesupport_fastrtps_cpp
[ 55%] Built target livox_interfaces2__rosidl_typesupport_introspection_c
[ 55%] Built target livox_interfaces2
[ 56%] Built target livox_interfaces2__py
[ 84%] Built target livox_ros_driver2
[ 89%] Built target livox_interfaces2__rosidl_generator_py
[ 93%] Built target livox_ros_driver2__rosidl_typesupport_introspection_c__pyext
[ 96%] Built target livox_ros_driver2__rosidl_typesupport_fastrtps_c__pyext
[100%] Built target livox_ros_driver2__rosidl_typesupport_c__pyext
running egg_info
writing livox_ros_driver2.egg-info/PKG-INFO
writing dependency_links to livox_ros_driver2.egg-info/dependency_links.txt
writing top-level names to livox_ros_driver2.egg-info/top_level.txt
reading manifest file 'livox_ros_driver2.egg-info/SOURCES.txt'
writing manifest file 'livox_ros_driver2.egg-info/SOURCES.txt'
[100%] Built target ament_cmake_python_build_livox_ros_driver2_egg
