[0.033s] Invoking command in '/home/xkai/agribot/agribot_ws/build/centerline_extraction': CMAKE_PREFIX_PATH=/opt/ros/humble /usr/bin/cmake --build /home/xkai/agribot/agribot_ws/build/centerline_extraction -- -j8 -l8
[0.104s] -- Found ament_cmake: 1.3.12 (/opt/ros/humble/share/ament_cmake/cmake)
[0.311s] -- Found rclcpp: 16.0.14 (/opt/ros/humble/share/rclcpp/cmake)
[0.362s] -- Found rosidl_generator_c: 3.1.7 (/opt/ros/humble/share/rosidl_generator_c/cmake)
[0.368s] -- Found rosidl_adapter: 3.1.7 (/opt/ros/humble/share/rosidl_adapter/cmake)
[0.386s] -- Found rosidl_generator_cpp: 3.1.7 (/opt/ros/humble/share/rosidl_generator_cpp/cmake)
[0.401s] -- Using all available rosidl_typesupport_c: rosidl_typesupport_fastrtps_c;rosidl_typesupport_introspection_c
[0.422s] -- Using all available rosidl_typesupport_cpp: rosidl_typesupport_fastrtps_cpp;rosidl_typesupport_introspection_cpp
[0.486s] -- Found rmw_implementation_cmake: 6.1.2 (/opt/ros/humble/share/rmw_implementation_cmake/cmake)
[0.489s] -- Found rmw_fastrtps_cpp: 6.2.8 (/opt/ros/humble/share/rmw_fastrtps_cpp/cmake)
[0.623s] -- Using RMW implementation 'rmw_fastrtps_cpp' as default
[0.697s] -- Found sensor_msgs: 4.9.0 (/opt/ros/humble/share/sensor_msgs/cmake)
[0.736s] -- Found nav_msgs: 4.9.0 (/opt/ros/humble/share/nav_msgs/cmake)
[0.759s] -- Found visualization_msgs: 4.9.0 (/opt/ros/humble/share/visualization_msgs/cmake)
[0.791s] -- Found pcl_conversions: 2.4.5 (/opt/ros/humble/share/pcl_conversions/cmake)
[0.835s] -- Eigen found (include: /usr/include/eigen3, version: 3.4.0)
[0.867s] -- FLANN found (include: /usr/include, lib: /usr/lib/x86_64-linux-gnu/libflann_cpp.so)
[1.265s] -- OpenNI found (version: 1.5.4.0, include: /usr/include/ni, lib: /usr/lib/libOpenNI.so;libusb::libusb)
[1.272s] -- OpenNI2 found (version: 2.2.0.33, include: /usr/include/openni2, lib: /usr/lib/x86_64-linux-gnu/libOpenNI2.so;libusb::libusb)
[1.447s] -- Eigen found (include: /usr/include/eigen3, version: 3.4.0)
[1.455s] -- OpenNI found (version: 1.5.4.0, include: /usr/include/ni, lib: /usr/lib/libOpenNI.so;libusb::libusb)
[1.463s] -- OpenNI2 found (version: 2.2.0.33, include: /usr/include/openni2, lib: /usr/lib/x86_64-linux-gnu/libOpenNI2.so;libusb::libusb)
[1.631s] -- Found Qhull version 8.0.2
[1.786s] -- OpenNI found (version: 1.5.4.0, include: /usr/include/ni, lib: /usr/lib/libOpenNI.so;libusb::libusb)
[1.959s] -- Found tf2: 0.25.16 (/opt/ros/humble/share/tf2/cmake)
[1.967s] -- Found tf2_geometry_msgs: 0.25.16 (/opt/ros/humble/share/tf2_geometry_msgs/cmake)
[1.972s] -- Found eigen3_cmake_module: 0.1.1 (/opt/ros/humble/share/eigen3_cmake_module/cmake)
[1.973s] -- Ensuring Eigen3 include directory is part of orocos-kdl CMake target
[2.130s] -- Found ament_lint_auto: 0.12.14 (/opt/ros/humble/share/ament_lint_auto/cmake)
[2.209s] -- Added test 'cppcheck' to perform static code analysis on C / C++ code
[2.210s] -- Configured cppcheck include dirs: /home/xkai/agribot/agribot_ws/src/centerline_extraction/include
[2.210s] -- Configured cppcheck exclude dirs and/or files: 
[2.211s] -- Added test 'lint_cmake' to check CMake code style
[2.213s] -- Added test 'uncrustify' to check C / C++ code style
[2.213s] -- Configured uncrustify additional arguments: 
[2.213s] -- Added test 'xmllint' to check XML markup files
[2.214s] -- Configuring done
[2.342s] -- Generating done
[2.381s] -- Build files have been written to: /home/xkai/agribot/agribot_ws/build/centerline_extraction
[2.422s] [35m[1mConsolidate compiler generated dependencies of target corn_row_detector_projection[0m
[2.422s] [35m[1mConsolidate compiler generated dependencies of target pcl_learning[0m
[2.425s] [35m[1mConsolidate compiler generated dependencies of target centerline_extract[0m
[2.429s] [35m[1mConsolidate compiler generated dependencies of target cornfield_navigation_node[0m
[2.461s] [ 16%] Built target centerline_extract
[2.474s] [ 25%] [32mBuilding CXX object CMakeFiles/corn_row_detector_projection.dir/src/corn_row_detector_projection.cpp.o[0m
[2.487s] [ 41%] Built target pcl_learning
[2.505s] [ 50%] [32mBuilding CXX object CMakeFiles/cornfield_navigation_node.dir/src/main.cpp.o[0m
[2.506s] [ 58%] [32mBuilding CXX object CMakeFiles/cornfield_navigation_node.dir/src/pid_controller.cpp.o[0m
[19.968s] [ 66%] [32m[1mLinking CXX executable cornfield_navigation_node[0m
[21.525s] [ 75%] [32m[1mLinking CXX executable corn_row_detector_projection[0m
[23.398s] [ 75%] Built target corn_row_detector_projection
[24.611s] [100%] Built target cornfield_navigation_node
[24.624s] Invoked command in '/home/xkai/agribot/agribot_ws/build/centerline_extraction' returned '0': CMAKE_PREFIX_PATH=/opt/ros/humble /usr/bin/cmake --build /home/xkai/agribot/agribot_ws/build/centerline_extraction -- -j8 -l8
[24.634s] Invoking command in '/home/xkai/agribot/agribot_ws/build/centerline_extraction': CMAKE_PREFIX_PATH=/opt/ros/humble /usr/bin/cmake --install /home/xkai/agribot/agribot_ws/build/centerline_extraction
[24.641s] -- Install configuration: ""
[24.642s] -- Installing: /home/xkai/agribot/agribot_ws/install/centerline_extraction/lib/centerline_extraction/corn_row_detector_projection
[24.645s] -- Set runtime path of "/home/xkai/agribot/agribot_ws/install/centerline_extraction/lib/centerline_extraction/corn_row_detector_projection" to ""
[24.645s] -- Up-to-date: /home/xkai/agribot/agribot_ws/install/centerline_extraction/include//include
[24.645s] -- Up-to-date: /home/xkai/agribot/agribot_ws/install/centerline_extraction/include//include/centerline_extraction
[24.645s] -- Up-to-date: /home/xkai/agribot/agribot_ws/install/centerline_extraction/include//include/centerline_extraction/corn_row_detector_projection.hpp
[24.645s] -- Installing: /home/xkai/agribot/agribot_ws/install/centerline_extraction/include//include/centerline_extraction/pid_controller.hpp
[24.645s] -- Installing: /home/xkai/agribot/agribot_ws/install/centerline_extraction/share/centerline_extraction/package.dsv
[24.647s] Invoked command in '/home/xkai/agribot/agribot_ws/build/centerline_extraction' returned '0': CMAKE_PREFIX_PATH=/opt/ros/humble /usr/bin/cmake --install /home/xkai/agribot/agribot_ws/build/centerline_extraction
