[0.016s] Invoking command in '/home/xkai/agribot/agribot_ws/build/livox_ros_driver2': CMAKE_PREFIX_PATH=${CMAKE_PREFIX_PATH}:/opt/ros/humble /usr/bin/cmake /home/xkai/agribot/agribot_ws/src/livox_ros_driver2 -DCMAKE_INSTALL_PREFIX=/home/xkai/agribot/agribot_ws/install/livox_ros_driver2
[0.028s] -- livox_ros_driver2 version: 1.2.4
[0.028s] -- Found ament_cmake_auto: 1.3.12 (/opt/ros/humble/share/ament_cmake_auto/cmake)
[0.217s] -- Using all available rosidl_typesupport_c: rosidl_typesupport_fastrtps_c;rosidl_typesupport_introspection_c
[0.221s] -- Found rosidl_adapter: 3.1.7 (/opt/ros/humble/share/rosidl_adapter/cmake)
[0.263s] -- Using all available rosidl_typesupport_cpp: rosidl_typesupport_fastrtps_cpp;rosidl_typesupport_introspection_cpp
[0.351s] -- Found rmw_implementation_cmake: 6.1.2 (/opt/ros/humble/share/rmw_implementation_cmake/cmake)
[0.353s] -- Found rmw_fastrtps_cpp: 6.2.8 (/opt/ros/humble/share/rmw_fastrtps_cpp/cmake)
[0.453s] -- Using RMW implementation 'rmw_fastrtps_cpp' as default
[0.598s] -- Eigen found (include: /usr/include/eigen3, version: 3.4.0)
[0.630s] -- FLANN found (include: /usr/include, lib: /usr/lib/x86_64-linux-gnu/libflann_cpp.so)
[0.931s] -- OpenNI found (version: 1.5.4.0, include: /usr/include/ni, lib: /usr/lib/libOpenNI.so;libusb::libusb)
[0.936s] -- OpenNI2 found (version: 2.2.0.33, include: /usr/include/openni2, lib: /usr/lib/x86_64-linux-gnu/libOpenNI2.so;libusb::libusb)
[1.090s] -- Eigen found (include: /usr/include/eigen3, version: 3.4.0)
[1.095s] -- OpenNI found (version: 1.5.4.0, include: /usr/include/ni, lib: /usr/lib/libOpenNI.so;libusb::libusb)
[1.100s] -- OpenNI2 found (version: 2.2.0.33, include: /usr/include/openni2, lib: /usr/lib/x86_64-linux-gnu/libOpenNI2.so;libusb::libusb)
[1.217s] -- Found Qhull version 8.0.2
[1.373s] -- OpenNI found (version: 1.5.4.0, include: /usr/include/ni, lib: /usr/lib/libOpenNI.so;libusb::libusb)
[1.540s] -- Checking for module 'apr-1'
[1.542s] --   No package 'apr-1' found
[1.729s] -- Found ament_cmake_ros: 0.10.0 (/opt/ros/humble/share/ament_cmake_ros/cmake)
[1.924s] -- Using all available rosidl_typesupport_c: rosidl_typesupport_fastrtps_c;rosidl_typesupport_introspection_c
[2.184s] -- Using all available rosidl_typesupport_cpp: rosidl_typesupport_fastrtps_cpp;rosidl_typesupport_introspection_cpp
[2.203s] -- Found python_cmake_module: 0.10.0 (/opt/ros/humble/share/python_cmake_module/cmake)
[2.223s] -- Using PYTHON_EXECUTABLE: /usr/bin/python3
[2.223s] -- Using PYTHON_INCLUDE_DIRS: /usr/include/python3.10
[2.223s] -- Using PYTHON_LIBRARIES: /usr/lib/x86_64-linux-gnu/libpython3.10.so
[2.257s] -- Found ament_lint_auto: 0.12.14 (/opt/ros/humble/share/ament_lint_auto/cmake)
[2.265s] -- Added test 'copyright' to check source files copyright and LICENSE
[2.268s] -- Added test 'cppcheck' to perform static code analysis on C / C++ code
[2.268s] -- Configured cppcheck include dirs: /home/xkai/agribot/agribot_ws/src/livox_ros_driver2/3rdparty;/home/xkai/agribot/agribot_ws/src/livox_ros_driver2/src
[2.269s] -- Configured cppcheck exclude dirs and/or files: 
[2.271s] -- Added test 'cpplint' to check C / C++ code against the Google style
[2.271s] -- Configured cpplint exclude dirs and/or files: 
[2.272s] -- Added test 'flake8' to check Python code syntax and style conventions
[2.273s] -- Added test 'lint_cmake' to check CMake code style
[2.273s] -- Added test 'pep257' to check Python code against some of the docstring style conventions in PEP 257
[2.276s] -- Added test 'uncrustify' to check C / C++ code style
[2.276s] -- Configured uncrustify additional arguments: 
[2.277s] -- Added test 'xmllint' to check XML markup files
[2.278s] -- Configuring done
[2.334s] -- Generating done
[2.353s] -- Build files have been written to: /home/xkai/agribot/agribot_ws/build/livox_ros_driver2
[2.368s] Invoked command in '/home/xkai/agribot/agribot_ws/build/livox_ros_driver2' returned '0': CMAKE_PREFIX_PATH=${CMAKE_PREFIX_PATH}:/opt/ros/humble /usr/bin/cmake /home/xkai/agribot/agribot_ws/src/livox_ros_driver2 -DCMAKE_INSTALL_PREFIX=/home/xkai/agribot/agribot_ws/install/livox_ros_driver2
[2.370s] Invoking command in '/home/xkai/agribot/agribot_ws/build/livox_ros_driver2': CMAKE_PREFIX_PATH=${CMAKE_PREFIX_PATH}:/opt/ros/humble /usr/bin/cmake --build /home/xkai/agribot/agribot_ws/build/livox_ros_driver2 -- -j8 -l8
[2.404s] [35m[1mConsolidate compiler generated dependencies of target livox_ros_driver2_node[0m
[2.405s] [35m[1mConsolidate compiler generated dependencies of target livox_interfaces2__rosidl_generator_c[0m
[2.415s] [  1%] Built target livox_interfaces2__cpp
[2.417s] [  8%] Built target livox_interfaces2__rosidl_generator_c
[2.426s] [ 12%] Built target livox_ros_driver2_node
[2.427s] [ 12%] Built target ament_cmake_python_copy_livox_ros_driver2
[2.430s] [35m[1mConsolidate compiler generated dependencies of target livox_interfaces2__rosidl_typesupport_fastrtps_cpp[0m
[2.431s] [35m[1mConsolidate compiler generated dependencies of target livox_interfaces2__rosidl_typesupport_cpp[0m
[2.432s] [35m[1mConsolidate compiler generated dependencies of target livox_interfaces2__rosidl_typesupport_introspection_cpp[0m
[2.433s] [35m[1mConsolidate compiler generated dependencies of target livox_interfaces2__rosidl_typesupport_fastrtps_c[0m
[2.437s] [35m[1mConsolidate compiler generated dependencies of target livox_interfaces2__rosidl_typesupport_introspection_c[0m
[2.437s] [35m[1mConsolidate compiler generated dependencies of target livox_interfaces2__rosidl_typesupport_c[0m
[2.449s] [ 26%] Built target livox_interfaces2__rosidl_typesupport_cpp
[2.449s] [ 33%] Built target livox_interfaces2__rosidl_typesupport_introspection_cpp
[2.449s] [ 26%] Built target livox_interfaces2__rosidl_typesupport_fastrtps_cpp
[2.451s] [ 40%] Built target livox_interfaces2__rosidl_typesupport_introspection_c
[2.453s] [ 47%] Built target livox_interfaces2__rosidl_typesupport_fastrtps_c
[2.455s] [ 54%] Built target livox_interfaces2__rosidl_typesupport_c
[2.464s] [35m[1mConsolidate compiler generated dependencies of target livox_ros_driver2[0m
[2.471s] [ 54%] Built target livox_interfaces2
[2.486s] [ 56%] Built target livox_interfaces2__py
[2.494s] [35m[1mConsolidate compiler generated dependencies of target livox_interfaces2__rosidl_generator_py[0m
[2.498s] [ 84%] Built target livox_ros_driver2
[2.504s] [ 89%] Built target livox_interfaces2__rosidl_generator_py
[2.516s] [35m[1mConsolidate compiler generated dependencies of target livox_ros_driver2__rosidl_typesupport_fastrtps_c__pyext[0m
[2.516s] [35m[1mConsolidate compiler generated dependencies of target livox_ros_driver2__rosidl_typesupport_c__pyext[0m
[2.516s] [35m[1mConsolidate compiler generated dependencies of target livox_ros_driver2__rosidl_typesupport_introspection_c__pyext[0m
[2.528s] [ 92%] Built target livox_ros_driver2__rosidl_typesupport_fastrtps_c__pyext
[2.530s] [100%] Built target livox_ros_driver2__rosidl_typesupport_introspection_c__pyext
[2.530s] [100%] Built target livox_ros_driver2__rosidl_typesupport_c__pyext
[2.671s] running egg_info
[2.671s] writing livox_ros_driver2.egg-info/PKG-INFO
[2.671s] writing dependency_links to livox_ros_driver2.egg-info/dependency_links.txt
[2.672s] writing top-level names to livox_ros_driver2.egg-info/top_level.txt
[2.673s] reading manifest file 'livox_ros_driver2.egg-info/SOURCES.txt'
[2.674s] writing manifest file 'livox_ros_driver2.egg-info/SOURCES.txt'
[2.695s] [100%] Built target ament_cmake_python_build_livox_ros_driver2_egg
[2.705s] Invoked command in '/home/xkai/agribot/agribot_ws/build/livox_ros_driver2' returned '0': CMAKE_PREFIX_PATH=${CMAKE_PREFIX_PATH}:/opt/ros/humble /usr/bin/cmake --build /home/xkai/agribot/agribot_ws/build/livox_ros_driver2 -- -j8 -l8
[2.707s] Invoking command in '/home/xkai/agribot/agribot_ws/build/livox_ros_driver2': CMAKE_PREFIX_PATH=${CMAKE_PREFIX_PATH}:/opt/ros/humble /usr/bin/cmake --install /home/xkai/agribot/agribot_ws/build/livox_ros_driver2
[2.714s] -- Install configuration: ""
[2.714s] -- Up-to-date: /home/xkai/agribot/agribot_ws/install/livox_ros_driver2/share/ament_index/resource_index/rosidl_interfaces/livox_ros_driver2
[2.714s] -- Up-to-date: /home/xkai/agribot/agribot_ws/install/livox_ros_driver2/include/livox_ros_driver2/livox_ros_driver2
[2.714s] -- Up-to-date: /home/xkai/agribot/agribot_ws/install/livox_ros_driver2/include/livox_ros_driver2/livox_ros_driver2/msg
[2.714s] -- Up-to-date: /home/xkai/agribot/agribot_ws/install/livox_ros_driver2/include/livox_ros_driver2/livox_ros_driver2/msg/detail
[2.714s] -- Up-to-date: /home/xkai/agribot/agribot_ws/install/livox_ros_driver2/include/livox_ros_driver2/livox_ros_driver2/msg/detail/custom_point__functions.h
[2.714s] -- Up-to-date: /home/xkai/agribot/agribot_ws/install/livox_ros_driver2/include/livox_ros_driver2/livox_ros_driver2/msg/detail/custom_msg__struct.h
[2.714s] -- Up-to-date: /home/xkai/agribot/agribot_ws/install/livox_ros_driver2/include/livox_ros_driver2/livox_ros_driver2/msg/detail/custom_msg__functions.c
[2.715s] -- Up-to-date: /home/xkai/agribot/agribot_ws/install/livox_ros_driver2/include/livox_ros_driver2/livox_ros_driver2/msg/detail/custom_msg__type_support.h
[2.715s] -- Up-to-date: /home/xkai/agribot/agribot_ws/install/livox_ros_driver2/include/livox_ros_driver2/livox_ros_driver2/msg/detail/custom_point__struct.h
[2.715s] -- Up-to-date: /home/xkai/agribot/agribot_ws/install/livox_ros_driver2/include/livox_ros_driver2/livox_ros_driver2/msg/detail/custom_point__type_support.h
[2.715s] -- Up-to-date: /home/xkai/agribot/agribot_ws/install/livox_ros_driver2/include/livox_ros_driver2/livox_ros_driver2/msg/detail/custom_msg__functions.h
[2.715s] -- Up-to-date: /home/xkai/agribot/agribot_ws/install/livox_ros_driver2/include/livox_ros_driver2/livox_ros_driver2/msg/detail/custom_point__functions.c
[2.715s] -- Up-to-date: /home/xkai/agribot/agribot_ws/install/livox_ros_driver2/include/livox_ros_driver2/livox_ros_driver2/msg/custom_point.h
[2.715s] -- Up-to-date: /home/xkai/agribot/agribot_ws/install/livox_ros_driver2/include/livox_ros_driver2/livox_ros_driver2/msg/rosidl_generator_c__visibility_control.h
[2.715s] -- Up-to-date: /home/xkai/agribot/agribot_ws/install/livox_ros_driver2/include/livox_ros_driver2/livox_ros_driver2/msg/custom_msg.h
[2.715s] -- Up-to-date: /home/xkai/agribot/agribot_ws/install/livox_ros_driver2/share/livox_ros_driver2/environment/library_path.sh
[2.716s] -- Installing: /home/xkai/agribot/agribot_ws/install/livox_ros_driver2/share/livox_ros_driver2/environment/library_path.dsv
[2.716s] -- Up-to-date: /home/xkai/agribot/agribot_ws/install/livox_ros_driver2/lib/liblivox_ros_driver2__rosidl_generator_c.so
[2.716s] -- Up-to-date: /home/xkai/agribot/agribot_ws/install/livox_ros_driver2/include/livox_ros_driver2/livox_ros_driver2
[2.716s] -- Up-to-date: /home/xkai/agribot/agribot_ws/install/livox_ros_driver2/include/livox_ros_driver2/livox_ros_driver2/msg
[2.716s] -- Up-to-date: /home/xkai/agribot/agribot_ws/install/livox_ros_driver2/include/livox_ros_driver2/livox_ros_driver2/msg/detail
[2.716s] -- Up-to-date: /home/xkai/agribot/agribot_ws/install/livox_ros_driver2/include/livox_ros_driver2/livox_ros_driver2/msg/detail/custom_point__rosidl_typesupport_fastrtps_c.h
[2.716s] -- Up-to-date: /home/xkai/agribot/agribot_ws/install/livox_ros_driver2/include/livox_ros_driver2/livox_ros_driver2/msg/detail/custom_msg__rosidl_typesupport_fastrtps_c.h
[2.716s] -- Up-to-date: /home/xkai/agribot/agribot_ws/install/livox_ros_driver2/include/livox_ros_driver2/livox_ros_driver2/msg/rosidl_typesupport_fastrtps_c__visibility_control.h
[2.716s] -- Up-to-date: /home/xkai/agribot/agribot_ws/install/livox_ros_driver2/lib/liblivox_ros_driver2__rosidl_typesupport_fastrtps_c.so
[2.716s] -- Up-to-date: /home/xkai/agribot/agribot_ws/install/livox_ros_driver2/include/livox_ros_driver2/livox_ros_driver2
[2.717s] -- Up-to-date: /home/xkai/agribot/agribot_ws/install/livox_ros_driver2/include/livox_ros_driver2/livox_ros_driver2/msg
[2.717s] -- Up-to-date: /home/xkai/agribot/agribot_ws/install/livox_ros_driver2/include/livox_ros_driver2/livox_ros_driver2/msg/rosidl_typesupport_introspection_c__visibility_control.h
[2.717s] -- Up-to-date: /home/xkai/agribot/agribot_ws/install/livox_ros_driver2/include/livox_ros_driver2/livox_ros_driver2/msg/detail
[2.717s] -- Up-to-date: /home/xkai/agribot/agribot_ws/install/livox_ros_driver2/include/livox_ros_driver2/livox_ros_driver2/msg/detail/custom_point__type_support.c
[2.717s] -- Up-to-date: /home/xkai/agribot/agribot_ws/install/livox_ros_driver2/include/livox_ros_driver2/livox_ros_driver2/msg/detail/custom_point__rosidl_typesupport_introspection_c.h
[2.717s] -- Up-to-date: /home/xkai/agribot/agribot_ws/install/livox_ros_driver2/include/livox_ros_driver2/livox_ros_driver2/msg/detail/custom_msg__type_support.c
[2.717s] -- Up-to-date: /home/xkai/agribot/agribot_ws/install/livox_ros_driver2/include/livox_ros_driver2/livox_ros_driver2/msg/detail/custom_msg__rosidl_typesupport_introspection_c.h
[2.717s] -- Up-to-date: /home/xkai/agribot/agribot_ws/install/livox_ros_driver2/lib/liblivox_ros_driver2__rosidl_typesupport_introspection_c.so
[2.717s] -- Up-to-date: /home/xkai/agribot/agribot_ws/install/livox_ros_driver2/lib/liblivox_ros_driver2__rosidl_typesupport_c.so
[2.717s] -- Up-to-date: /home/xkai/agribot/agribot_ws/install/livox_ros_driver2/include/livox_ros_driver2/livox_ros_driver2
[2.717s] -- Up-to-date: /home/xkai/agribot/agribot_ws/install/livox_ros_driver2/include/livox_ros_driver2/livox_ros_driver2/msg
[2.718s] -- Up-to-date: /home/xkai/agribot/agribot_ws/install/livox_ros_driver2/include/livox_ros_driver2/livox_ros_driver2/msg/rosidl_generator_cpp__visibility_control.hpp
[2.718s] -- Up-to-date: /home/xkai/agribot/agribot_ws/install/livox_ros_driver2/include/livox_ros_driver2/livox_ros_driver2/msg/custom_point.hpp
[2.718s] -- Up-to-date: /home/xkai/agribot/agribot_ws/install/livox_ros_driver2/include/livox_ros_driver2/livox_ros_driver2/msg/detail
[2.718s] -- Up-to-date: /home/xkai/agribot/agribot_ws/install/livox_ros_driver2/include/livox_ros_driver2/livox_ros_driver2/msg/detail/custom_point__type_support.hpp
[2.718s] -- Up-to-date: /home/xkai/agribot/agribot_ws/install/livox_ros_driver2/include/livox_ros_driver2/livox_ros_driver2/msg/detail/custom_msg__traits.hpp
[2.718s] -- Up-to-date: /home/xkai/agribot/agribot_ws/install/livox_ros_driver2/include/livox_ros_driver2/livox_ros_driver2/msg/detail/custom_point__traits.hpp
[2.718s] -- Up-to-date: /home/xkai/agribot/agribot_ws/install/livox_ros_driver2/include/livox_ros_driver2/livox_ros_driver2/msg/detail/custom_msg__builder.hpp
[2.718s] -- Up-to-date: /home/xkai/agribot/agribot_ws/install/livox_ros_driver2/include/livox_ros_driver2/livox_ros_driver2/msg/detail/custom_point__builder.hpp
[2.718s] -- Up-to-date: /home/xkai/agribot/agribot_ws/install/livox_ros_driver2/include/livox_ros_driver2/livox_ros_driver2/msg/detail/custom_msg__type_support.hpp
[2.719s] -- Up-to-date: /home/xkai/agribot/agribot_ws/install/livox_ros_driver2/include/livox_ros_driver2/livox_ros_driver2/msg/detail/custom_msg__struct.hpp
[2.719s] -- Up-to-date: /home/xkai/agribot/agribot_ws/install/livox_ros_driver2/include/livox_ros_driver2/livox_ros_driver2/msg/detail/custom_point__struct.hpp
[2.719s] -- Up-to-date: /home/xkai/agribot/agribot_ws/install/livox_ros_driver2/include/livox_ros_driver2/livox_ros_driver2/msg/custom_msg.hpp
[2.719s] -- Up-to-date: /home/xkai/agribot/agribot_ws/install/livox_ros_driver2/include/livox_ros_driver2/livox_ros_driver2
[2.719s] -- Up-to-date: /home/xkai/agribot/agribot_ws/install/livox_ros_driver2/include/livox_ros_driver2/livox_ros_driver2/msg
[2.719s] -- Up-to-date: /home/xkai/agribot/agribot_ws/install/livox_ros_driver2/include/livox_ros_driver2/livox_ros_driver2/msg/detail
[2.719s] -- Up-to-date: /home/xkai/agribot/agribot_ws/install/livox_ros_driver2/include/livox_ros_driver2/livox_ros_driver2/msg/detail/custom_point__rosidl_typesupport_fastrtps_cpp.hpp
[2.719s] -- Up-to-date: /home/xkai/agribot/agribot_ws/install/livox_ros_driver2/include/livox_ros_driver2/livox_ros_driver2/msg/detail/dds_fastrtps
[2.719s] -- Up-to-date: /home/xkai/agribot/agribot_ws/install/livox_ros_driver2/include/livox_ros_driver2/livox_ros_driver2/msg/detail/custom_msg__rosidl_typesupport_fastrtps_cpp.hpp
[2.719s] -- Up-to-date: /home/xkai/agribot/agribot_ws/install/livox_ros_driver2/include/livox_ros_driver2/livox_ros_driver2/msg/rosidl_typesupport_fastrtps_cpp__visibility_control.h
[2.719s] -- Up-to-date: /home/xkai/agribot/agribot_ws/install/livox_ros_driver2/lib/liblivox_ros_driver2__rosidl_typesupport_fastrtps_cpp.so
[2.719s] -- Up-to-date: /home/xkai/agribot/agribot_ws/install/livox_ros_driver2/include/livox_ros_driver2/livox_ros_driver2
[2.720s] -- Up-to-date: /home/xkai/agribot/agribot_ws/install/livox_ros_driver2/include/livox_ros_driver2/livox_ros_driver2/msg
[2.720s] -- Up-to-date: /home/xkai/agribot/agribot_ws/install/livox_ros_driver2/include/livox_ros_driver2/livox_ros_driver2/msg/detail
[2.720s] -- Up-to-date: /home/xkai/agribot/agribot_ws/install/livox_ros_driver2/include/livox_ros_driver2/livox_ros_driver2/msg/detail/custom_msg__rosidl_typesupport_introspection_cpp.hpp
[2.720s] -- Up-to-date: /home/xkai/agribot/agribot_ws/install/livox_ros_driver2/include/livox_ros_driver2/livox_ros_driver2/msg/detail/custom_point__rosidl_typesupport_introspection_cpp.hpp
[2.720s] -- Up-to-date: /home/xkai/agribot/agribot_ws/install/livox_ros_driver2/include/livox_ros_driver2/livox_ros_driver2/msg/detail/custom_point__type_support.cpp
[2.720s] -- Up-to-date: /home/xkai/agribot/agribot_ws/install/livox_ros_driver2/include/livox_ros_driver2/livox_ros_driver2/msg/detail/custom_msg__type_support.cpp
[2.720s] -- Up-to-date: /home/xkai/agribot/agribot_ws/install/livox_ros_driver2/lib/liblivox_ros_driver2__rosidl_typesupport_introspection_cpp.so
[2.720s] -- Up-to-date: /home/xkai/agribot/agribot_ws/install/livox_ros_driver2/lib/liblivox_ros_driver2__rosidl_typesupport_cpp.so
[2.720s] -- Up-to-date: /home/xkai/agribot/agribot_ws/install/livox_ros_driver2/share/livox_ros_driver2/environment/pythonpath.sh
[2.720s] -- Installing: /home/xkai/agribot/agribot_ws/install/livox_ros_driver2/share/livox_ros_driver2/environment/pythonpath.dsv
[2.720s] -- Up-to-date: /home/xkai/agribot/agribot_ws/install/livox_ros_driver2/local/lib/python3.10/dist-packages/livox_ros_driver2-1.0.0-py3.10.egg-info
[2.720s] -- Installing: /home/xkai/agribot/agribot_ws/install/livox_ros_driver2/local/lib/python3.10/dist-packages/livox_ros_driver2-1.0.0-py3.10.egg-info/SOURCES.txt
[2.721s] -- Installing: /home/xkai/agribot/agribot_ws/install/livox_ros_driver2/local/lib/python3.10/dist-packages/livox_ros_driver2-1.0.0-py3.10.egg-info/top_level.txt
[2.721s] -- Installing: /home/xkai/agribot/agribot_ws/install/livox_ros_driver2/local/lib/python3.10/dist-packages/livox_ros_driver2-1.0.0-py3.10.egg-info/dependency_links.txt
[2.721s] -- Installing: /home/xkai/agribot/agribot_ws/install/livox_ros_driver2/local/lib/python3.10/dist-packages/livox_ros_driver2-1.0.0-py3.10.egg-info/PKG-INFO
[2.721s] -- Up-to-date: /home/xkai/agribot/agribot_ws/install/livox_ros_driver2/local/lib/python3.10/dist-packages/livox_ros_driver2
[2.721s] -- Installing: /home/xkai/agribot/agribot_ws/install/livox_ros_driver2/local/lib/python3.10/dist-packages/livox_ros_driver2/__init__.py
[2.721s] -- Up-to-date: /home/xkai/agribot/agribot_ws/install/livox_ros_driver2/local/lib/python3.10/dist-packages/livox_ros_driver2/_livox_ros_driver2_s.ep.rosidl_typesupport_fastrtps_c.c
[2.721s] -- Up-to-date: /home/xkai/agribot/agribot_ws/install/livox_ros_driver2/local/lib/python3.10/dist-packages/livox_ros_driver2/livox_ros_driver2_s__rosidl_typesupport_c.cpython-310-x86_64-linux-gnu.so
[2.721s] -- Up-to-date: /home/xkai/agribot/agribot_ws/install/livox_ros_driver2/local/lib/python3.10/dist-packages/livox_ros_driver2/_livox_ros_driver2_s.ep.rosidl_typesupport_introspection_c.c
[2.721s] -- Up-to-date: /home/xkai/agribot/agribot_ws/install/livox_ros_driver2/local/lib/python3.10/dist-packages/livox_ros_driver2/livox_ros_driver2_s__rosidl_typesupport_fastrtps_c.cpython-310-x86_64-linux-gnu.so
[2.721s] -- Up-to-date: /home/xkai/agribot/agribot_ws/install/livox_ros_driver2/local/lib/python3.10/dist-packages/livox_ros_driver2/_livox_ros_driver2_s.ep.rosidl_typesupport_c.c
[2.721s] -- Up-to-date: /home/xkai/agribot/agribot_ws/install/livox_ros_driver2/local/lib/python3.10/dist-packages/livox_ros_driver2/livox_ros_driver2_s__rosidl_typesupport_introspection_c.cpython-310-x86_64-linux-gnu.so
[2.722s] -- Up-to-date: /home/xkai/agribot/agribot_ws/install/livox_ros_driver2/local/lib/python3.10/dist-packages/livox_ros_driver2/liblivox_interfaces2__rosidl_generator_py.so
[2.722s] -- Up-to-date: /home/xkai/agribot/agribot_ws/install/livox_ros_driver2/local/lib/python3.10/dist-packages/livox_ros_driver2/msg
[2.722s] -- Up-to-date: /home/xkai/agribot/agribot_ws/install/livox_ros_driver2/local/lib/python3.10/dist-packages/livox_ros_driver2/msg/__init__.py
[2.722s] -- Up-to-date: /home/xkai/agribot/agribot_ws/install/livox_ros_driver2/local/lib/python3.10/dist-packages/livox_ros_driver2/msg/_custom_msg.py
[2.722s] -- Up-to-date: /home/xkai/agribot/agribot_ws/install/livox_ros_driver2/local/lib/python3.10/dist-packages/livox_ros_driver2/msg/_custom_point_s.c
[2.722s] -- Up-to-date: /home/xkai/agribot/agribot_ws/install/livox_ros_driver2/local/lib/python3.10/dist-packages/livox_ros_driver2/msg/_custom_point.py
[2.722s] -- Up-to-date: /home/xkai/agribot/agribot_ws/install/livox_ros_driver2/local/lib/python3.10/dist-packages/livox_ros_driver2/msg/_custom_msg_s.c
[2.746s] Listing '/home/xkai/agribot/agribot_ws/install/livox_ros_driver2/local/lib/python3.10/dist-packages/livox_ros_driver2'...
[2.746s] Compiling '/home/xkai/agribot/agribot_ws/install/livox_ros_driver2/local/lib/python3.10/dist-packages/livox_ros_driver2/__init__.py'...
[2.746s] Listing '/home/xkai/agribot/agribot_ws/install/livox_ros_driver2/local/lib/python3.10/dist-packages/livox_ros_driver2/msg'...
[2.750s] -- Up-to-date: /home/xkai/agribot/agribot_ws/install/livox_ros_driver2/local/lib/python3.10/dist-packages/livox_ros_driver2/livox_ros_driver2_s__rosidl_typesupport_fastrtps_c.cpython-310-x86_64-linux-gnu.so
[2.750s] -- Up-to-date: /home/xkai/agribot/agribot_ws/install/livox_ros_driver2/local/lib/python3.10/dist-packages/livox_ros_driver2/livox_ros_driver2_s__rosidl_typesupport_introspection_c.cpython-310-x86_64-linux-gnu.so
[2.750s] -- Up-to-date: /home/xkai/agribot/agribot_ws/install/livox_ros_driver2/local/lib/python3.10/dist-packages/livox_ros_driver2/livox_ros_driver2_s__rosidl_typesupport_c.cpython-310-x86_64-linux-gnu.so
[2.750s] -- Up-to-date: /home/xkai/agribot/agribot_ws/install/livox_ros_driver2/lib/liblivox_interfaces2__rosidl_generator_py.so
[2.751s] -- Up-to-date: /home/xkai/agribot/agribot_ws/install/livox_ros_driver2/share/livox_ros_driver2/msg/CustomPoint.idl
[2.751s] -- Up-to-date: /home/xkai/agribot/agribot_ws/install/livox_ros_driver2/share/livox_ros_driver2/msg/CustomMsg.idl
[2.751s] -- Up-to-date: /home/xkai/agribot/agribot_ws/install/livox_ros_driver2/share/livox_ros_driver2/msg/CustomPoint.msg
[2.751s] -- Up-to-date: /home/xkai/agribot/agribot_ws/install/livox_ros_driver2/share/livox_ros_driver2/msg/CustomMsg.msg
[2.751s] -- Up-to-date: /home/xkai/agribot/agribot_ws/install/livox_ros_driver2/lib/livox_ros_driver2/livox_ros_driver2_node
[2.751s] -- Up-to-date: /home/xkai/agribot/agribot_ws/install/livox_ros_driver2/lib/liblivox_ros_driver2.so
[2.752s] -- Up-to-date: /home/xkai/agribot/agribot_ws/install/livox_ros_driver2/share/livox_ros_driver2/config
[2.752s] -- Up-to-date: /home/xkai/agribot/agribot_ws/install/livox_ros_driver2/share/livox_ros_driver2/config/MID360_config.json
[2.752s] -- Up-to-date: /home/xkai/agribot/agribot_ws/install/livox_ros_driver2/share/livox_ros_driver2/config/mixed_HAP_MID360_config.json
[2.752s] -- Up-to-date: /home/xkai/agribot/agribot_ws/install/livox_ros_driver2/share/livox_ros_driver2/config/display_point_cloud_ROS1.rviz
[2.752s] -- Up-to-date: /home/xkai/agribot/agribot_ws/install/livox_ros_driver2/share/livox_ros_driver2/config/HAP_config.json
[2.752s] -- Up-to-date: /home/xkai/agribot/agribot_ws/install/livox_ros_driver2/share/livox_ros_driver2/config/display_point_cloud_ROS2.rviz
[2.752s] -- Up-to-date: /home/xkai/agribot/agribot_ws/install/livox_ros_driver2/share/livox_ros_driver2/launch_ROS2
[2.752s] -- Up-to-date: /home/xkai/agribot/agribot_ws/install/livox_ros_driver2/share/livox_ros_driver2/launch_ROS2/msg_HAP_launch.py
[2.752s] -- Up-to-date: /home/xkai/agribot/agribot_ws/install/livox_ros_driver2/share/livox_ros_driver2/launch_ROS2/msg_MID360_launch.py
[2.752s] -- Up-to-date: /home/xkai/agribot/agribot_ws/install/livox_ros_driver2/share/livox_ros_driver2/launch_ROS2/rviz_MID360_launch.py
[2.753s] -- Up-to-date: /home/xkai/agribot/agribot_ws/install/livox_ros_driver2/share/livox_ros_driver2/launch_ROS2/rviz_mixed.py
[2.753s] -- Up-to-date: /home/xkai/agribot/agribot_ws/install/livox_ros_driver2/share/livox_ros_driver2/launch_ROS2/rviz_HAP_launch.py
[2.753s] -- Up-to-date: /home/xkai/agribot/agribot_ws/install/livox_ros_driver2/share/ament_index/resource_index/package_run_dependencies/livox_ros_driver2
[2.753s] -- Installing: /home/xkai/agribot/agribot_ws/install/livox_ros_driver2/share/ament_index/resource_index/parent_prefix_path/livox_ros_driver2
[2.753s] -- Up-to-date: /home/xkai/agribot/agribot_ws/install/livox_ros_driver2/share/livox_ros_driver2/environment/ament_prefix_path.sh
[2.753s] -- Installing: /home/xkai/agribot/agribot_ws/install/livox_ros_driver2/share/livox_ros_driver2/environment/ament_prefix_path.dsv
[2.753s] -- Up-to-date: /home/xkai/agribot/agribot_ws/install/livox_ros_driver2/share/livox_ros_driver2/environment/path.sh
[2.753s] -- Installing: /home/xkai/agribot/agribot_ws/install/livox_ros_driver2/share/livox_ros_driver2/environment/path.dsv
[2.753s] -- Up-to-date: /home/xkai/agribot/agribot_ws/install/livox_ros_driver2/share/livox_ros_driver2/local_setup.bash
[2.754s] -- Up-to-date: /home/xkai/agribot/agribot_ws/install/livox_ros_driver2/share/livox_ros_driver2/local_setup.sh
[2.754s] -- Up-to-date: /home/xkai/agribot/agribot_ws/install/livox_ros_driver2/share/livox_ros_driver2/local_setup.zsh
[2.754s] -- Installing: /home/xkai/agribot/agribot_ws/install/livox_ros_driver2/share/livox_ros_driver2/local_setup.dsv
[2.754s] -- Installing: /home/xkai/agribot/agribot_ws/install/livox_ros_driver2/share/livox_ros_driver2/package.dsv
[2.754s] -- Up-to-date: /home/xkai/agribot/agribot_ws/install/livox_ros_driver2/share/ament_index/resource_index/packages/livox_ros_driver2
[2.754s] -- Up-to-date: /home/xkai/agribot/agribot_ws/install/livox_ros_driver2/share/livox_ros_driver2/cmake/export_livox_interfaces2__rosidl_generator_cExport.cmake
[2.754s] -- Up-to-date: /home/xkai/agribot/agribot_ws/install/livox_ros_driver2/share/livox_ros_driver2/cmake/export_livox_interfaces2__rosidl_generator_cExport-noconfig.cmake
[2.754s] -- Up-to-date: /home/xkai/agribot/agribot_ws/install/livox_ros_driver2/share/livox_ros_driver2/cmake/export_livox_interfaces2__rosidl_typesupport_fastrtps_cExport.cmake
[2.754s] -- Up-to-date: /home/xkai/agribot/agribot_ws/install/livox_ros_driver2/share/livox_ros_driver2/cmake/export_livox_interfaces2__rosidl_typesupport_fastrtps_cExport-noconfig.cmake
[2.754s] -- Up-to-date: /home/xkai/agribot/agribot_ws/install/livox_ros_driver2/share/livox_ros_driver2/cmake/livox_interfaces2__rosidl_typesupport_introspection_cExport.cmake
[2.754s] -- Up-to-date: /home/xkai/agribot/agribot_ws/install/livox_ros_driver2/share/livox_ros_driver2/cmake/livox_interfaces2__rosidl_typesupport_introspection_cExport-noconfig.cmake
[2.755s] -- Up-to-date: /home/xkai/agribot/agribot_ws/install/livox_ros_driver2/share/livox_ros_driver2/cmake/livox_interfaces2__rosidl_typesupport_cExport.cmake
[2.755s] -- Up-to-date: /home/xkai/agribot/agribot_ws/install/livox_ros_driver2/share/livox_ros_driver2/cmake/livox_interfaces2__rosidl_typesupport_cExport-noconfig.cmake
[2.755s] -- Up-to-date: /home/xkai/agribot/agribot_ws/install/livox_ros_driver2/share/livox_ros_driver2/cmake/export_livox_interfaces2__rosidl_generator_cppExport.cmake
[2.755s] -- Up-to-date: /home/xkai/agribot/agribot_ws/install/livox_ros_driver2/share/livox_ros_driver2/cmake/export_livox_interfaces2__rosidl_typesupport_fastrtps_cppExport.cmake
[2.755s] -- Up-to-date: /home/xkai/agribot/agribot_ws/install/livox_ros_driver2/share/livox_ros_driver2/cmake/export_livox_interfaces2__rosidl_typesupport_fastrtps_cppExport-noconfig.cmake
[2.756s] -- Up-to-date: /home/xkai/agribot/agribot_ws/install/livox_ros_driver2/share/livox_ros_driver2/cmake/livox_interfaces2__rosidl_typesupport_introspection_cppExport.cmake
[2.756s] -- Up-to-date: /home/xkai/agribot/agribot_ws/install/livox_ros_driver2/share/livox_ros_driver2/cmake/livox_interfaces2__rosidl_typesupport_introspection_cppExport-noconfig.cmake
[2.756s] -- Up-to-date: /home/xkai/agribot/agribot_ws/install/livox_ros_driver2/share/livox_ros_driver2/cmake/livox_interfaces2__rosidl_typesupport_cppExport.cmake
[2.756s] -- Up-to-date: /home/xkai/agribot/agribot_ws/install/livox_ros_driver2/share/livox_ros_driver2/cmake/livox_interfaces2__rosidl_typesupport_cppExport-noconfig.cmake
[2.757s] -- Up-to-date: /home/xkai/agribot/agribot_ws/install/livox_ros_driver2/share/livox_ros_driver2/cmake/export_livox_interfaces2__rosidl_generator_pyExport.cmake
[2.757s] -- Up-to-date: /home/xkai/agribot/agribot_ws/install/livox_ros_driver2/share/livox_ros_driver2/cmake/export_livox_interfaces2__rosidl_generator_pyExport-noconfig.cmake
[2.757s] -- Up-to-date: /home/xkai/agribot/agribot_ws/install/livox_ros_driver2/share/ament_index/resource_index/rclcpp_components/livox_ros_driver2
[2.757s] -- Up-to-date: /home/xkai/agribot/agribot_ws/install/livox_ros_driver2/share/livox_ros_driver2/cmake/rosidl_cmake-extras.cmake
[2.757s] -- Up-to-date: /home/xkai/agribot/agribot_ws/install/livox_ros_driver2/share/livox_ros_driver2/cmake/ament_cmake_export_dependencies-extras.cmake
[2.757s] -- Up-to-date: /home/xkai/agribot/agribot_ws/install/livox_ros_driver2/share/livox_ros_driver2/cmake/ament_cmake_export_include_directories-extras.cmake
[2.757s] -- Up-to-date: /home/xkai/agribot/agribot_ws/install/livox_ros_driver2/share/livox_ros_driver2/cmake/ament_cmake_export_libraries-extras.cmake
[2.758s] -- Up-to-date: /home/xkai/agribot/agribot_ws/install/livox_ros_driver2/share/livox_ros_driver2/cmake/ament_cmake_export_targets-extras.cmake
[2.758s] -- Up-to-date: /home/xkai/agribot/agribot_ws/install/livox_ros_driver2/share/livox_ros_driver2/cmake/rosidl_cmake_export_typesupport_targets-extras.cmake
[2.758s] -- Up-to-date: /home/xkai/agribot/agribot_ws/install/livox_ros_driver2/share/livox_ros_driver2/cmake/rosidl_cmake_export_typesupport_libraries-extras.cmake
[2.758s] -- Up-to-date: /home/xkai/agribot/agribot_ws/install/livox_ros_driver2/share/livox_ros_driver2/cmake/livox_ros_driver2Config.cmake
[2.758s] -- Up-to-date: /home/xkai/agribot/agribot_ws/install/livox_ros_driver2/share/livox_ros_driver2/cmake/livox_ros_driver2Config-version.cmake
[2.758s] -- Up-to-date: /home/xkai/agribot/agribot_ws/install/livox_ros_driver2/share/livox_ros_driver2/package.xml
[2.758s] Invoked command in '/home/xkai/agribot/agribot_ws/build/livox_ros_driver2' returned '0': CMAKE_PREFIX_PATH=${CMAKE_PREFIX_PATH}:/opt/ros/humble /usr/bin/cmake --install /home/xkai/agribot/agribot_ws/build/livox_ros_driver2
