-- Found ament_cmake: 1.3.12 (/opt/ros/humble/share/ament_cmake/cmake)
-- Override CMake install command with custom implementation using symlinks instead of copying resources
-- Found rclcpp: 16.0.14 (/opt/ros/humble/share/rclcpp/cmake)
-- Found rosidl_generator_c: 3.1.7 (/opt/ros/humble/share/rosidl_generator_c/cmake)
-- Found rosidl_adapter: 3.1.7 (/opt/ros/humble/share/rosidl_adapter/cmake)
-- Found rosidl_generator_cpp: 3.1.7 (/opt/ros/humble/share/rosidl_generator_cpp/cmake)
-- Using all available rosidl_typesupport_c: rosidl_typesupport_fastrtps_c;rosidl_typesupport_introspection_c
-- Using all available rosidl_typesupport_cpp: rosidl_typesupport_fastrtps_cpp;rosidl_typesupport_introspection_cpp
-- Found rmw_implementation_cmake: 6.1.2 (/opt/ros/humble/share/rmw_implementation_cmake/cmake)
-- Found rmw_fastrtps_cpp: 6.2.8 (/opt/ros/humble/share/rmw_fastrtps_cpp/cmake)
-- Using RMW implementation 'rmw_fastrtps_cpp' as default
-- Found rclcpp_components: 16.0.14 (/opt/ros/humble/share/rclcpp_components/cmake)
-- Found geometry_msgs: 4.9.0 (/opt/ros/humble/share/geometry_msgs/cmake)
-- Found nav_msgs: 4.9.0 (/opt/ros/humble/share/nav_msgs/cmake)
-- Found sensor_msgs: 4.9.0 (/opt/ros/humble/share/sensor_msgs/cmake)
-- Found std_srvs: 4.9.0 (/opt/ros/humble/share/std_srvs/cmake)
-- Found visualization_msgs: 4.9.0 (/opt/ros/humble/share/visualization_msgs/cmake)
-- Found pcl_ros: 2.4.5 (/opt/ros/humble/share/pcl_ros/cmake)
-- Checking for module 'eigen3'
--   Found eigen3, version 3.4.0
-- Found Eigen: /usr/include/eigen3 (Required is at least version "3.1") 
-- Eigen found (include: /usr/include/eigen3, version: 3.4.0)
-- Checking for module 'flann'
--   Found flann, version 1.9.1
-- Found FLANN: /usr/lib/x86_64-linux-gnu/libflann_cpp.so  
-- FLANN found (include: /usr/include, lib: /usr/lib/x86_64-linux-gnu/libflann_cpp.so)
-- Checking for module 'libusb-1.0'
--   Found libusb-1.0, version 1.0.25
-- Found libusb: /usr/lib/x86_64-linux-gnu/libusb-1.0.so  
-- OpenNI found (version: 1.5.4.0, include: /usr/include/ni, lib: /usr/lib/libOpenNI.so;libusb::libusb)
-- OpenNI2 found (version: 2.2.0.33, include: /usr/include/openni2, lib: /usr/lib/x86_64-linux-gnu/libOpenNI2.so;libusb::libusb)
-- Eigen found (include: /usr/include/eigen3, version: 3.4.0)
-- OpenNI found (version: 1.5.4.0, include: /usr/include/ni, lib: /usr/lib/libOpenNI.so;libusb::libusb)
-- OpenNI2 found (version: 2.2.0.33, include: /usr/include/openni2, lib: /usr/lib/x86_64-linux-gnu/libOpenNI2.so;libusb::libusb)
-- Found Qhull version 8.0.2
-- OpenNI found (version: 1.5.4.0, include: /usr/include/ni, lib: /usr/lib/libOpenNI.so;libusb::libusb)
-- Found PCL_COMMON: /usr/lib/x86_64-linux-gnu/libpcl_common.so  
-- Found PCL_KDTREE: /usr/lib/x86_64-linux-gnu/libpcl_kdtree.so  
-- Found PCL_OCTREE: /usr/lib/x86_64-linux-gnu/libpcl_octree.so  
-- Found PCL_SEARCH: /usr/lib/x86_64-linux-gnu/libpcl_search.so  
-- Found PCL_SAMPLE_CONSENSUS: /usr/lib/x86_64-linux-gnu/libpcl_sample_consensus.so  
-- Found PCL_FILTERS: /usr/lib/x86_64-linux-gnu/libpcl_filters.so  
-- Found PCL_2D: /usr/include/pcl-1.12  
-- Found PCL_GEOMETRY: /usr/include/pcl-1.12  
-- Found PCL_IO: /usr/lib/x86_64-linux-gnu/libpcl_io.so  
-- Found PCL_FEATURES: /usr/lib/x86_64-linux-gnu/libpcl_features.so  
-- Found PCL_ML: /usr/lib/x86_64-linux-gnu/libpcl_ml.so  
-- Found PCL_SEGMENTATION: /usr/lib/x86_64-linux-gnu/libpcl_segmentation.so  
-- Found PCL_VISUALIZATION: /usr/lib/x86_64-linux-gnu/libpcl_visualization.so  
-- Found PCL_SURFACE: /usr/lib/x86_64-linux-gnu/libpcl_surface.so  
-- Found PCL_REGISTRATION: /usr/lib/x86_64-linux-gnu/libpcl_registration.so  
-- Found PCL_KEYPOINTS: /usr/lib/x86_64-linux-gnu/libpcl_keypoints.so  
-- Found PCL_TRACKING: /usr/lib/x86_64-linux-gnu/libpcl_tracking.so  
-- Found PCL_RECOGNITION: /usr/lib/x86_64-linux-gnu/libpcl_recognition.so  
-- Found PCL_STEREO: /usr/lib/x86_64-linux-gnu/libpcl_stereo.so  
-- Found PCL_APPS: /usr/lib/x86_64-linux-gnu/libpcl_apps.so  
-- Found PCL_IN_HAND_SCANNER: /usr/include/pcl-1.12  
-- Found PCL_MODELER: /usr/include/pcl-1.12  
-- Found PCL_POINT_CLOUD_EDITOR: /usr/include/pcl-1.12  
-- Found PCL_OUTOFCORE: /usr/lib/x86_64-linux-gnu/libpcl_outofcore.so  
-- Found PCL_PEOPLE: /usr/lib/x86_64-linux-gnu/libpcl_people.so  
-- Found eigen3_cmake_module: 0.1.1 (/opt/ros/humble/share/eigen3_cmake_module/cmake)
-- Found Eigen3: TRUE (found version "3.4.0") 
-- Ensuring Eigen3 include directory is part of orocos-kdl CMake target
-- Found livox_ros_driver2: 1.0.0 (/home/xkai/agribot/agribot_ws/install/livox_ros_driver2/share/livox_ros_driver2/cmake)
-- Found rosidl_default_generators: 1.2.0 (/opt/ros/humble/share/rosidl_default_generators/cmake)
-- PCL: /usr/include/pcl-1.12
-- Found ament_cmake_ros: 0.10.0 (/opt/ros/humble/share/ament_cmake_ros/cmake)
-- Using all available rosidl_typesupport_c: rosidl_typesupport_fastrtps_c;rosidl_typesupport_introspection_c
-- Using all available rosidl_typesupport_cpp: rosidl_typesupport_fastrtps_cpp;rosidl_typesupport_introspection_cpp
-- Found PythonInterp: /usr/bin/python3 (found suitable version "3.10.12", minimum required is "3.6") 
-- Found python_cmake_module: 0.10.0 (/opt/ros/humble/share/python_cmake_module/cmake)
-- Found PythonLibs: /usr/lib/x86_64-linux-gnu/libpython3.10.so (found suitable version "3.10.12", minimum required is "3.5") 
-- Using PYTHON_EXECUTABLE: /usr/bin/python3
-- Using PYTHON_INCLUDE_DIRS: /usr/include/python3.10
-- Using PYTHON_LIBRARIES: /usr/lib/x86_64-linux-gnu/libpython3.10.so
-- Found PythonExtra: .so  
-- Configuring done
-- Generating done
-- Build files have been written to: /home/xkai/agribot/agribot_ws/build/fast_lio
[  2%] [34m[1mGenerating C code for ROS interfaces[0m
[  5%] [34m[1mGenerating C++ code for ROS interfaces[0m
[  5%] Built target ament_cmake_python_symlink_fast_lio
running egg_info
creating fast_lio.egg-info
writing fast_lio.egg-info/PKG-INFO
writing dependency_links to fast_lio.egg-info/dependency_links.txt
writing top-level names to fast_lio.egg-info/top_level.txt
writing manifest file 'fast_lio.egg-info/SOURCES.txt'
reading manifest file 'fast_lio.egg-info/SOURCES.txt'
writing manifest file 'fast_lio.egg-info/SOURCES.txt'
[  5%] Built target ament_cmake_python_build_fast_lio_egg
[  8%] [32mBuilding C object CMakeFiles/fast_lio__rosidl_generator_c.dir/rosidl_generator_c/fast_lio/msg/detail/pose6_d__functions.c.o[0m
[  8%] Built target fast_lio__cpp
[ 11%] [34m[1mGenerating C++ introspection for ROS interfaces[0m
[ 14%] [34m[1mGenerating C++ type support dispatch for ROS interfaces[0m
[ 17%] [34m[1mGenerating C++ type support for eProsima Fast-RTPS[0m
[ 20%] [32m[1mLinking C shared library libfast_lio__rosidl_generator_c.so[0m
[ 20%] Built target fast_lio__rosidl_generator_c
[ 25%] [34m[1mGenerating C type support for eProsima Fast-RTPS[0m
[ 25%] [34m[1mGenerating C introspection for ROS interfaces[0m
[ 28%] [34m[1mGenerating C type support dispatch for ROS interfaces[0m
[ 31%] [32mBuilding CXX object CMakeFiles/fast_lio__rosidl_typesupport_cpp.dir/rosidl_typesupport_cpp/fast_lio/msg/pose6_d__type_support.cpp.o[0m
[ 34%] [32mBuilding CXX object CMakeFiles/fast_lio__rosidl_typesupport_introspection_cpp.dir/rosidl_typesupport_introspection_cpp/fast_lio/msg/detail/pose6_d__type_support.cpp.o[0m
[ 37%] [32mBuilding CXX object CMakeFiles/fast_lio__rosidl_typesupport_fastrtps_cpp.dir/rosidl_typesupport_fastrtps_cpp/fast_lio/msg/detail/dds_fastrtps/pose6_d__type_support.cpp.o[0m
[ 40%] [32mBuilding CXX object CMakeFiles/fast_lio__rosidl_typesupport_fastrtps_c.dir/rosidl_typesupport_fastrtps_c/fast_lio/msg/detail/pose6_d__type_support_c.cpp.o[0m
[ 42%] [32mBuilding C object CMakeFiles/fast_lio__rosidl_typesupport_introspection_c.dir/rosidl_typesupport_introspection_c/fast_lio/msg/detail/pose6_d__type_support.c.o[0m
[ 45%] [32mBuilding CXX object CMakeFiles/fast_lio__rosidl_typesupport_c.dir/rosidl_typesupport_c/fast_lio/msg/pose6_d__type_support.cpp.o[0m
[ 48%] [32m[1mLinking CXX shared library libfast_lio__rosidl_typesupport_cpp.so[0m
[ 51%] [32m[1mLinking CXX shared library libfast_lio__rosidl_typesupport_c.so[0m
[ 54%] [32m[1mLinking C shared library libfast_lio__rosidl_typesupport_introspection_c.so[0m
[ 54%] Built target fast_lio__rosidl_typesupport_c
[ 54%] Built target fast_lio__rosidl_typesupport_introspection_c
[ 54%] Built target fast_lio__rosidl_typesupport_cpp
[ 57%] [32mBuilding CXX object CMakeFiles/fastlio_mapping.dir/include/ikd-Tree/ikd_Tree.cpp.o[0m
[ 60%] [32mBuilding CXX object CMakeFiles/fastlio_mapping.dir/src/laserMapping.cpp.o[0m
[ 62%] [32mBuilding CXX object CMakeFiles/fastlio_mapping.dir/src/preprocess.cpp.o[0m
[ 65%] [32m[1mLinking CXX shared library libfast_lio__rosidl_typesupport_fastrtps_cpp.so[0m
[ 68%] [32m[1mLinking CXX shared library libfast_lio__rosidl_typesupport_introspection_cpp.so[0m
[ 71%] [32m[1mLinking CXX shared library libfast_lio__rosidl_typesupport_fastrtps_c.so[0m
[ 71%] Built target fast_lio__rosidl_typesupport_introspection_cpp
[ 71%] Built target fast_lio__rosidl_typesupport_fastrtps_cpp
[ 71%] Built target fast_lio__rosidl_typesupport_fastrtps_c
[ 71%] Built target fast_lio
[ 74%] [34m[1mGenerating Python code for ROS interfaces[0m
[ 74%] Built target fast_lio__py
[ 77%] [32mBuilding C object CMakeFiles/fast_lio__rosidl_generator_py.dir/rosidl_generator_py/fast_lio/msg/_pose6_d_s.c.o[0m
[ 80%] [32m[1mLinking C shared library rosidl_generator_py/fast_lio/libfast_lio__rosidl_generator_py.so[0m
[ 80%] Built target fast_lio__rosidl_generator_py
[ 82%] [32mBuilding C object CMakeFiles/fast_lio__rosidl_typesupport_introspection_c__pyext.dir/rosidl_generator_py/fast_lio/_fast_lio_s.ep.rosidl_typesupport_introspection_c.c.o[0m
[ 85%] [32mBuilding C object CMakeFiles/fast_lio__rosidl_typesupport_c__pyext.dir/rosidl_generator_py/fast_lio/_fast_lio_s.ep.rosidl_typesupport_c.c.o[0m
[ 88%] [32mBuilding C object CMakeFiles/fast_lio__rosidl_typesupport_fastrtps_c__pyext.dir/rosidl_generator_py/fast_lio/_fast_lio_s.ep.rosidl_typesupport_fastrtps_c.c.o[0m
[ 91%] [32m[1mLinking C shared library rosidl_generator_py/fast_lio/fast_lio_s__rosidl_typesupport_c.cpython-310-x86_64-linux-gnu.so[0m
[ 94%] [32m[1mLinking C shared library rosidl_generator_py/fast_lio/fast_lio_s__rosidl_typesupport_introspection_c.cpython-310-x86_64-linux-gnu.so[0m
[ 97%] [32m[1mLinking C shared library rosidl_generator_py/fast_lio/fast_lio_s__rosidl_typesupport_fastrtps_c.cpython-310-x86_64-linux-gnu.so[0m
[ 97%] Built target fast_lio__rosidl_typesupport_c__pyext
[ 97%] Built target fast_lio__rosidl_typesupport_introspection_c__pyext
[ 97%] Built target fast_lio__rosidl_typesupport_fastrtps_c__pyext
[100%] [32m[1mLinking CXX executable fastlio_mapping[0m
[100%] Built target fastlio_mapping
-- Install configuration: "Release"
-- Execute custom install script
-- Symlinking: /home/xkai/agribot/agribot_ws/install/fast_lio/share/ament_index/resource_index/rosidl_interfaces/fast_lio
-- Symlinking: /home/xkai/agribot/agribot_ws/install/fast_lio/include/fast_lio/fast_lio/msg/detail/pose6_d__functions.h
-- Symlinking: /home/xkai/agribot/agribot_ws/install/fast_lio/include/fast_lio/fast_lio/msg/detail/pose6_d__struct.h
-- Symlinking: /home/xkai/agribot/agribot_ws/install/fast_lio/include/fast_lio/fast_lio/msg/detail/pose6_d__type_support.h
-- Symlinking: /home/xkai/agribot/agribot_ws/install/fast_lio/include/fast_lio/fast_lio/msg/pose6_d.h
-- Symlinking: /home/xkai/agribot/agribot_ws/install/fast_lio/include/fast_lio/fast_lio/msg/rosidl_generator_c__visibility_control.h
-- Symlinking: /home/xkai/agribot/agribot_ws/install/fast_lio/share/fast_lio/environment/library_path.sh
-- Symlinking: /home/xkai/agribot/agribot_ws/install/fast_lio/share/fast_lio/environment/library_path.dsv
-- Symlinking: /home/xkai/agribot/agribot_ws/install/fast_lio/include/fast_lio/fast_lio/msg/detail/pose6_d__rosidl_typesupport_fastrtps_c.h
-- Symlinking: /home/xkai/agribot/agribot_ws/install/fast_lio/include/fast_lio/fast_lio/msg/rosidl_typesupport_fastrtps_c__visibility_control.h
-- Symlinking: /home/xkai/agribot/agribot_ws/install/fast_lio/include/fast_lio/fast_lio/msg/detail/pose6_d__builder.hpp
-- Symlinking: /home/xkai/agribot/agribot_ws/install/fast_lio/include/fast_lio/fast_lio/msg/detail/pose6_d__struct.hpp
-- Symlinking: /home/xkai/agribot/agribot_ws/install/fast_lio/include/fast_lio/fast_lio/msg/detail/pose6_d__traits.hpp
-- Symlinking: /home/xkai/agribot/agribot_ws/install/fast_lio/include/fast_lio/fast_lio/msg/detail/pose6_d__type_support.hpp
-- Symlinking: /home/xkai/agribot/agribot_ws/install/fast_lio/include/fast_lio/fast_lio/msg/pose6_d.hpp
-- Symlinking: /home/xkai/agribot/agribot_ws/install/fast_lio/include/fast_lio/fast_lio/msg/rosidl_generator_cpp__visibility_control.hpp
-- Symlinking: /home/xkai/agribot/agribot_ws/install/fast_lio/include/fast_lio/fast_lio/msg/detail/pose6_d__rosidl_typesupport_fastrtps_cpp.hpp
-- Symlinking: /home/xkai/agribot/agribot_ws/install/fast_lio/include/fast_lio/fast_lio/msg/rosidl_typesupport_fastrtps_cpp__visibility_control.h
-- Symlinking: /home/xkai/agribot/agribot_ws/install/fast_lio/include/fast_lio/fast_lio/msg/detail/pose6_d__rosidl_typesupport_introspection_c.h
-- Symlinking: /home/xkai/agribot/agribot_ws/install/fast_lio/include/fast_lio/fast_lio/msg/rosidl_typesupport_introspection_c__visibility_control.h
-- Symlinking: /home/xkai/agribot/agribot_ws/install/fast_lio/include/fast_lio/fast_lio/msg/detail/pose6_d__rosidl_typesupport_introspection_cpp.hpp
-- Symlinking: /home/xkai/agribot/agribot_ws/install/fast_lio/share/fast_lio/environment/pythonpath.sh
-- Symlinking: /home/xkai/agribot/agribot_ws/install/fast_lio/share/fast_lio/environment/pythonpath.dsv
-- Symlinking: /home/xkai/agribot/agribot_ws/install/fast_lio/local/lib/python3.10/dist-packages/fast_lio-0.0.0-py3.10.egg-info/PKG-INFO
-- Symlinking: /home/xkai/agribot/agribot_ws/install/fast_lio/local/lib/python3.10/dist-packages/fast_lio-0.0.0-py3.10.egg-info/SOURCES.txt
-- Symlinking: /home/xkai/agribot/agribot_ws/install/fast_lio/local/lib/python3.10/dist-packages/fast_lio-0.0.0-py3.10.egg-info/dependency_links.txt
-- Symlinking: /home/xkai/agribot/agribot_ws/install/fast_lio/local/lib/python3.10/dist-packages/fast_lio-0.0.0-py3.10.egg-info/top_level.txt
-- Symlinking: /home/xkai/agribot/agribot_ws/install/fast_lio/local/lib/python3.10/dist-packages/fast_lio/__init__.py
-- Symlinking: /home/xkai/agribot/agribot_ws/install/fast_lio/local/lib/python3.10/dist-packages/fast_lio/_fast_lio_s.ep.rosidl_typesupport_c.c
-- Symlinking: /home/xkai/agribot/agribot_ws/install/fast_lio/local/lib/python3.10/dist-packages/fast_lio/_fast_lio_s.ep.rosidl_typesupport_fastrtps_c.c
-- Symlinking: /home/xkai/agribot/agribot_ws/install/fast_lio/local/lib/python3.10/dist-packages/fast_lio/_fast_lio_s.ep.rosidl_typesupport_introspection_c.c
-- Symlinking: /home/xkai/agribot/agribot_ws/install/fast_lio/local/lib/python3.10/dist-packages/fast_lio/fast_lio_s__rosidl_typesupport_c.cpython-310-x86_64-linux-gnu.so
-- Symlinking: /home/xkai/agribot/agribot_ws/install/fast_lio/local/lib/python3.10/dist-packages/fast_lio/fast_lio_s__rosidl_typesupport_fastrtps_c.cpython-310-x86_64-linux-gnu.so
-- Symlinking: /home/xkai/agribot/agribot_ws/install/fast_lio/local/lib/python3.10/dist-packages/fast_lio/fast_lio_s__rosidl_typesupport_introspection_c.cpython-310-x86_64-linux-gnu.so
-- Symlinking: /home/xkai/agribot/agribot_ws/install/fast_lio/local/lib/python3.10/dist-packages/fast_lio/libfast_lio__rosidl_generator_py.so
-- Symlinking: /home/xkai/agribot/agribot_ws/install/fast_lio/local/lib/python3.10/dist-packages/fast_lio/msg/__init__.py
-- Symlinking: /home/xkai/agribot/agribot_ws/install/fast_lio/local/lib/python3.10/dist-packages/fast_lio/msg/_pose6_d.py
-- Symlinking: /home/xkai/agribot/agribot_ws/install/fast_lio/local/lib/python3.10/dist-packages/fast_lio/msg/_pose6_d_s.c
-- Up-to-date symlink: /home/xkai/agribot/agribot_ws/install/fast_lio/local/lib/python3.10/dist-packages/fast_lio/fast_lio_s__rosidl_typesupport_fastrtps_c.cpython-310-x86_64-linux-gnu.so
-- Up-to-date symlink: /home/xkai/agribot/agribot_ws/install/fast_lio/local/lib/python3.10/dist-packages/fast_lio/fast_lio_s__rosidl_typesupport_introspection_c.cpython-310-x86_64-linux-gnu.so
-- Up-to-date symlink: /home/xkai/agribot/agribot_ws/install/fast_lio/local/lib/python3.10/dist-packages/fast_lio/fast_lio_s__rosidl_typesupport_c.cpython-310-x86_64-linux-gnu.so
-- Symlinking: /home/xkai/agribot/agribot_ws/install/fast_lio/share/fast_lio/msg/Pose6D.idl
-- Symlinking: /home/xkai/agribot/agribot_ws/install/fast_lio/share/fast_lio/msg/Pose6D.msg
-- Symlinking: /home/xkai/agribot/agribot_ws/install/fast_lio/lib/fast_lio/fastlio_mapping
-- Symlinking: /home/xkai/agribot/agribot_ws/install/fast_lio/share/fast_lio/config/avia.yaml
-- Symlinking: /home/xkai/agribot/agribot_ws/install/fast_lio/share/fast_lio/config/horizon.yaml
-- Symlinking: /home/xkai/agribot/agribot_ws/install/fast_lio/share/fast_lio/config/mid360.yaml
-- Symlinking: /home/xkai/agribot/agribot_ws/install/fast_lio/share/fast_lio/config/ouster64.yaml
-- Symlinking: /home/xkai/agribot/agribot_ws/install/fast_lio/share/fast_lio/config/velodyne.yaml
-- Symlinking: /home/xkai/agribot/agribot_ws/install/fast_lio/share/fast_lio/launch/gdb_debug_example.launch
-- Symlinking: /home/xkai/agribot/agribot_ws/install/fast_lio/share/fast_lio/launch/mapping.launch.py
-- Symlinking: /home/xkai/agribot/agribot_ws/install/fast_lio/share/fast_lio/rviz/fastlio.rviz
-- Symlinking: /home/xkai/agribot/agribot_ws/install/fast_lio/share/ament_index/resource_index/package_run_dependencies/fast_lio
-- Symlinking: /home/xkai/agribot/agribot_ws/install/fast_lio/share/ament_index/resource_index/parent_prefix_path/fast_lio
-- Symlinking: /home/xkai/agribot/agribot_ws/install/fast_lio/share/fast_lio/environment/ament_prefix_path.sh
-- Symlinking: /home/xkai/agribot/agribot_ws/install/fast_lio/share/fast_lio/environment/ament_prefix_path.dsv
-- Symlinking: /home/xkai/agribot/agribot_ws/install/fast_lio/share/fast_lio/environment/path.sh
-- Symlinking: /home/xkai/agribot/agribot_ws/install/fast_lio/share/fast_lio/environment/path.dsv
-- Symlinking: /home/xkai/agribot/agribot_ws/install/fast_lio/share/fast_lio/local_setup.bash
-- Symlinking: /home/xkai/agribot/agribot_ws/install/fast_lio/share/fast_lio/local_setup.sh
-- Symlinking: /home/xkai/agribot/agribot_ws/install/fast_lio/share/fast_lio/local_setup.zsh
-- Symlinking: /home/xkai/agribot/agribot_ws/install/fast_lio/share/fast_lio/local_setup.dsv
-- Symlinking: /home/xkai/agribot/agribot_ws/install/fast_lio/share/fast_lio/package.dsv
-- Symlinking: /home/xkai/agribot/agribot_ws/install/fast_lio/share/ament_index/resource_index/packages/fast_lio
-- Symlinking: /home/xkai/agribot/agribot_ws/install/fast_lio/share/fast_lio/cmake/rosidl_cmake-extras.cmake
-- Symlinking: /home/xkai/agribot/agribot_ws/install/fast_lio/share/fast_lio/cmake/ament_cmake_export_include_directories-extras.cmake
-- Symlinking: /home/xkai/agribot/agribot_ws/install/fast_lio/share/fast_lio/cmake/ament_cmake_export_libraries-extras.cmake
-- Symlinking: /home/xkai/agribot/agribot_ws/install/fast_lio/share/fast_lio/cmake/ament_cmake_export_targets-extras.cmake
-- Symlinking: /home/xkai/agribot/agribot_ws/install/fast_lio/share/fast_lio/cmake/rosidl_cmake_export_typesupport_targets-extras.cmake
-- Symlinking: /home/xkai/agribot/agribot_ws/install/fast_lio/share/fast_lio/cmake/ament_cmake_export_dependencies-extras.cmake
-- Symlinking: /home/xkai/agribot/agribot_ws/install/fast_lio/share/fast_lio/cmake/rosidl_cmake_export_typesupport_libraries-extras.cmake
-- Symlinking: /home/xkai/agribot/agribot_ws/install/fast_lio/share/fast_lio/cmake/fast_lioConfig.cmake
-- Symlinking: /home/xkai/agribot/agribot_ws/install/fast_lio/share/fast_lio/cmake/fast_lioConfig-version.cmake
-- Symlinking: /home/xkai/agribot/agribot_ws/install/fast_lio/share/fast_lio/package.xml
-- Installing: /home/xkai/agribot/agribot_ws/install/fast_lio/lib/libfast_lio__rosidl_generator_c.so
-- Set runtime path of "/home/xkai/agribot/agribot_ws/install/fast_lio/lib/libfast_lio__rosidl_generator_c.so" to ""
-- Installing: /home/xkai/agribot/agribot_ws/install/fast_lio/lib/libfast_lio__rosidl_typesupport_fastrtps_c.so
-- Set runtime path of "/home/xkai/agribot/agribot_ws/install/fast_lio/lib/libfast_lio__rosidl_typesupport_fastrtps_c.so" to ""
-- Installing: /home/xkai/agribot/agribot_ws/install/fast_lio/lib/libfast_lio__rosidl_typesupport_fastrtps_cpp.so
-- Set runtime path of "/home/xkai/agribot/agribot_ws/install/fast_lio/lib/libfast_lio__rosidl_typesupport_fastrtps_cpp.so" to ""
-- Installing: /home/xkai/agribot/agribot_ws/install/fast_lio/lib/libfast_lio__rosidl_typesupport_introspection_c.so
-- Set runtime path of "/home/xkai/agribot/agribot_ws/install/fast_lio/lib/libfast_lio__rosidl_typesupport_introspection_c.so" to ""
-- Installing: /home/xkai/agribot/agribot_ws/install/fast_lio/lib/libfast_lio__rosidl_typesupport_c.so
-- Set runtime path of "/home/xkai/agribot/agribot_ws/install/fast_lio/lib/libfast_lio__rosidl_typesupport_c.so" to ""
-- Installing: /home/xkai/agribot/agribot_ws/install/fast_lio/lib/libfast_lio__rosidl_typesupport_introspection_cpp.so
-- Set runtime path of "/home/xkai/agribot/agribot_ws/install/fast_lio/lib/libfast_lio__rosidl_typesupport_introspection_cpp.so" to ""
-- Installing: /home/xkai/agribot/agribot_ws/install/fast_lio/lib/libfast_lio__rosidl_typesupport_cpp.so
-- Set runtime path of "/home/xkai/agribot/agribot_ws/install/fast_lio/lib/libfast_lio__rosidl_typesupport_cpp.so" to ""
Listing '/home/xkai/agribot/agribot_ws/install/fast_lio/local/lib/python3.10/dist-packages/fast_lio'...
Compiling '/home/xkai/agribot/agribot_ws/install/fast_lio/local/lib/python3.10/dist-packages/fast_lio/__init__.py'...
Listing '/home/xkai/agribot/agribot_ws/install/fast_lio/local/lib/python3.10/dist-packages/fast_lio/msg'...
Compiling '/home/xkai/agribot/agribot_ws/install/fast_lio/local/lib/python3.10/dist-packages/fast_lio/msg/__init__.py'...
Compiling '/home/xkai/agribot/agribot_ws/install/fast_lio/local/lib/python3.10/dist-packages/fast_lio/msg/_pose6_d.py'...
-- Installing: /home/xkai/agribot/agribot_ws/install/fast_lio/lib/libfast_lio__rosidl_generator_py.so
-- Set runtime path of "/home/xkai/agribot/agribot_ws/install/fast_lio/lib/libfast_lio__rosidl_generator_py.so" to ""
-- Installing: /home/xkai/agribot/agribot_ws/install/fast_lio/share/fast_lio/cmake/export_fast_lio__rosidl_generator_cExport.cmake
-- Installing: /home/xkai/agribot/agribot_ws/install/fast_lio/share/fast_lio/cmake/export_fast_lio__rosidl_generator_cExport-release.cmake
-- Installing: /home/xkai/agribot/agribot_ws/install/fast_lio/share/fast_lio/cmake/export_fast_lio__rosidl_typesupport_fastrtps_cExport.cmake
-- Installing: /home/xkai/agribot/agribot_ws/install/fast_lio/share/fast_lio/cmake/export_fast_lio__rosidl_typesupport_fastrtps_cExport-release.cmake
-- Installing: /home/xkai/agribot/agribot_ws/install/fast_lio/share/fast_lio/cmake/export_fast_lio__rosidl_generator_cppExport.cmake
-- Installing: /home/xkai/agribot/agribot_ws/install/fast_lio/share/fast_lio/cmake/export_fast_lio__rosidl_typesupport_fastrtps_cppExport.cmake
-- Installing: /home/xkai/agribot/agribot_ws/install/fast_lio/share/fast_lio/cmake/export_fast_lio__rosidl_typesupport_fastrtps_cppExport-release.cmake
-- Installing: /home/xkai/agribot/agribot_ws/install/fast_lio/share/fast_lio/cmake/fast_lio__rosidl_typesupport_introspection_cExport.cmake
-- Installing: /home/xkai/agribot/agribot_ws/install/fast_lio/share/fast_lio/cmake/fast_lio__rosidl_typesupport_introspection_cExport-release.cmake
-- Installing: /home/xkai/agribot/agribot_ws/install/fast_lio/share/fast_lio/cmake/fast_lio__rosidl_typesupport_cExport.cmake
-- Installing: /home/xkai/agribot/agribot_ws/install/fast_lio/share/fast_lio/cmake/fast_lio__rosidl_typesupport_cExport-release.cmake
-- Installing: /home/xkai/agribot/agribot_ws/install/fast_lio/share/fast_lio/cmake/fast_lio__rosidl_typesupport_introspection_cppExport.cmake
-- Installing: /home/xkai/agribot/agribot_ws/install/fast_lio/share/fast_lio/cmake/fast_lio__rosidl_typesupport_introspection_cppExport-release.cmake
-- Installing: /home/xkai/agribot/agribot_ws/install/fast_lio/share/fast_lio/cmake/fast_lio__rosidl_typesupport_cppExport.cmake
-- Installing: /home/xkai/agribot/agribot_ws/install/fast_lio/share/fast_lio/cmake/fast_lio__rosidl_typesupport_cppExport-release.cmake
-- Installing: /home/xkai/agribot/agribot_ws/install/fast_lio/share/fast_lio/cmake/export_fast_lio__rosidl_generator_pyExport.cmake
-- Installing: /home/xkai/agribot/agribot_ws/install/fast_lio/share/fast_lio/cmake/export_fast_lio__rosidl_generator_pyExport-release.cmake
