[0.015s] Invoking command in '/home/xkai/agribot/agribot_ws/build/agribot_simulation': /usr/bin/cmake --build /home/xkai/agribot/agribot_ws/build/agribot_simulation -- -j8 -l8
[0.033s] -- Found ament_cmake: 1.3.14 (/opt/ros/humble/share/ament_cmake/cmake)
[0.204s] -- Override CMake install command with custom implementation using symlinks instead of copying resources
[0.213s] -- Found ament_lint_auto: 0.12.15 (/opt/ros/humble/share/ament_lint_auto/cmake)
[0.214s] [0mCMake Error: File /home/xkai/agribot/agribot_ws/src/agribot_simulation/package.xml does not exist.[0m
[0.214s] [31mCMake Error at /opt/ros/humble/share/ament_cmake_core/cmake/core/stamp.cmake:24 (configure_file):
[0.214s]   configure_file Problem configuring file
[0.215s] Call Stack (most recent call first):
[0.215s]   /opt/ros/humble/share/ament_cmake_core/cmake/core/ament_package_xml.cmake:73 (stamp)
[0.215s]   /opt/ros/humble/share/ament_cmake_core/cmake/core/ament_package_xml.cmake:49 (_ament_package_xml)
[0.215s]   /opt/ros/humble/share/ament_lint_auto/cmake/ament_lint_auto_find_test_dependencies.cmake:31 (ament_package_xml)
[0.215s]   CMakeLists.txt:23 (ament_lint_auto_find_test_dependencies)
[0.215s] 
[0.215s] [0m
[0.215s] [0mCMake Error: File /home/xkai/agribot/agribot_ws/src/agribot_simulation/package.xml does not exist.[0m
[0.215s] [31mCMake Error at /opt/ros/humble/share/ament_cmake_core/cmake/core/stamp.cmake:24 (configure_file):
[0.216s]   configure_file Problem configuring file
[0.216s] Call Stack (most recent call first):
[0.216s]   /opt/ros/humble/share/ament_cmake_core/cmake/core/ament_package_xml.cmake:73 (stamp)
[0.216s]   /opt/ros/humble/share/ament_cmake_core/cmake/core/ament_package_xml.cmake:49 (_ament_package_xml)
[0.216s]   /opt/ros/humble/share/ament_cmake_core/cmake/core/ament_package.cmake:63 (ament_package_xml)
[0.216s]   CMakeLists.txt:34 (ament_package)
[0.216s] 
[0.216s] [0m
[0.224s] -- Configuring incomplete, errors occurred!
[0.224s] See also "/home/xkai/agribot/agribot_ws/build/agribot_simulation/CMakeFiles/CMakeOutput.log".
[0.224s] gmake: *** [Makefile:226：cmake_check_build_system] 错误 1
[0.228s] Invoked command in '/home/xkai/agribot/agribot_ws/build/agribot_simulation' returned '2': /usr/bin/cmake --build /home/xkai/agribot/agribot_ws/build/agribot_simulation -- -j8 -l8
