[0.011s] Invoking command in '/home/xkai/agribot/agribot_ws/build/agribot_simulation': /usr/bin/cmake --build /home/xkai/agribot/agribot_ws/build/agribot_simulation -- -j8 -l8
[0.032s] -- Found ament_cmake: 1.3.14 (/opt/ros/humble/share/ament_cmake/cmake)
[0.146s] -- Override CMake install command with custom implementation using symlinks instead of copying resources
[0.154s] -- Found ament_lint_auto: 0.12.15 (/opt/ros/humble/share/ament_lint_auto/cmake)
[0.154s] [0mCMake Error: File /home/xkai/agribot/agribot_ws/src/agribot_simulation/package.xml does not exist.[0m
[0.154s] [31mCMake Error at /opt/ros/humble/share/ament_cmake_core/cmake/core/stamp.cmake:24 (configure_file):
[0.155s]   configure_file Problem configuring file
[0.155s] Call Stack (most recent call first):
[0.155s]   /opt/ros/humble/share/ament_cmake_core/cmake/core/ament_package_xml.cmake:73 (stamp)
[0.155s]   /opt/ros/humble/share/ament_cmake_core/cmake/core/ament_package_xml.cmake:49 (_ament_package_xml)
[0.155s]   /opt/ros/humble/share/ament_lint_auto/cmake/ament_lint_auto_find_test_dependencies.cmake:31 (ament_package_xml)
[0.155s]   CMakeLists.txt:23 (ament_lint_auto_find_test_dependencies)
[0.155s] 
[0.155s] [0m
[0.155s] [0mCMake Error: File /home/xkai/agribot/agribot_ws/src/agribot_simulation/package.xml does not exist.[0m
[0.155s] [31mCMake Error at /opt/ros/humble/share/ament_cmake_core/cmake/core/stamp.cmake:24 (configure_file):
[0.155s]   configure_file Problem configuring file
[0.155s] Call Stack (most recent call first):
[0.156s]   /opt/ros/humble/share/ament_cmake_core/cmake/core/ament_package_xml.cmake:73 (stamp)
[0.156s]   /opt/ros/humble/share/ament_cmake_core/cmake/core/ament_package_xml.cmake:49 (_ament_package_xml)
[0.156s]   /opt/ros/humble/share/ament_cmake_core/cmake/core/ament_package.cmake:63 (ament_package_xml)
[0.156s]   CMakeLists.txt:34 (ament_package)
[0.156s] 
[0.156s] [0m
[0.159s] -- Configuring incomplete, errors occurred!
[0.160s] See also "/home/xkai/agribot/agribot_ws/build/agribot_simulation/CMakeFiles/CMakeOutput.log".
[0.162s] gmake: *** [Makefile:226：cmake_check_build_system] 错误 1
[0.164s] Invoked command in '/home/xkai/agribot/agribot_ws/build/agribot_simulation' returned '2': /usr/bin/cmake --build /home/xkai/agribot/agribot_ws/build/agribot_simulation -- -j8 -l8
