[35m[1mConsolidate compiler generated dependencies of target corn_row_detector_projection[0m
[ 16%] Built target pcl_learning
[35m[1mConsolidate compiler generated dependencies of target cornfield_navigation_node[0m
[ 33%] Built target centerline_extract
[ 41%] [32mBuilding CXX object CMakeFiles/corn_row_detector_projection.dir/src/corn_row_detector_projection.cpp.o[0m
[ 91%] Built target cornfield_navigation_node
In file included from [01m[K/opt/ros/humble/include/rclcpp/rclcpp/logging.hpp:24[m[K,
                 from [01m[K/opt/ros/humble/include/rclcpp/rclcpp/client.hpp:40[m[K,
                 from [01m[K/opt/ros/humble/include/rclcpp/rclcpp/callback_group.hpp:24[m[K,
                 from [01m[K/opt/ros/humble/include/rclcpp/rclcpp/any_executable.hpp:20[m[K,
                 from [01m[K/opt/ros/humble/include/rclcpp/rclcpp/memory_strategy.hpp:25[m[K,
                 from [01m[K/opt/ros/humble/include/rclcpp/rclcpp/memory_strategies.hpp:18[m[K,
                 from [01m[K/opt/ros/humble/include/rclcpp/rclcpp/executor_options.hpp:20[m[K,
                 from [01m[K/opt/ros/humble/include/rclcpp/rclcpp/executor.hpp:37[m[K,
                 from [01m[K/opt/ros/humble/include/rclcpp/rclcpp/executors/multi_threaded_executor.hpp:25[m[K,
                 from [01m[K/opt/ros/humble/include/rclcpp/rclcpp/executors.hpp:21[m[K,
                 from [01m[K/opt/ros/humble/include/rclcpp/rclcpp/rclcpp.hpp:155[m[K,
                 from [01m[K/home/xkai/agribot/agribot_ws/src/centerline_extraction/src/corn_row_detector_projection.cpp:2[m[K:
[01m[K/home/xkai/agribot/agribot_ws/src/centerline_extraction/src/corn_row_detector_projection.cpp:[m[K In member function ‘[01m[Kvoid CornRowDetectorProjection::point_cloud_callback(sensor_msgs::msg::PointCloud2_<std::allocator<void> >::SharedPtr)[m[K’:
[01m[K/home/xkai/agribot/agribot_ws/src/centerline_extraction/src/corn_row_detector_projection.cpp:243:58:[m[K [01;31m[Kerror: [m[K‘[01m[Krow_separation[m[K’ was not declared in this scope
  243 |                 left_inner->size(), right_inner->size(), [01;31m[Krow_separation[m[K);
      |                                                          [01;31m[K^~~~~~~~~~~~~~[m[K
gmake[2]: *** [CMakeFiles/corn_row_detector_projection.dir/build.make:76：CMakeFiles/corn_row_detector_projection.dir/src/corn_row_detector_projection.cpp.o] 错误 1
gmake[1]: *** [CMakeFiles/Makefile2:195：CMakeFiles/corn_row_detector_projection.dir/all] 错误 2
gmake: *** [Makefile:146：all] 错误 2
