-- Found ament_cmake: 1.3.12 (/opt/ros/humble/share/ament_cmake/cmake)
-- Found rclcpp: 16.0.14 (/opt/ros/humble/share/rclcpp/cmake)
-- Found rosidl_generator_c: 3.1.7 (/opt/ros/humble/share/rosidl_generator_c/cmake)
-- Found rosidl_adapter: 3.1.7 (/opt/ros/humble/share/rosidl_adapter/cmake)
-- Found rosidl_generator_cpp: 3.1.7 (/opt/ros/humble/share/rosidl_generator_cpp/cmake)
-- Using all available rosidl_typesupport_c: rosidl_typesupport_fastrtps_c;rosidl_typesupport_introspection_c
-- Using all available rosidl_typesupport_cpp: rosidl_typesupport_fastrtps_cpp;rosidl_typesupport_introspection_cpp
-- Found rmw_implementation_cmake: 6.1.2 (/opt/ros/humble/share/rmw_implementation_cmake/cmake)
-- Found rmw_fastrtps_cpp: 6.2.8 (/opt/ros/humble/share/rmw_fastrtps_cpp/cmake)
-- Using RMW implementation 'rmw_fastrtps_cpp' as default
-- Found sensor_msgs: 4.9.0 (/opt/ros/humble/share/sensor_msgs/cmake)
-- Found nav_msgs: 4.9.0 (/opt/ros/humble/share/nav_msgs/cmake)
-- Found visualization_msgs: 4.9.0 (/opt/ros/humble/share/visualization_msgs/cmake)
-- Found pcl_conversions: 2.4.5 (/opt/ros/humble/share/pcl_conversions/cmake)
-- Eigen found (include: /usr/include/eigen3, version: 3.4.0)
-- FLANN found (include: /usr/include, lib: /usr/lib/x86_64-linux-gnu/libflann_cpp.so)
-- OpenNI found (version: 1.5.4.0, include: /usr/include/ni, lib: /usr/lib/libOpenNI.so;libusb::libusb)
-- OpenNI2 found (version: 2.2.0.33, include: /usr/include/openni2, lib: /usr/lib/x86_64-linux-gnu/libOpenNI2.so;libusb::libusb)
-- Eigen found (include: /usr/include/eigen3, version: 3.4.0)
-- OpenNI found (version: 1.5.4.0, include: /usr/include/ni, lib: /usr/lib/libOpenNI.so;libusb::libusb)
-- OpenNI2 found (version: 2.2.0.33, include: /usr/include/openni2, lib: /usr/lib/x86_64-linux-gnu/libOpenNI2.so;libusb::libusb)
-- Found Qhull version 8.0.2
-- OpenNI found (version: 1.5.4.0, include: /usr/include/ni, lib: /usr/lib/libOpenNI.so;libusb::libusb)
-- Found tf2: 0.25.16 (/opt/ros/humble/share/tf2/cmake)
-- Found tf2_geometry_msgs: 0.25.16 (/opt/ros/humble/share/tf2_geometry_msgs/cmake)
-- Found eigen3_cmake_module: 0.1.1 (/opt/ros/humble/share/eigen3_cmake_module/cmake)
-- Ensuring Eigen3 include directory is part of orocos-kdl CMake target
-- Found ament_lint_auto: 0.12.14 (/opt/ros/humble/share/ament_lint_auto/cmake)
-- Added test 'cppcheck' to perform static code analysis on C / C++ code
-- Configured cppcheck include dirs: /home/xkai/agribot/agribot_ws/src/centerline_extraction/include
-- Configured cppcheck exclude dirs and/or files: 
-- Added test 'lint_cmake' to check CMake code style
-- Added test 'uncrustify' to check C / C++ code style
-- Configured uncrustify additional arguments: 
-- Added test 'xmllint' to check XML markup files
-- Configuring done
-- Generating done
-- Build files have been written to: /home/xkai/agribot/agribot_ws/build/centerline_extraction
[35m[1mConsolidate compiler generated dependencies of target cornfield_navigation_node[0m
[35m[1mConsolidate compiler generated dependencies of target pcl_learning[0m
[35m[1mConsolidate compiler generated dependencies of target centerline_extract[0m
[ 66%] Built target centerline_extract
[ 66%] Built target pcl_learning
[ 83%] [32m[1mLinking CXX executable cornfield_navigation_node[0m
/usr/bin/ld: CMakeFiles/cornfield_navigation_node.dir/src/main.cpp.o: in function `void __gnu_cxx::new_allocator<CornRowDetector>::construct<CornRowDetector>(CornRowDetector*)':
main.cpp:(.text._ZN9__gnu_cxx13new_allocatorI15CornRowDetectorE9constructIS1_JEEEvPT_DpOT0_[_ZN9__gnu_cxx13new_allocatorI15CornRowDetectorE9constructIS1_JEEEvPT_DpOT0_]+0x31): undefined reference to `CornRowDetector::CornRowDetector()'
/usr/bin/ld: CMakeFiles/cornfield_navigation_node.dir/src/main.cpp.o: in function `void __gnu_cxx::new_allocator<PurePursuitController>::construct<PurePursuitController>(PurePursuitController*)':
main.cpp:(.text._ZN9__gnu_cxx13new_allocatorI21PurePursuitControllerE9constructIS1_JEEEvPT_DpOT0_[_ZN9__gnu_cxx13new_allocatorI21PurePursuitControllerE9constructIS1_JEEEvPT_DpOT0_]+0x31): undefined reference to `PurePursuitController::PurePursuitController()'
/usr/bin/ld: CMakeFiles/cornfield_navigation_node.dir/src/main.cpp.o: in function `void __gnu_cxx::new_allocator<ObstacleDetector>::construct<ObstacleDetector>(ObstacleDetector*)':
main.cpp:(.text._ZN9__gnu_cxx13new_allocatorI16ObstacleDetectorE9constructIS1_JEEEvPT_DpOT0_[_ZN9__gnu_cxx13new_allocatorI16ObstacleDetectorE9constructIS1_JEEEvPT_DpOT0_]+0x31): undefined reference to `ObstacleDetector::ObstacleDetector()'
collect2: error: ld returned 1 exit status
gmake[2]: *** [CMakeFiles/cornfield_navigation_node.dir/build.make:337：cornfield_navigation_node] 错误 1
gmake[1]: *** [CMakeFiles/Makefile2:193：CMakeFiles/cornfield_navigation_node.dir/all] 错误 2
gmake: *** [Makefile:146：all] 错误 2
