[0.017s] Invoking command in '/home/xkai/agribot/agribot_ws/build/fast_lio': CMAKE_PREFIX_PATH=/home/xkai/agribot/agribot_ws/install/livox_ros_driver2:/home/xkai/agribot/agribot_ws/install/simple_diff_test:/home/xkai/agribot/agribot_ws/install/ros2_livox_simulation:/home/xkai/agribot/agribot_ws/install/fast_lio:/home/xkai/agribot/agribot_ws/install/diff_drive_robot:/home/xkai/agribot/agribot_ws/install/centerline_extraction:/home/xkai/agribot/agribot_ws/install/agribot_simulation:/opt/ros/humble LD_LIBRARY_PATH=/home/xkai/agribot/agribot_ws/install/livox_ros_driver2/lib:/home/xkai/agribot/agribot_ws/install/ros2_livox_simulation/lib:/home/xkai/agribot/agribot_ws/install/fast_lio/lib:/usr/lib/x86_64-linux-gnu/gazebo-11/plugins:/opt/ros/humble/opt/rviz_ogre_vendor/lib:/opt/ros/humble/lib/x86_64-linux-gnu:/opt/ros/humble/lib /usr/bin/cmake --build /home/xkai/agribot/agribot_ws/build/fast_lio -- -j8 -l8
[0.099s] [  2%] Built target fast_lio__cpp
[0.104s] [  5%] Built target fast_lio__rs
[0.113s] [ 13%] Built target fast_lio__rosidl_generator_c
[0.117s] [ 13%] Built target ament_cmake_python_symlink_fast_lio
[0.147s] [ 22%] Built target fast_lio__rosidl_typesupport_introspection_cpp
[0.147s] [ 30%] Built target fast_lio__rosidl_typesupport_cpp
[0.156s] [ 38%] Built target fast_lio__rosidl_typesupport_fastrtps_cpp
[0.160s] [ 50%] Built target fast_lio__rosidl_typesupport_c
[0.160s] [ 55%] Built target fast_lio__rosidl_typesupport_introspection_c
[0.167s] [ 63%] Built target fast_lio__rosidl_typesupport_fastrtps_c
[0.208s] [ 63%] Built target fast_lio
[0.235s] [ 75%] Built target fastlio_mapping
[0.250s] [ 77%] Built target fast_lio__py
[0.286s] [ 83%] Built target fast_lio__rosidl_generator_py
[0.324s] [ 88%] Built target fast_lio__rosidl_typesupport_introspection_c__pyext
[0.325s] [ 94%] Built target fast_lio__rosidl_typesupport_c__pyext
[0.328s] [100%] Built target fast_lio__rosidl_typesupport_fastrtps_c__pyext
[0.528s] running egg_info
[0.529s] writing fast_lio.egg-info/PKG-INFO
[0.530s] writing dependency_links to fast_lio.egg-info/dependency_links.txt
[0.530s] writing top-level names to fast_lio.egg-info/top_level.txt
[0.533s] reading manifest file 'fast_lio.egg-info/SOURCES.txt'
[0.534s] writing manifest file 'fast_lio.egg-info/SOURCES.txt'
[0.569s] [100%] Built target ament_cmake_python_build_fast_lio_egg
[0.585s] Invoked command in '/home/xkai/agribot/agribot_ws/build/fast_lio' returned '0': CMAKE_PREFIX_PATH=/home/xkai/agribot/agribot_ws/install/livox_ros_driver2:/home/xkai/agribot/agribot_ws/install/simple_diff_test:/home/xkai/agribot/agribot_ws/install/ros2_livox_simulation:/home/xkai/agribot/agribot_ws/install/fast_lio:/home/xkai/agribot/agribot_ws/install/diff_drive_robot:/home/xkai/agribot/agribot_ws/install/centerline_extraction:/home/xkai/agribot/agribot_ws/install/agribot_simulation:/opt/ros/humble LD_LIBRARY_PATH=/home/xkai/agribot/agribot_ws/install/livox_ros_driver2/lib:/home/xkai/agribot/agribot_ws/install/ros2_livox_simulation/lib:/home/xkai/agribot/agribot_ws/install/fast_lio/lib:/usr/lib/x86_64-linux-gnu/gazebo-11/plugins:/opt/ros/humble/opt/rviz_ogre_vendor/lib:/opt/ros/humble/lib/x86_64-linux-gnu:/opt/ros/humble/lib /usr/bin/cmake --build /home/xkai/agribot/agribot_ws/build/fast_lio -- -j8 -l8
[0.588s] Invoking command in '/home/xkai/agribot/agribot_ws/build/fast_lio': CMAKE_PREFIX_PATH=/home/xkai/agribot/agribot_ws/install/livox_ros_driver2:/home/xkai/agribot/agribot_ws/install/simple_diff_test:/home/xkai/agribot/agribot_ws/install/ros2_livox_simulation:/home/xkai/agribot/agribot_ws/install/fast_lio:/home/xkai/agribot/agribot_ws/install/diff_drive_robot:/home/xkai/agribot/agribot_ws/install/centerline_extraction:/home/xkai/agribot/agribot_ws/install/agribot_simulation:/opt/ros/humble LD_LIBRARY_PATH=/home/xkai/agribot/agribot_ws/install/livox_ros_driver2/lib:/home/xkai/agribot/agribot_ws/install/ros2_livox_simulation/lib:/home/xkai/agribot/agribot_ws/install/fast_lio/lib:/usr/lib/x86_64-linux-gnu/gazebo-11/plugins:/opt/ros/humble/opt/rviz_ogre_vendor/lib:/opt/ros/humble/lib/x86_64-linux-gnu:/opt/ros/humble/lib /usr/bin/cmake --install /home/xkai/agribot/agribot_ws/build/fast_lio
[0.597s] -- Install configuration: "Release"
[0.598s] -- Execute custom install script
[0.598s] -- Up-to-date symlink: /home/xkai/agribot/agribot_ws/install/fast_lio/share/ament_index/resource_index/rosidl_interfaces/fast_lio
[0.599s] -- Up-to-date symlink: /home/xkai/agribot/agribot_ws/install/fast_lio/include/fast_lio/fast_lio/msg/detail/pose6_d__functions.h
[0.599s] -- Up-to-date symlink: /home/xkai/agribot/agribot_ws/install/fast_lio/include/fast_lio/fast_lio/msg/detail/pose6_d__struct.h
[0.599s] -- Up-to-date symlink: /home/xkai/agribot/agribot_ws/install/fast_lio/include/fast_lio/fast_lio/msg/detail/pose6_d__type_support.h
[0.600s] -- Up-to-date symlink: /home/xkai/agribot/agribot_ws/install/fast_lio/include/fast_lio/fast_lio/msg/pose6_d.h
[0.600s] -- Up-to-date symlink: /home/xkai/agribot/agribot_ws/install/fast_lio/include/fast_lio/fast_lio/msg/rosidl_generator_c__visibility_control.h
[0.600s] -- Up-to-date symlink: /home/xkai/agribot/agribot_ws/install/fast_lio/share/fast_lio/environment/library_path.sh
[0.600s] -- Up-to-date symlink: /home/xkai/agribot/agribot_ws/install/fast_lio/share/fast_lio/environment/library_path.dsv
[0.602s] -- Up-to-date symlink: /home/xkai/agribot/agribot_ws/install/fast_lio/include/fast_lio/fast_lio/msg/detail/pose6_d__rosidl_typesupport_fastrtps_c.h
[0.602s] -- Up-to-date symlink: /home/xkai/agribot/agribot_ws/install/fast_lio/include/fast_lio/fast_lio/msg/rosidl_typesupport_fastrtps_c__visibility_control.h
[0.602s] -- Up-to-date symlink: /home/xkai/agribot/agribot_ws/install/fast_lio/include/fast_lio/fast_lio/msg/detail/pose6_d__builder.hpp
[0.602s] -- Up-to-date symlink: /home/xkai/agribot/agribot_ws/install/fast_lio/include/fast_lio/fast_lio/msg/detail/pose6_d__struct.hpp
[0.603s] -- Up-to-date symlink: /home/xkai/agribot/agribot_ws/install/fast_lio/include/fast_lio/fast_lio/msg/detail/pose6_d__traits.hpp
[0.603s] -- Up-to-date symlink: /home/xkai/agribot/agribot_ws/install/fast_lio/include/fast_lio/fast_lio/msg/detail/pose6_d__type_support.hpp
[0.604s] -- Up-to-date symlink: /home/xkai/agribot/agribot_ws/install/fast_lio/include/fast_lio/fast_lio/msg/pose6_d.hpp
[0.604s] -- Up-to-date symlink: /home/xkai/agribot/agribot_ws/install/fast_lio/include/fast_lio/fast_lio/msg/rosidl_generator_cpp__visibility_control.hpp
[0.604s] -- Up-to-date symlink: /home/xkai/agribot/agribot_ws/install/fast_lio/include/fast_lio/fast_lio/msg/detail/pose6_d__rosidl_typesupport_fastrtps_cpp.hpp
[0.604s] -- Up-to-date symlink: /home/xkai/agribot/agribot_ws/install/fast_lio/include/fast_lio/fast_lio/msg/rosidl_typesupport_fastrtps_cpp__visibility_control.h
[0.605s] -- Up-to-date symlink: /home/xkai/agribot/agribot_ws/install/fast_lio/include/fast_lio/fast_lio/msg/detail/pose6_d__rosidl_typesupport_introspection_c.h
[0.605s] -- Up-to-date symlink: /home/xkai/agribot/agribot_ws/install/fast_lio/include/fast_lio/fast_lio/msg/rosidl_typesupport_introspection_c__visibility_control.h
[0.605s] -- Up-to-date symlink: /home/xkai/agribot/agribot_ws/install/fast_lio/include/fast_lio/fast_lio/msg/detail/pose6_d__rosidl_typesupport_introspection_cpp.hpp
[0.605s] -- Up-to-date symlink: /home/xkai/agribot/agribot_ws/install/fast_lio/share/fast_lio/environment/pythonpath.sh
[0.606s] -- Up-to-date symlink: /home/xkai/agribot/agribot_ws/install/fast_lio/share/fast_lio/environment/pythonpath.dsv
[0.606s] -- Up-to-date symlink: /home/xkai/agribot/agribot_ws/install/fast_lio/local/lib/python3.10/dist-packages/fast_lio-0.0.0-py3.10.egg-info/PKG-INFO
[0.606s] -- Up-to-date symlink: /home/xkai/agribot/agribot_ws/install/fast_lio/local/lib/python3.10/dist-packages/fast_lio-0.0.0-py3.10.egg-info/SOURCES.txt
[0.606s] -- Up-to-date symlink: /home/xkai/agribot/agribot_ws/install/fast_lio/local/lib/python3.10/dist-packages/fast_lio-0.0.0-py3.10.egg-info/dependency_links.txt
[0.606s] -- Up-to-date symlink: /home/xkai/agribot/agribot_ws/install/fast_lio/local/lib/python3.10/dist-packages/fast_lio-0.0.0-py3.10.egg-info/top_level.txt
[0.607s] -- Up-to-date symlink: /home/xkai/agribot/agribot_ws/install/fast_lio/local/lib/python3.10/dist-packages/fast_lio/__init__.py
[0.607s] -- Up-to-date symlink: /home/xkai/agribot/agribot_ws/install/fast_lio/local/lib/python3.10/dist-packages/fast_lio/_fast_lio_s.ep.rosidl_typesupport_c.c
[0.607s] -- Up-to-date symlink: /home/xkai/agribot/agribot_ws/install/fast_lio/local/lib/python3.10/dist-packages/fast_lio/_fast_lio_s.ep.rosidl_typesupport_fastrtps_c.c
[0.607s] -- Up-to-date symlink: /home/xkai/agribot/agribot_ws/install/fast_lio/local/lib/python3.10/dist-packages/fast_lio/_fast_lio_s.ep.rosidl_typesupport_introspection_c.c
[0.608s] -- Up-to-date symlink: /home/xkai/agribot/agribot_ws/install/fast_lio/local/lib/python3.10/dist-packages/fast_lio/fast_lio_s__rosidl_typesupport_c.cpython-310-x86_64-linux-gnu.so
[0.609s] -- Up-to-date symlink: /home/xkai/agribot/agribot_ws/install/fast_lio/local/lib/python3.10/dist-packages/fast_lio/fast_lio_s__rosidl_typesupport_fastrtps_c.cpython-310-x86_64-linux-gnu.so
[0.609s] -- Up-to-date symlink: /home/xkai/agribot/agribot_ws/install/fast_lio/local/lib/python3.10/dist-packages/fast_lio/fast_lio_s__rosidl_typesupport_introspection_c.cpython-310-x86_64-linux-gnu.so
[0.609s] -- Up-to-date symlink: /home/xkai/agribot/agribot_ws/install/fast_lio/local/lib/python3.10/dist-packages/fast_lio/libfast_lio__rosidl_generator_py.so
[0.609s] -- Up-to-date symlink: /home/xkai/agribot/agribot_ws/install/fast_lio/local/lib/python3.10/dist-packages/fast_lio/msg/__init__.py
[0.610s] -- Up-to-date symlink: /home/xkai/agribot/agribot_ws/install/fast_lio/local/lib/python3.10/dist-packages/fast_lio/msg/_pose6_d.py
[0.610s] -- Up-to-date symlink: /home/xkai/agribot/agribot_ws/install/fast_lio/local/lib/python3.10/dist-packages/fast_lio/msg/_pose6_d_s.c
[0.610s] -- Up-to-date symlink: /home/xkai/agribot/agribot_ws/install/fast_lio/local/lib/python3.10/dist-packages/fast_lio/fast_lio_s__rosidl_typesupport_fastrtps_c.cpython-310-x86_64-linux-gnu.so
[0.610s] -- Up-to-date symlink: /home/xkai/agribot/agribot_ws/install/fast_lio/local/lib/python3.10/dist-packages/fast_lio/fast_lio_s__rosidl_typesupport_introspection_c.cpython-310-x86_64-linux-gnu.so
[0.610s] -- Up-to-date symlink: /home/xkai/agribot/agribot_ws/install/fast_lio/local/lib/python3.10/dist-packages/fast_lio/fast_lio_s__rosidl_typesupport_c.cpython-310-x86_64-linux-gnu.so
[0.611s] -- Up-to-date symlink: /home/xkai/agribot/agribot_ws/install/fast_lio/share/ament_index/resource_index/rust_packages/fast_lio
[0.611s] -- Up-to-date symlink: /home/xkai/agribot/agribot_ws/install/fast_lio/share/fast_lio/rust/Cargo.toml
[0.612s] -- Up-to-date symlink: /home/xkai/agribot/agribot_ws/install/fast_lio/share/fast_lio/rust/build.rs
[0.612s] -- Up-to-date symlink: /home/xkai/agribot/agribot_ws/install/fast_lio/share/fast_lio/rust/src/lib.rs
[0.612s] -- Up-to-date symlink: /home/xkai/agribot/agribot_ws/install/fast_lio/share/fast_lio/rust/src/msg.rs
[0.613s] -- Up-to-date symlink: /home/xkai/agribot/agribot_ws/install/fast_lio/share/fast_lio/rust/src/msg/rmw.rs
[0.613s] -- Up-to-date symlink: /home/xkai/agribot/agribot_ws/install/fast_lio/share/fast_lio/msg/Pose6D.idl
[0.613s] -- Up-to-date symlink: /home/xkai/agribot/agribot_ws/install/fast_lio/share/fast_lio/msg/Pose6D.msg
[0.613s] -- Up-to-date symlink: /home/xkai/agribot/agribot_ws/install/fast_lio/lib/fast_lio/fastlio_mapping
[0.614s] -- Up-to-date symlink: /home/xkai/agribot/agribot_ws/install/fast_lio/share/fast_lio/config/avia.yaml
[0.614s] -- Up-to-date symlink: /home/xkai/agribot/agribot_ws/install/fast_lio/share/fast_lio/config/horizon.yaml
[0.614s] -- Up-to-date symlink: /home/xkai/agribot/agribot_ws/install/fast_lio/share/fast_lio/config/mid360.yaml
[0.614s] -- Up-to-date symlink: /home/xkai/agribot/agribot_ws/install/fast_lio/share/fast_lio/config/ouster64.yaml
[0.614s] -- Up-to-date symlink: /home/xkai/agribot/agribot_ws/install/fast_lio/share/fast_lio/config/velodyne.yaml
[0.614s] -- Up-to-date symlink: /home/xkai/agribot/agribot_ws/install/fast_lio/share/fast_lio/launch/gdb_debug_example.launch
[0.615s] -- Up-to-date symlink: /home/xkai/agribot/agribot_ws/install/fast_lio/share/fast_lio/launch/mapping.launch.py
[0.615s] -- Up-to-date symlink: /home/xkai/agribot/agribot_ws/install/fast_lio/share/fast_lio/rviz/fastlio.rviz
[0.615s] -- Up-to-date symlink: /home/xkai/agribot/agribot_ws/install/fast_lio/share/ament_index/resource_index/package_run_dependencies/fast_lio
[0.615s] -- Up-to-date symlink: /home/xkai/agribot/agribot_ws/install/fast_lio/share/ament_index/resource_index/parent_prefix_path/fast_lio
[0.616s] -- Up-to-date symlink: /home/xkai/agribot/agribot_ws/install/fast_lio/share/fast_lio/environment/ament_prefix_path.sh
[0.616s] -- Up-to-date symlink: /home/xkai/agribot/agribot_ws/install/fast_lio/share/fast_lio/environment/ament_prefix_path.dsv
[0.616s] -- Up-to-date symlink: /home/xkai/agribot/agribot_ws/install/fast_lio/share/fast_lio/environment/path.sh
[0.616s] -- Up-to-date symlink: /home/xkai/agribot/agribot_ws/install/fast_lio/share/fast_lio/environment/path.dsv
[0.617s] -- Up-to-date symlink: /home/xkai/agribot/agribot_ws/install/fast_lio/share/fast_lio/local_setup.bash
[0.617s] -- Up-to-date symlink: /home/xkai/agribot/agribot_ws/install/fast_lio/share/fast_lio/local_setup.sh
[0.617s] -- Up-to-date symlink: /home/xkai/agribot/agribot_ws/install/fast_lio/share/fast_lio/local_setup.zsh
[0.617s] -- Up-to-date symlink: /home/xkai/agribot/agribot_ws/install/fast_lio/share/fast_lio/local_setup.dsv
[0.617s] -- Symlinking: /home/xkai/agribot/agribot_ws/install/fast_lio/share/fast_lio/package.dsv
[0.628s] -- Up-to-date symlink: /home/xkai/agribot/agribot_ws/install/fast_lio/share/ament_index/resource_index/packages/fast_lio
[0.628s] -- Up-to-date symlink: /home/xkai/agribot/agribot_ws/install/fast_lio/share/fast_lio/cmake/rosidl_cmake-extras.cmake
[0.629s] -- Up-to-date symlink: /home/xkai/agribot/agribot_ws/install/fast_lio/share/fast_lio/cmake/ament_cmake_export_include_directories-extras.cmake
[0.629s] -- Up-to-date symlink: /home/xkai/agribot/agribot_ws/install/fast_lio/share/fast_lio/cmake/ament_cmake_export_libraries-extras.cmake
[0.629s] -- Up-to-date symlink: /home/xkai/agribot/agribot_ws/install/fast_lio/share/fast_lio/cmake/ament_cmake_export_targets-extras.cmake
[0.629s] -- Up-to-date symlink: /home/xkai/agribot/agribot_ws/install/fast_lio/share/fast_lio/cmake/rosidl_cmake_export_typesupport_targets-extras.cmake
[0.629s] -- Up-to-date symlink: /home/xkai/agribot/agribot_ws/install/fast_lio/share/fast_lio/cmake/ament_cmake_export_dependencies-extras.cmake
[0.630s] -- Up-to-date symlink: /home/xkai/agribot/agribot_ws/install/fast_lio/share/fast_lio/cmake/rosidl_cmake_export_typesupport_libraries-extras.cmake
[0.630s] -- Up-to-date symlink: /home/xkai/agribot/agribot_ws/install/fast_lio/share/fast_lio/cmake/fast_lioConfig.cmake
[0.630s] -- Up-to-date symlink: /home/xkai/agribot/agribot_ws/install/fast_lio/share/fast_lio/cmake/fast_lioConfig-version.cmake
[0.631s] -- Up-to-date symlink: /home/xkai/agribot/agribot_ws/install/fast_lio/share/fast_lio/package.xml
[0.631s] -- Up-to-date: /home/xkai/agribot/agribot_ws/install/fast_lio/lib/libfast_lio__rosidl_generator_c.so
[0.631s] -- Up-to-date: /home/xkai/agribot/agribot_ws/install/fast_lio/lib/libfast_lio__rosidl_typesupport_fastrtps_c.so
[0.632s] -- Up-to-date: /home/xkai/agribot/agribot_ws/install/fast_lio/lib/libfast_lio__rosidl_typesupport_fastrtps_cpp.so
[0.632s] -- Up-to-date: /home/xkai/agribot/agribot_ws/install/fast_lio/lib/libfast_lio__rosidl_typesupport_introspection_c.so
[0.633s] -- Up-to-date: /home/xkai/agribot/agribot_ws/install/fast_lio/lib/libfast_lio__rosidl_typesupport_c.so
[0.634s] -- Up-to-date: /home/xkai/agribot/agribot_ws/install/fast_lio/lib/libfast_lio__rosidl_typesupport_introspection_cpp.so
[0.634s] -- Up-to-date: /home/xkai/agribot/agribot_ws/install/fast_lio/lib/libfast_lio__rosidl_typesupport_cpp.so
[0.681s] Listing '/home/xkai/agribot/agribot_ws/install/fast_lio/local/lib/python3.10/dist-packages/fast_lio'...
[0.681s] Listing '/home/xkai/agribot/agribot_ws/install/fast_lio/local/lib/python3.10/dist-packages/fast_lio/msg'...
[0.684s] -- Up-to-date: /home/xkai/agribot/agribot_ws/install/fast_lio/lib/libfast_lio__rosidl_generator_py.so
[0.685s] -- Up-to-date: /home/xkai/agribot/agribot_ws/install/fast_lio/share/fast_lio/cmake/export_fast_lio__rosidl_generator_cExport.cmake
[0.685s] -- Up-to-date: /home/xkai/agribot/agribot_ws/install/fast_lio/share/fast_lio/cmake/export_fast_lio__rosidl_generator_cExport-release.cmake
[0.685s] -- Up-to-date: /home/xkai/agribot/agribot_ws/install/fast_lio/share/fast_lio/cmake/export_fast_lio__rosidl_typesupport_fastrtps_cExport.cmake
[0.685s] -- Up-to-date: /home/xkai/agribot/agribot_ws/install/fast_lio/share/fast_lio/cmake/export_fast_lio__rosidl_typesupport_fastrtps_cExport-release.cmake
[0.685s] -- Up-to-date: /home/xkai/agribot/agribot_ws/install/fast_lio/share/fast_lio/cmake/export_fast_lio__rosidl_generator_cppExport.cmake
[0.685s] -- Up-to-date: /home/xkai/agribot/agribot_ws/install/fast_lio/share/fast_lio/cmake/export_fast_lio__rosidl_typesupport_fastrtps_cppExport.cmake
[0.686s] -- Up-to-date: /home/xkai/agribot/agribot_ws/install/fast_lio/share/fast_lio/cmake/export_fast_lio__rosidl_typesupport_fastrtps_cppExport-release.cmake
[0.686s] -- Up-to-date: /home/xkai/agribot/agribot_ws/install/fast_lio/share/fast_lio/cmake/fast_lio__rosidl_typesupport_introspection_cExport.cmake
[0.686s] -- Up-to-date: /home/xkai/agribot/agribot_ws/install/fast_lio/share/fast_lio/cmake/fast_lio__rosidl_typesupport_introspection_cExport-release.cmake
[0.686s] -- Up-to-date: /home/xkai/agribot/agribot_ws/install/fast_lio/share/fast_lio/cmake/fast_lio__rosidl_typesupport_cExport.cmake
[0.686s] -- Up-to-date: /home/xkai/agribot/agribot_ws/install/fast_lio/share/fast_lio/cmake/fast_lio__rosidl_typesupport_cExport-release.cmake
[0.686s] -- Up-to-date: /home/xkai/agribot/agribot_ws/install/fast_lio/share/fast_lio/cmake/fast_lio__rosidl_typesupport_introspection_cppExport.cmake
[0.687s] -- Up-to-date: /home/xkai/agribot/agribot_ws/install/fast_lio/share/fast_lio/cmake/fast_lio__rosidl_typesupport_introspection_cppExport-release.cmake
[0.687s] -- Up-to-date: /home/xkai/agribot/agribot_ws/install/fast_lio/share/fast_lio/cmake/fast_lio__rosidl_typesupport_cppExport.cmake
[0.687s] -- Up-to-date: /home/xkai/agribot/agribot_ws/install/fast_lio/share/fast_lio/cmake/fast_lio__rosidl_typesupport_cppExport-release.cmake
[0.687s] -- Up-to-date: /home/xkai/agribot/agribot_ws/install/fast_lio/share/fast_lio/cmake/export_fast_lio__rosidl_generator_pyExport.cmake
[0.688s] -- Up-to-date: /home/xkai/agribot/agribot_ws/install/fast_lio/share/fast_lio/cmake/export_fast_lio__rosidl_generator_pyExport-release.cmake
[0.693s] Invoked command in '/home/xkai/agribot/agribot_ws/build/fast_lio' returned '0': CMAKE_PREFIX_PATH=/home/xkai/agribot/agribot_ws/install/livox_ros_driver2:/home/xkai/agribot/agribot_ws/install/simple_diff_test:/home/xkai/agribot/agribot_ws/install/ros2_livox_simulation:/home/xkai/agribot/agribot_ws/install/fast_lio:/home/xkai/agribot/agribot_ws/install/diff_drive_robot:/home/xkai/agribot/agribot_ws/install/centerline_extraction:/home/xkai/agribot/agribot_ws/install/agribot_simulation:/opt/ros/humble LD_LIBRARY_PATH=/home/xkai/agribot/agribot_ws/install/livox_ros_driver2/lib:/home/xkai/agribot/agribot_ws/install/ros2_livox_simulation/lib:/home/xkai/agribot/agribot_ws/install/fast_lio/lib:/usr/lib/x86_64-linux-gnu/gazebo-11/plugins:/opt/ros/humble/opt/rviz_ogre_vendor/lib:/opt/ros/humble/lib/x86_64-linux-gnu:/opt/ros/humble/lib /usr/bin/cmake --install /home/xkai/agribot/agribot_ws/build/fast_lio
