[0.026s] Invoking command in '/home/xkai/agribot/agribot_ws/build/livox_ros_driver2': CMAKE_PREFIX_PATH=${CMAKE_PREFIX_PATH}:/opt/ros/humble /usr/bin/cmake --build /home/xkai/agribot/agribot_ws/build/livox_ros_driver2 -- -j8 -l8
[0.117s] [  7%] Built target livox_interfaces2__rosidl_generator_c
[0.128s] [  8%] Built target livox_interfaces2__cpp
[0.163s] [  8%] Built target ament_cmake_python_copy_livox_ros_driver2
[0.164s] [ 12%] Built target livox_ros_driver2_node
[0.208s] [ 19%] Built target livox_interfaces2__rosidl_typesupport_cpp
[0.212s] [ 26%] Built target livox_interfaces2__rosidl_typesupport_fastrtps_cpp
[0.218s] [ 33%] Built target livox_interfaces2__rosidl_typesupport_fastrtps_c
[0.231s] [ 40%] Built target livox_interfaces2__rosidl_typesupport_introspection_c
[0.231s] [ 47%] Built target livox_interfaces2__rosidl_typesupport_c
[0.243s] [ 54%] Built target livox_interfaces2__rosidl_typesupport_introspection_cpp
[0.315s] [ 54%] Built target livox_interfaces2
[0.324s] [ 82%] Built target livox_ros_driver2
[0.393s] [ 84%] Built target livox_interfaces2__py
[0.450s] [ 89%] Built target livox_interfaces2__rosidl_generator_py
[0.515s] [ 92%] Built target livox_ros_driver2__rosidl_typesupport_fastrtps_c__pyext
[0.517s] [ 96%] Built target livox_ros_driver2__rosidl_typesupport_introspection_c__pyext
[0.528s] [100%] Built target livox_ros_driver2__rosidl_typesupport_c__pyext
[0.802s] running egg_info
[0.803s] writing livox_ros_driver2.egg-info/PKG-INFO
[0.804s] writing dependency_links to livox_ros_driver2.egg-info/dependency_links.txt
[0.804s] writing top-level names to livox_ros_driver2.egg-info/top_level.txt
[0.809s] reading manifest file 'livox_ros_driver2.egg-info/SOURCES.txt'
[0.810s] writing manifest file 'livox_ros_driver2.egg-info/SOURCES.txt'
[0.859s] [100%] Built target ament_cmake_python_build_livox_ros_driver2_egg
[0.897s] Invoked command in '/home/xkai/agribot/agribot_ws/build/livox_ros_driver2' returned '0': CMAKE_PREFIX_PATH=${CMAKE_PREFIX_PATH}:/opt/ros/humble /usr/bin/cmake --build /home/xkai/agribot/agribot_ws/build/livox_ros_driver2 -- -j8 -l8
[0.898s] Invoking command in '/home/xkai/agribot/agribot_ws/build/livox_ros_driver2': CMAKE_PREFIX_PATH=${CMAKE_PREFIX_PATH}:/opt/ros/humble /usr/bin/cmake --install /home/xkai/agribot/agribot_ws/build/livox_ros_driver2
[0.906s] -- Install configuration: ""
[0.906s] -- Up-to-date: /home/xkai/agribot/agribot_ws/install/livox_ros_driver2/share/ament_index/resource_index/rosidl_interfaces/livox_ros_driver2
[0.907s] -- Up-to-date: /home/xkai/agribot/agribot_ws/install/livox_ros_driver2/include/livox_ros_driver2/livox_ros_driver2
[0.907s] -- Up-to-date: /home/xkai/agribot/agribot_ws/install/livox_ros_driver2/include/livox_ros_driver2/livox_ros_driver2/msg
[0.907s] -- Up-to-date: /home/xkai/agribot/agribot_ws/install/livox_ros_driver2/include/livox_ros_driver2/livox_ros_driver2/msg/detail
[0.907s] -- Up-to-date: /home/xkai/agribot/agribot_ws/install/livox_ros_driver2/include/livox_ros_driver2/livox_ros_driver2/msg/detail/custom_point__functions.h
[0.907s] -- Up-to-date: /home/xkai/agribot/agribot_ws/install/livox_ros_driver2/include/livox_ros_driver2/livox_ros_driver2/msg/detail/custom_msg__struct.h
[0.908s] -- Up-to-date: /home/xkai/agribot/agribot_ws/install/livox_ros_driver2/include/livox_ros_driver2/livox_ros_driver2/msg/detail/custom_msg__functions.c
[0.908s] -- Up-to-date: /home/xkai/agribot/agribot_ws/install/livox_ros_driver2/include/livox_ros_driver2/livox_ros_driver2/msg/detail/custom_msg__type_support.h
[0.908s] -- Up-to-date: /home/xkai/agribot/agribot_ws/install/livox_ros_driver2/include/livox_ros_driver2/livox_ros_driver2/msg/detail/custom_point__struct.h
[0.908s] -- Up-to-date: /home/xkai/agribot/agribot_ws/install/livox_ros_driver2/include/livox_ros_driver2/livox_ros_driver2/msg/detail/custom_point__type_support.h
[0.908s] -- Up-to-date: /home/xkai/agribot/agribot_ws/install/livox_ros_driver2/include/livox_ros_driver2/livox_ros_driver2/msg/detail/custom_msg__functions.h
[0.909s] -- Up-to-date: /home/xkai/agribot/agribot_ws/install/livox_ros_driver2/include/livox_ros_driver2/livox_ros_driver2/msg/detail/custom_point__functions.c
[0.909s] -- Up-to-date: /home/xkai/agribot/agribot_ws/install/livox_ros_driver2/include/livox_ros_driver2/livox_ros_driver2/msg/custom_point.h
[0.909s] -- Up-to-date: /home/xkai/agribot/agribot_ws/install/livox_ros_driver2/include/livox_ros_driver2/livox_ros_driver2/msg/rosidl_generator_c__visibility_control.h
[0.910s] -- Up-to-date: /home/xkai/agribot/agribot_ws/install/livox_ros_driver2/include/livox_ros_driver2/livox_ros_driver2/msg/custom_msg.h
[0.910s] -- Up-to-date: /home/xkai/agribot/agribot_ws/install/livox_ros_driver2/share/livox_ros_driver2/environment/library_path.sh
[0.911s] -- Up-to-date: /home/xkai/agribot/agribot_ws/install/livox_ros_driver2/share/livox_ros_driver2/environment/library_path.dsv
[0.912s] -- Up-to-date: /home/xkai/agribot/agribot_ws/install/livox_ros_driver2/lib/liblivox_ros_driver2__rosidl_generator_c.so
[0.912s] -- Up-to-date: /home/xkai/agribot/agribot_ws/install/livox_ros_driver2/include/livox_ros_driver2/livox_ros_driver2
[0.912s] -- Up-to-date: /home/xkai/agribot/agribot_ws/install/livox_ros_driver2/include/livox_ros_driver2/livox_ros_driver2/msg
[0.912s] -- Up-to-date: /home/xkai/agribot/agribot_ws/install/livox_ros_driver2/include/livox_ros_driver2/livox_ros_driver2/msg/detail
[0.912s] -- Up-to-date: /home/xkai/agribot/agribot_ws/install/livox_ros_driver2/include/livox_ros_driver2/livox_ros_driver2/msg/detail/custom_point__rosidl_typesupport_fastrtps_c.h
[0.912s] -- Up-to-date: /home/xkai/agribot/agribot_ws/install/livox_ros_driver2/include/livox_ros_driver2/livox_ros_driver2/msg/detail/custom_msg__rosidl_typesupport_fastrtps_c.h
[0.912s] -- Up-to-date: /home/xkai/agribot/agribot_ws/install/livox_ros_driver2/include/livox_ros_driver2/livox_ros_driver2/msg/rosidl_typesupport_fastrtps_c__visibility_control.h
[0.913s] -- Up-to-date: /home/xkai/agribot/agribot_ws/install/livox_ros_driver2/lib/liblivox_ros_driver2__rosidl_typesupport_fastrtps_c.so
[0.913s] -- Up-to-date: /home/xkai/agribot/agribot_ws/install/livox_ros_driver2/include/livox_ros_driver2/livox_ros_driver2
[0.914s] -- Up-to-date: /home/xkai/agribot/agribot_ws/install/livox_ros_driver2/include/livox_ros_driver2/livox_ros_driver2/msg
[0.914s] -- Up-to-date: /home/xkai/agribot/agribot_ws/install/livox_ros_driver2/include/livox_ros_driver2/livox_ros_driver2/msg/rosidl_typesupport_introspection_c__visibility_control.h
[0.914s] -- Up-to-date: /home/xkai/agribot/agribot_ws/install/livox_ros_driver2/include/livox_ros_driver2/livox_ros_driver2/msg/detail
[0.914s] -- Up-to-date: /home/xkai/agribot/agribot_ws/install/livox_ros_driver2/include/livox_ros_driver2/livox_ros_driver2/msg/detail/custom_point__type_support.c
[0.914s] -- Up-to-date: /home/xkai/agribot/agribot_ws/install/livox_ros_driver2/include/livox_ros_driver2/livox_ros_driver2/msg/detail/custom_point__rosidl_typesupport_introspection_c.h
[0.914s] -- Up-to-date: /home/xkai/agribot/agribot_ws/install/livox_ros_driver2/include/livox_ros_driver2/livox_ros_driver2/msg/detail/custom_msg__type_support.c
[0.914s] -- Up-to-date: /home/xkai/agribot/agribot_ws/install/livox_ros_driver2/include/livox_ros_driver2/livox_ros_driver2/msg/detail/custom_msg__rosidl_typesupport_introspection_c.h
[0.915s] -- Up-to-date: /home/xkai/agribot/agribot_ws/install/livox_ros_driver2/lib/liblivox_ros_driver2__rosidl_typesupport_introspection_c.so
[0.916s] -- Up-to-date: /home/xkai/agribot/agribot_ws/install/livox_ros_driver2/lib/liblivox_ros_driver2__rosidl_typesupport_c.so
[0.916s] -- Up-to-date: /home/xkai/agribot/agribot_ws/install/livox_ros_driver2/include/livox_ros_driver2/livox_ros_driver2
[0.916s] -- Up-to-date: /home/xkai/agribot/agribot_ws/install/livox_ros_driver2/include/livox_ros_driver2/livox_ros_driver2/msg
[0.916s] -- Up-to-date: /home/xkai/agribot/agribot_ws/install/livox_ros_driver2/include/livox_ros_driver2/livox_ros_driver2/msg/rosidl_generator_cpp__visibility_control.hpp
[0.916s] -- Up-to-date: /home/xkai/agribot/agribot_ws/install/livox_ros_driver2/include/livox_ros_driver2/livox_ros_driver2/msg/custom_point.hpp
[0.917s] -- Up-to-date: /home/xkai/agribot/agribot_ws/install/livox_ros_driver2/include/livox_ros_driver2/livox_ros_driver2/msg/detail
[0.917s] -- Up-to-date: /home/xkai/agribot/agribot_ws/install/livox_ros_driver2/include/livox_ros_driver2/livox_ros_driver2/msg/detail/custom_point__type_support.hpp
[0.917s] -- Up-to-date: /home/xkai/agribot/agribot_ws/install/livox_ros_driver2/include/livox_ros_driver2/livox_ros_driver2/msg/detail/custom_msg__traits.hpp
[0.917s] -- Up-to-date: /home/xkai/agribot/agribot_ws/install/livox_ros_driver2/include/livox_ros_driver2/livox_ros_driver2/msg/detail/custom_point__traits.hpp
[0.918s] -- Up-to-date: /home/xkai/agribot/agribot_ws/install/livox_ros_driver2/include/livox_ros_driver2/livox_ros_driver2/msg/detail/custom_msg__builder.hpp
[0.918s] -- Up-to-date: /home/xkai/agribot/agribot_ws/install/livox_ros_driver2/include/livox_ros_driver2/livox_ros_driver2/msg/detail/custom_point__builder.hpp
[0.918s] -- Up-to-date: /home/xkai/agribot/agribot_ws/install/livox_ros_driver2/include/livox_ros_driver2/livox_ros_driver2/msg/detail/custom_msg__type_support.hpp
[0.918s] -- Up-to-date: /home/xkai/agribot/agribot_ws/install/livox_ros_driver2/include/livox_ros_driver2/livox_ros_driver2/msg/detail/custom_msg__struct.hpp
[0.918s] -- Up-to-date: /home/xkai/agribot/agribot_ws/install/livox_ros_driver2/include/livox_ros_driver2/livox_ros_driver2/msg/detail/custom_point__struct.hpp
[0.918s] -- Up-to-date: /home/xkai/agribot/agribot_ws/install/livox_ros_driver2/include/livox_ros_driver2/livox_ros_driver2/msg/custom_msg.hpp
[0.919s] -- Up-to-date: /home/xkai/agribot/agribot_ws/install/livox_ros_driver2/include/livox_ros_driver2/livox_ros_driver2
[0.919s] -- Up-to-date: /home/xkai/agribot/agribot_ws/install/livox_ros_driver2/include/livox_ros_driver2/livox_ros_driver2/msg
[0.919s] -- Up-to-date: /home/xkai/agribot/agribot_ws/install/livox_ros_driver2/include/livox_ros_driver2/livox_ros_driver2/msg/detail
[0.920s] -- Up-to-date: /home/xkai/agribot/agribot_ws/install/livox_ros_driver2/include/livox_ros_driver2/livox_ros_driver2/msg/detail/custom_point__rosidl_typesupport_fastrtps_cpp.hpp
[0.920s] -- Up-to-date: /home/xkai/agribot/agribot_ws/install/livox_ros_driver2/include/livox_ros_driver2/livox_ros_driver2/msg/detail/dds_fastrtps
[0.920s] -- Up-to-date: /home/xkai/agribot/agribot_ws/install/livox_ros_driver2/include/livox_ros_driver2/livox_ros_driver2/msg/detail/custom_msg__rosidl_typesupport_fastrtps_cpp.hpp
[0.920s] -- Up-to-date: /home/xkai/agribot/agribot_ws/install/livox_ros_driver2/include/livox_ros_driver2/livox_ros_driver2/msg/rosidl_typesupport_fastrtps_cpp__visibility_control.h
[0.920s] -- Up-to-date: /home/xkai/agribot/agribot_ws/install/livox_ros_driver2/lib/liblivox_ros_driver2__rosidl_typesupport_fastrtps_cpp.so
[0.920s] -- Up-to-date: /home/xkai/agribot/agribot_ws/install/livox_ros_driver2/include/livox_ros_driver2/livox_ros_driver2
[0.921s] -- Up-to-date: /home/xkai/agribot/agribot_ws/install/livox_ros_driver2/include/livox_ros_driver2/livox_ros_driver2/msg
[0.921s] -- Up-to-date: /home/xkai/agribot/agribot_ws/install/livox_ros_driver2/include/livox_ros_driver2/livox_ros_driver2/msg/detail
[0.921s] -- Up-to-date: /home/xkai/agribot/agribot_ws/install/livox_ros_driver2/include/livox_ros_driver2/livox_ros_driver2/msg/detail/custom_msg__rosidl_typesupport_introspection_cpp.hpp
[0.921s] -- Up-to-date: /home/xkai/agribot/agribot_ws/install/livox_ros_driver2/include/livox_ros_driver2/livox_ros_driver2/msg/detail/custom_point__rosidl_typesupport_introspection_cpp.hpp
[0.921s] -- Up-to-date: /home/xkai/agribot/agribot_ws/install/livox_ros_driver2/include/livox_ros_driver2/livox_ros_driver2/msg/detail/custom_point__type_support.cpp
[0.922s] -- Up-to-date: /home/xkai/agribot/agribot_ws/install/livox_ros_driver2/include/livox_ros_driver2/livox_ros_driver2/msg/detail/custom_msg__type_support.cpp
[0.922s] -- Up-to-date: /home/xkai/agribot/agribot_ws/install/livox_ros_driver2/lib/liblivox_ros_driver2__rosidl_typesupport_introspection_cpp.so
[0.923s] -- Up-to-date: /home/xkai/agribot/agribot_ws/install/livox_ros_driver2/lib/liblivox_ros_driver2__rosidl_typesupport_cpp.so
[0.923s] -- Up-to-date: /home/xkai/agribot/agribot_ws/install/livox_ros_driver2/share/livox_ros_driver2/environment/pythonpath.sh
[0.924s] -- Up-to-date: /home/xkai/agribot/agribot_ws/install/livox_ros_driver2/share/livox_ros_driver2/environment/pythonpath.dsv
[0.924s] -- Up-to-date: /home/xkai/agribot/agribot_ws/install/livox_ros_driver2/local/lib/python3.10/dist-packages/livox_ros_driver2-1.0.0-py3.10.egg-info
[0.924s] -- Installing: /home/xkai/agribot/agribot_ws/install/livox_ros_driver2/local/lib/python3.10/dist-packages/livox_ros_driver2-1.0.0-py3.10.egg-info/SOURCES.txt
[0.924s] -- Installing: /home/xkai/agribot/agribot_ws/install/livox_ros_driver2/local/lib/python3.10/dist-packages/livox_ros_driver2-1.0.0-py3.10.egg-info/top_level.txt
[0.925s] -- Installing: /home/xkai/agribot/agribot_ws/install/livox_ros_driver2/local/lib/python3.10/dist-packages/livox_ros_driver2-1.0.0-py3.10.egg-info/dependency_links.txt
[0.925s] -- Installing: /home/xkai/agribot/agribot_ws/install/livox_ros_driver2/local/lib/python3.10/dist-packages/livox_ros_driver2-1.0.0-py3.10.egg-info/PKG-INFO
[0.926s] -- Up-to-date: /home/xkai/agribot/agribot_ws/install/livox_ros_driver2/local/lib/python3.10/dist-packages/livox_ros_driver2
[0.926s] -- Up-to-date: /home/xkai/agribot/agribot_ws/install/livox_ros_driver2/local/lib/python3.10/dist-packages/livox_ros_driver2/__init__.py
[0.926s] -- Up-to-date: /home/xkai/agribot/agribot_ws/install/livox_ros_driver2/local/lib/python3.10/dist-packages/livox_ros_driver2/_livox_ros_driver2_s.ep.rosidl_typesupport_fastrtps_c.c
[0.926s] -- Up-to-date: /home/xkai/agribot/agribot_ws/install/livox_ros_driver2/local/lib/python3.10/dist-packages/livox_ros_driver2/livox_ros_driver2_s__rosidl_typesupport_c.cpython-310-x86_64-linux-gnu.so
[0.926s] -- Up-to-date: /home/xkai/agribot/agribot_ws/install/livox_ros_driver2/local/lib/python3.10/dist-packages/livox_ros_driver2/_livox_ros_driver2_s.ep.rosidl_typesupport_introspection_c.c
[0.927s] -- Up-to-date: /home/xkai/agribot/agribot_ws/install/livox_ros_driver2/local/lib/python3.10/dist-packages/livox_ros_driver2/livox_ros_driver2_s__rosidl_typesupport_fastrtps_c.cpython-310-x86_64-linux-gnu.so
[0.927s] -- Up-to-date: /home/xkai/agribot/agribot_ws/install/livox_ros_driver2/local/lib/python3.10/dist-packages/livox_ros_driver2/_livox_ros_driver2_s.ep.rosidl_typesupport_c.c
[0.927s] -- Up-to-date: /home/xkai/agribot/agribot_ws/install/livox_ros_driver2/local/lib/python3.10/dist-packages/livox_ros_driver2/livox_ros_driver2_s__rosidl_typesupport_introspection_c.cpython-310-x86_64-linux-gnu.so
[0.927s] -- Up-to-date: /home/xkai/agribot/agribot_ws/install/livox_ros_driver2/local/lib/python3.10/dist-packages/livox_ros_driver2/liblivox_interfaces2__rosidl_generator_py.so
[0.927s] -- Up-to-date: /home/xkai/agribot/agribot_ws/install/livox_ros_driver2/local/lib/python3.10/dist-packages/livox_ros_driver2/msg
[0.928s] -- Up-to-date: /home/xkai/agribot/agribot_ws/install/livox_ros_driver2/local/lib/python3.10/dist-packages/livox_ros_driver2/msg/__init__.py
[0.928s] -- Up-to-date: /home/xkai/agribot/agribot_ws/install/livox_ros_driver2/local/lib/python3.10/dist-packages/livox_ros_driver2/msg/_custom_msg.py
[0.929s] -- Up-to-date: /home/xkai/agribot/agribot_ws/install/livox_ros_driver2/local/lib/python3.10/dist-packages/livox_ros_driver2/msg/_custom_point_s.c
[0.929s] -- Up-to-date: /home/xkai/agribot/agribot_ws/install/livox_ros_driver2/local/lib/python3.10/dist-packages/livox_ros_driver2/msg/_custom_point.py
[0.929s] -- Up-to-date: /home/xkai/agribot/agribot_ws/install/livox_ros_driver2/local/lib/python3.10/dist-packages/livox_ros_driver2/msg/_custom_msg_s.c
[1.005s] Listing '/home/xkai/agribot/agribot_ws/install/livox_ros_driver2/local/lib/python3.10/dist-packages/livox_ros_driver2'...
[1.005s] Listing '/home/xkai/agribot/agribot_ws/install/livox_ros_driver2/local/lib/python3.10/dist-packages/livox_ros_driver2/msg'...
[1.015s] -- Up-to-date: /home/xkai/agribot/agribot_ws/install/livox_ros_driver2/local/lib/python3.10/dist-packages/livox_ros_driver2/livox_ros_driver2_s__rosidl_typesupport_fastrtps_c.cpython-310-x86_64-linux-gnu.so
[1.019s] -- Up-to-date: /home/xkai/agribot/agribot_ws/install/livox_ros_driver2/local/lib/python3.10/dist-packages/livox_ros_driver2/livox_ros_driver2_s__rosidl_typesupport_introspection_c.cpython-310-x86_64-linux-gnu.so
[1.019s] -- Up-to-date: /home/xkai/agribot/agribot_ws/install/livox_ros_driver2/local/lib/python3.10/dist-packages/livox_ros_driver2/livox_ros_driver2_s__rosidl_typesupport_c.cpython-310-x86_64-linux-gnu.so
[1.020s] -- Up-to-date: /home/xkai/agribot/agribot_ws/install/livox_ros_driver2/lib/liblivox_interfaces2__rosidl_generator_py.so
[1.020s] -- Up-to-date: /home/xkai/agribot/agribot_ws/install/livox_ros_driver2/share/livox_ros_driver2/msg/CustomPoint.idl
[1.020s] -- Up-to-date: /home/xkai/agribot/agribot_ws/install/livox_ros_driver2/share/livox_ros_driver2/msg/CustomMsg.idl
[1.021s] -- Up-to-date: /home/xkai/agribot/agribot_ws/install/livox_ros_driver2/share/livox_ros_driver2/msg/CustomPoint.msg
[1.021s] -- Up-to-date: /home/xkai/agribot/agribot_ws/install/livox_ros_driver2/share/livox_ros_driver2/msg/CustomMsg.msg
[1.021s] -- Up-to-date: /home/xkai/agribot/agribot_ws/install/livox_ros_driver2/lib/livox_ros_driver2/livox_ros_driver2_node
[1.022s] -- Up-to-date: /home/xkai/agribot/agribot_ws/install/livox_ros_driver2/lib/liblivox_ros_driver2.so
[1.023s] -- Up-to-date: /home/xkai/agribot/agribot_ws/install/livox_ros_driver2/share/livox_ros_driver2/config
[1.024s] -- Up-to-date: /home/xkai/agribot/agribot_ws/install/livox_ros_driver2/share/livox_ros_driver2/config/MID360_config.json
[1.024s] -- Up-to-date: /home/xkai/agribot/agribot_ws/install/livox_ros_driver2/share/livox_ros_driver2/config/mixed_HAP_MID360_config.json
[1.025s] -- Up-to-date: /home/xkai/agribot/agribot_ws/install/livox_ros_driver2/share/livox_ros_driver2/config/display_point_cloud_ROS1.rviz
[1.025s] -- Up-to-date: /home/xkai/agribot/agribot_ws/install/livox_ros_driver2/share/livox_ros_driver2/config/HAP_config.json
[1.025s] -- Up-to-date: /home/xkai/agribot/agribot_ws/install/livox_ros_driver2/share/livox_ros_driver2/config/display_point_cloud_ROS2.rviz
[1.025s] -- Up-to-date: /home/xkai/agribot/agribot_ws/install/livox_ros_driver2/share/livox_ros_driver2/launch_ROS2
[1.026s] -- Up-to-date: /home/xkai/agribot/agribot_ws/install/livox_ros_driver2/share/livox_ros_driver2/launch_ROS2/msg_HAP_launch.py
[1.026s] -- Up-to-date: /home/xkai/agribot/agribot_ws/install/livox_ros_driver2/share/livox_ros_driver2/launch_ROS2/msg_MID360_launch.py
[1.026s] -- Up-to-date: /home/xkai/agribot/agribot_ws/install/livox_ros_driver2/share/livox_ros_driver2/launch_ROS2/rviz_MID360_launch.py
[1.027s] -- Up-to-date: /home/xkai/agribot/agribot_ws/install/livox_ros_driver2/share/livox_ros_driver2/launch_ROS2/rviz_mixed.py
[1.027s] -- Up-to-date: /home/xkai/agribot/agribot_ws/install/livox_ros_driver2/share/livox_ros_driver2/launch_ROS2/rviz_HAP_launch.py
[1.027s] -- Up-to-date: /home/xkai/agribot/agribot_ws/install/livox_ros_driver2/share/ament_index/resource_index/package_run_dependencies/livox_ros_driver2
[1.027s] -- Up-to-date: /home/xkai/agribot/agribot_ws/install/livox_ros_driver2/share/ament_index/resource_index/parent_prefix_path/livox_ros_driver2
[1.027s] -- Up-to-date: /home/xkai/agribot/agribot_ws/install/livox_ros_driver2/share/livox_ros_driver2/environment/ament_prefix_path.sh
[1.027s] -- Up-to-date: /home/xkai/agribot/agribot_ws/install/livox_ros_driver2/share/livox_ros_driver2/environment/ament_prefix_path.dsv
[1.027s] -- Up-to-date: /home/xkai/agribot/agribot_ws/install/livox_ros_driver2/share/livox_ros_driver2/environment/path.sh
[1.027s] -- Up-to-date: /home/xkai/agribot/agribot_ws/install/livox_ros_driver2/share/livox_ros_driver2/environment/path.dsv
[1.027s] -- Up-to-date: /home/xkai/agribot/agribot_ws/install/livox_ros_driver2/share/livox_ros_driver2/local_setup.bash
[1.027s] -- Up-to-date: /home/xkai/agribot/agribot_ws/install/livox_ros_driver2/share/livox_ros_driver2/local_setup.sh
[1.027s] -- Up-to-date: /home/xkai/agribot/agribot_ws/install/livox_ros_driver2/share/livox_ros_driver2/local_setup.zsh
[1.031s] -- Up-to-date: /home/xkai/agribot/agribot_ws/install/livox_ros_driver2/share/livox_ros_driver2/local_setup.dsv
[1.031s] -- Installing: /home/xkai/agribot/agribot_ws/install/livox_ros_driver2/share/livox_ros_driver2/package.dsv
[1.032s] -- Up-to-date: /home/xkai/agribot/agribot_ws/install/livox_ros_driver2/share/ament_index/resource_index/packages/livox_ros_driver2
[1.032s] -- Up-to-date: /home/xkai/agribot/agribot_ws/install/livox_ros_driver2/share/livox_ros_driver2/cmake/export_livox_interfaces2__rosidl_generator_cExport.cmake
[1.032s] -- Up-to-date: /home/xkai/agribot/agribot_ws/install/livox_ros_driver2/share/livox_ros_driver2/cmake/export_livox_interfaces2__rosidl_generator_cExport-noconfig.cmake
[1.032s] -- Up-to-date: /home/xkai/agribot/agribot_ws/install/livox_ros_driver2/share/livox_ros_driver2/cmake/export_livox_interfaces2__rosidl_typesupport_fastrtps_cExport.cmake
[1.032s] -- Up-to-date: /home/xkai/agribot/agribot_ws/install/livox_ros_driver2/share/livox_ros_driver2/cmake/export_livox_interfaces2__rosidl_typesupport_fastrtps_cExport-noconfig.cmake
[1.032s] -- Up-to-date: /home/xkai/agribot/agribot_ws/install/livox_ros_driver2/share/livox_ros_driver2/cmake/livox_interfaces2__rosidl_typesupport_introspection_cExport.cmake
[1.032s] -- Up-to-date: /home/xkai/agribot/agribot_ws/install/livox_ros_driver2/share/livox_ros_driver2/cmake/livox_interfaces2__rosidl_typesupport_introspection_cExport-noconfig.cmake
[1.032s] -- Up-to-date: /home/xkai/agribot/agribot_ws/install/livox_ros_driver2/share/livox_ros_driver2/cmake/livox_interfaces2__rosidl_typesupport_cExport.cmake
[1.033s] -- Up-to-date: /home/xkai/agribot/agribot_ws/install/livox_ros_driver2/share/livox_ros_driver2/cmake/livox_interfaces2__rosidl_typesupport_cExport-noconfig.cmake
[1.033s] -- Up-to-date: /home/xkai/agribot/agribot_ws/install/livox_ros_driver2/share/livox_ros_driver2/cmake/export_livox_interfaces2__rosidl_generator_cppExport.cmake
[1.033s] -- Up-to-date: /home/xkai/agribot/agribot_ws/install/livox_ros_driver2/share/livox_ros_driver2/cmake/export_livox_interfaces2__rosidl_typesupport_fastrtps_cppExport.cmake
[1.033s] -- Up-to-date: /home/xkai/agribot/agribot_ws/install/livox_ros_driver2/share/livox_ros_driver2/cmake/export_livox_interfaces2__rosidl_typesupport_fastrtps_cppExport-noconfig.cmake
[1.033s] -- Up-to-date: /home/xkai/agribot/agribot_ws/install/livox_ros_driver2/share/livox_ros_driver2/cmake/livox_interfaces2__rosidl_typesupport_introspection_cppExport.cmake
[1.033s] -- Up-to-date: /home/xkai/agribot/agribot_ws/install/livox_ros_driver2/share/livox_ros_driver2/cmake/livox_interfaces2__rosidl_typesupport_introspection_cppExport-noconfig.cmake
[1.033s] -- Up-to-date: /home/xkai/agribot/agribot_ws/install/livox_ros_driver2/share/livox_ros_driver2/cmake/livox_interfaces2__rosidl_typesupport_cppExport.cmake
[1.033s] -- Up-to-date: /home/xkai/agribot/agribot_ws/install/livox_ros_driver2/share/livox_ros_driver2/cmake/livox_interfaces2__rosidl_typesupport_cppExport-noconfig.cmake
[1.033s] -- Up-to-date: /home/xkai/agribot/agribot_ws/install/livox_ros_driver2/share/livox_ros_driver2/cmake/export_livox_interfaces2__rosidl_generator_pyExport.cmake
[1.033s] -- Up-to-date: /home/xkai/agribot/agribot_ws/install/livox_ros_driver2/share/livox_ros_driver2/cmake/export_livox_interfaces2__rosidl_generator_pyExport-noconfig.cmake
[1.033s] -- Up-to-date: /home/xkai/agribot/agribot_ws/install/livox_ros_driver2/share/ament_index/resource_index/rclcpp_components/livox_ros_driver2
[1.034s] -- Up-to-date: /home/xkai/agribot/agribot_ws/install/livox_ros_driver2/share/livox_ros_driver2/cmake/rosidl_cmake-extras.cmake
[1.034s] -- Up-to-date: /home/xkai/agribot/agribot_ws/install/livox_ros_driver2/share/livox_ros_driver2/cmake/ament_cmake_export_dependencies-extras.cmake
[1.034s] -- Up-to-date: /home/xkai/agribot/agribot_ws/install/livox_ros_driver2/share/livox_ros_driver2/cmake/ament_cmake_export_include_directories-extras.cmake
[1.034s] -- Up-to-date: /home/xkai/agribot/agribot_ws/install/livox_ros_driver2/share/livox_ros_driver2/cmake/ament_cmake_export_libraries-extras.cmake
[1.034s] -- Up-to-date: /home/xkai/agribot/agribot_ws/install/livox_ros_driver2/share/livox_ros_driver2/cmake/ament_cmake_export_targets-extras.cmake
[1.034s] -- Up-to-date: /home/xkai/agribot/agribot_ws/install/livox_ros_driver2/share/livox_ros_driver2/cmake/rosidl_cmake_export_typesupport_targets-extras.cmake
[1.034s] -- Up-to-date: /home/xkai/agribot/agribot_ws/install/livox_ros_driver2/share/livox_ros_driver2/cmake/rosidl_cmake_export_typesupport_libraries-extras.cmake
[1.040s] -- Up-to-date: /home/xkai/agribot/agribot_ws/install/livox_ros_driver2/share/livox_ros_driver2/cmake/livox_ros_driver2Config.cmake
[1.040s] -- Up-to-date: /home/xkai/agribot/agribot_ws/install/livox_ros_driver2/share/livox_ros_driver2/cmake/livox_ros_driver2Config-version.cmake
[1.041s] -- Up-to-date: /home/xkai/agribot/agribot_ws/install/livox_ros_driver2/share/livox_ros_driver2/package.xml
[1.041s] Invoked command in '/home/xkai/agribot/agribot_ws/build/livox_ros_driver2' returned '0': CMAKE_PREFIX_PATH=${CMAKE_PREFIX_PATH}:/opt/ros/humble /usr/bin/cmake --install /home/xkai/agribot/agribot_ws/build/livox_ros_driver2
