[0.019s] Invoking command in '/home/xkai/agribot/agribot_ws/build/centerline_extraction': CMAKE_PREFIX_PATH=${CMAKE_PREFIX_PATH}:/opt/ros/humble /usr/bin/cmake --build /home/xkai/agribot/agribot_ws/build/centerline_extraction -- -j8 -l8
[0.067s] [35m[1mConsolidate compiler generated dependencies of target pcl_learning[0m
[0.069s] [35m[1mConsolidate compiler generated dependencies of target centerline_extract[0m
[0.081s] [35m[1mConsolidate compiler generated dependencies of target corn_row_detector_projection[0m
[0.091s] [35m[1mConsolidate compiler generated dependencies of target cornfield_navigation_node[0m
[0.113s] [ 16%] Built target pcl_learning
[0.123s] [ 33%] Built target centerline_extract
[0.130s] [ 41%] [32mBuilding CXX object CMakeFiles/corn_row_detector_projection.dir/src/corn_row_detector_projection.cpp.o[0m
[0.148s] [ 50%] [32mBuilding CXX object CMakeFiles/cornfield_navigation_node.dir/src/pid_controller.cpp.o[0m
[12.546s] [ 58%] [32m[1mLinking CXX executable cornfield_navigation_node[0m
[15.459s] [ 91%] Built target cornfield_navigation_node
[15.911s] [100%] [32m[1mLinking CXX executable corn_row_detector_projection[0m
[17.170s] [100%] Built target corn_row_detector_projection
[17.179s] Invoked command in '/home/xkai/agribot/agribot_ws/build/centerline_extraction' returned '0': CMAKE_PREFIX_PATH=${CMAKE_PREFIX_PATH}:/opt/ros/humble /usr/bin/cmake --build /home/xkai/agribot/agribot_ws/build/centerline_extraction -- -j8 -l8
[17.181s] Invoking command in '/home/xkai/agribot/agribot_ws/build/centerline_extraction': CMAKE_PREFIX_PATH=${CMAKE_PREFIX_PATH}:/opt/ros/humble /usr/bin/cmake --install /home/xkai/agribot/agribot_ws/build/centerline_extraction
[17.187s] -- Install configuration: ""
[17.187s] -- Installing: /home/xkai/agribot/agribot_ws/install/centerline_extraction/lib/centerline_extraction/corn_row_detector_projection
[17.191s] -- Set runtime path of "/home/xkai/agribot/agribot_ws/install/centerline_extraction/lib/centerline_extraction/corn_row_detector_projection" to ""
[17.191s] -- Up-to-date: /home/xkai/agribot/agribot_ws/install/centerline_extraction/include//include
[17.192s] -- Up-to-date: /home/xkai/agribot/agribot_ws/install/centerline_extraction/include//include/centerline_extraction
[17.192s] -- Up-to-date: /home/xkai/agribot/agribot_ws/install/centerline_extraction/include//include/centerline_extraction/corn_row_detector_projection.hpp
[17.192s] -- Up-to-date: /home/xkai/agribot/agribot_ws/install/centerline_extraction/include//include/centerline_extraction/pid_controller.hpp
[17.192s] -- Installing: /home/xkai/agribot/agribot_ws/install/centerline_extraction/share/centerline_extraction/package.dsv
[17.194s] Invoked command in '/home/xkai/agribot/agribot_ws/build/centerline_extraction' returned '0': CMAKE_PREFIX_PATH=${CMAKE_PREFIX_PATH}:/opt/ros/humble /usr/bin/cmake --install /home/xkai/agribot/agribot_ws/build/centerline_extraction
