[0.020s] Invoking command in '/home/xkai/agribot/agribot_ws/build/centerline_extraction': CMAKE_PREFIX_PATH=${CMAKE_PREFIX_PATH}:/opt/ros/humble /usr/bin/cmake /home/xkai/agribot/agribot_ws/src/centerline_extraction -DCMAKE_INSTALL_PREFIX=/home/xkai/agribot/agribot_ws/install/centerline_extraction
[0.036s] -- Found ament_cmake: 1.3.14 (/opt/ros/humble/share/ament_cmake/cmake)
[0.198s] -- Override CMake install command with custom implementation using symlinks instead of copying resources
[0.211s] -- Found rclcpp: 16.0.19 (/opt/ros/humble/share/rclcpp/cmake)
[0.246s] -- Found rosidl_generator_c: 3.1.8 (/opt/ros/humble/share/rosidl_generator_c/cmake)
[0.248s] -- Found rosidl_adapter: 3.1.8 (/opt/ros/humble/share/rosidl_adapter/cmake)
[0.255s] -- Found rosidl_generator_cpp: 3.1.8 (/opt/ros/humble/share/rosidl_generator_cpp/cmake)
[0.265s] -- Using all available rosidl_typesupport_c: rosidl_typesupport_fastrtps_c;rosidl_typesupport_introspection_c
[0.278s] -- Using all available rosidl_typesupport_cpp: rosidl_typesupport_fastrtps_cpp;rosidl_typesupport_introspection_cpp
[0.318s] -- Found rmw_implementation_cmake: 6.1.2 (/opt/ros/humble/share/rmw_implementation_cmake/cmake)
[0.319s] -- Found rmw_fastrtps_cpp: 6.2.10 (/opt/ros/humble/share/rmw_fastrtps_cpp/cmake)
[0.419s] -- Using RMW implementation 'rmw_fastrtps_cpp' as default
[0.482s] -- Found sensor_msgs: 4.9.1 (/opt/ros/humble/share/sensor_msgs/cmake)
[0.534s] -- Found nav_msgs: 4.9.1 (/opt/ros/humble/share/nav_msgs/cmake)
[0.565s] -- Found visualization_msgs: 4.9.1 (/opt/ros/humble/share/visualization_msgs/cmake)
[0.613s] -- Found pcl_conversions: 2.4.5 (/opt/ros/humble/share/pcl_conversions/cmake)
[0.692s] -- Eigen found (include: /usr/include/eigen3, version: 3.4.0)
[0.745s] -- FLANN found (include: /usr/include, lib: /usr/lib/x86_64-linux-gnu/libflann_cpp.so)
[1.212s] -- OpenNI found (version: 1.5.4.0, include: /usr/include/ni, lib: /usr/lib/libOpenNI.so;libusb::libusb)
[1.218s] -- OpenNI2 found (version: 2.2.0.33, include: /usr/include/openni2, lib: /usr/lib/x86_64-linux-gnu/libOpenNI2.so;libusb::libusb)
[1.362s] -- Eigen found (include: /usr/include/eigen3, version: 3.4.0)
[1.372s] -- OpenNI found (version: 1.5.4.0, include: /usr/include/ni, lib: /usr/lib/libOpenNI.so;libusb::libusb)
[1.380s] -- OpenNI2 found (version: 2.2.0.33, include: /usr/include/openni2, lib: /usr/lib/x86_64-linux-gnu/libOpenNI2.so;libusb::libusb)
[1.587s] -- Found Qhull version 8.0.2
[1.771s] -- OpenNI found (version: 1.5.4.0, include: /usr/include/ni, lib: /usr/lib/libOpenNI.so;libusb::libusb)
[1.959s] -- Found tf2: 0.25.20 (/opt/ros/humble/share/tf2/cmake)
[1.964s] -- Found tf2_geometry_msgs: 0.25.20 (/opt/ros/humble/share/tf2_geometry_msgs/cmake)
[1.969s] -- Found eigen3_cmake_module: 0.1.1 (/opt/ros/humble/share/eigen3_cmake_module/cmake)
[1.971s] -- Ensuring Eigen3 include directory is part of orocos-kdl CMake target
[2.122s] -- Found ament_lint_auto: 0.12.15 (/opt/ros/humble/share/ament_lint_auto/cmake)
[2.220s] -- Added test 'cppcheck' to perform static code analysis on C / C++ code
[2.221s] -- Configured cppcheck include dirs: /home/xkai/agribot/agribot_ws/src/centerline_extraction/include
[2.221s] -- Configured cppcheck exclude dirs and/or files: 
[2.221s] -- Added test 'lint_cmake' to check CMake code style
[2.223s] -- Added test 'uncrustify' to check C / C++ code style
[2.223s] -- Configured uncrustify additional arguments: 
[2.223s] -- Added test 'xmllint' to check XML markup files
[2.224s] -- Configuring done
[2.309s] -- Generating done
[2.338s] -- Build files have been written to: /home/xkai/agribot/agribot_ws/build/centerline_extraction
[2.353s] Invoked command in '/home/xkai/agribot/agribot_ws/build/centerline_extraction' returned '0': CMAKE_PREFIX_PATH=${CMAKE_PREFIX_PATH}:/opt/ros/humble /usr/bin/cmake /home/xkai/agribot/agribot_ws/src/centerline_extraction -DCMAKE_INSTALL_PREFIX=/home/xkai/agribot/agribot_ws/install/centerline_extraction
[2.355s] Invoking command in '/home/xkai/agribot/agribot_ws/build/centerline_extraction': CMAKE_PREFIX_PATH=${CMAKE_PREFIX_PATH}:/opt/ros/humble /usr/bin/cmake --build /home/xkai/agribot/agribot_ws/build/centerline_extraction -- -j8 -l8
[2.394s] [35m[1mConsolidate compiler generated dependencies of target corn_row_detector_projection[0m
[2.394s] [35m[1mConsolidate compiler generated dependencies of target pcl_learning[0m
[2.395s] [35m[1mConsolidate compiler generated dependencies of target centerline_extract[0m
[2.404s] [35m[1mConsolidate compiler generated dependencies of target cornfield_navigation_node[0m
[2.428s] [ 16%] Built target pcl_learning
[2.432s] [ 33%] Built target corn_row_detector_projection
[2.437s] [ 50%] Built target centerline_extract
[2.462s] [100%] Built target cornfield_navigation_node
[2.482s] Invoked command in '/home/xkai/agribot/agribot_ws/build/centerline_extraction' returned '0': CMAKE_PREFIX_PATH=${CMAKE_PREFIX_PATH}:/opt/ros/humble /usr/bin/cmake --build /home/xkai/agribot/agribot_ws/build/centerline_extraction -- -j8 -l8
[2.485s] Invoking command in '/home/xkai/agribot/agribot_ws/build/centerline_extraction': CMAKE_PREFIX_PATH=${CMAKE_PREFIX_PATH}:/opt/ros/humble /usr/bin/cmake --install /home/xkai/agribot/agribot_ws/build/centerline_extraction
[2.504s] -- Install configuration: ""
[2.504s] -- Execute custom install script
[2.505s] -- Up-to-date symlink: /home/xkai/agribot/agribot_ws/install/centerline_extraction/lib/centerline_extraction/pcl_learning
[2.505s] -- Up-to-date symlink: /home/xkai/agribot/agribot_ws/install/centerline_extraction/lib/centerline_extraction/centerline_extract
[2.505s] -- Up-to-date symlink: /home/xkai/agribot/agribot_ws/install/centerline_extraction/lib/centerline_extraction/cornfield_navigation_node
[2.505s] -- Up-to-date symlink: /home/xkai/agribot/agribot_ws/install/centerline_extraction/lib/centerline_extraction/corn_row_detector_projection
[2.506s] -- Up-to-date symlink: /home/xkai/agribot/agribot_ws/install/centerline_extraction/include//include/centerline_extraction/corn_row_detector copy.hpp
[2.506s] -- Up-to-date symlink: /home/xkai/agribot/agribot_ws/install/centerline_extraction/include//include/centerline_extraction/corn_row_detector.hpp
[2.507s] -- Up-to-date symlink: /home/xkai/agribot/agribot_ws/install/centerline_extraction/include//include/centerline_extraction/corn_row_detector1.hpp
[2.507s] -- Up-to-date symlink: /home/xkai/agribot/agribot_ws/install/centerline_extraction/include//include/centerline_extraction/corn_row_detector_projection.hpp
[2.508s] -- Up-to-date symlink: /home/xkai/agribot/agribot_ws/install/centerline_extraction/include//include/centerline_extraction/obstacle_detector.hpp
[2.508s] -- Up-to-date symlink: /home/xkai/agribot/agribot_ws/install/centerline_extraction/include//include/centerline_extraction/pid_controller.hpp
[2.509s] -- Up-to-date symlink: /home/xkai/agribot/agribot_ws/install/centerline_extraction/include//include/centerline_extraction/pure_pursuit_controller copy 2.hpp
[2.509s] -- Up-to-date symlink: /home/xkai/agribot/agribot_ws/install/centerline_extraction/include//include/centerline_extraction/pure_pursuit_controller copy.hpp
[2.509s] -- Up-to-date symlink: /home/xkai/agribot/agribot_ws/install/centerline_extraction/include//include/centerline_extraction/pure_pursuit_controller.hpp
[2.509s] -- Up-to-date symlink: /home/xkai/agribot/agribot_ws/install/centerline_extraction/share/ament_index/resource_index/package_run_dependencies/centerline_extraction
[2.509s] -- Up-to-date symlink: /home/xkai/agribot/agribot_ws/install/centerline_extraction/share/ament_index/resource_index/parent_prefix_path/centerline_extraction
[2.509s] -- Up-to-date symlink: /home/xkai/agribot/agribot_ws/install/centerline_extraction/share/centerline_extraction/environment/ament_prefix_path.sh
[2.509s] -- Up-to-date symlink: /home/xkai/agribot/agribot_ws/install/centerline_extraction/share/centerline_extraction/environment/ament_prefix_path.dsv
[2.510s] -- Up-to-date symlink: /home/xkai/agribot/agribot_ws/install/centerline_extraction/share/centerline_extraction/environment/path.sh
[2.510s] -- Up-to-date symlink: /home/xkai/agribot/agribot_ws/install/centerline_extraction/share/centerline_extraction/environment/path.dsv
[2.510s] -- Up-to-date symlink: /home/xkai/agribot/agribot_ws/install/centerline_extraction/share/centerline_extraction/local_setup.bash
[2.511s] -- Up-to-date symlink: /home/xkai/agribot/agribot_ws/install/centerline_extraction/share/centerline_extraction/local_setup.sh
[2.511s] -- Up-to-date symlink: /home/xkai/agribot/agribot_ws/install/centerline_extraction/share/centerline_extraction/local_setup.zsh
[2.514s] -- Up-to-date symlink: /home/xkai/agribot/agribot_ws/install/centerline_extraction/share/centerline_extraction/local_setup.dsv
[2.514s] -- Symlinking: /home/xkai/agribot/agribot_ws/install/centerline_extraction/share/centerline_extraction/package.dsv
[2.528s] -- Up-to-date symlink: /home/xkai/agribot/agribot_ws/install/centerline_extraction/share/ament_index/resource_index/packages/centerline_extraction
[2.528s] -- Up-to-date symlink: /home/xkai/agribot/agribot_ws/install/centerline_extraction/share/centerline_extraction/cmake/centerline_extractionConfig.cmake
[2.528s] -- Up-to-date symlink: /home/xkai/agribot/agribot_ws/install/centerline_extraction/share/centerline_extraction/cmake/centerline_extractionConfig-version.cmake
[2.528s] -- Up-to-date symlink: /home/xkai/agribot/agribot_ws/install/centerline_extraction/share/centerline_extraction/package.xml
[2.533s] Invoked command in '/home/xkai/agribot/agribot_ws/build/centerline_extraction' returned '0': CMAKE_PREFIX_PATH=${CMAKE_PREFIX_PATH}:/opt/ros/humble /usr/bin/cmake --install /home/xkai/agribot/agribot_ws/build/centerline_extraction
