[0.013s] Invoking command in '/home/xkai/agribot/agribot_ws/build/ros2_livox_simulation': CMAKE_PREFIX_PATH=/home/xkai/agribot/agribot_ws/install/livox_ros_driver2:/home/xkai/agribot/agribot_ws/install/ros2_livox_simulation:/home/xkai/agribot/agribot_ws/install/fast_lio:/home/xkai/agribot/agribot_ws/install/centerline_extraction:/home/xkai/agribot/agribot_ws/install/agribot_simulation:/opt/ros/humble LD_LIBRARY_PATH=/home/xkai/agribot/agribot_ws/install/livox_ros_driver2/lib:/home/xkai/agribot/agribot_ws/install/ros2_livox_simulation/lib:/home/xkai/agribot/agribot_ws/install/fast_lio/lib:/usr/lib/x86_64-linux-gnu/gazebo-11/plugins:/opt/ros/humble/opt/rviz_ogre_vendor/lib:/opt/ros/humble/lib/x86_64-linux-gnu:/opt/ros/humble/lib /usr/bin/cmake --build /home/xkai/agribot/agribot_ws/build/ros2_livox_simulation -- -j8 -l8
[0.042s] -- Found ament_cmake: 1.3.14 (/opt/ros/humble/share/ament_cmake/cmake)
[0.147s] -- Override CMake install command with custom implementation using symlinks instead of copying resources
[0.156s] -- Found rclcpp: 16.0.19 (/opt/ros/humble/share/rclcpp/cmake)
[0.196s] -- Found rosidl_generator_c: 3.1.8 (/opt/ros/humble/share/rosidl_generator_c/cmake)
[0.200s] -- Found rosidl_adapter: 3.1.8 (/opt/ros/humble/share/rosidl_adapter/cmake)
[0.206s] -- Found rosidl_generator_cpp: 3.1.8 (/opt/ros/humble/share/rosidl_generator_cpp/cmake)
[0.215s] -- Using all available rosidl_typesupport_c: rosidl_typesupport_fastrtps_c;rosidl_typesupport_introspection_c
[0.229s] -- Using all available rosidl_typesupport_cpp: rosidl_typesupport_fastrtps_cpp;rosidl_typesupport_introspection_cpp
[0.260s] -- Found rmw_implementation_cmake: 6.1.2 (/opt/ros/humble/share/rmw_implementation_cmake/cmake)
[0.261s] -- Found rmw_fastrtps_cpp: 6.2.10 (/opt/ros/humble/share/rmw_fastrtps_cpp/cmake)
[0.347s] -- Using RMW implementation 'rmw_fastrtps_cpp' as default
[0.400s] -- Found gazebo_dev: 3.9.0 (/opt/ros/humble/share/gazebo_dev/cmake)
[0.430s] -- Found DART: /usr/include (Required is at least version "6.6") found components: dart 
[0.452s] -- Found Boost: /usr/lib/x86_64-linux-gnu/cmake/Boost-1.74.0/BoostConfig.cmake (found suitable version "1.74.0", minimum required is "1.40.0") found components: thread system filesystem program_options regex iostreams date_time 
[0.464s] -- Found Protobuf: /usr/lib/x86_64-linux-gnu/libprotobuf.so (found version "3.12.4") 
[0.467s] -- Looking for ignition-math6 -- found version 6.15.1
[0.475s] -- Searching for dependencies of ignition-math6
[0.478s] -- Looking for OGRE...
[0.484s] -- Found Ogre Ghadamon (1.9.0)
[0.485s] -- Found OGRE: optimized;/usr/lib/x86_64-linux-gnu/libOgreMain.so;debug;/usr/lib/x86_64-linux-gnu/libOgreMain.so
[0.497s] -- Looking for OGRE_Paging...
[0.497s] -- Found OGRE_Paging: optimized;/usr/lib/x86_64-linux-gnu/libOgrePaging.so;debug;/usr/lib/x86_64-linux-gnu/libOgrePaging.so
[0.497s] -- Looking for OGRE_Terrain...
[0.497s] -- Found OGRE_Terrain: optimized;/usr/lib/x86_64-linux-gnu/libOgreTerrain.so;debug;/usr/lib/x86_64-linux-gnu/libOgreTerrain.so
[0.497s] -- Looking for OGRE_Property...
[0.497s] -- Found OGRE_Property: optimized;/usr/lib/x86_64-linux-gnu/libOgreProperty.so;debug;/usr/lib/x86_64-linux-gnu/libOgreProperty.so
[0.497s] -- Looking for OGRE_RTShaderSystem...
[0.497s] -- Found OGRE_RTShaderSystem: optimized;/usr/lib/x86_64-linux-gnu/libOgreRTShaderSystem.so;debug;/usr/lib/x86_64-linux-gnu/libOgreRTShaderSystem.so
[0.498s] -- Looking for OGRE_Volume...
[0.498s] -- Found OGRE_Volume: optimized;/usr/lib/x86_64-linux-gnu/libOgreVolume.so;debug;/usr/lib/x86_64-linux-gnu/libOgreVolume.so
[0.498s] -- Looking for OGRE_Overlay...
[0.498s] -- Found OGRE_Overlay: optimized;/usr/lib/x86_64-linux-gnu/libOgreOverlay.so;debug;/usr/lib/x86_64-linux-gnu/libOgreOverlay.so
[0.603s] -- Looking for ignition-math6 -- found version 6.15.1
[0.604s] -- Looking for ignition-transport8 -- found version 8.2.1
[0.605s] -- Searching for dependencies of ignition-transport8
[0.619s] -- Found Protobuf: /usr/lib/x86_64-linux-gnu/libprotobuf.so (found suitable version "3.12.4", minimum required is "3") 
[0.628s] -- Config-file not installed for ZeroMQ -- checking for pkg-config
[0.632s] -- Checking for module 'libzmq >= 4'
[0.645s] --   Found libzmq , version 4.3.4
[0.679s] -- Checking for module 'uuid'
[0.693s] --   Found uuid, version 2.37.2
[0.727s] -- Looking for ignition-msgs5 -- found version 5.8.1
[0.727s] -- Searching for dependencies of ignition-msgs5
[0.744s] -- Looking for ignition-math6 -- found version 6.15.1
[0.748s] -- Checking for module 'tinyxml2'
[0.760s] --   Found tinyxml2, version 9.0.0
[0.792s] -- Looking for ignition-msgs5 -- found version 5.8.1
[0.792s] -- Looking for ignition-common3 -- found version 3.14.0
[0.793s] -- Searching for dependencies of ignition-common3
[0.794s] -- Looking for dlfcn.h - found
[0.794s] -- Looking for libdl - found
[0.808s] -- Searching for <ignition-common3> component [graphics]
[0.809s] -- Looking for ignition-common3-graphics -- found version 3.14.0
[0.809s] -- Searching for dependencies of ignition-common3-graphics
[0.810s] -- Looking for ignition-math6 -- found version 6.15.1
[0.812s] -- Looking for ignition-fuel_tools4 -- found version 4.4.0
[0.812s] -- Searching for dependencies of ignition-fuel_tools4
[0.862s] -- Checking for module 'jsoncpp'
[0.876s] --   Found jsoncpp, version 1.9.5
[0.911s] -- Checking for module 'libzip'
[0.925s] --   Found libzip, version 1.7.3
[0.957s] -- Looking for ignition-common3 -- found version 3.14.0
[0.957s] -- Looking for ignition-math6 -- found version 6.15.1
[0.958s] -- Looking for ignition-msgs5 -- found version 5.8.1
[0.961s] -- Gazebo version: 11.10
[0.961s] -- Found gazebo_ros: 3.9.0 (/opt/ros/humble/share/gazebo_ros/cmake)
[0.965s] -- Found sensor_msgs: 4.9.1 (/opt/ros/humble/share/sensor_msgs/cmake)
[0.996s] -- Found tf2_ros: 0.25.20 (/opt/ros/humble/share/tf2_ros/cmake)
[1.093s] -- Found rosidl_default_generators: 1.2.1 (/opt/ros/humble/share/rosidl_default_generators/cmake)
[1.111s] -- Found livox_ros_driver2: 1.0.0 (/home/xkai/agribot/agribot_ws/install/livox_ros_driver2/share/livox_ros_driver2/cmake)
[1.167s] -- Eigen found (include: /usr/include/eigen3, version: 3.4.0)
[1.202s] -- FLANN found (include: /usr/include, lib: /usr/lib/x86_64-linux-gnu/libflann_cpp.so)
[1.590s] -- OpenNI found (version: 1.5.4.0, include: /usr/include/ni, lib: /usr/lib/libOpenNI.so;libusb::libusb)
[1.596s] -- OpenNI2 found (version: 2.2.0.33, include: /usr/include/openni2, lib: /usr/lib/x86_64-linux-gnu/libOpenNI2.so;libusb::libusb)
[1.815s] -- Eigen found (include: /usr/include/eigen3, version: 3.4.0)
[1.821s] -- OpenNI found (version: 1.5.4.0, include: /usr/include/ni, lib: /usr/lib/libOpenNI.so;libusb::libusb)
[1.827s] -- OpenNI2 found (version: 2.2.0.33, include: /usr/include/openni2, lib: /usr/lib/x86_64-linux-gnu/libOpenNI2.so;libusb::libusb)
[1.962s] -- Found Qhull version 8.0.2
[2.113s] -- OpenNI found (version: 1.5.4.0, include: /usr/include/ni, lib: /usr/lib/libOpenNI.so;libusb::libusb)
[2.261s] -- Found Boost: /usr/lib/x86_64-linux-gnu/cmake/Boost-1.74.0/BoostConfig.cmake (found version "1.74.0") found components: chrono 
[2.269s] -- Found ament_lint_auto: 0.12.15 (/opt/ros/humble/share/ament_lint_auto/cmake)
[2.947s] -- Added test 'copyright' to check source files copyright and LICENSE
[2.952s] -- Added test 'cppcheck' to perform static code analysis on C / C++ code
[2.953s] -- Configured cppcheck include dirs: /home/xkai/agribot/agribot_ws/src/livox_laser_simulation_ros2/include
[2.953s] -- Configured cppcheck exclude dirs and/or files: 
[2.959s] -- Added test 'cpplint' to check C / C++ code against the Google style
[2.959s] -- Configured cpplint exclude dirs and/or files: 
[2.960s] -- Added test 'lint_cmake' to check CMake code style
[2.965s] -- Added test 'uncrustify' to check C / C++ code style
[2.966s] -- Configured uncrustify additional arguments: 
[2.966s] -- Added test 'xmllint' to check XML markup files
[2.975s] -- Configuring done
[3.029s] -- Generating done
[3.044s] -- Build files have been written to: /home/xkai/agribot/agribot_ws/build/ros2_livox_simulation
[3.095s] [35m[1mConsolidate compiler generated dependencies of target ros2_livox[0m
[3.149s] [ 33%] [32m[1mLinking CXX shared library libros2_livox.so[0m
[4.523s] [100%] Built target ros2_livox
[4.533s] Invoked command in '/home/xkai/agribot/agribot_ws/build/ros2_livox_simulation' returned '0': CMAKE_PREFIX_PATH=/home/xkai/agribot/agribot_ws/install/livox_ros_driver2:/home/xkai/agribot/agribot_ws/install/ros2_livox_simulation:/home/xkai/agribot/agribot_ws/install/fast_lio:/home/xkai/agribot/agribot_ws/install/centerline_extraction:/home/xkai/agribot/agribot_ws/install/agribot_simulation:/opt/ros/humble LD_LIBRARY_PATH=/home/xkai/agribot/agribot_ws/install/livox_ros_driver2/lib:/home/xkai/agribot/agribot_ws/install/ros2_livox_simulation/lib:/home/xkai/agribot/agribot_ws/install/fast_lio/lib:/usr/lib/x86_64-linux-gnu/gazebo-11/plugins:/opt/ros/humble/opt/rviz_ogre_vendor/lib:/opt/ros/humble/lib/x86_64-linux-gnu:/opt/ros/humble/lib /usr/bin/cmake --build /home/xkai/agribot/agribot_ws/build/ros2_livox_simulation -- -j8 -l8
[4.535s] Invoking command in '/home/xkai/agribot/agribot_ws/build/ros2_livox_simulation': CMAKE_PREFIX_PATH=/home/xkai/agribot/agribot_ws/install/livox_ros_driver2:/home/xkai/agribot/agribot_ws/install/ros2_livox_simulation:/home/xkai/agribot/agribot_ws/install/fast_lio:/home/xkai/agribot/agribot_ws/install/centerline_extraction:/home/xkai/agribot/agribot_ws/install/agribot_simulation:/opt/ros/humble LD_LIBRARY_PATH=/home/xkai/agribot/agribot_ws/install/livox_ros_driver2/lib:/home/xkai/agribot/agribot_ws/install/ros2_livox_simulation/lib:/home/xkai/agribot/agribot_ws/install/fast_lio/lib:/usr/lib/x86_64-linux-gnu/gazebo-11/plugins:/opt/ros/humble/opt/rviz_ogre_vendor/lib:/opt/ros/humble/lib/x86_64-linux-gnu:/opt/ros/humble/lib /usr/bin/cmake --install /home/xkai/agribot/agribot_ws/build/ros2_livox_simulation
[4.541s] -- Install configuration: ""
[4.541s] -- Execute custom install script
[4.542s] -- Up-to-date symlink: /home/xkai/agribot/agribot_ws/install/ros2_livox_simulation/include/ros2_livox/csv_reader.hpp
[4.542s] -- Up-to-date symlink: /home/xkai/agribot/agribot_ws/install/ros2_livox_simulation/include/ros2_livox/livox_ode_multiray_shape.h
[4.542s] -- Up-to-date symlink: /home/xkai/agribot/agribot_ws/install/ros2_livox_simulation/include/ros2_livox/livox_points_plugin.h
[4.543s] -- Up-to-date symlink: /home/xkai/agribot/agribot_ws/install/ros2_livox_simulation/share/ros2_livox_simulation/meshes/livox_mid-360-90x.dae
[4.543s] -- Up-to-date symlink: /home/xkai/agribot/agribot_ws/install/ros2_livox_simulation/share/ros2_livox_simulation/meshes/livox_mid360.dae
[4.543s] -- Up-to-date symlink: /home/xkai/agribot/agribot_ws/install/ros2_livox_simulation/share/ros2_livox_simulation/meshes/livox_mid40.dae
[4.543s] -- Up-to-date symlink: /home/xkai/agribot/agribot_ws/install/ros2_livox_simulation/share/ros2_livox_simulation/meshes/mid-360-asm.stl
[4.543s] -- Up-to-date symlink: /home/xkai/agribot/agribot_ws/install/ros2_livox_simulation/lib/libros2_livox.so
[4.544s] -- Up-to-date symlink: /home/xkai/agribot/agribot_ws/install/ros2_livox_simulation/share/ros2_livox_simulation/environment/library_path.sh
[4.544s] -- Up-to-date symlink: /home/xkai/agribot/agribot_ws/install/ros2_livox_simulation/share/ros2_livox_simulation/environment/library_path.dsv
[4.544s] -- Up-to-date symlink: /home/xkai/agribot/agribot_ws/install/ros2_livox_simulation/share/ros2_livox_simulation/scan_mode/mid40.csv
[4.544s] -- Up-to-date symlink: /home/xkai/agribot/agribot_ws/install/ros2_livox_simulation/share/ros2_livox_simulation/scan_mode/mid70.csv
[4.544s] -- Up-to-date symlink: /home/xkai/agribot/agribot_ws/install/ros2_livox_simulation/share/ros2_livox_simulation/scan_mode/mid360.csv
[4.545s] -- Up-to-date symlink: /home/xkai/agribot/agribot_ws/install/ros2_livox_simulation/share/ros2_livox_simulation/scan_mode/tele.csv
[4.545s] -- Up-to-date symlink: /home/xkai/agribot/agribot_ws/install/ros2_livox_simulation/share/ros2_livox_simulation/scan_mode/horizon.csv
[4.545s] -- Up-to-date symlink: /home/xkai/agribot/agribot_ws/install/ros2_livox_simulation/share/ros2_livox_simulation/scan_mode/HAP.csv
[4.545s] -- Up-to-date symlink: /home/xkai/agribot/agribot_ws/install/ros2_livox_simulation/share/ros2_livox_simulation/scan_mode/avia.csv
[4.545s] -- Up-to-date symlink: /home/xkai/agribot/agribot_ws/install/ros2_livox_simulation/share/ros2_livox_simulation/urdf/mid40.xacro
[4.546s] -- Up-to-date symlink: /home/xkai/agribot/agribot_ws/install/ros2_livox_simulation/share/ros2_livox_simulation/urdf/mid70.xacro
[4.546s] -- Up-to-date symlink: /home/xkai/agribot/agribot_ws/install/ros2_livox_simulation/share/ros2_livox_simulation/urdf/mid360.xacro
[4.546s] -- Up-to-date symlink: /home/xkai/agribot/agribot_ws/install/ros2_livox_simulation/share/ros2_livox_simulation/urdf/tele.xacro
[4.546s] -- Up-to-date symlink: /home/xkai/agribot/agribot_ws/install/ros2_livox_simulation/share/ros2_livox_simulation/urdf/horizon.xacro
[4.546s] -- Up-to-date symlink: /home/xkai/agribot/agribot_ws/install/ros2_livox_simulation/share/ros2_livox_simulation/urdf/HAP.xacro
[4.546s] -- Up-to-date symlink: /home/xkai/agribot/agribot_ws/install/ros2_livox_simulation/share/ros2_livox_simulation/urdf/avia.xacro
[4.547s] -- Up-to-date symlink: /home/xkai/agribot/agribot_ws/install/ros2_livox_simulation/share/ros2_livox_simulation/urdf/mid360-copy.xacro
[4.547s] -- Up-to-date symlink: /home/xkai/agribot/agribot_ws/install/ros2_livox_simulation/share/ament_index/resource_index/package_run_dependencies/ros2_livox_simulation
[4.547s] -- Up-to-date symlink: /home/xkai/agribot/agribot_ws/install/ros2_livox_simulation/share/ament_index/resource_index/parent_prefix_path/ros2_livox_simulation
[4.547s] -- Up-to-date symlink: /home/xkai/agribot/agribot_ws/install/ros2_livox_simulation/share/ros2_livox_simulation/environment/ament_prefix_path.sh
[4.548s] -- Up-to-date symlink: /home/xkai/agribot/agribot_ws/install/ros2_livox_simulation/share/ros2_livox_simulation/environment/ament_prefix_path.dsv
[4.548s] -- Up-to-date symlink: /home/xkai/agribot/agribot_ws/install/ros2_livox_simulation/share/ros2_livox_simulation/environment/path.sh
[4.548s] -- Up-to-date symlink: /home/xkai/agribot/agribot_ws/install/ros2_livox_simulation/share/ros2_livox_simulation/environment/path.dsv
[4.548s] -- Up-to-date symlink: /home/xkai/agribot/agribot_ws/install/ros2_livox_simulation/share/ros2_livox_simulation/local_setup.bash
[4.548s] -- Up-to-date symlink: /home/xkai/agribot/agribot_ws/install/ros2_livox_simulation/share/ros2_livox_simulation/local_setup.sh
[4.548s] -- Up-to-date symlink: /home/xkai/agribot/agribot_ws/install/ros2_livox_simulation/share/ros2_livox_simulation/local_setup.zsh
[4.548s] -- Up-to-date symlink: /home/xkai/agribot/agribot_ws/install/ros2_livox_simulation/share/ros2_livox_simulation/local_setup.dsv
[4.549s] -- Symlinking: /home/xkai/agribot/agribot_ws/install/ros2_livox_simulation/share/ros2_livox_simulation/package.dsv
[4.556s] -- Up-to-date symlink: /home/xkai/agribot/agribot_ws/install/ros2_livox_simulation/share/ament_index/resource_index/packages/ros2_livox_simulation
[4.556s] -- Up-to-date symlink: /home/xkai/agribot/agribot_ws/install/ros2_livox_simulation/share/ros2_livox_simulation/cmake/ament_cmake_export_libraries-extras.cmake
[4.556s] -- Up-to-date symlink: /home/xkai/agribot/agribot_ws/install/ros2_livox_simulation/share/ros2_livox_simulation/cmake/ros2_livox_simulationConfig.cmake
[4.556s] -- Up-to-date symlink: /home/xkai/agribot/agribot_ws/install/ros2_livox_simulation/share/ros2_livox_simulation/cmake/ros2_livox_simulationConfig-version.cmake
[4.556s] -- Up-to-date symlink: /home/xkai/agribot/agribot_ws/install/ros2_livox_simulation/share/ros2_livox_simulation/package.xml
[4.558s] Invoked command in '/home/xkai/agribot/agribot_ws/build/ros2_livox_simulation' returned '0': CMAKE_PREFIX_PATH=/home/xkai/agribot/agribot_ws/install/livox_ros_driver2:/home/xkai/agribot/agribot_ws/install/ros2_livox_simulation:/home/xkai/agribot/agribot_ws/install/fast_lio:/home/xkai/agribot/agribot_ws/install/centerline_extraction:/home/xkai/agribot/agribot_ws/install/agribot_simulation:/opt/ros/humble LD_LIBRARY_PATH=/home/xkai/agribot/agribot_ws/install/livox_ros_driver2/lib:/home/xkai/agribot/agribot_ws/install/ros2_livox_simulation/lib:/home/xkai/agribot/agribot_ws/install/fast_lio/lib:/usr/lib/x86_64-linux-gnu/gazebo-11/plugins:/opt/ros/humble/opt/rviz_ogre_vendor/lib:/opt/ros/humble/lib/x86_64-linux-gnu:/opt/ros/humble/lib /usr/bin/cmake --install /home/xkai/agribot/agribot_ws/build/ros2_livox_simulation
