[0.013s] Invoking command in '/home/xkai/agribot/agribot_ws/build/livox_ros_driver2': CMAKE_PREFIX_PATH=/opt/ros/humble /usr/bin/cmake --build /home/xkai/agribot/agribot_ws/build/livox_ros_driver2 -- -j8 -l8
[0.053s] [35m[1mConsolidate compiler generated dependencies of target livox_interfaces2__rosidl_generator_c[0m
[0.057s] [35m[1mConsolidate compiler generated dependencies of target livox_ros_driver2_node[0m
[0.069s] [  1%] Built target livox_interfaces2__cpp
[0.074s] [  8%] Built target livox_interfaces2__rosidl_generator_c
[0.077s] [ 12%] Built target livox_ros_driver2_node
[0.077s] [ 12%] Built target ament_cmake_python_copy_livox_ros_driver2
[0.077s] [35m[1mConsolidate compiler generated dependencies of target livox_interfaces2__rosidl_typesupport_introspection_cpp[0m
[0.084s] [35m[1mConsolidate compiler generated dependencies of target livox_interfaces2__rosidl_typesupport_cpp[0m
[0.086s] [35m[1mConsolidate compiler generated dependencies of target livox_interfaces2__rosidl_typesupport_fastrtps_cpp[0m
[0.090s] [35m[1mConsolidate compiler generated dependencies of target livox_interfaces2__rosidl_typesupport_introspection_c[0m
[0.091s] [35m[1mConsolidate compiler generated dependencies of target livox_interfaces2__rosidl_typesupport_c[0m
[0.091s] [35m[1mConsolidate compiler generated dependencies of target livox_interfaces2__rosidl_typesupport_fastrtps_c[0m
[0.096s] [ 19%] Built target livox_interfaces2__rosidl_typesupport_introspection_cpp
[0.116s] [ 33%] Built target livox_interfaces2__rosidl_typesupport_cpp
[0.116s] [ 33%] Built target livox_interfaces2__rosidl_typesupport_fastrtps_cpp
[0.117s] [ 45%] Built target livox_interfaces2__rosidl_typesupport_introspection_c
[0.117s] [ 47%] Built target livox_interfaces2__rosidl_typesupport_c
[0.118s] [ 54%] Built target livox_interfaces2__rosidl_typesupport_fastrtps_c
[0.134s] [ 54%] Built target livox_interfaces2
[0.140s] [35m[1mConsolidate compiler generated dependencies of target livox_ros_driver2[0m
[0.150s] [ 56%] Built target livox_interfaces2__py
[0.159s] [35m[1mConsolidate compiler generated dependencies of target livox_interfaces2__rosidl_generator_py[0m
[0.168s] [ 61%] Built target livox_interfaces2__rosidl_generator_py
[0.169s] [ 89%] Built target livox_ros_driver2
[0.176s] [35m[1mConsolidate compiler generated dependencies of target livox_ros_driver2__rosidl_typesupport_fastrtps_c__pyext[0m
[0.177s] [35m[1mConsolidate compiler generated dependencies of target livox_ros_driver2__rosidl_typesupport_c__pyext[0m
[0.178s] [35m[1mConsolidate compiler generated dependencies of target livox_ros_driver2__rosidl_typesupport_introspection_c__pyext[0m
[0.186s] [ 96%] Built target livox_ros_driver2__rosidl_typesupport_c__pyext
[0.186s] [ 96%] Built target livox_ros_driver2__rosidl_typesupport_fastrtps_c__pyext
[0.188s] [100%] Built target livox_ros_driver2__rosidl_typesupport_introspection_c__pyext
[0.302s] running egg_info
[0.303s] writing livox_ros_driver2.egg-info/PKG-INFO
[0.303s] writing dependency_links to livox_ros_driver2.egg-info/dependency_links.txt
[0.303s] writing top-level names to livox_ros_driver2.egg-info/top_level.txt
[0.305s] reading manifest file 'livox_ros_driver2.egg-info/SOURCES.txt'
[0.306s] writing manifest file 'livox_ros_driver2.egg-info/SOURCES.txt'
[0.325s] [100%] Built target ament_cmake_python_build_livox_ros_driver2_egg
[0.334s] Invoked command in '/home/xkai/agribot/agribot_ws/build/livox_ros_driver2' returned '0': CMAKE_PREFIX_PATH=/opt/ros/humble /usr/bin/cmake --build /home/xkai/agribot/agribot_ws/build/livox_ros_driver2 -- -j8 -l8
[0.335s] Invoking command in '/home/xkai/agribot/agribot_ws/build/livox_ros_driver2': CMAKE_PREFIX_PATH=/opt/ros/humble /usr/bin/cmake --install /home/xkai/agribot/agribot_ws/build/livox_ros_driver2
[0.341s] -- Install configuration: ""
[0.341s] -- Up-to-date: /home/xkai/agribot/agribot_ws/install/livox_ros_driver2/share/ament_index/resource_index/rosidl_interfaces/livox_ros_driver2
[0.341s] -- Up-to-date: /home/xkai/agribot/agribot_ws/install/livox_ros_driver2/include/livox_ros_driver2/livox_ros_driver2
[0.341s] -- Up-to-date: /home/xkai/agribot/agribot_ws/install/livox_ros_driver2/include/livox_ros_driver2/livox_ros_driver2/msg
[0.341s] -- Up-to-date: /home/xkai/agribot/agribot_ws/install/livox_ros_driver2/include/livox_ros_driver2/livox_ros_driver2/msg/detail
[0.341s] -- Up-to-date: /home/xkai/agribot/agribot_ws/install/livox_ros_driver2/include/livox_ros_driver2/livox_ros_driver2/msg/detail/custom_point__functions.h
[0.341s] -- Up-to-date: /home/xkai/agribot/agribot_ws/install/livox_ros_driver2/include/livox_ros_driver2/livox_ros_driver2/msg/detail/custom_msg__struct.h
[0.341s] -- Up-to-date: /home/xkai/agribot/agribot_ws/install/livox_ros_driver2/include/livox_ros_driver2/livox_ros_driver2/msg/detail/custom_msg__functions.c
[0.341s] -- Up-to-date: /home/xkai/agribot/agribot_ws/install/livox_ros_driver2/include/livox_ros_driver2/livox_ros_driver2/msg/detail/custom_msg__type_support.h
[0.342s] -- Up-to-date: /home/xkai/agribot/agribot_ws/install/livox_ros_driver2/include/livox_ros_driver2/livox_ros_driver2/msg/detail/custom_point__struct.h
[0.342s] -- Up-to-date: /home/xkai/agribot/agribot_ws/install/livox_ros_driver2/include/livox_ros_driver2/livox_ros_driver2/msg/detail/custom_point__type_support.h
[0.342s] -- Up-to-date: /home/xkai/agribot/agribot_ws/install/livox_ros_driver2/include/livox_ros_driver2/livox_ros_driver2/msg/detail/custom_msg__functions.h
[0.342s] -- Up-to-date: /home/xkai/agribot/agribot_ws/install/livox_ros_driver2/include/livox_ros_driver2/livox_ros_driver2/msg/detail/custom_point__functions.c
[0.342s] -- Up-to-date: /home/xkai/agribot/agribot_ws/install/livox_ros_driver2/include/livox_ros_driver2/livox_ros_driver2/msg/custom_point.h
[0.342s] -- Up-to-date: /home/xkai/agribot/agribot_ws/install/livox_ros_driver2/include/livox_ros_driver2/livox_ros_driver2/msg/rosidl_generator_c__visibility_control.h
[0.342s] -- Up-to-date: /home/xkai/agribot/agribot_ws/install/livox_ros_driver2/include/livox_ros_driver2/livox_ros_driver2/msg/custom_msg.h
[0.342s] -- Installing: /home/xkai/agribot/agribot_ws/install/livox_ros_driver2/share/livox_ros_driver2/environment/library_path.sh
[0.342s] -- Up-to-date: /home/xkai/agribot/agribot_ws/install/livox_ros_driver2/share/livox_ros_driver2/environment/library_path.dsv
[0.342s] -- Up-to-date: /home/xkai/agribot/agribot_ws/install/livox_ros_driver2/lib/liblivox_ros_driver2__rosidl_generator_c.so
[0.342s] -- Up-to-date: /home/xkai/agribot/agribot_ws/install/livox_ros_driver2/include/livox_ros_driver2/livox_ros_driver2
[0.342s] -- Up-to-date: /home/xkai/agribot/agribot_ws/install/livox_ros_driver2/include/livox_ros_driver2/livox_ros_driver2/msg
[0.342s] -- Up-to-date: /home/xkai/agribot/agribot_ws/install/livox_ros_driver2/include/livox_ros_driver2/livox_ros_driver2/msg/detail
[0.342s] -- Up-to-date: /home/xkai/agribot/agribot_ws/install/livox_ros_driver2/include/livox_ros_driver2/livox_ros_driver2/msg/detail/custom_point__rosidl_typesupport_fastrtps_c.h
[0.342s] -- Up-to-date: /home/xkai/agribot/agribot_ws/install/livox_ros_driver2/include/livox_ros_driver2/livox_ros_driver2/msg/detail/custom_msg__rosidl_typesupport_fastrtps_c.h
[0.342s] -- Up-to-date: /home/xkai/agribot/agribot_ws/install/livox_ros_driver2/include/livox_ros_driver2/livox_ros_driver2/msg/rosidl_typesupport_fastrtps_c__visibility_control.h
[0.342s] -- Up-to-date: /home/xkai/agribot/agribot_ws/install/livox_ros_driver2/lib/liblivox_ros_driver2__rosidl_typesupport_fastrtps_c.so
[0.343s] -- Up-to-date: /home/xkai/agribot/agribot_ws/install/livox_ros_driver2/include/livox_ros_driver2/livox_ros_driver2
[0.343s] -- Up-to-date: /home/xkai/agribot/agribot_ws/install/livox_ros_driver2/include/livox_ros_driver2/livox_ros_driver2/msg
[0.343s] -- Up-to-date: /home/xkai/agribot/agribot_ws/install/livox_ros_driver2/include/livox_ros_driver2/livox_ros_driver2/msg/rosidl_typesupport_introspection_c__visibility_control.h
[0.343s] -- Up-to-date: /home/xkai/agribot/agribot_ws/install/livox_ros_driver2/include/livox_ros_driver2/livox_ros_driver2/msg/detail
[0.343s] -- Up-to-date: /home/xkai/agribot/agribot_ws/install/livox_ros_driver2/include/livox_ros_driver2/livox_ros_driver2/msg/detail/custom_point__type_support.c
[0.343s] -- Up-to-date: /home/xkai/agribot/agribot_ws/install/livox_ros_driver2/include/livox_ros_driver2/livox_ros_driver2/msg/detail/custom_point__rosidl_typesupport_introspection_c.h
[0.343s] -- Up-to-date: /home/xkai/agribot/agribot_ws/install/livox_ros_driver2/include/livox_ros_driver2/livox_ros_driver2/msg/detail/custom_msg__type_support.c
[0.343s] -- Up-to-date: /home/xkai/agribot/agribot_ws/install/livox_ros_driver2/include/livox_ros_driver2/livox_ros_driver2/msg/detail/custom_msg__rosidl_typesupport_introspection_c.h
[0.343s] -- Up-to-date: /home/xkai/agribot/agribot_ws/install/livox_ros_driver2/lib/liblivox_ros_driver2__rosidl_typesupport_introspection_c.so
[0.343s] -- Up-to-date: /home/xkai/agribot/agribot_ws/install/livox_ros_driver2/lib/liblivox_ros_driver2__rosidl_typesupport_c.so
[0.343s] -- Up-to-date: /home/xkai/agribot/agribot_ws/install/livox_ros_driver2/include/livox_ros_driver2/livox_ros_driver2
[0.343s] -- Up-to-date: /home/xkai/agribot/agribot_ws/install/livox_ros_driver2/include/livox_ros_driver2/livox_ros_driver2/msg
[0.343s] -- Up-to-date: /home/xkai/agribot/agribot_ws/install/livox_ros_driver2/include/livox_ros_driver2/livox_ros_driver2/msg/rosidl_generator_cpp__visibility_control.hpp
[0.343s] -- Up-to-date: /home/xkai/agribot/agribot_ws/install/livox_ros_driver2/include/livox_ros_driver2/livox_ros_driver2/msg/custom_point.hpp
[0.343s] -- Up-to-date: /home/xkai/agribot/agribot_ws/install/livox_ros_driver2/include/livox_ros_driver2/livox_ros_driver2/msg/detail
[0.344s] -- Up-to-date: /home/xkai/agribot/agribot_ws/install/livox_ros_driver2/include/livox_ros_driver2/livox_ros_driver2/msg/detail/custom_point__type_support.hpp
[0.344s] -- Up-to-date: /home/xkai/agribot/agribot_ws/install/livox_ros_driver2/include/livox_ros_driver2/livox_ros_driver2/msg/detail/custom_msg__traits.hpp
[0.344s] -- Up-to-date: /home/xkai/agribot/agribot_ws/install/livox_ros_driver2/include/livox_ros_driver2/livox_ros_driver2/msg/detail/custom_point__traits.hpp
[0.344s] -- Up-to-date: /home/xkai/agribot/agribot_ws/install/livox_ros_driver2/include/livox_ros_driver2/livox_ros_driver2/msg/detail/custom_msg__builder.hpp
[0.344s] -- Up-to-date: /home/xkai/agribot/agribot_ws/install/livox_ros_driver2/include/livox_ros_driver2/livox_ros_driver2/msg/detail/custom_point__builder.hpp
[0.344s] -- Up-to-date: /home/xkai/agribot/agribot_ws/install/livox_ros_driver2/include/livox_ros_driver2/livox_ros_driver2/msg/detail/custom_msg__type_support.hpp
[0.344s] -- Up-to-date: /home/xkai/agribot/agribot_ws/install/livox_ros_driver2/include/livox_ros_driver2/livox_ros_driver2/msg/detail/custom_msg__struct.hpp
[0.344s] -- Up-to-date: /home/xkai/agribot/agribot_ws/install/livox_ros_driver2/include/livox_ros_driver2/livox_ros_driver2/msg/detail/custom_point__struct.hpp
[0.344s] -- Up-to-date: /home/xkai/agribot/agribot_ws/install/livox_ros_driver2/include/livox_ros_driver2/livox_ros_driver2/msg/custom_msg.hpp
[0.344s] -- Up-to-date: /home/xkai/agribot/agribot_ws/install/livox_ros_driver2/include/livox_ros_driver2/livox_ros_driver2
[0.344s] -- Up-to-date: /home/xkai/agribot/agribot_ws/install/livox_ros_driver2/include/livox_ros_driver2/livox_ros_driver2/msg
[0.344s] -- Up-to-date: /home/xkai/agribot/agribot_ws/install/livox_ros_driver2/include/livox_ros_driver2/livox_ros_driver2/msg/detail
[0.344s] -- Up-to-date: /home/xkai/agribot/agribot_ws/install/livox_ros_driver2/include/livox_ros_driver2/livox_ros_driver2/msg/detail/custom_point__rosidl_typesupport_fastrtps_cpp.hpp
[0.344s] -- Installing: /home/xkai/agribot/agribot_ws/install/livox_ros_driver2/include/livox_ros_driver2/livox_ros_driver2/msg/detail/dds_fastrtps
[0.344s] -- Up-to-date: /home/xkai/agribot/agribot_ws/install/livox_ros_driver2/include/livox_ros_driver2/livox_ros_driver2/msg/detail/custom_msg__rosidl_typesupport_fastrtps_cpp.hpp
[0.344s] -- Up-to-date: /home/xkai/agribot/agribot_ws/install/livox_ros_driver2/include/livox_ros_driver2/livox_ros_driver2/msg/rosidl_typesupport_fastrtps_cpp__visibility_control.h
[0.344s] -- Up-to-date: /home/xkai/agribot/agribot_ws/install/livox_ros_driver2/lib/liblivox_ros_driver2__rosidl_typesupport_fastrtps_cpp.so
[0.344s] -- Up-to-date: /home/xkai/agribot/agribot_ws/install/livox_ros_driver2/include/livox_ros_driver2/livox_ros_driver2
[0.345s] -- Up-to-date: /home/xkai/agribot/agribot_ws/install/livox_ros_driver2/include/livox_ros_driver2/livox_ros_driver2/msg
[0.345s] -- Up-to-date: /home/xkai/agribot/agribot_ws/install/livox_ros_driver2/include/livox_ros_driver2/livox_ros_driver2/msg/detail
[0.345s] -- Up-to-date: /home/xkai/agribot/agribot_ws/install/livox_ros_driver2/include/livox_ros_driver2/livox_ros_driver2/msg/detail/custom_msg__rosidl_typesupport_introspection_cpp.hpp
[0.345s] -- Up-to-date: /home/xkai/agribot/agribot_ws/install/livox_ros_driver2/include/livox_ros_driver2/livox_ros_driver2/msg/detail/custom_point__rosidl_typesupport_introspection_cpp.hpp
[0.345s] -- Up-to-date: /home/xkai/agribot/agribot_ws/install/livox_ros_driver2/include/livox_ros_driver2/livox_ros_driver2/msg/detail/custom_point__type_support.cpp
[0.345s] -- Up-to-date: /home/xkai/agribot/agribot_ws/install/livox_ros_driver2/include/livox_ros_driver2/livox_ros_driver2/msg/detail/custom_msg__type_support.cpp
[0.345s] -- Up-to-date: /home/xkai/agribot/agribot_ws/install/livox_ros_driver2/lib/liblivox_ros_driver2__rosidl_typesupport_introspection_cpp.so
[0.345s] -- Up-to-date: /home/xkai/agribot/agribot_ws/install/livox_ros_driver2/lib/liblivox_ros_driver2__rosidl_typesupport_cpp.so
[0.345s] -- Up-to-date: /home/xkai/agribot/agribot_ws/install/livox_ros_driver2/share/livox_ros_driver2/environment/pythonpath.sh
[0.345s] -- Up-to-date: /home/xkai/agribot/agribot_ws/install/livox_ros_driver2/share/livox_ros_driver2/environment/pythonpath.dsv
[0.345s] -- Up-to-date: /home/xkai/agribot/agribot_ws/install/livox_ros_driver2/local/lib/python3.10/dist-packages/livox_ros_driver2-1.0.0-py3.10.egg-info
[0.345s] -- Installing: /home/xkai/agribot/agribot_ws/install/livox_ros_driver2/local/lib/python3.10/dist-packages/livox_ros_driver2-1.0.0-py3.10.egg-info/SOURCES.txt
[0.345s] -- Installing: /home/xkai/agribot/agribot_ws/install/livox_ros_driver2/local/lib/python3.10/dist-packages/livox_ros_driver2-1.0.0-py3.10.egg-info/top_level.txt
[0.345s] -- Installing: /home/xkai/agribot/agribot_ws/install/livox_ros_driver2/local/lib/python3.10/dist-packages/livox_ros_driver2-1.0.0-py3.10.egg-info/dependency_links.txt
[0.345s] -- Installing: /home/xkai/agribot/agribot_ws/install/livox_ros_driver2/local/lib/python3.10/dist-packages/livox_ros_driver2-1.0.0-py3.10.egg-info/PKG-INFO
[0.345s] -- Up-to-date: /home/xkai/agribot/agribot_ws/install/livox_ros_driver2/local/lib/python3.10/dist-packages/livox_ros_driver2
[0.346s] -- Up-to-date: /home/xkai/agribot/agribot_ws/install/livox_ros_driver2/local/lib/python3.10/dist-packages/livox_ros_driver2/__init__.py
[0.346s] -- Up-to-date: /home/xkai/agribot/agribot_ws/install/livox_ros_driver2/local/lib/python3.10/dist-packages/livox_ros_driver2/_livox_ros_driver2_s.ep.rosidl_typesupport_fastrtps_c.c
[0.346s] -- Up-to-date: /home/xkai/agribot/agribot_ws/install/livox_ros_driver2/local/lib/python3.10/dist-packages/livox_ros_driver2/livox_ros_driver2_s__rosidl_typesupport_c.cpython-310-x86_64-linux-gnu.so
[0.346s] -- Up-to-date: /home/xkai/agribot/agribot_ws/install/livox_ros_driver2/local/lib/python3.10/dist-packages/livox_ros_driver2/_livox_ros_driver2_s.ep.rosidl_typesupport_introspection_c.c
[0.346s] -- Up-to-date: /home/xkai/agribot/agribot_ws/install/livox_ros_driver2/local/lib/python3.10/dist-packages/livox_ros_driver2/livox_ros_driver2_s__rosidl_typesupport_fastrtps_c.cpython-310-x86_64-linux-gnu.so
[0.346s] -- Up-to-date: /home/xkai/agribot/agribot_ws/install/livox_ros_driver2/local/lib/python3.10/dist-packages/livox_ros_driver2/_livox_ros_driver2_s.ep.rosidl_typesupport_c.c
[0.346s] -- Up-to-date: /home/xkai/agribot/agribot_ws/install/livox_ros_driver2/local/lib/python3.10/dist-packages/livox_ros_driver2/livox_ros_driver2_s__rosidl_typesupport_introspection_c.cpython-310-x86_64-linux-gnu.so
[0.346s] -- Up-to-date: /home/xkai/agribot/agribot_ws/install/livox_ros_driver2/local/lib/python3.10/dist-packages/livox_ros_driver2/liblivox_interfaces2__rosidl_generator_py.so
[0.346s] -- Up-to-date: /home/xkai/agribot/agribot_ws/install/livox_ros_driver2/local/lib/python3.10/dist-packages/livox_ros_driver2/msg
[0.346s] -- Up-to-date: /home/xkai/agribot/agribot_ws/install/livox_ros_driver2/local/lib/python3.10/dist-packages/livox_ros_driver2/msg/__init__.py
[0.346s] -- Up-to-date: /home/xkai/agribot/agribot_ws/install/livox_ros_driver2/local/lib/python3.10/dist-packages/livox_ros_driver2/msg/_custom_msg.py
[0.346s] -- Up-to-date: /home/xkai/agribot/agribot_ws/install/livox_ros_driver2/local/lib/python3.10/dist-packages/livox_ros_driver2/msg/_custom_point_s.c
[0.346s] -- Up-to-date: /home/xkai/agribot/agribot_ws/install/livox_ros_driver2/local/lib/python3.10/dist-packages/livox_ros_driver2/msg/_custom_point.py
[0.346s] -- Up-to-date: /home/xkai/agribot/agribot_ws/install/livox_ros_driver2/local/lib/python3.10/dist-packages/livox_ros_driver2/msg/_custom_msg_s.c
[0.373s] Listing '/home/xkai/agribot/agribot_ws/install/livox_ros_driver2/local/lib/python3.10/dist-packages/livox_ros_driver2'...
[0.374s] Compiling '/home/xkai/agribot/agribot_ws/install/livox_ros_driver2/local/lib/python3.10/dist-packages/livox_ros_driver2/__init__.py'...
[0.374s] Listing '/home/xkai/agribot/agribot_ws/install/livox_ros_driver2/local/lib/python3.10/dist-packages/livox_ros_driver2/msg'...
[0.374s] Compiling '/home/xkai/agribot/agribot_ws/install/livox_ros_driver2/local/lib/python3.10/dist-packages/livox_ros_driver2/msg/__init__.py'...
[0.374s] Compiling '/home/xkai/agribot/agribot_ws/install/livox_ros_driver2/local/lib/python3.10/dist-packages/livox_ros_driver2/msg/_custom_msg.py'...
[0.374s] Compiling '/home/xkai/agribot/agribot_ws/install/livox_ros_driver2/local/lib/python3.10/dist-packages/livox_ros_driver2/msg/_custom_point.py'...
[0.377s] -- Up-to-date: /home/xkai/agribot/agribot_ws/install/livox_ros_driver2/local/lib/python3.10/dist-packages/livox_ros_driver2/livox_ros_driver2_s__rosidl_typesupport_fastrtps_c.cpython-310-x86_64-linux-gnu.so
[0.378s] -- Up-to-date: /home/xkai/agribot/agribot_ws/install/livox_ros_driver2/local/lib/python3.10/dist-packages/livox_ros_driver2/livox_ros_driver2_s__rosidl_typesupport_introspection_c.cpython-310-x86_64-linux-gnu.so
[0.378s] -- Up-to-date: /home/xkai/agribot/agribot_ws/install/livox_ros_driver2/local/lib/python3.10/dist-packages/livox_ros_driver2/livox_ros_driver2_s__rosidl_typesupport_c.cpython-310-x86_64-linux-gnu.so
[0.378s] -- Up-to-date: /home/xkai/agribot/agribot_ws/install/livox_ros_driver2/lib/liblivox_interfaces2__rosidl_generator_py.so
[0.378s] -- Up-to-date: /home/xkai/agribot/agribot_ws/install/livox_ros_driver2/share/livox_ros_driver2/msg/CustomPoint.idl
[0.378s] -- Up-to-date: /home/xkai/agribot/agribot_ws/install/livox_ros_driver2/share/livox_ros_driver2/msg/CustomMsg.idl
[0.379s] -- Up-to-date: /home/xkai/agribot/agribot_ws/install/livox_ros_driver2/share/livox_ros_driver2/msg/CustomPoint.msg
[0.379s] -- Up-to-date: /home/xkai/agribot/agribot_ws/install/livox_ros_driver2/share/livox_ros_driver2/msg/CustomMsg.msg
[0.379s] -- Up-to-date: /home/xkai/agribot/agribot_ws/install/livox_ros_driver2/lib/livox_ros_driver2/livox_ros_driver2_node
[0.379s] -- Up-to-date: /home/xkai/agribot/agribot_ws/install/livox_ros_driver2/lib/liblivox_ros_driver2.so
[0.379s] -- Up-to-date: /home/xkai/agribot/agribot_ws/install/livox_ros_driver2/share/livox_ros_driver2/config
[0.379s] -- Up-to-date: /home/xkai/agribot/agribot_ws/install/livox_ros_driver2/share/livox_ros_driver2/config/MID360_config.json
[0.379s] -- Up-to-date: /home/xkai/agribot/agribot_ws/install/livox_ros_driver2/share/livox_ros_driver2/config/mixed_HAP_MID360_config.json
[0.379s] -- Up-to-date: /home/xkai/agribot/agribot_ws/install/livox_ros_driver2/share/livox_ros_driver2/config/display_point_cloud_ROS1.rviz
[0.380s] -- Up-to-date: /home/xkai/agribot/agribot_ws/install/livox_ros_driver2/share/livox_ros_driver2/config/HAP_config.json
[0.380s] -- Up-to-date: /home/xkai/agribot/agribot_ws/install/livox_ros_driver2/share/livox_ros_driver2/config/display_point_cloud_ROS2.rviz
[0.380s] -- Up-to-date: /home/xkai/agribot/agribot_ws/install/livox_ros_driver2/share/livox_ros_driver2/launch_ROS2
[0.380s] -- Up-to-date: /home/xkai/agribot/agribot_ws/install/livox_ros_driver2/share/livox_ros_driver2/launch_ROS2/msg_HAP_launch.py
[0.380s] -- Up-to-date: /home/xkai/agribot/agribot_ws/install/livox_ros_driver2/share/livox_ros_driver2/launch_ROS2/msg_MID360_launch.py
[0.380s] -- Up-to-date: /home/xkai/agribot/agribot_ws/install/livox_ros_driver2/share/livox_ros_driver2/launch_ROS2/rviz_MID360_launch.py
[0.380s] -- Up-to-date: /home/xkai/agribot/agribot_ws/install/livox_ros_driver2/share/livox_ros_driver2/launch_ROS2/rviz_mixed.py
[0.380s] -- Up-to-date: /home/xkai/agribot/agribot_ws/install/livox_ros_driver2/share/livox_ros_driver2/launch_ROS2/rviz_HAP_launch.py
[0.380s] -- Up-to-date: /home/xkai/agribot/agribot_ws/install/livox_ros_driver2/share/ament_index/resource_index/package_run_dependencies/livox_ros_driver2
[0.380s] -- Up-to-date: /home/xkai/agribot/agribot_ws/install/livox_ros_driver2/share/ament_index/resource_index/parent_prefix_path/livox_ros_driver2
[0.381s] -- Installing: /home/xkai/agribot/agribot_ws/install/livox_ros_driver2/share/livox_ros_driver2/environment/ament_prefix_path.sh
[0.381s] -- Up-to-date: /home/xkai/agribot/agribot_ws/install/livox_ros_driver2/share/livox_ros_driver2/environment/ament_prefix_path.dsv
[0.381s] -- Installing: /home/xkai/agribot/agribot_ws/install/livox_ros_driver2/share/livox_ros_driver2/environment/path.sh
[0.381s] -- Up-to-date: /home/xkai/agribot/agribot_ws/install/livox_ros_driver2/share/livox_ros_driver2/environment/path.dsv
[0.381s] -- Up-to-date: /home/xkai/agribot/agribot_ws/install/livox_ros_driver2/share/livox_ros_driver2/local_setup.bash
[0.381s] -- Up-to-date: /home/xkai/agribot/agribot_ws/install/livox_ros_driver2/share/livox_ros_driver2/local_setup.sh
[0.381s] -- Up-to-date: /home/xkai/agribot/agribot_ws/install/livox_ros_driver2/share/livox_ros_driver2/local_setup.zsh
[0.381s] -- Up-to-date: /home/xkai/agribot/agribot_ws/install/livox_ros_driver2/share/livox_ros_driver2/local_setup.dsv
[0.381s] -- Up-to-date: /home/xkai/agribot/agribot_ws/install/livox_ros_driver2/share/livox_ros_driver2/package.dsv
[0.381s] -- Up-to-date: /home/xkai/agribot/agribot_ws/install/livox_ros_driver2/share/ament_index/resource_index/packages/livox_ros_driver2
[0.382s] -- Up-to-date: /home/xkai/agribot/agribot_ws/install/livox_ros_driver2/share/livox_ros_driver2/cmake/export_livox_interfaces2__rosidl_generator_cExport.cmake
[0.382s] -- Up-to-date: /home/xkai/agribot/agribot_ws/install/livox_ros_driver2/share/livox_ros_driver2/cmake/export_livox_interfaces2__rosidl_generator_cExport-noconfig.cmake
[0.382s] -- Up-to-date: /home/xkai/agribot/agribot_ws/install/livox_ros_driver2/share/livox_ros_driver2/cmake/export_livox_interfaces2__rosidl_typesupport_fastrtps_cExport.cmake
[0.382s] -- Up-to-date: /home/xkai/agribot/agribot_ws/install/livox_ros_driver2/share/livox_ros_driver2/cmake/export_livox_interfaces2__rosidl_typesupport_fastrtps_cExport-noconfig.cmake
[0.382s] -- Up-to-date: /home/xkai/agribot/agribot_ws/install/livox_ros_driver2/share/livox_ros_driver2/cmake/livox_interfaces2__rosidl_typesupport_introspection_cExport.cmake
[0.382s] -- Up-to-date: /home/xkai/agribot/agribot_ws/install/livox_ros_driver2/share/livox_ros_driver2/cmake/livox_interfaces2__rosidl_typesupport_introspection_cExport-noconfig.cmake
[0.382s] -- Up-to-date: /home/xkai/agribot/agribot_ws/install/livox_ros_driver2/share/livox_ros_driver2/cmake/livox_interfaces2__rosidl_typesupport_cExport.cmake
[0.382s] -- Up-to-date: /home/xkai/agribot/agribot_ws/install/livox_ros_driver2/share/livox_ros_driver2/cmake/livox_interfaces2__rosidl_typesupport_cExport-noconfig.cmake
[0.382s] -- Up-to-date: /home/xkai/agribot/agribot_ws/install/livox_ros_driver2/share/livox_ros_driver2/cmake/export_livox_interfaces2__rosidl_generator_cppExport.cmake
[0.382s] -- Up-to-date: /home/xkai/agribot/agribot_ws/install/livox_ros_driver2/share/livox_ros_driver2/cmake/export_livox_interfaces2__rosidl_typesupport_fastrtps_cppExport.cmake
[0.383s] -- Up-to-date: /home/xkai/agribot/agribot_ws/install/livox_ros_driver2/share/livox_ros_driver2/cmake/export_livox_interfaces2__rosidl_typesupport_fastrtps_cppExport-noconfig.cmake
[0.383s] -- Up-to-date: /home/xkai/agribot/agribot_ws/install/livox_ros_driver2/share/livox_ros_driver2/cmake/livox_interfaces2__rosidl_typesupport_introspection_cppExport.cmake
[0.383s] -- Up-to-date: /home/xkai/agribot/agribot_ws/install/livox_ros_driver2/share/livox_ros_driver2/cmake/livox_interfaces2__rosidl_typesupport_introspection_cppExport-noconfig.cmake
[0.383s] -- Up-to-date: /home/xkai/agribot/agribot_ws/install/livox_ros_driver2/share/livox_ros_driver2/cmake/livox_interfaces2__rosidl_typesupport_cppExport.cmake
[0.383s] -- Up-to-date: /home/xkai/agribot/agribot_ws/install/livox_ros_driver2/share/livox_ros_driver2/cmake/livox_interfaces2__rosidl_typesupport_cppExport-noconfig.cmake
[0.383s] -- Up-to-date: /home/xkai/agribot/agribot_ws/install/livox_ros_driver2/share/livox_ros_driver2/cmake/export_livox_interfaces2__rosidl_generator_pyExport.cmake
[0.383s] -- Up-to-date: /home/xkai/agribot/agribot_ws/install/livox_ros_driver2/share/livox_ros_driver2/cmake/export_livox_interfaces2__rosidl_generator_pyExport-noconfig.cmake
[0.383s] -- Up-to-date: /home/xkai/agribot/agribot_ws/install/livox_ros_driver2/share/ament_index/resource_index/rclcpp_components/livox_ros_driver2
[0.383s] -- Up-to-date: /home/xkai/agribot/agribot_ws/install/livox_ros_driver2/share/livox_ros_driver2/cmake/rosidl_cmake-extras.cmake
[0.383s] -- Up-to-date: /home/xkai/agribot/agribot_ws/install/livox_ros_driver2/share/livox_ros_driver2/cmake/ament_cmake_export_dependencies-extras.cmake
[0.383s] -- Up-to-date: /home/xkai/agribot/agribot_ws/install/livox_ros_driver2/share/livox_ros_driver2/cmake/ament_cmake_export_include_directories-extras.cmake
[0.383s] -- Up-to-date: /home/xkai/agribot/agribot_ws/install/livox_ros_driver2/share/livox_ros_driver2/cmake/ament_cmake_export_libraries-extras.cmake
[0.383s] -- Up-to-date: /home/xkai/agribot/agribot_ws/install/livox_ros_driver2/share/livox_ros_driver2/cmake/ament_cmake_export_targets-extras.cmake
[0.384s] -- Up-to-date: /home/xkai/agribot/agribot_ws/install/livox_ros_driver2/share/livox_ros_driver2/cmake/rosidl_cmake_export_typesupport_targets-extras.cmake
[0.384s] -- Up-to-date: /home/xkai/agribot/agribot_ws/install/livox_ros_driver2/share/livox_ros_driver2/cmake/rosidl_cmake_export_typesupport_libraries-extras.cmake
[0.384s] -- Up-to-date: /home/xkai/agribot/agribot_ws/install/livox_ros_driver2/share/livox_ros_driver2/cmake/livox_ros_driver2Config.cmake
[0.384s] -- Up-to-date: /home/xkai/agribot/agribot_ws/install/livox_ros_driver2/share/livox_ros_driver2/cmake/livox_ros_driver2Config-version.cmake
[0.384s] -- Up-to-date: /home/xkai/agribot/agribot_ws/install/livox_ros_driver2/share/livox_ros_driver2/package.xml
[0.385s] Invoked command in '/home/xkai/agribot/agribot_ws/build/livox_ros_driver2' returned '0': CMAKE_PREFIX_PATH=/opt/ros/humble /usr/bin/cmake --install /home/xkai/agribot/agribot_ws/build/livox_ros_driver2
