[INFO] [launch]: All log files can be found below /home/xkai/.ros/log/2026-06-08-20-02-05-091596-xkai-Ubuntun-271183
[INFO] [launch]: Default logging verbosity is set to INFO
[INFO] [robot_state_publisher-1]: process started with pid [271230]
[INFO] [gzserver-2]: process started with pid [271232]
[INFO] [spawn_entity.py-3]: process started with pid [271234]
[robot_state_publisher-1] [INFO] [1780920125.495496692] [robot_state_publisher]: got segment base_footprint
[robot_state_publisher-1] [INFO] [1780920125.495574235] [robot_state_publisher]: got segment base_link
[robot_state_publisher-1] [INFO] [1780920125.495581406] [robot_state_publisher]: got segment imu_link
[robot_state_publisher-1] [INFO] [1780920125.495585623] [robot_state_publisher]: got segment livox
[robot_state_publisher-1] [INFO] [1780920125.495589332] [robot_state_publisher]: got segment wheel_front_left_link
[robot_state_publisher-1] [INFO] [1780920125.495593266] [robot_state_publisher]: got segment wheel_front_right_link
[robot_state_publisher-1] [INFO] [1780920125.495596849] [robot_state_publisher]: got segment wheel_rear_left_link
[robot_state_publisher-1] [INFO] [1780920125.495600395] [robot_state_publisher]: got segment wheel_rear_right_link
[spawn_entity.py-3] [INFO] [1780920125.693953880] [spawn_entity]: Spawn Entity started
[spawn_entity.py-3] [INFO] [1780920125.694299365] [spawn_entity]: Loading entity published on topic robot_description
[spawn_entity.py-3] [INFO] [1780920125.695782540] [spawn_entity]: Waiting for entity xml on robot_description
[spawn_entity.py-3] [INFO] [1780920125.706719527] [spawn_entity]: Waiting for service /spawn_entity, timeout = 30
[spawn_entity.py-3] [INFO] [1780920125.707016498] [spawn_entity]: Waiting for service /spawn_entity
[gzserver-2] Gazebo multi-robot simulator, version 11.10.2
[gzserver-2] Copyright (C) 2012 Open Source Robotics Foundation.
[gzserver-2] Released under the Apache 2 License.
[gzserver-2] http://gazebosim.org
[gzserver-2] 
[gzserver-2] [1;33m[Wrn] [gazebo_ros_init.cpp:178] [0m[1;33m
[gzserver-2] #     # ####### ####### ###  #####  #######
[gzserver-2] ##    # #     #    #     #  #     # #
[gzserver-2] # #   # #     #    #     #  #       #
[gzserver-2] #  #  # #     #    #     #  #       #####
[gzserver-2] #   # # #     #    #     #  #       #
[gzserver-2] #    ## #     #    #     #  #     # #
[gzserver-2] #     # #######    #    ###  #####  #######
[gzserver-2] 
[gzserver-2] This version of Gazebo, now called Gazebo classic, reaches end-of-life
[gzserver-2] in January 2025. Users are highly encouraged to migrate to the new Gazebo
[gzserver-2] using our migration guides (https://gazebosim.org/docs/latest/gazebo_classic_migration?utm_source=gazebo_ros_pkgs&utm_medium=cli)
[gzserver-2] 
[gzserver-2] [0m[1;33m
[spawn_entity.py-3] [INFO] [1780920126.961556503] [spawn_entity]: Calling service /spawn_entity
[spawn_entity.py-3] [INFO] [1780920127.381664600] [spawn_entity]: Spawn status: SpawnEntity: Successfully spawned entity [diff_drive_robot]
[gzserver-2] [0m[1;33m[0m[1;33m[0m[INFO] [1780920127.396249402] [LivoxPointsPlugin]: load csv file name: /home/xkai/agribot/agribot_ws/install/ros2_livox_simulation/share/ros2_livox_simulation/scan_mode/mid360.csv
[INFO] [spawn_entity.py-3]: process has finished cleanly [pid 271234]
[gzserver-2] [1;32m[Msg] [0m[1;32mWaiting for master.[0m[1;32m
[gzserver-2] [0m[1;32m[0m[1;32m[0m[1;32m[Msg] [0m[1;32mConnected to gazebo master @ [0m[1;32mhttp://127.0.0.1:11345[0m[1;32m
[gzserver-2] [0m[1;32m[0m[1;32m[0m[1;32m[Msg] [0m[1;32mPublicized address: [0m[1;32m192.168.3.182[0m[1;32m
[gzserver-2] [0m[1;32m[0m[1;32m[0m[1;32m[Msg] [0m[1;32mLoading world file [[0m[1;32m/home/xkai/agribot/agribot_ws/install/agribot_simulation/share/agribot_simulation/world/corn_leaf_world.world[0m[1;32m][0m[1;32m
[gzserver-2] cannot convert str:
[gzserver-2] data size:800000
[gzserver-2] [INFO] [1780920128.770121477] [LivoxPointsPlugin]: ros topic name: mid360
[gzserver-2] [INFO] [1780920128.857872333] [LivoxPointsPlugin]: scan info size: 800000
[gzserver-2] [INFO] [1780920128.859407654] [LivoxPointsPlugin]: sample: 10000
[gzserver-2] [INFO] [1780920128.859424507] [LivoxPointsPlugin]: downsample: 1
[gzserver-2] [INFO] [1780920131.225963732] [diff_drive_controller]: Wheel pair 1 separation set to [0.240000m]
[gzserver-2] [1;31mError [Element.cc:914][0m Missing element description for [wheel_diameter]
[gzserver-2] [INFO] [1780920131.227565019] [diff_drive_controller]: Subscribed to [/cmd_vel]
[gzserver-2] [INFO] [1780920131.229763909] [diff_drive_controller]: Advertise odometry on [/odom]
[gzserver-2] [INFO] [1780920131.232313036] [diff_drive_controller]: Publishing odom transforms between [odom] and [base_footprint]
[gzserver-2] [INFO] [1780920131.232345092] [diff_drive_controller]: Publishing wheel transforms between [base_footprint], [wheel_front_left_joint] and [wheel_front_right_joint]
[gzserver-2] [INFO] [1780920131.232354903] [diff_drive_controller]: Publishing wheel transforms between [base_footprint], [wheel_rear_left_joint] and [wheel_rear_right_joint]
[WARNING] [launch]: user interrupted with ctrl-c (SIGINT)
[INFO] [gzserver-2]: sending signal 'SIGINT' to process[gzserver-2]
[INFO] [robot_state_publisher-1]: sending signal 'SIGINT' to process[robot_state_publisher-1]
[robot_state_publisher-1] [INFO] [1780920143.298908453] [rclcpp]: signal_handler(SIGINT/SIGTERM)
[robot_state_publisher-1] [INFO] [1780920143.301181387] [rclcpp]: signal_handler(SIGINT/SIGTERM)
[INFO] [robot_state_publisher-1]: process has finished cleanly [pid 271230]
[INFO] [gzserver-2]: process has finished cleanly [pid 271232]
[gzserver-2] [0m[1;32m[0m[1;32m[0m[1;36m[0m[1;32m[0m
[gzserver-2] [1;33m[0m[1;31m[0m
