[0.159s] DEBUG:colcon:Command line arguments: ['/usr/bin/colcon', 'build']
[0.159s] DEBUG:colcon:Parsed command line arguments: Namespace(log_base=None, log_level=None, verb_name='build', build_base='build', install_base='install', merge_install=False, symlink_install=False, test_result_base=None, continue_on_error=False, executor='parallel', parallel_workers=8, event_handlers=None, ignore_user_meta=False, metas=['./colcon.meta'], base_paths=['.'], packages_ignore=None, packages_ignore_regex=None, paths=None, packages_up_to=None, packages_up_to_regex=None, packages_above=None, packages_above_and_dependencies=None, packages_above_depth=None, packages_select_by_dep=None, packages_skip_by_dep=None, packages_skip_up_to=None, packages_select_build_failed=False, packages_skip_build_finished=False, packages_select_test_failures=False, packages_skip_test_passed=False, packages_select=None, packages_skip=None, packages_select_regex=None, packages_skip_regex=None, packages_start=None, packages_end=None, allow_overriding=[], cmake_args=None, cmake_target=None, cmake_target_skip_unavailable=False, cmake_clean_cache=False, cmake_clean_first=False, cmake_force_configure=False, ament_cmake_args=None, catkin_cmake_args=None, catkin_skip_building_tests=False, verb_parser=<colcon_defaults.argument_parser.defaults.DefaultArgumentsDecorator object at 0x735cdda1bee0>, verb_extension=<colcon_core.verb.build.BuildVerb object at 0x735cddb592a0>, main=<bound method BuildVerb.main of <colcon_core.verb.build.BuildVerb object at 0x735cddb592a0>>)
[0.385s] Level 1:colcon.colcon_core.package_discovery:discover_packages(colcon_meta) check parameters
[0.385s] Level 1:colcon.colcon_core.package_discovery:discover_packages(recursive) check parameters
[0.385s] Level 1:colcon.colcon_core.package_discovery:discover_packages(ignore) check parameters
[0.385s] Level 1:colcon.colcon_core.package_discovery:discover_packages(path) check parameters
[0.385s] Level 1:colcon.colcon_core.package_discovery:discover_packages(colcon_meta) discover
[0.385s] Level 1:colcon.colcon_core.package_discovery:discover_packages(recursive) discover
[0.386s] INFO:colcon.colcon_core.package_discovery:Crawling recursively for packages in '/home/xkai/agribot/agribot_ws'
[0.386s] Level 1:colcon.colcon_core.package_identification:_identify(.) by extensions ['ignore', 'ignore_ament_install']
[0.386s] Level 1:colcon.colcon_core.package_identification:_identify(.) by extension 'ignore'
[0.386s] Level 1:colcon.colcon_core.package_identification:_identify(.) by extension 'ignore_ament_install'
[0.386s] Level 1:colcon.colcon_core.package_identification:_identify(.) by extensions ['colcon_pkg']
[0.386s] Level 1:colcon.colcon_core.package_identification:_identify(.) by extension 'colcon_pkg'
[0.386s] Level 1:colcon.colcon_core.package_identification:_identify(.) by extensions ['colcon_meta']
[0.386s] Level 1:colcon.colcon_core.package_identification:_identify(.) by extension 'colcon_meta'
[0.386s] Level 1:colcon.colcon_core.package_identification:_identify(.) by extensions ['ros']
[0.386s] Level 1:colcon.colcon_core.package_identification:_identify(.) by extension 'ros'
[0.398s] Level 1:colcon.colcon_core.package_identification:_identify(.) by extensions ['cmake', 'python']
[0.398s] Level 1:colcon.colcon_core.package_identification:_identify(.) by extension 'cmake'
[0.398s] Level 1:colcon.colcon_core.package_identification:_identify(.) by extension 'python'
[0.398s] Level 1:colcon.colcon_core.package_identification:_identify(.) by extensions ['python_setup_py']
[0.399s] Level 1:colcon.colcon_core.package_identification:_identify(.) by extension 'python_setup_py'
[0.399s] Level 1:colcon.colcon_core.package_identification:_identify(build) by extensions ['ignore', 'ignore_ament_install']
[0.399s] Level 1:colcon.colcon_core.package_identification:_identify(build) by extension 'ignore'
[0.399s] Level 1:colcon.colcon_core.package_identification:_identify(build) ignored
[0.399s] Level 1:colcon.colcon_core.package_identification:_identify(install) by extensions ['ignore', 'ignore_ament_install']
[0.399s] Level 1:colcon.colcon_core.package_identification:_identify(install) by extension 'ignore'
[0.399s] Level 1:colcon.colcon_core.package_identification:_identify(install) ignored
[0.400s] Level 1:colcon.colcon_core.package_identification:_identify(log) by extensions ['ignore', 'ignore_ament_install']
[0.400s] Level 1:colcon.colcon_core.package_identification:_identify(log) by extension 'ignore'
[0.400s] Level 1:colcon.colcon_core.package_identification:_identify(log) ignored
[0.400s] Level 1:colcon.colcon_core.package_identification:_identify(src) by extensions ['ignore', 'ignore_ament_install']
[0.400s] Level 1:colcon.colcon_core.package_identification:_identify(src) by extension 'ignore'
[0.400s] Level 1:colcon.colcon_core.package_identification:_identify(src) by extension 'ignore_ament_install'
[0.400s] Level 1:colcon.colcon_core.package_identification:_identify(src) by extensions ['colcon_pkg']
[0.400s] Level 1:colcon.colcon_core.package_identification:_identify(src) by extension 'colcon_pkg'
[0.400s] Level 1:colcon.colcon_core.package_identification:_identify(src) by extensions ['colcon_meta']
[0.400s] Level 1:colcon.colcon_core.package_identification:_identify(src) by extension 'colcon_meta'
[0.400s] Level 1:colcon.colcon_core.package_identification:_identify(src) by extensions ['ros']
[0.400s] Level 1:colcon.colcon_core.package_identification:_identify(src) by extension 'ros'
[0.401s] Level 1:colcon.colcon_core.package_identification:_identify(src) by extensions ['cmake', 'python']
[0.401s] Level 1:colcon.colcon_core.package_identification:_identify(src) by extension 'cmake'
[0.401s] Level 1:colcon.colcon_core.package_identification:_identify(src) by extension 'python'
[0.401s] Level 1:colcon.colcon_core.package_identification:_identify(src) by extensions ['python_setup_py']
[0.401s] Level 1:colcon.colcon_core.package_identification:_identify(src) by extension 'python_setup_py'
[0.401s] Level 1:colcon.colcon_core.package_identification:_identify(src/FAST_LIO) by extensions ['ignore', 'ignore_ament_install']
[0.401s] Level 1:colcon.colcon_core.package_identification:_identify(src/FAST_LIO) by extension 'ignore'
[0.401s] Level 1:colcon.colcon_core.package_identification:_identify(src/FAST_LIO) by extension 'ignore_ament_install'
[0.401s] Level 1:colcon.colcon_core.package_identification:_identify(src/FAST_LIO) by extensions ['colcon_pkg']
[0.401s] Level 1:colcon.colcon_core.package_identification:_identify(src/FAST_LIO) by extension 'colcon_pkg'
[0.401s] Level 1:colcon.colcon_core.package_identification:_identify(src/FAST_LIO) by extensions ['colcon_meta']
[0.401s] Level 1:colcon.colcon_core.package_identification:_identify(src/FAST_LIO) by extension 'colcon_meta'
[0.401s] Level 1:colcon.colcon_core.package_identification:_identify(src/FAST_LIO) by extensions ['ros']
[0.402s] Level 1:colcon.colcon_core.package_identification:_identify(src/FAST_LIO) by extension 'ros'
[0.405s] DEBUG:colcon.colcon_core.package_identification:Package 'src/FAST_LIO' with type 'ros.ament_cmake' and name 'fast_lio'
[0.406s] Level 1:colcon.colcon_core.package_identification:_identify(src/agribot_simulation) by extensions ['ignore', 'ignore_ament_install']
[0.406s] Level 1:colcon.colcon_core.package_identification:_identify(src/agribot_simulation) by extension 'ignore'
[0.406s] Level 1:colcon.colcon_core.package_identification:_identify(src/agribot_simulation) by extension 'ignore_ament_install'
[0.406s] Level 1:colcon.colcon_core.package_identification:_identify(src/agribot_simulation) by extensions ['colcon_pkg']
[0.406s] Level 1:colcon.colcon_core.package_identification:_identify(src/agribot_simulation) by extension 'colcon_pkg'
[0.406s] Level 1:colcon.colcon_core.package_identification:_identify(src/agribot_simulation) by extensions ['colcon_meta']
[0.406s] Level 1:colcon.colcon_core.package_identification:_identify(src/agribot_simulation) by extension 'colcon_meta'
[0.406s] Level 1:colcon.colcon_core.package_identification:_identify(src/agribot_simulation) by extensions ['ros']
[0.406s] Level 1:colcon.colcon_core.package_identification:_identify(src/agribot_simulation) by extension 'ros'
[0.407s] DEBUG:colcon.colcon_core.package_identification:Package 'src/agribot_simulation' with type 'ros.ament_cmake' and name 'agribot_simulation'
[0.408s] Level 1:colcon.colcon_core.package_identification:_identify(src/centerline_extraction) by extensions ['ignore', 'ignore_ament_install']
[0.408s] Level 1:colcon.colcon_core.package_identification:_identify(src/centerline_extraction) by extension 'ignore'
[0.408s] Level 1:colcon.colcon_core.package_identification:_identify(src/centerline_extraction) by extension 'ignore_ament_install'
[0.408s] Level 1:colcon.colcon_core.package_identification:_identify(src/centerline_extraction) by extensions ['colcon_pkg']
[0.408s] Level 1:colcon.colcon_core.package_identification:_identify(src/centerline_extraction) by extension 'colcon_pkg'
[0.408s] Level 1:colcon.colcon_core.package_identification:_identify(src/centerline_extraction) by extensions ['colcon_meta']
[0.408s] Level 1:colcon.colcon_core.package_identification:_identify(src/centerline_extraction) by extension 'colcon_meta'
[0.408s] Level 1:colcon.colcon_core.package_identification:_identify(src/centerline_extraction) by extensions ['ros']
[0.408s] Level 1:colcon.colcon_core.package_identification:_identify(src/centerline_extraction) by extension 'ros'
[0.411s] DEBUG:colcon.colcon_core.package_identification:Package 'src/centerline_extraction' with type 'ros.ament_cmake' and name 'centerline_extraction'
[0.411s] Level 1:colcon.colcon_core.package_identification:_identify(src/livox_laser_simulation_ros2) by extensions ['ignore', 'ignore_ament_install']
[0.411s] Level 1:colcon.colcon_core.package_identification:_identify(src/livox_laser_simulation_ros2) by extension 'ignore'
[0.411s] Level 1:colcon.colcon_core.package_identification:_identify(src/livox_laser_simulation_ros2) by extension 'ignore_ament_install'
[0.411s] Level 1:colcon.colcon_core.package_identification:_identify(src/livox_laser_simulation_ros2) by extensions ['colcon_pkg']
[0.411s] Level 1:colcon.colcon_core.package_identification:_identify(src/livox_laser_simulation_ros2) by extension 'colcon_pkg'
[0.411s] Level 1:colcon.colcon_core.package_identification:_identify(src/livox_laser_simulation_ros2) by extensions ['colcon_meta']
[0.411s] Level 1:colcon.colcon_core.package_identification:_identify(src/livox_laser_simulation_ros2) by extension 'colcon_meta'
[0.412s] Level 1:colcon.colcon_core.package_identification:_identify(src/livox_laser_simulation_ros2) by extensions ['ros']
[0.412s] Level 1:colcon.colcon_core.package_identification:_identify(src/livox_laser_simulation_ros2) by extension 'ros'
[0.413s] DEBUG:colcon.colcon_core.package_identification:Package 'src/livox_laser_simulation_ros2' with type 'ros.ament_cmake' and name 'ros2_livox_simulation'
[0.413s] Level 1:colcon.colcon_core.package_identification:_identify(src/livox_ros_driver2) by extensions ['ignore', 'ignore_ament_install']
[0.413s] Level 1:colcon.colcon_core.package_identification:_identify(src/livox_ros_driver2) by extension 'ignore'
[0.413s] Level 1:colcon.colcon_core.package_identification:_identify(src/livox_ros_driver2) by extension 'ignore_ament_install'
[0.413s] Level 1:colcon.colcon_core.package_identification:_identify(src/livox_ros_driver2) by extensions ['colcon_pkg']
[0.413s] Level 1:colcon.colcon_core.package_identification:_identify(src/livox_ros_driver2) by extension 'colcon_pkg'
[0.413s] Level 1:colcon.colcon_core.package_identification:_identify(src/livox_ros_driver2) by extensions ['colcon_meta']
[0.413s] Level 1:colcon.colcon_core.package_identification:_identify(src/livox_ros_driver2) by extension 'colcon_meta'
[0.413s] Level 1:colcon.colcon_core.package_identification:_identify(src/livox_ros_driver2) by extensions ['ros']
[0.413s] Level 1:colcon.colcon_core.package_identification:_identify(src/livox_ros_driver2) by extension 'ros'
[0.415s] DEBUG:colcon.colcon_core.package_identification:Package 'src/livox_ros_driver2' with type 'ros.ament_cmake' and name 'livox_ros_driver2'
[0.415s] Level 1:colcon.colcon_core.package_discovery:discover_packages(recursive) using defaults
[0.415s] Level 1:colcon.colcon_core.package_discovery:discover_packages(ignore) discover
[0.415s] Level 1:colcon.colcon_core.package_discovery:discover_packages(ignore) using defaults
[0.416s] Level 1:colcon.colcon_core.package_discovery:discover_packages(path) discover
[0.416s] Level 1:colcon.colcon_core.package_discovery:discover_packages(path) using defaults
[0.450s] Level 1:colcon.colcon_core.package_discovery:discover_packages(prefix_path) check parameters
[0.450s] Level 1:colcon.colcon_core.package_discovery:discover_packages(prefix_path) discover
[0.453s] DEBUG:colcon.colcon_installed_package_information.package_discovery:Found 5 installed packages in /home/xkai/agribot/agribot_ws/install
[0.454s] DEBUG:colcon.colcon_installed_package_information.package_discovery:Found 323 installed packages in /opt/ros/humble
[0.456s] Level 1:colcon.colcon_core.package_discovery:discover_packages(prefix_path) using defaults
[0.504s] Level 5:colcon.colcon_core.verb:set package 'agribot_simulation' build argument 'cmake_args' from command line to 'None'
[0.505s] Level 5:colcon.colcon_core.verb:set package 'agribot_simulation' build argument 'cmake_target' from command line to 'None'
[0.505s] Level 5:colcon.colcon_core.verb:set package 'agribot_simulation' build argument 'cmake_target_skip_unavailable' from command line to 'False'
[0.505s] Level 5:colcon.colcon_core.verb:set package 'agribot_simulation' build argument 'cmake_clean_cache' from command line to 'False'
[0.505s] Level 5:colcon.colcon_core.verb:set package 'agribot_simulation' build argument 'cmake_clean_first' from command line to 'False'
[0.505s] Level 5:colcon.colcon_core.verb:set package 'agribot_simulation' build argument 'cmake_force_configure' from command line to 'False'
[0.505s] Level 5:colcon.colcon_core.verb:set package 'agribot_simulation' build argument 'ament_cmake_args' from command line to 'None'
[0.505s] Level 5:colcon.colcon_core.verb:set package 'agribot_simulation' build argument 'catkin_cmake_args' from command line to 'None'
[0.505s] Level 5:colcon.colcon_core.verb:set package 'agribot_simulation' build argument 'catkin_skip_building_tests' from command line to 'False'
[0.505s] DEBUG:colcon.colcon_core.verb:Building package 'agribot_simulation' with the following arguments: {'ament_cmake_args': None, 'build_base': '/home/xkai/agribot/agribot_ws/build/agribot_simulation', 'catkin_cmake_args': None, 'catkin_skip_building_tests': False, 'cmake_args': None, 'cmake_clean_cache': False, 'cmake_clean_first': False, 'cmake_force_configure': False, 'cmake_target': None, 'cmake_target_skip_unavailable': False, 'install_base': '/home/xkai/agribot/agribot_ws/install/agribot_simulation', 'merge_install': False, 'path': '/home/xkai/agribot/agribot_ws/src/agribot_simulation', 'symlink_install': False, 'test_result_base': None}
[0.506s] Level 5:colcon.colcon_core.verb:set package 'centerline_extraction' build argument 'cmake_args' from command line to 'None'
[0.506s] Level 5:colcon.colcon_core.verb:set package 'centerline_extraction' build argument 'cmake_target' from command line to 'None'
[0.506s] Level 5:colcon.colcon_core.verb:set package 'centerline_extraction' build argument 'cmake_target_skip_unavailable' from command line to 'False'
[0.506s] Level 5:colcon.colcon_core.verb:set package 'centerline_extraction' build argument 'cmake_clean_cache' from command line to 'False'
[0.506s] Level 5:colcon.colcon_core.verb:set package 'centerline_extraction' build argument 'cmake_clean_first' from command line to 'False'
[0.506s] Level 5:colcon.colcon_core.verb:set package 'centerline_extraction' build argument 'cmake_force_configure' from command line to 'False'
[0.506s] Level 5:colcon.colcon_core.verb:set package 'centerline_extraction' build argument 'ament_cmake_args' from command line to 'None'
[0.506s] Level 5:colcon.colcon_core.verb:set package 'centerline_extraction' build argument 'catkin_cmake_args' from command line to 'None'
[0.506s] Level 5:colcon.colcon_core.verb:set package 'centerline_extraction' build argument 'catkin_skip_building_tests' from command line to 'False'
[0.506s] DEBUG:colcon.colcon_core.verb:Building package 'centerline_extraction' with the following arguments: {'ament_cmake_args': None, 'build_base': '/home/xkai/agribot/agribot_ws/build/centerline_extraction', 'catkin_cmake_args': None, 'catkin_skip_building_tests': False, 'cmake_args': None, 'cmake_clean_cache': False, 'cmake_clean_first': False, 'cmake_force_configure': False, 'cmake_target': None, 'cmake_target_skip_unavailable': False, 'install_base': '/home/xkai/agribot/agribot_ws/install/centerline_extraction', 'merge_install': False, 'path': '/home/xkai/agribot/agribot_ws/src/centerline_extraction', 'symlink_install': False, 'test_result_base': None}
[0.506s] Level 5:colcon.colcon_core.verb:set package 'livox_ros_driver2' build argument 'cmake_args' from command line to 'None'
[0.506s] Level 5:colcon.colcon_core.verb:set package 'livox_ros_driver2' build argument 'cmake_target' from command line to 'None'
[0.507s] Level 5:colcon.colcon_core.verb:set package 'livox_ros_driver2' build argument 'cmake_target_skip_unavailable' from command line to 'False'
[0.507s] Level 5:colcon.colcon_core.verb:set package 'livox_ros_driver2' build argument 'cmake_clean_cache' from command line to 'False'
[0.507s] Level 5:colcon.colcon_core.verb:set package 'livox_ros_driver2' build argument 'cmake_clean_first' from command line to 'False'
[0.507s] Level 5:colcon.colcon_core.verb:set package 'livox_ros_driver2' build argument 'cmake_force_configure' from command line to 'False'
[0.507s] Level 5:colcon.colcon_core.verb:set package 'livox_ros_driver2' build argument 'ament_cmake_args' from command line to 'None'
[0.507s] Level 5:colcon.colcon_core.verb:set package 'livox_ros_driver2' build argument 'catkin_cmake_args' from command line to 'None'
[0.507s] Level 5:colcon.colcon_core.verb:set package 'livox_ros_driver2' build argument 'catkin_skip_building_tests' from command line to 'False'
[0.507s] DEBUG:colcon.colcon_core.verb:Building package 'livox_ros_driver2' with the following arguments: {'ament_cmake_args': None, 'build_base': '/home/xkai/agribot/agribot_ws/build/livox_ros_driver2', 'catkin_cmake_args': None, 'catkin_skip_building_tests': False, 'cmake_args': None, 'cmake_clean_cache': False, 'cmake_clean_first': False, 'cmake_force_configure': False, 'cmake_target': None, 'cmake_target_skip_unavailable': False, 'install_base': '/home/xkai/agribot/agribot_ws/install/livox_ros_driver2', 'merge_install': False, 'path': '/home/xkai/agribot/agribot_ws/src/livox_ros_driver2', 'symlink_install': False, 'test_result_base': None}
[0.507s] Level 5:colcon.colcon_core.verb:set package 'fast_lio' build argument 'cmake_args' from command line to 'None'
[0.507s] Level 5:colcon.colcon_core.verb:set package 'fast_lio' build argument 'cmake_target' from command line to 'None'
[0.507s] Level 5:colcon.colcon_core.verb:set package 'fast_lio' build argument 'cmake_target_skip_unavailable' from command line to 'False'
[0.507s] Level 5:colcon.colcon_core.verb:set package 'fast_lio' build argument 'cmake_clean_cache' from command line to 'False'
[0.507s] Level 5:colcon.colcon_core.verb:set package 'fast_lio' build argument 'cmake_clean_first' from command line to 'False'
[0.507s] Level 5:colcon.colcon_core.verb:set package 'fast_lio' build argument 'cmake_force_configure' from command line to 'False'
[0.507s] Level 5:colcon.colcon_core.verb:set package 'fast_lio' build argument 'ament_cmake_args' from command line to 'None'
[0.507s] Level 5:colcon.colcon_core.verb:set package 'fast_lio' build argument 'catkin_cmake_args' from command line to 'None'
[0.508s] Level 5:colcon.colcon_core.verb:set package 'fast_lio' build argument 'catkin_skip_building_tests' from command line to 'False'
[0.508s] DEBUG:colcon.colcon_core.verb:Building package 'fast_lio' with the following arguments: {'ament_cmake_args': None, 'build_base': '/home/xkai/agribot/agribot_ws/build/fast_lio', 'catkin_cmake_args': None, 'catkin_skip_building_tests': False, 'cmake_args': None, 'cmake_clean_cache': False, 'cmake_clean_first': False, 'cmake_force_configure': False, 'cmake_target': None, 'cmake_target_skip_unavailable': False, 'install_base': '/home/xkai/agribot/agribot_ws/install/fast_lio', 'merge_install': False, 'path': '/home/xkai/agribot/agribot_ws/src/FAST_LIO', 'symlink_install': False, 'test_result_base': None}
[0.508s] Level 5:colcon.colcon_core.verb:set package 'ros2_livox_simulation' build argument 'cmake_args' from command line to 'None'
[0.508s] Level 5:colcon.colcon_core.verb:set package 'ros2_livox_simulation' build argument 'cmake_target' from command line to 'None'
[0.508s] Level 5:colcon.colcon_core.verb:set package 'ros2_livox_simulation' build argument 'cmake_target_skip_unavailable' from command line to 'False'
[0.508s] Level 5:colcon.colcon_core.verb:set package 'ros2_livox_simulation' build argument 'cmake_clean_cache' from command line to 'False'
[0.508s] Level 5:colcon.colcon_core.verb:set package 'ros2_livox_simulation' build argument 'cmake_clean_first' from command line to 'False'
[0.508s] Level 5:colcon.colcon_core.verb:set package 'ros2_livox_simulation' build argument 'cmake_force_configure' from command line to 'False'
[0.508s] Level 5:colcon.colcon_core.verb:set package 'ros2_livox_simulation' build argument 'ament_cmake_args' from command line to 'None'
[0.508s] Level 5:colcon.colcon_core.verb:set package 'ros2_livox_simulation' build argument 'catkin_cmake_args' from command line to 'None'
[0.508s] Level 5:colcon.colcon_core.verb:set package 'ros2_livox_simulation' build argument 'catkin_skip_building_tests' from command line to 'False'
[0.508s] DEBUG:colcon.colcon_core.verb:Building package 'ros2_livox_simulation' with the following arguments: {'ament_cmake_args': None, 'build_base': '/home/xkai/agribot/agribot_ws/build/ros2_livox_simulation', 'catkin_cmake_args': None, 'catkin_skip_building_tests': False, 'cmake_args': None, 'cmake_clean_cache': False, 'cmake_clean_first': False, 'cmake_force_configure': False, 'cmake_target': None, 'cmake_target_skip_unavailable': False, 'install_base': '/home/xkai/agribot/agribot_ws/install/ros2_livox_simulation', 'merge_install': False, 'path': '/home/xkai/agribot/agribot_ws/src/livox_laser_simulation_ros2', 'symlink_install': False, 'test_result_base': None}
[0.509s] INFO:colcon.colcon_core.executor:Executing jobs using 'parallel' executor
[0.509s] DEBUG:colcon.colcon_parallel_executor.executor.parallel:run_until_complete
[0.510s] INFO:colcon.colcon_ros.task.ament_cmake.build:Building ROS package in '/home/xkai/agribot/agribot_ws/src/livox_ros_driver2' with build type 'ament_cmake'
[0.510s] INFO:colcon.colcon_cmake.task.cmake.build:Building CMake package in '/home/xkai/agribot/agribot_ws/src/livox_ros_driver2'
[0.513s] INFO:colcon.colcon_core.plugin_system:Skipping extension 'colcon_core.shell.bat': Not used on non-Windows systems
[0.513s] INFO:colcon.colcon_core.shell:Skip shell extension 'powershell' for command environment: Not usable outside of PowerShell
[0.513s] DEBUG:colcon.colcon_core.shell:Skip shell extension 'dsv' for command environment
[0.517s] INFO:colcon.colcon_ros.task.ament_cmake.build:Building ROS package in '/home/xkai/agribot/agribot_ws/src/agribot_simulation' with build type 'ament_cmake'
[0.518s] INFO:colcon.colcon_cmake.task.cmake.build:Building CMake package in '/home/xkai/agribot/agribot_ws/src/agribot_simulation'
[0.518s] INFO:colcon.colcon_core.shell:Skip shell extension 'powershell' for command environment: Not usable outside of PowerShell
[0.519s] DEBUG:colcon.colcon_core.shell:Skip shell extension 'dsv' for command environment
[0.524s] INFO:colcon.colcon_ros.task.ament_cmake.build:Building ROS package in '/home/xkai/agribot/agribot_ws/src/centerline_extraction' with build type 'ament_cmake'
[0.524s] INFO:colcon.colcon_cmake.task.cmake.build:Building CMake package in '/home/xkai/agribot/agribot_ws/src/centerline_extraction'
[0.525s] INFO:colcon.colcon_core.shell:Skip shell extension 'powershell' for command environment: Not usable outside of PowerShell
[0.525s] DEBUG:colcon.colcon_core.shell:Skip shell extension 'dsv' for command environment
[0.540s] DEBUG:colcon.colcon_core.event_handler.log_command:Invoking command in '/home/xkai/agribot/agribot_ws/build/livox_ros_driver2': CMAKE_PREFIX_PATH=${CMAKE_PREFIX_PATH}:/opt/ros/humble /usr/bin/cmake --build /home/xkai/agribot/agribot_ws/build/livox_ros_driver2 -- -j8 -l8
[0.550s] DEBUG:colcon.colcon_core.event_handler.log_command:Invoking command in '/home/xkai/agribot/agribot_ws/build/agribot_simulation': CMAKE_PREFIX_PATH=${CMAKE_PREFIX_PATH}:/opt/ros/humble /usr/bin/cmake --build /home/xkai/agribot/agribot_ws/build/agribot_simulation -- -j8 -l8
[0.556s] DEBUG:colcon.colcon_core.event_handler.log_command:Invoking command in '/home/xkai/agribot/agribot_ws/build/centerline_extraction': CMAKE_PREFIX_PATH=${CMAKE_PREFIX_PATH}:/opt/ros/humble /usr/bin/cmake --build /home/xkai/agribot/agribot_ws/build/centerline_extraction -- -j8 -l8
[0.608s] DEBUG:colcon.colcon_core.event_handler.log_command:Invoked command in '/home/xkai/agribot/agribot_ws/build/agribot_simulation' returned '0': CMAKE_PREFIX_PATH=${CMAKE_PREFIX_PATH}:/opt/ros/humble /usr/bin/cmake --build /home/xkai/agribot/agribot_ws/build/agribot_simulation -- -j8 -l8
[0.636s] DEBUG:colcon.colcon_core.event_handler.log_command:Invoking command in '/home/xkai/agribot/agribot_ws/build/agribot_simulation': CMAKE_PREFIX_PATH=${CMAKE_PREFIX_PATH}:/opt/ros/humble /usr/bin/cmake --install /home/xkai/agribot/agribot_ws/build/agribot_simulation
[0.733s] Level 1:colcon.colcon_core.environment:create_environment_scripts_only(agribot_simulation)
[0.737s] Level 1:colcon.colcon_core.environment:checking '/home/xkai/agribot/agribot_ws/install/agribot_simulation' for CMake module files
[0.738s] DEBUG:colcon.colcon_core.event_handler.log_command:Invoked command in '/home/xkai/agribot/agribot_ws/build/agribot_simulation' returned '0': CMAKE_PREFIX_PATH=${CMAKE_PREFIX_PATH}:/opt/ros/humble /usr/bin/cmake --install /home/xkai/agribot/agribot_ws/build/agribot_simulation
[0.738s] Level 1:colcon.colcon_core.environment:checking '/home/xkai/agribot/agribot_ws/install/agribot_simulation' for CMake config files
[0.739s] Level 1:colcon.colcon_core.shell:create_environment_hook('agribot_simulation', 'cmake_prefix_path')
[0.739s] INFO:colcon.colcon_core.shell:Creating environment hook '/home/xkai/agribot/agribot_ws/install/agribot_simulation/share/agribot_simulation/hook/cmake_prefix_path.ps1'
[0.740s] INFO:colcon.colcon_core.shell:Creating environment descriptor '/home/xkai/agribot/agribot_ws/install/agribot_simulation/share/agribot_simulation/hook/cmake_prefix_path.dsv'
[0.741s] INFO:colcon.colcon_core.shell:Creating environment hook '/home/xkai/agribot/agribot_ws/install/agribot_simulation/share/agribot_simulation/hook/cmake_prefix_path.sh'
[0.743s] Level 1:colcon.colcon_core.environment:checking '/home/xkai/agribot/agribot_ws/install/agribot_simulation/bin'
[0.743s] Level 1:colcon.colcon_core.environment:checking '/home/xkai/agribot/agribot_ws/install/agribot_simulation/lib/pkgconfig/agribot_simulation.pc'
[0.743s] Level 1:colcon.colcon_core.environment:checking '/home/xkai/agribot/agribot_ws/install/agribot_simulation/lib/python3.10/site-packages'
[0.744s] Level 1:colcon.colcon_core.environment:checking '/home/xkai/agribot/agribot_ws/install/agribot_simulation/bin'
[0.744s] INFO:colcon.colcon_core.shell:Creating package script '/home/xkai/agribot/agribot_ws/install/agribot_simulation/share/agribot_simulation/package.ps1'
[0.745s] INFO:colcon.colcon_core.shell:Creating package descriptor '/home/xkai/agribot/agribot_ws/install/agribot_simulation/share/agribot_simulation/package.dsv'
[0.746s] INFO:colcon.colcon_core.shell:Creating package script '/home/xkai/agribot/agribot_ws/install/agribot_simulation/share/agribot_simulation/package.sh'
[0.748s] INFO:colcon.colcon_core.shell:Creating package script '/home/xkai/agribot/agribot_ws/install/agribot_simulation/share/agribot_simulation/package.bash'
[0.749s] INFO:colcon.colcon_core.shell:Creating package script '/home/xkai/agribot/agribot_ws/install/agribot_simulation/share/agribot_simulation/package.zsh'
[0.750s] Level 1:colcon.colcon_core.environment:create_file_with_runtime_dependencies(/home/xkai/agribot/agribot_ws/install/agribot_simulation/share/colcon-core/packages/agribot_simulation)
[0.751s] Level 1:colcon.colcon_core.environment:create_environment_scripts_only(agribot_simulation)
[0.751s] Level 1:colcon.colcon_core.environment:checking '/home/xkai/agribot/agribot_ws/install/agribot_simulation' for CMake module files
[0.752s] Level 1:colcon.colcon_core.environment:checking '/home/xkai/agribot/agribot_ws/install/agribot_simulation' for CMake config files
[0.753s] Level 1:colcon.colcon_core.shell:create_environment_hook('agribot_simulation', 'cmake_prefix_path')
[0.753s] INFO:colcon.colcon_core.shell:Creating environment hook '/home/xkai/agribot/agribot_ws/install/agribot_simulation/share/agribot_simulation/hook/cmake_prefix_path.ps1'
[0.754s] INFO:colcon.colcon_core.shell:Creating environment descriptor '/home/xkai/agribot/agribot_ws/install/agribot_simulation/share/agribot_simulation/hook/cmake_prefix_path.dsv'
[0.754s] INFO:colcon.colcon_core.shell:Creating environment hook '/home/xkai/agribot/agribot_ws/install/agribot_simulation/share/agribot_simulation/hook/cmake_prefix_path.sh'
[0.755s] Level 1:colcon.colcon_core.environment:checking '/home/xkai/agribot/agribot_ws/install/agribot_simulation/bin'
[0.755s] Level 1:colcon.colcon_core.environment:checking '/home/xkai/agribot/agribot_ws/install/agribot_simulation/lib/pkgconfig/agribot_simulation.pc'
[0.756s] Level 1:colcon.colcon_core.environment:checking '/home/xkai/agribot/agribot_ws/install/agribot_simulation/lib/python3.10/site-packages'
[0.756s] Level 1:colcon.colcon_core.environment:checking '/home/xkai/agribot/agribot_ws/install/agribot_simulation/bin'
[0.757s] INFO:colcon.colcon_core.shell:Creating package script '/home/xkai/agribot/agribot_ws/install/agribot_simulation/share/agribot_simulation/package.ps1'
[0.758s] INFO:colcon.colcon_core.shell:Creating package descriptor '/home/xkai/agribot/agribot_ws/install/agribot_simulation/share/agribot_simulation/package.dsv'
[0.758s] INFO:colcon.colcon_core.shell:Creating package script '/home/xkai/agribot/agribot_ws/install/agribot_simulation/share/agribot_simulation/package.sh'
[0.761s] INFO:colcon.colcon_core.shell:Creating package script '/home/xkai/agribot/agribot_ws/install/agribot_simulation/share/agribot_simulation/package.bash'
[0.761s] INFO:colcon.colcon_core.shell:Creating package script '/home/xkai/agribot/agribot_ws/install/agribot_simulation/share/agribot_simulation/package.zsh'
[0.762s] Level 1:colcon.colcon_core.environment:create_file_with_runtime_dependencies(/home/xkai/agribot/agribot_ws/install/agribot_simulation/share/colcon-core/packages/agribot_simulation)
[1.283s] DEBUG:colcon.colcon_core.event_handler.log_command:Invoked command in '/home/xkai/agribot/agribot_ws/build/livox_ros_driver2' returned '0': CMAKE_PREFIX_PATH=${CMAKE_PREFIX_PATH}:/opt/ros/humble /usr/bin/cmake --build /home/xkai/agribot/agribot_ws/build/livox_ros_driver2 -- -j8 -l8
[1.287s] DEBUG:colcon.colcon_core.event_handler.log_command:Invoking command in '/home/xkai/agribot/agribot_ws/build/livox_ros_driver2': CMAKE_PREFIX_PATH=${CMAKE_PREFIX_PATH}:/opt/ros/humble /usr/bin/cmake --install /home/xkai/agribot/agribot_ws/build/livox_ros_driver2
[1.392s] Level 1:colcon.colcon_core.environment:create_environment_scripts_only(livox_ros_driver2)
[1.393s] Level 1:colcon.colcon_core.environment:checking '/home/xkai/agribot/agribot_ws/install/livox_ros_driver2' for CMake module files
[1.394s] DEBUG:colcon.colcon_core.event_handler.log_command:Invoked command in '/home/xkai/agribot/agribot_ws/build/livox_ros_driver2' returned '0': CMAKE_PREFIX_PATH=${CMAKE_PREFIX_PATH}:/opt/ros/humble /usr/bin/cmake --install /home/xkai/agribot/agribot_ws/build/livox_ros_driver2
[1.395s] Level 1:colcon.colcon_core.environment:checking '/home/xkai/agribot/agribot_ws/install/livox_ros_driver2' for CMake config files
[1.396s] Level 1:colcon.colcon_core.shell:create_environment_hook('livox_ros_driver2', 'cmake_prefix_path')
[1.396s] INFO:colcon.colcon_core.shell:Creating environment hook '/home/xkai/agribot/agribot_ws/install/livox_ros_driver2/share/livox_ros_driver2/hook/cmake_prefix_path.ps1'
[1.397s] INFO:colcon.colcon_core.shell:Creating environment descriptor '/home/xkai/agribot/agribot_ws/install/livox_ros_driver2/share/livox_ros_driver2/hook/cmake_prefix_path.dsv'
[1.398s] INFO:colcon.colcon_core.shell:Creating environment hook '/home/xkai/agribot/agribot_ws/install/livox_ros_driver2/share/livox_ros_driver2/hook/cmake_prefix_path.sh'
[1.399s] Level 1:colcon.colcon_core.environment:checking '/home/xkai/agribot/agribot_ws/install/livox_ros_driver2/lib'
[1.399s] Level 1:colcon.colcon_core.shell:create_environment_hook('livox_ros_driver2', 'ld_library_path_lib')
[1.399s] INFO:colcon.colcon_core.shell:Creating environment hook '/home/xkai/agribot/agribot_ws/install/livox_ros_driver2/share/livox_ros_driver2/hook/ld_library_path_lib.ps1'
[1.400s] INFO:colcon.colcon_core.shell:Creating environment descriptor '/home/xkai/agribot/agribot_ws/install/livox_ros_driver2/share/livox_ros_driver2/hook/ld_library_path_lib.dsv'
[1.403s] INFO:colcon.colcon_core.shell:Creating environment hook '/home/xkai/agribot/agribot_ws/install/livox_ros_driver2/share/livox_ros_driver2/hook/ld_library_path_lib.sh'
[1.404s] Level 1:colcon.colcon_core.environment:checking '/home/xkai/agribot/agribot_ws/install/livox_ros_driver2/bin'
[1.404s] Level 1:colcon.colcon_core.environment:checking '/home/xkai/agribot/agribot_ws/install/livox_ros_driver2/lib/pkgconfig/livox_ros_driver2.pc'
[1.406s] Level 1:colcon.colcon_core.environment:checking '/home/xkai/agribot/agribot_ws/install/livox_ros_driver2/lib/python3.10/site-packages'
[1.406s] Level 1:colcon.colcon_core.environment:checking '/home/xkai/agribot/agribot_ws/install/livox_ros_driver2/bin'
[1.407s] INFO:colcon.colcon_core.shell:Creating package script '/home/xkai/agribot/agribot_ws/install/livox_ros_driver2/share/livox_ros_driver2/package.ps1'
[1.408s] INFO:colcon.colcon_core.shell:Creating package descriptor '/home/xkai/agribot/agribot_ws/install/livox_ros_driver2/share/livox_ros_driver2/package.dsv'
[1.409s] INFO:colcon.colcon_core.shell:Creating package script '/home/xkai/agribot/agribot_ws/install/livox_ros_driver2/share/livox_ros_driver2/package.sh'
[1.409s] INFO:colcon.colcon_core.shell:Creating package script '/home/xkai/agribot/agribot_ws/install/livox_ros_driver2/share/livox_ros_driver2/package.bash'
[1.410s] INFO:colcon.colcon_core.shell:Creating package script '/home/xkai/agribot/agribot_ws/install/livox_ros_driver2/share/livox_ros_driver2/package.zsh'
[1.410s] Level 1:colcon.colcon_core.environment:create_file_with_runtime_dependencies(/home/xkai/agribot/agribot_ws/install/livox_ros_driver2/share/colcon-core/packages/livox_ros_driver2)
[1.413s] Level 1:colcon.colcon_core.environment:create_environment_scripts_only(livox_ros_driver2)
[1.413s] Level 1:colcon.colcon_core.environment:checking '/home/xkai/agribot/agribot_ws/install/livox_ros_driver2' for CMake module files
[1.414s] Level 1:colcon.colcon_core.environment:checking '/home/xkai/agribot/agribot_ws/install/livox_ros_driver2' for CMake config files
[1.415s] Level 1:colcon.colcon_core.shell:create_environment_hook('livox_ros_driver2', 'cmake_prefix_path')
[1.415s] INFO:colcon.colcon_core.shell:Creating environment hook '/home/xkai/agribot/agribot_ws/install/livox_ros_driver2/share/livox_ros_driver2/hook/cmake_prefix_path.ps1'
[1.416s] INFO:colcon.colcon_core.shell:Creating environment descriptor '/home/xkai/agribot/agribot_ws/install/livox_ros_driver2/share/livox_ros_driver2/hook/cmake_prefix_path.dsv'
[1.416s] INFO:colcon.colcon_core.shell:Creating environment hook '/home/xkai/agribot/agribot_ws/install/livox_ros_driver2/share/livox_ros_driver2/hook/cmake_prefix_path.sh'
[1.420s] Level 1:colcon.colcon_core.environment:checking '/home/xkai/agribot/agribot_ws/install/livox_ros_driver2/lib'
[1.421s] Level 1:colcon.colcon_core.shell:create_environment_hook('livox_ros_driver2', 'ld_library_path_lib')
[1.421s] INFO:colcon.colcon_core.shell:Creating environment hook '/home/xkai/agribot/agribot_ws/install/livox_ros_driver2/share/livox_ros_driver2/hook/ld_library_path_lib.ps1'
[1.422s] INFO:colcon.colcon_core.shell:Creating environment descriptor '/home/xkai/agribot/agribot_ws/install/livox_ros_driver2/share/livox_ros_driver2/hook/ld_library_path_lib.dsv'
[1.423s] INFO:colcon.colcon_core.shell:Creating environment hook '/home/xkai/agribot/agribot_ws/install/livox_ros_driver2/share/livox_ros_driver2/hook/ld_library_path_lib.sh'
[1.424s] Level 1:colcon.colcon_core.environment:checking '/home/xkai/agribot/agribot_ws/install/livox_ros_driver2/bin'
[1.424s] Level 1:colcon.colcon_core.environment:checking '/home/xkai/agribot/agribot_ws/install/livox_ros_driver2/lib/pkgconfig/livox_ros_driver2.pc'
[1.424s] Level 1:colcon.colcon_core.environment:checking '/home/xkai/agribot/agribot_ws/install/livox_ros_driver2/lib/python3.10/site-packages'
[1.427s] Level 1:colcon.colcon_core.environment:checking '/home/xkai/agribot/agribot_ws/install/livox_ros_driver2/bin'
[1.427s] INFO:colcon.colcon_core.shell:Creating package script '/home/xkai/agribot/agribot_ws/install/livox_ros_driver2/share/livox_ros_driver2/package.ps1'
[1.429s] INFO:colcon.colcon_core.shell:Creating package descriptor '/home/xkai/agribot/agribot_ws/install/livox_ros_driver2/share/livox_ros_driver2/package.dsv'
[1.431s] INFO:colcon.colcon_core.shell:Creating package script '/home/xkai/agribot/agribot_ws/install/livox_ros_driver2/share/livox_ros_driver2/package.sh'
[1.431s] INFO:colcon.colcon_core.shell:Creating package script '/home/xkai/agribot/agribot_ws/install/livox_ros_driver2/share/livox_ros_driver2/package.bash'
[1.434s] INFO:colcon.colcon_core.shell:Creating package script '/home/xkai/agribot/agribot_ws/install/livox_ros_driver2/share/livox_ros_driver2/package.zsh'
[1.436s] Level 1:colcon.colcon_core.environment:create_file_with_runtime_dependencies(/home/xkai/agribot/agribot_ws/install/livox_ros_driver2/share/colcon-core/packages/livox_ros_driver2)
[1.437s] INFO:colcon.colcon_ros.task.ament_cmake.build:Building ROS package in '/home/xkai/agribot/agribot_ws/src/FAST_LIO' with build type 'ament_cmake'
[1.437s] INFO:colcon.colcon_cmake.task.cmake.build:Building CMake package in '/home/xkai/agribot/agribot_ws/src/FAST_LIO'
[1.438s] INFO:colcon.colcon_core.shell:Skip shell extension 'powershell' for command environment: Not usable outside of PowerShell
[1.438s] DEBUG:colcon.colcon_core.shell:Skip shell extension 'dsv' for command environment
[1.449s] INFO:colcon.colcon_ros.task.ament_cmake.build:Building ROS package in '/home/xkai/agribot/agribot_ws/src/livox_laser_simulation_ros2' with build type 'ament_cmake'
[1.449s] INFO:colcon.colcon_cmake.task.cmake.build:Building CMake package in '/home/xkai/agribot/agribot_ws/src/livox_laser_simulation_ros2'
[1.450s] INFO:colcon.colcon_core.shell:Skip shell extension 'powershell' for command environment: Not usable outside of PowerShell
[1.450s] DEBUG:colcon.colcon_core.shell:Skip shell extension 'dsv' for command environment
[1.468s] DEBUG:colcon.colcon_core.event_handler.log_command:Invoking command in '/home/xkai/agribot/agribot_ws/build/fast_lio': CMAKE_PREFIX_PATH=/home/xkai/agribot/agribot_ws/install/livox_ros_driver2:/home/xkai/agribot/agribot_ws/install/ros2_livox_simulation:/home/xkai/agribot/agribot_ws/install/fast_lio:/home/xkai/agribot/agribot_ws/install/centerline_extraction:/home/xkai/agribot/agribot_ws/install/agribot_simulation:/opt/ros/humble LD_LIBRARY_PATH=/home/xkai/agribot/agribot_ws/install/livox_ros_driver2/lib:/home/xkai/agribot/agribot_ws/install/ros2_livox_simulation/lib:/home/xkai/agribot/agribot_ws/install/fast_lio/lib:/usr/lib/x86_64-linux-gnu/gazebo-11/plugins:/opt/ros/humble/opt/rviz_ogre_vendor/lib:/opt/ros/humble/lib/x86_64-linux-gnu:/opt/ros/humble/lib /usr/bin/cmake --build /home/xkai/agribot/agribot_ws/build/fast_lio -- -j8 -l8
[1.476s] DEBUG:colcon.colcon_core.event_handler.log_command:Invoking command in '/home/xkai/agribot/agribot_ws/build/ros2_livox_simulation': CMAKE_PREFIX_PATH=/home/xkai/agribot/agribot_ws/install/livox_ros_driver2:/home/xkai/agribot/agribot_ws/install/ros2_livox_simulation:/home/xkai/agribot/agribot_ws/install/fast_lio:/home/xkai/agribot/agribot_ws/install/centerline_extraction:/home/xkai/agribot/agribot_ws/install/agribot_simulation:/opt/ros/humble LD_LIBRARY_PATH=/home/xkai/agribot/agribot_ws/install/livox_ros_driver2/lib:/home/xkai/agribot/agribot_ws/install/ros2_livox_simulation/lib:/home/xkai/agribot/agribot_ws/install/fast_lio/lib:/usr/lib/x86_64-linux-gnu/gazebo-11/plugins:/opt/ros/humble/opt/rviz_ogre_vendor/lib:/opt/ros/humble/lib/x86_64-linux-gnu:/opt/ros/humble/lib /usr/bin/cmake --build /home/xkai/agribot/agribot_ws/build/ros2_livox_simulation -- -j8 -l8
[1.664s] DEBUG:colcon.colcon_core.event_handler.log_command:Invoked command in '/home/xkai/agribot/agribot_ws/build/ros2_livox_simulation' returned '0': CMAKE_PREFIX_PATH=/home/xkai/agribot/agribot_ws/install/livox_ros_driver2:/home/xkai/agribot/agribot_ws/install/ros2_livox_simulation:/home/xkai/agribot/agribot_ws/install/fast_lio:/home/xkai/agribot/agribot_ws/install/centerline_extraction:/home/xkai/agribot/agribot_ws/install/agribot_simulation:/opt/ros/humble LD_LIBRARY_PATH=/home/xkai/agribot/agribot_ws/install/livox_ros_driver2/lib:/home/xkai/agribot/agribot_ws/install/ros2_livox_simulation/lib:/home/xkai/agribot/agribot_ws/install/fast_lio/lib:/usr/lib/x86_64-linux-gnu/gazebo-11/plugins:/opt/ros/humble/opt/rviz_ogre_vendor/lib:/opt/ros/humble/lib/x86_64-linux-gnu:/opt/ros/humble/lib /usr/bin/cmake --build /home/xkai/agribot/agribot_ws/build/ros2_livox_simulation -- -j8 -l8
[1.675s] DEBUG:colcon.colcon_core.event_handler.log_command:Invoking command in '/home/xkai/agribot/agribot_ws/build/ros2_livox_simulation': CMAKE_PREFIX_PATH=/home/xkai/agribot/agribot_ws/install/livox_ros_driver2:/home/xkai/agribot/agribot_ws/install/ros2_livox_simulation:/home/xkai/agribot/agribot_ws/install/fast_lio:/home/xkai/agribot/agribot_ws/install/centerline_extraction:/home/xkai/agribot/agribot_ws/install/agribot_simulation:/opt/ros/humble LD_LIBRARY_PATH=/home/xkai/agribot/agribot_ws/install/livox_ros_driver2/lib:/home/xkai/agribot/agribot_ws/install/ros2_livox_simulation/lib:/home/xkai/agribot/agribot_ws/install/fast_lio/lib:/usr/lib/x86_64-linux-gnu/gazebo-11/plugins:/opt/ros/humble/opt/rviz_ogre_vendor/lib:/opt/ros/humble/lib/x86_64-linux-gnu:/opt/ros/humble/lib /usr/bin/cmake --install /home/xkai/agribot/agribot_ws/build/ros2_livox_simulation
[1.765s] Level 1:colcon.colcon_core.environment:create_environment_scripts_only(ros2_livox_simulation)
[1.766s] Level 1:colcon.colcon_core.environment:checking '/home/xkai/agribot/agribot_ws/install/ros2_livox_simulation' for CMake module files
[1.767s] DEBUG:colcon.colcon_core.event_handler.log_command:Invoked command in '/home/xkai/agribot/agribot_ws/build/ros2_livox_simulation' returned '0': CMAKE_PREFIX_PATH=/home/xkai/agribot/agribot_ws/install/livox_ros_driver2:/home/xkai/agribot/agribot_ws/install/ros2_livox_simulation:/home/xkai/agribot/agribot_ws/install/fast_lio:/home/xkai/agribot/agribot_ws/install/centerline_extraction:/home/xkai/agribot/agribot_ws/install/agribot_simulation:/opt/ros/humble LD_LIBRARY_PATH=/home/xkai/agribot/agribot_ws/install/livox_ros_driver2/lib:/home/xkai/agribot/agribot_ws/install/ros2_livox_simulation/lib:/home/xkai/agribot/agribot_ws/install/fast_lio/lib:/usr/lib/x86_64-linux-gnu/gazebo-11/plugins:/opt/ros/humble/opt/rviz_ogre_vendor/lib:/opt/ros/humble/lib/x86_64-linux-gnu:/opt/ros/humble/lib /usr/bin/cmake --install /home/xkai/agribot/agribot_ws/build/ros2_livox_simulation
[1.769s] Level 1:colcon.colcon_core.environment:checking '/home/xkai/agribot/agribot_ws/install/ros2_livox_simulation' for CMake config files
[1.770s] Level 1:colcon.colcon_core.shell:create_environment_hook('ros2_livox_simulation', 'cmake_prefix_path')
[1.773s] INFO:colcon.colcon_core.shell:Creating environment hook '/home/xkai/agribot/agribot_ws/install/ros2_livox_simulation/share/ros2_livox_simulation/hook/cmake_prefix_path.ps1'
[1.775s] INFO:colcon.colcon_core.shell:Creating environment descriptor '/home/xkai/agribot/agribot_ws/install/ros2_livox_simulation/share/ros2_livox_simulation/hook/cmake_prefix_path.dsv'
[1.780s] INFO:colcon.colcon_core.shell:Creating environment hook '/home/xkai/agribot/agribot_ws/install/ros2_livox_simulation/share/ros2_livox_simulation/hook/cmake_prefix_path.sh'
[1.781s] Level 1:colcon.colcon_core.environment:checking '/home/xkai/agribot/agribot_ws/install/ros2_livox_simulation/lib'
[1.781s] Level 1:colcon.colcon_core.shell:create_environment_hook('ros2_livox_simulation', 'ld_library_path_lib')
[1.781s] INFO:colcon.colcon_core.shell:Creating environment hook '/home/xkai/agribot/agribot_ws/install/ros2_livox_simulation/share/ros2_livox_simulation/hook/ld_library_path_lib.ps1'
[1.782s] INFO:colcon.colcon_core.shell:Creating environment descriptor '/home/xkai/agribot/agribot_ws/install/ros2_livox_simulation/share/ros2_livox_simulation/hook/ld_library_path_lib.dsv'
[1.782s] INFO:colcon.colcon_core.shell:Creating environment hook '/home/xkai/agribot/agribot_ws/install/ros2_livox_simulation/share/ros2_livox_simulation/hook/ld_library_path_lib.sh'
[1.783s] Level 1:colcon.colcon_core.environment:checking '/home/xkai/agribot/agribot_ws/install/ros2_livox_simulation/bin'
[1.783s] Level 1:colcon.colcon_core.environment:checking '/home/xkai/agribot/agribot_ws/install/ros2_livox_simulation/lib/pkgconfig/ros2_livox_simulation.pc'
[1.785s] Level 1:colcon.colcon_core.environment:checking '/home/xkai/agribot/agribot_ws/install/ros2_livox_simulation/lib/python3.10/site-packages'
[1.785s] Level 1:colcon.colcon_core.environment:checking '/home/xkai/agribot/agribot_ws/install/ros2_livox_simulation/bin'
[1.787s] INFO:colcon.colcon_core.shell:Creating package script '/home/xkai/agribot/agribot_ws/install/ros2_livox_simulation/share/ros2_livox_simulation/package.ps1'
[1.789s] INFO:colcon.colcon_core.shell:Creating package descriptor '/home/xkai/agribot/agribot_ws/install/ros2_livox_simulation/share/ros2_livox_simulation/package.dsv'
[1.792s] INFO:colcon.colcon_core.shell:Creating package script '/home/xkai/agribot/agribot_ws/install/ros2_livox_simulation/share/ros2_livox_simulation/package.sh'
[1.794s] INFO:colcon.colcon_core.shell:Creating package script '/home/xkai/agribot/agribot_ws/install/ros2_livox_simulation/share/ros2_livox_simulation/package.bash'
[1.796s] INFO:colcon.colcon_core.shell:Creating package script '/home/xkai/agribot/agribot_ws/install/ros2_livox_simulation/share/ros2_livox_simulation/package.zsh'
[1.797s] Level 1:colcon.colcon_core.environment:create_file_with_runtime_dependencies(/home/xkai/agribot/agribot_ws/install/ros2_livox_simulation/share/colcon-core/packages/ros2_livox_simulation)
[1.799s] Level 1:colcon.colcon_core.environment:create_environment_scripts_only(ros2_livox_simulation)
[1.800s] Level 1:colcon.colcon_core.environment:checking '/home/xkai/agribot/agribot_ws/install/ros2_livox_simulation' for CMake module files
[1.801s] Level 1:colcon.colcon_core.environment:checking '/home/xkai/agribot/agribot_ws/install/ros2_livox_simulation' for CMake config files
[1.802s] Level 1:colcon.colcon_core.shell:create_environment_hook('ros2_livox_simulation', 'cmake_prefix_path')
[1.803s] INFO:colcon.colcon_core.shell:Creating environment hook '/home/xkai/agribot/agribot_ws/install/ros2_livox_simulation/share/ros2_livox_simulation/hook/cmake_prefix_path.ps1'
[1.805s] INFO:colcon.colcon_core.shell:Creating environment descriptor '/home/xkai/agribot/agribot_ws/install/ros2_livox_simulation/share/ros2_livox_simulation/hook/cmake_prefix_path.dsv'
[1.806s] INFO:colcon.colcon_core.shell:Creating environment hook '/home/xkai/agribot/agribot_ws/install/ros2_livox_simulation/share/ros2_livox_simulation/hook/cmake_prefix_path.sh'
[1.810s] Level 1:colcon.colcon_core.environment:checking '/home/xkai/agribot/agribot_ws/install/ros2_livox_simulation/lib'
[1.810s] Level 1:colcon.colcon_core.shell:create_environment_hook('ros2_livox_simulation', 'ld_library_path_lib')
[1.811s] INFO:colcon.colcon_core.shell:Creating environment hook '/home/xkai/agribot/agribot_ws/install/ros2_livox_simulation/share/ros2_livox_simulation/hook/ld_library_path_lib.ps1'
[1.818s] INFO:colcon.colcon_core.shell:Creating environment descriptor '/home/xkai/agribot/agribot_ws/install/ros2_livox_simulation/share/ros2_livox_simulation/hook/ld_library_path_lib.dsv'
[1.818s] INFO:colcon.colcon_core.shell:Creating environment hook '/home/xkai/agribot/agribot_ws/install/ros2_livox_simulation/share/ros2_livox_simulation/hook/ld_library_path_lib.sh'
[1.821s] Level 1:colcon.colcon_core.environment:checking '/home/xkai/agribot/agribot_ws/install/ros2_livox_simulation/bin'
[1.821s] Level 1:colcon.colcon_core.environment:checking '/home/xkai/agribot/agribot_ws/install/ros2_livox_simulation/lib/pkgconfig/ros2_livox_simulation.pc'
[1.822s] Level 1:colcon.colcon_core.environment:checking '/home/xkai/agribot/agribot_ws/install/ros2_livox_simulation/lib/python3.10/site-packages'
[1.822s] Level 1:colcon.colcon_core.environment:checking '/home/xkai/agribot/agribot_ws/install/ros2_livox_simulation/bin'
[1.825s] INFO:colcon.colcon_core.shell:Creating package script '/home/xkai/agribot/agribot_ws/install/ros2_livox_simulation/share/ros2_livox_simulation/package.ps1'
[1.829s] INFO:colcon.colcon_core.shell:Creating package descriptor '/home/xkai/agribot/agribot_ws/install/ros2_livox_simulation/share/ros2_livox_simulation/package.dsv'
[1.832s] INFO:colcon.colcon_core.shell:Creating package script '/home/xkai/agribot/agribot_ws/install/ros2_livox_simulation/share/ros2_livox_simulation/package.sh'
[1.837s] INFO:colcon.colcon_core.shell:Creating package script '/home/xkai/agribot/agribot_ws/install/ros2_livox_simulation/share/ros2_livox_simulation/package.bash'
[1.839s] INFO:colcon.colcon_core.shell:Creating package script '/home/xkai/agribot/agribot_ws/install/ros2_livox_simulation/share/ros2_livox_simulation/package.zsh'
[1.841s] Level 1:colcon.colcon_core.environment:create_file_with_runtime_dependencies(/home/xkai/agribot/agribot_ws/install/ros2_livox_simulation/share/colcon-core/packages/ros2_livox_simulation)
[2.208s] DEBUG:colcon.colcon_core.event_handler.log_command:Invoked command in '/home/xkai/agribot/agribot_ws/build/fast_lio' returned '0': CMAKE_PREFIX_PATH=/home/xkai/agribot/agribot_ws/install/livox_ros_driver2:/home/xkai/agribot/agribot_ws/install/ros2_livox_simulation:/home/xkai/agribot/agribot_ws/install/fast_lio:/home/xkai/agribot/agribot_ws/install/centerline_extraction:/home/xkai/agribot/agribot_ws/install/agribot_simulation:/opt/ros/humble LD_LIBRARY_PATH=/home/xkai/agribot/agribot_ws/install/livox_ros_driver2/lib:/home/xkai/agribot/agribot_ws/install/ros2_livox_simulation/lib:/home/xkai/agribot/agribot_ws/install/fast_lio/lib:/usr/lib/x86_64-linux-gnu/gazebo-11/plugins:/opt/ros/humble/opt/rviz_ogre_vendor/lib:/opt/ros/humble/lib/x86_64-linux-gnu:/opt/ros/humble/lib /usr/bin/cmake --build /home/xkai/agribot/agribot_ws/build/fast_lio -- -j8 -l8
[2.212s] DEBUG:colcon.colcon_core.event_handler.log_command:Invoking command in '/home/xkai/agribot/agribot_ws/build/fast_lio': CMAKE_PREFIX_PATH=/home/xkai/agribot/agribot_ws/install/livox_ros_driver2:/home/xkai/agribot/agribot_ws/install/ros2_livox_simulation:/home/xkai/agribot/agribot_ws/install/fast_lio:/home/xkai/agribot/agribot_ws/install/centerline_extraction:/home/xkai/agribot/agribot_ws/install/agribot_simulation:/opt/ros/humble LD_LIBRARY_PATH=/home/xkai/agribot/agribot_ws/install/livox_ros_driver2/lib:/home/xkai/agribot/agribot_ws/install/ros2_livox_simulation/lib:/home/xkai/agribot/agribot_ws/install/fast_lio/lib:/usr/lib/x86_64-linux-gnu/gazebo-11/plugins:/opt/ros/humble/opt/rviz_ogre_vendor/lib:/opt/ros/humble/lib/x86_64-linux-gnu:/opt/ros/humble/lib /usr/bin/cmake --install /home/xkai/agribot/agribot_ws/build/fast_lio
[2.354s] Level 1:colcon.colcon_core.environment:create_environment_scripts_only(fast_lio)
[2.354s] Level 1:colcon.colcon_core.environment:checking '/home/xkai/agribot/agribot_ws/install/fast_lio' for CMake module files
[2.355s] Level 1:colcon.colcon_core.environment:checking '/home/xkai/agribot/agribot_ws/install/fast_lio' for CMake config files
[2.356s] Level 1:colcon.colcon_core.shell:create_environment_hook('fast_lio', 'cmake_prefix_path')
[2.357s] INFO:colcon.colcon_core.shell:Creating environment hook '/home/xkai/agribot/agribot_ws/install/fast_lio/share/fast_lio/hook/cmake_prefix_path.ps1'
[2.361s] DEBUG:colcon.colcon_core.event_handler.log_command:Invoked command in '/home/xkai/agribot/agribot_ws/build/fast_lio' returned '0': CMAKE_PREFIX_PATH=/home/xkai/agribot/agribot_ws/install/livox_ros_driver2:/home/xkai/agribot/agribot_ws/install/ros2_livox_simulation:/home/xkai/agribot/agribot_ws/install/fast_lio:/home/xkai/agribot/agribot_ws/install/centerline_extraction:/home/xkai/agribot/agribot_ws/install/agribot_simulation:/opt/ros/humble LD_LIBRARY_PATH=/home/xkai/agribot/agribot_ws/install/livox_ros_driver2/lib:/home/xkai/agribot/agribot_ws/install/ros2_livox_simulation/lib:/home/xkai/agribot/agribot_ws/install/fast_lio/lib:/usr/lib/x86_64-linux-gnu/gazebo-11/plugins:/opt/ros/humble/opt/rviz_ogre_vendor/lib:/opt/ros/humble/lib/x86_64-linux-gnu:/opt/ros/humble/lib /usr/bin/cmake --install /home/xkai/agribot/agribot_ws/build/fast_lio
[2.362s] INFO:colcon.colcon_core.shell:Creating environment descriptor '/home/xkai/agribot/agribot_ws/install/fast_lio/share/fast_lio/hook/cmake_prefix_path.dsv'
[2.363s] INFO:colcon.colcon_core.shell:Creating environment hook '/home/xkai/agribot/agribot_ws/install/fast_lio/share/fast_lio/hook/cmake_prefix_path.sh'
[2.365s] Level 1:colcon.colcon_core.environment:checking '/home/xkai/agribot/agribot_ws/install/fast_lio/lib'
[2.366s] Level 1:colcon.colcon_core.shell:create_environment_hook('fast_lio', 'ld_library_path_lib')
[2.366s] INFO:colcon.colcon_core.shell:Creating environment hook '/home/xkai/agribot/agribot_ws/install/fast_lio/share/fast_lio/hook/ld_library_path_lib.ps1'
[2.369s] INFO:colcon.colcon_core.shell:Creating environment descriptor '/home/xkai/agribot/agribot_ws/install/fast_lio/share/fast_lio/hook/ld_library_path_lib.dsv'
[2.370s] INFO:colcon.colcon_core.shell:Creating environment hook '/home/xkai/agribot/agribot_ws/install/fast_lio/share/fast_lio/hook/ld_library_path_lib.sh'
[2.372s] Level 1:colcon.colcon_core.environment:checking '/home/xkai/agribot/agribot_ws/install/fast_lio/bin'
[2.372s] Level 1:colcon.colcon_core.environment:checking '/home/xkai/agribot/agribot_ws/install/fast_lio/lib/pkgconfig/fast_lio.pc'
[2.373s] Level 1:colcon.colcon_core.environment:checking '/home/xkai/agribot/agribot_ws/install/fast_lio/lib/python3.10/site-packages'
[2.373s] Level 1:colcon.colcon_core.environment:checking '/home/xkai/agribot/agribot_ws/install/fast_lio/bin'
[2.374s] INFO:colcon.colcon_core.shell:Creating package script '/home/xkai/agribot/agribot_ws/install/fast_lio/share/fast_lio/package.ps1'
[2.375s] INFO:colcon.colcon_core.shell:Creating package descriptor '/home/xkai/agribot/agribot_ws/install/fast_lio/share/fast_lio/package.dsv'
[2.377s] INFO:colcon.colcon_core.shell:Creating package script '/home/xkai/agribot/agribot_ws/install/fast_lio/share/fast_lio/package.sh'
[2.378s] INFO:colcon.colcon_core.shell:Creating package script '/home/xkai/agribot/agribot_ws/install/fast_lio/share/fast_lio/package.bash'
[2.379s] INFO:colcon.colcon_core.shell:Creating package script '/home/xkai/agribot/agribot_ws/install/fast_lio/share/fast_lio/package.zsh'
[2.380s] Level 1:colcon.colcon_core.environment:create_file_with_runtime_dependencies(/home/xkai/agribot/agribot_ws/install/fast_lio/share/colcon-core/packages/fast_lio)
[2.381s] Level 1:colcon.colcon_core.environment:create_environment_scripts_only(fast_lio)
[2.382s] Level 1:colcon.colcon_core.environment:checking '/home/xkai/agribot/agribot_ws/install/fast_lio' for CMake module files
[2.383s] Level 1:colcon.colcon_core.environment:checking '/home/xkai/agribot/agribot_ws/install/fast_lio' for CMake config files
[2.384s] Level 1:colcon.colcon_core.shell:create_environment_hook('fast_lio', 'cmake_prefix_path')
[2.385s] INFO:colcon.colcon_core.shell:Creating environment hook '/home/xkai/agribot/agribot_ws/install/fast_lio/share/fast_lio/hook/cmake_prefix_path.ps1'
[2.386s] INFO:colcon.colcon_core.shell:Creating environment descriptor '/home/xkai/agribot/agribot_ws/install/fast_lio/share/fast_lio/hook/cmake_prefix_path.dsv'
[2.387s] INFO:colcon.colcon_core.shell:Creating environment hook '/home/xkai/agribot/agribot_ws/install/fast_lio/share/fast_lio/hook/cmake_prefix_path.sh'
[2.389s] Level 1:colcon.colcon_core.environment:checking '/home/xkai/agribot/agribot_ws/install/fast_lio/lib'
[2.389s] Level 1:colcon.colcon_core.shell:create_environment_hook('fast_lio', 'ld_library_path_lib')
[2.390s] INFO:colcon.colcon_core.shell:Creating environment hook '/home/xkai/agribot/agribot_ws/install/fast_lio/share/fast_lio/hook/ld_library_path_lib.ps1'
[2.391s] INFO:colcon.colcon_core.shell:Creating environment descriptor '/home/xkai/agribot/agribot_ws/install/fast_lio/share/fast_lio/hook/ld_library_path_lib.dsv'
[2.392s] INFO:colcon.colcon_core.shell:Creating environment hook '/home/xkai/agribot/agribot_ws/install/fast_lio/share/fast_lio/hook/ld_library_path_lib.sh'
[2.393s] Level 1:colcon.colcon_core.environment:checking '/home/xkai/agribot/agribot_ws/install/fast_lio/bin'
[2.393s] Level 1:colcon.colcon_core.environment:checking '/home/xkai/agribot/agribot_ws/install/fast_lio/lib/pkgconfig/fast_lio.pc'
[2.394s] Level 1:colcon.colcon_core.environment:checking '/home/xkai/agribot/agribot_ws/install/fast_lio/lib/python3.10/site-packages'
[2.395s] Level 1:colcon.colcon_core.environment:checking '/home/xkai/agribot/agribot_ws/install/fast_lio/bin'
[2.395s] INFO:colcon.colcon_core.shell:Creating package script '/home/xkai/agribot/agribot_ws/install/fast_lio/share/fast_lio/package.ps1'
[2.397s] INFO:colcon.colcon_core.shell:Creating package descriptor '/home/xkai/agribot/agribot_ws/install/fast_lio/share/fast_lio/package.dsv'
[2.398s] INFO:colcon.colcon_core.shell:Creating package script '/home/xkai/agribot/agribot_ws/install/fast_lio/share/fast_lio/package.sh'
[2.399s] INFO:colcon.colcon_core.shell:Creating package script '/home/xkai/agribot/agribot_ws/install/fast_lio/share/fast_lio/package.bash'
[2.401s] INFO:colcon.colcon_core.shell:Creating package script '/home/xkai/agribot/agribot_ws/install/fast_lio/share/fast_lio/package.zsh'
[2.402s] Level 1:colcon.colcon_core.environment:create_file_with_runtime_dependencies(/home/xkai/agribot/agribot_ws/install/fast_lio/share/colcon-core/packages/fast_lio)
[22.483s] DEBUG:colcon.colcon_core.event_handler.log_command:Invoked command in '/home/xkai/agribot/agribot_ws/build/centerline_extraction' returned '0': CMAKE_PREFIX_PATH=${CMAKE_PREFIX_PATH}:/opt/ros/humble /usr/bin/cmake --build /home/xkai/agribot/agribot_ws/build/centerline_extraction -- -j8 -l8
[22.484s] DEBUG:colcon.colcon_core.event_handler.log_command:Invoking command in '/home/xkai/agribot/agribot_ws/build/centerline_extraction': CMAKE_PREFIX_PATH=${CMAKE_PREFIX_PATH}:/opt/ros/humble /usr/bin/cmake --install /home/xkai/agribot/agribot_ws/build/centerline_extraction
[22.498s] Level 1:colcon.colcon_core.environment:create_environment_scripts_only(centerline_extraction)
[22.498s] Level 1:colcon.colcon_core.environment:checking '/home/xkai/agribot/agribot_ws/install/centerline_extraction' for CMake module files
[22.498s] DEBUG:colcon.colcon_core.event_handler.log_command:Invoked command in '/home/xkai/agribot/agribot_ws/build/centerline_extraction' returned '0': CMAKE_PREFIX_PATH=${CMAKE_PREFIX_PATH}:/opt/ros/humble /usr/bin/cmake --install /home/xkai/agribot/agribot_ws/build/centerline_extraction
[22.499s] Level 1:colcon.colcon_core.environment:checking '/home/xkai/agribot/agribot_ws/install/centerline_extraction' for CMake config files
[22.499s] Level 1:colcon.colcon_core.shell:create_environment_hook('centerline_extraction', 'cmake_prefix_path')
[22.500s] INFO:colcon.colcon_core.shell:Creating environment hook '/home/xkai/agribot/agribot_ws/install/centerline_extraction/share/centerline_extraction/hook/cmake_prefix_path.ps1'
[22.500s] INFO:colcon.colcon_core.shell:Creating environment descriptor '/home/xkai/agribot/agribot_ws/install/centerline_extraction/share/centerline_extraction/hook/cmake_prefix_path.dsv'
[22.501s] INFO:colcon.colcon_core.shell:Creating environment hook '/home/xkai/agribot/agribot_ws/install/centerline_extraction/share/centerline_extraction/hook/cmake_prefix_path.sh'
[22.502s] Level 1:colcon.colcon_core.environment:checking '/home/xkai/agribot/agribot_ws/install/centerline_extraction/lib'
[22.502s] Level 1:colcon.colcon_core.environment:checking '/home/xkai/agribot/agribot_ws/install/centerline_extraction/bin'
[22.502s] Level 1:colcon.colcon_core.environment:checking '/home/xkai/agribot/agribot_ws/install/centerline_extraction/lib/pkgconfig/centerline_extraction.pc'
[22.502s] Level 1:colcon.colcon_core.environment:checking '/home/xkai/agribot/agribot_ws/install/centerline_extraction/lib/python3.10/site-packages'
[22.502s] Level 1:colcon.colcon_core.environment:checking '/home/xkai/agribot/agribot_ws/install/centerline_extraction/bin'
[22.503s] INFO:colcon.colcon_core.shell:Creating package script '/home/xkai/agribot/agribot_ws/install/centerline_extraction/share/centerline_extraction/package.ps1'
[22.503s] INFO:colcon.colcon_core.shell:Creating package descriptor '/home/xkai/agribot/agribot_ws/install/centerline_extraction/share/centerline_extraction/package.dsv'
[22.504s] INFO:colcon.colcon_core.shell:Creating package script '/home/xkai/agribot/agribot_ws/install/centerline_extraction/share/centerline_extraction/package.sh'
[22.504s] INFO:colcon.colcon_core.shell:Creating package script '/home/xkai/agribot/agribot_ws/install/centerline_extraction/share/centerline_extraction/package.bash'
[22.505s] INFO:colcon.colcon_core.shell:Creating package script '/home/xkai/agribot/agribot_ws/install/centerline_extraction/share/centerline_extraction/package.zsh'
[22.505s] Level 1:colcon.colcon_core.environment:create_file_with_runtime_dependencies(/home/xkai/agribot/agribot_ws/install/centerline_extraction/share/colcon-core/packages/centerline_extraction)
[22.506s] Level 1:colcon.colcon_core.environment:create_environment_scripts_only(centerline_extraction)
[22.506s] Level 1:colcon.colcon_core.environment:checking '/home/xkai/agribot/agribot_ws/install/centerline_extraction' for CMake module files
[22.507s] Level 1:colcon.colcon_core.environment:checking '/home/xkai/agribot/agribot_ws/install/centerline_extraction' for CMake config files
[22.507s] Level 1:colcon.colcon_core.shell:create_environment_hook('centerline_extraction', 'cmake_prefix_path')
[22.507s] INFO:colcon.colcon_core.shell:Creating environment hook '/home/xkai/agribot/agribot_ws/install/centerline_extraction/share/centerline_extraction/hook/cmake_prefix_path.ps1'
[22.508s] INFO:colcon.colcon_core.shell:Creating environment descriptor '/home/xkai/agribot/agribot_ws/install/centerline_extraction/share/centerline_extraction/hook/cmake_prefix_path.dsv'
[22.508s] INFO:colcon.colcon_core.shell:Creating environment hook '/home/xkai/agribot/agribot_ws/install/centerline_extraction/share/centerline_extraction/hook/cmake_prefix_path.sh'
[22.509s] Level 1:colcon.colcon_core.environment:checking '/home/xkai/agribot/agribot_ws/install/centerline_extraction/lib'
[22.509s] Level 1:colcon.colcon_core.environment:checking '/home/xkai/agribot/agribot_ws/install/centerline_extraction/bin'
[22.509s] Level 1:colcon.colcon_core.environment:checking '/home/xkai/agribot/agribot_ws/install/centerline_extraction/lib/pkgconfig/centerline_extraction.pc'
[22.509s] Level 1:colcon.colcon_core.environment:checking '/home/xkai/agribot/agribot_ws/install/centerline_extraction/lib/python3.10/site-packages'
[22.509s] Level 1:colcon.colcon_core.environment:checking '/home/xkai/agribot/agribot_ws/install/centerline_extraction/bin'
[22.510s] INFO:colcon.colcon_core.shell:Creating package script '/home/xkai/agribot/agribot_ws/install/centerline_extraction/share/centerline_extraction/package.ps1'
[22.510s] INFO:colcon.colcon_core.shell:Creating package descriptor '/home/xkai/agribot/agribot_ws/install/centerline_extraction/share/centerline_extraction/package.dsv'
[22.511s] INFO:colcon.colcon_core.shell:Creating package script '/home/xkai/agribot/agribot_ws/install/centerline_extraction/share/centerline_extraction/package.sh'
[22.511s] INFO:colcon.colcon_core.shell:Creating package script '/home/xkai/agribot/agribot_ws/install/centerline_extraction/share/centerline_extraction/package.bash'
[22.512s] INFO:colcon.colcon_core.shell:Creating package script '/home/xkai/agribot/agribot_ws/install/centerline_extraction/share/centerline_extraction/package.zsh'
[22.512s] Level 1:colcon.colcon_core.environment:create_file_with_runtime_dependencies(/home/xkai/agribot/agribot_ws/install/centerline_extraction/share/colcon-core/packages/centerline_extraction)
[22.513s] DEBUG:colcon.colcon_parallel_executor.executor.parallel:closing loop
[22.513s] DEBUG:colcon.colcon_parallel_executor.executor.parallel:loop closed
[22.513s] DEBUG:colcon.colcon_parallel_executor.executor.parallel:run_until_complete finished with '0'
[22.513s] DEBUG:colcon.colcon_core.event_reactor:joining thread
[22.518s] INFO:colcon.colcon_core.plugin_system:Skipping extension 'colcon_notification.desktop_notification.terminal_notifier': Not used on non-Darwin systems
[22.518s] INFO:colcon.colcon_core.plugin_system:Skipping extension 'colcon_notification.desktop_notification.win32': Not used on non-Windows systems
[22.518s] INFO:colcon.colcon_notification.desktop_notification:Sending desktop notification using 'notify2'
[22.543s] DEBUG:colcon.colcon_core.event_reactor:joined thread
[22.544s] INFO:colcon.colcon_core.shell:Creating prefix script '/home/xkai/agribot/agribot_ws/install/local_setup.ps1'
[22.545s] INFO:colcon.colcon_core.shell:Creating prefix util module '/home/xkai/agribot/agribot_ws/install/_local_setup_util_ps1.py'
[22.548s] INFO:colcon.colcon_core.shell:Creating prefix chain script '/home/xkai/agribot/agribot_ws/install/setup.ps1'
[22.549s] INFO:colcon.colcon_core.shell:Creating prefix script '/home/xkai/agribot/agribot_ws/install/local_setup.sh'
[22.549s] INFO:colcon.colcon_core.shell:Creating prefix util module '/home/xkai/agribot/agribot_ws/install/_local_setup_util_sh.py'
[22.550s] INFO:colcon.colcon_core.shell:Creating prefix chain script '/home/xkai/agribot/agribot_ws/install/setup.sh'
[22.551s] INFO:colcon.colcon_core.shell:Creating prefix script '/home/xkai/agribot/agribot_ws/install/local_setup.bash'
[22.552s] INFO:colcon.colcon_core.shell:Creating prefix chain script '/home/xkai/agribot/agribot_ws/install/setup.bash'
[22.554s] INFO:colcon.colcon_core.shell:Creating prefix script '/home/xkai/agribot/agribot_ws/install/local_setup.zsh'
[22.554s] INFO:colcon.colcon_core.shell:Creating prefix chain script '/home/xkai/agribot/agribot_ws/install/setup.zsh'
