[0.104s] DEBUG:colcon:Command line arguments: ['/usr/bin/colcon', 'build']
[0.104s] DEBUG:colcon:Parsed command line arguments: Namespace(log_base=None, log_level=None, verb_name='build', build_base='build', install_base='install', merge_install=False, symlink_install=False, test_result_base=None, continue_on_error=False, executor='parallel', parallel_workers=8, event_handlers=None, ignore_user_meta=False, metas=['./colcon.meta'], base_paths=['.'], packages_ignore=None, packages_ignore_regex=None, paths=None, packages_up_to=None, packages_up_to_regex=None, packages_above=None, packages_above_and_dependencies=None, packages_above_depth=None, packages_select_by_dep=None, packages_skip_by_dep=None, packages_skip_up_to=None, packages_select_build_failed=False, packages_skip_build_finished=False, packages_select_test_failures=False, packages_skip_test_passed=False, packages_select=None, packages_skip=None, packages_select_regex=None, packages_skip_regex=None, packages_start=None, packages_end=None, allow_overriding=[], cmake_args=None, cmake_target=None, cmake_target_skip_unavailable=False, cmake_clean_cache=False, cmake_clean_first=False, cmake_force_configure=False, ament_cmake_args=None, catkin_cmake_args=None, catkin_skip_building_tests=False, verb_parser=<colcon_defaults.argument_parser.defaults.DefaultArgumentsDecorator object at 0x73e937407a60>, verb_extension=<colcon_core.verb.build.BuildVerb object at 0x73e9374074f0>, main=<bound method BuildVerb.main of <colcon_core.verb.build.BuildVerb object at 0x73e9374074f0>>)
[0.298s] Level 1:colcon.colcon_core.package_discovery:discover_packages(colcon_meta) check parameters
[0.298s] Level 1:colcon.colcon_core.package_discovery:discover_packages(recursive) check parameters
[0.298s] Level 1:colcon.colcon_core.package_discovery:discover_packages(ignore) check parameters
[0.298s] Level 1:colcon.colcon_core.package_discovery:discover_packages(path) check parameters
[0.298s] Level 1:colcon.colcon_core.package_discovery:discover_packages(colcon_meta) discover
[0.298s] Level 1:colcon.colcon_core.package_discovery:discover_packages(recursive) discover
[0.298s] INFO:colcon.colcon_core.package_discovery:Crawling recursively for packages in '/home/xkai/agribot/agribot_ws'
[0.298s] Level 1:colcon.colcon_core.package_identification:_identify(.) by extensions ['ignore', 'ignore_ament_install']
[0.298s] Level 1:colcon.colcon_core.package_identification:_identify(.) by extension 'ignore'
[0.298s] Level 1:colcon.colcon_core.package_identification:_identify(.) by extension 'ignore_ament_install'
[0.298s] Level 1:colcon.colcon_core.package_identification:_identify(.) by extensions ['colcon_pkg']
[0.298s] Level 1:colcon.colcon_core.package_identification:_identify(.) by extension 'colcon_pkg'
[0.298s] Level 1:colcon.colcon_core.package_identification:_identify(.) by extensions ['colcon_meta']
[0.298s] Level 1:colcon.colcon_core.package_identification:_identify(.) by extension 'colcon_meta'
[0.298s] Level 1:colcon.colcon_core.package_identification:_identify(.) by extensions ['ros']
[0.298s] Level 1:colcon.colcon_core.package_identification:_identify(.) by extension 'ros'
[0.309s] Level 1:colcon.colcon_core.package_identification:_identify(.) by extensions ['cmake', 'python']
[0.309s] Level 1:colcon.colcon_core.package_identification:_identify(.) by extension 'cmake'
[0.309s] Level 1:colcon.colcon_core.package_identification:_identify(.) by extension 'python'
[0.309s] Level 1:colcon.colcon_core.package_identification:_identify(.) by extensions ['python_setup_py']
[0.309s] Level 1:colcon.colcon_core.package_identification:_identify(.) by extension 'python_setup_py'
[0.309s] Level 1:colcon.colcon_core.package_identification:_identify(build) by extensions ['ignore', 'ignore_ament_install']
[0.309s] Level 1:colcon.colcon_core.package_identification:_identify(build) by extension 'ignore'
[0.309s] Level 1:colcon.colcon_core.package_identification:_identify(build) ignored
[0.309s] Level 1:colcon.colcon_core.package_identification:_identify(install) by extensions ['ignore', 'ignore_ament_install']
[0.310s] Level 1:colcon.colcon_core.package_identification:_identify(install) by extension 'ignore'
[0.310s] Level 1:colcon.colcon_core.package_identification:_identify(install) ignored
[0.310s] Level 1:colcon.colcon_core.package_identification:_identify(log) by extensions ['ignore', 'ignore_ament_install']
[0.310s] Level 1:colcon.colcon_core.package_identification:_identify(log) by extension 'ignore'
[0.310s] Level 1:colcon.colcon_core.package_identification:_identify(log) ignored
[0.310s] Level 1:colcon.colcon_core.package_identification:_identify(src) by extensions ['ignore', 'ignore_ament_install']
[0.310s] Level 1:colcon.colcon_core.package_identification:_identify(src) by extension 'ignore'
[0.310s] Level 1:colcon.colcon_core.package_identification:_identify(src) by extension 'ignore_ament_install'
[0.310s] Level 1:colcon.colcon_core.package_identification:_identify(src) by extensions ['colcon_pkg']
[0.310s] Level 1:colcon.colcon_core.package_identification:_identify(src) by extension 'colcon_pkg'
[0.310s] Level 1:colcon.colcon_core.package_identification:_identify(src) by extensions ['colcon_meta']
[0.310s] Level 1:colcon.colcon_core.package_identification:_identify(src) by extension 'colcon_meta'
[0.310s] Level 1:colcon.colcon_core.package_identification:_identify(src) by extensions ['ros']
[0.310s] Level 1:colcon.colcon_core.package_identification:_identify(src) by extension 'ros'
[0.310s] Level 1:colcon.colcon_core.package_identification:_identify(src) by extensions ['cmake', 'python']
[0.310s] Level 1:colcon.colcon_core.package_identification:_identify(src) by extension 'cmake'
[0.310s] Level 1:colcon.colcon_core.package_identification:_identify(src) by extension 'python'
[0.311s] Level 1:colcon.colcon_core.package_identification:_identify(src) by extensions ['python_setup_py']
[0.311s] Level 1:colcon.colcon_core.package_identification:_identify(src) by extension 'python_setup_py'
[0.311s] Level 1:colcon.colcon_core.package_identification:_identify(src/agribot_simulation) by extensions ['ignore', 'ignore_ament_install']
[0.311s] Level 1:colcon.colcon_core.package_identification:_identify(src/agribot_simulation) by extension 'ignore'
[0.311s] Level 1:colcon.colcon_core.package_identification:_identify(src/agribot_simulation) by extension 'ignore_ament_install'
[0.311s] Level 1:colcon.colcon_core.package_identification:_identify(src/agribot_simulation) by extensions ['colcon_pkg']
[0.311s] Level 1:colcon.colcon_core.package_identification:_identify(src/agribot_simulation) by extension 'colcon_pkg'
[0.311s] Level 1:colcon.colcon_core.package_identification:_identify(src/agribot_simulation) by extensions ['colcon_meta']
[0.311s] Level 1:colcon.colcon_core.package_identification:_identify(src/agribot_simulation) by extension 'colcon_meta'
[0.311s] Level 1:colcon.colcon_core.package_identification:_identify(src/agribot_simulation) by extensions ['ros']
[0.311s] Level 1:colcon.colcon_core.package_identification:_identify(src/agribot_simulation) by extension 'ros'
[0.313s] DEBUG:colcon.colcon_core.package_identification:Package 'src/agribot_simulation' with type 'ros.ament_cmake' and name 'agribot_simulation'
[0.313s] Level 1:colcon.colcon_core.package_identification:_identify(src/centerline_extraction) by extensions ['ignore', 'ignore_ament_install']
[0.314s] Level 1:colcon.colcon_core.package_identification:_identify(src/centerline_extraction) by extension 'ignore'
[0.314s] Level 1:colcon.colcon_core.package_identification:_identify(src/centerline_extraction) by extension 'ignore_ament_install'
[0.314s] Level 1:colcon.colcon_core.package_identification:_identify(src/centerline_extraction) by extensions ['colcon_pkg']
[0.314s] Level 1:colcon.colcon_core.package_identification:_identify(src/centerline_extraction) by extension 'colcon_pkg'
[0.314s] Level 1:colcon.colcon_core.package_identification:_identify(src/centerline_extraction) by extensions ['colcon_meta']
[0.314s] Level 1:colcon.colcon_core.package_identification:_identify(src/centerline_extraction) by extension 'colcon_meta'
[0.314s] Level 1:colcon.colcon_core.package_identification:_identify(src/centerline_extraction) by extensions ['ros']
[0.314s] Level 1:colcon.colcon_core.package_identification:_identify(src/centerline_extraction) by extension 'ros'
[0.315s] DEBUG:colcon.colcon_core.package_identification:Package 'src/centerline_extraction' with type 'ros.ament_cmake' and name 'centerline_extraction'
[0.315s] Level 1:colcon.colcon_core.package_identification:_identify(src/livox_laser_simulation_ros2) by extensions ['ignore', 'ignore_ament_install']
[0.315s] Level 1:colcon.colcon_core.package_identification:_identify(src/livox_laser_simulation_ros2) by extension 'ignore'
[0.315s] Level 1:colcon.colcon_core.package_identification:_identify(src/livox_laser_simulation_ros2) by extension 'ignore_ament_install'
[0.315s] Level 1:colcon.colcon_core.package_identification:_identify(src/livox_laser_simulation_ros2) by extensions ['colcon_pkg']
[0.315s] Level 1:colcon.colcon_core.package_identification:_identify(src/livox_laser_simulation_ros2) by extension 'colcon_pkg'
[0.315s] Level 1:colcon.colcon_core.package_identification:_identify(src/livox_laser_simulation_ros2) by extensions ['colcon_meta']
[0.315s] Level 1:colcon.colcon_core.package_identification:_identify(src/livox_laser_simulation_ros2) by extension 'colcon_meta'
[0.315s] Level 1:colcon.colcon_core.package_identification:_identify(src/livox_laser_simulation_ros2) by extensions ['ros']
[0.315s] Level 1:colcon.colcon_core.package_identification:_identify(src/livox_laser_simulation_ros2) by extension 'ros'
[0.316s] DEBUG:colcon.colcon_core.package_identification:Package 'src/livox_laser_simulation_ros2' with type 'ros.ament_cmake' and name 'ros2_livox_simulation'
[0.316s] Level 1:colcon.colcon_core.package_identification:_identify(src/livox_ros_driver2) by extensions ['ignore', 'ignore_ament_install']
[0.317s] Level 1:colcon.colcon_core.package_identification:_identify(src/livox_ros_driver2) by extension 'ignore'
[0.317s] Level 1:colcon.colcon_core.package_identification:_identify(src/livox_ros_driver2) by extension 'ignore_ament_install'
[0.317s] Level 1:colcon.colcon_core.package_identification:_identify(src/livox_ros_driver2) by extensions ['colcon_pkg']
[0.317s] Level 1:colcon.colcon_core.package_identification:_identify(src/livox_ros_driver2) by extension 'colcon_pkg'
[0.317s] Level 1:colcon.colcon_core.package_identification:_identify(src/livox_ros_driver2) by extensions ['colcon_meta']
[0.317s] Level 1:colcon.colcon_core.package_identification:_identify(src/livox_ros_driver2) by extension 'colcon_meta'
[0.317s] Level 1:colcon.colcon_core.package_identification:_identify(src/livox_ros_driver2) by extensions ['ros']
[0.317s] Level 1:colcon.colcon_core.package_identification:_identify(src/livox_ros_driver2) by extension 'ros'
[0.318s] DEBUG:colcon.colcon_core.package_identification:Package 'src/livox_ros_driver2' with type 'ros.ament_cmake' and name 'livox_ros_driver2'
[0.318s] Level 1:colcon.colcon_core.package_discovery:discover_packages(recursive) using defaults
[0.318s] Level 1:colcon.colcon_core.package_discovery:discover_packages(ignore) discover
[0.318s] Level 1:colcon.colcon_core.package_discovery:discover_packages(ignore) using defaults
[0.318s] Level 1:colcon.colcon_core.package_discovery:discover_packages(path) discover
[0.318s] Level 1:colcon.colcon_core.package_discovery:discover_packages(path) using defaults
[0.338s] Level 1:colcon.colcon_core.package_discovery:discover_packages(prefix_path) check parameters
[0.338s] Level 1:colcon.colcon_core.package_discovery:discover_packages(prefix_path) discover
[0.340s] DEBUG:colcon.colcon_installed_package_information.package_discovery:Found 4 installed packages in /home/xkai/agribot/agribot_ws/install
[0.341s] DEBUG:colcon.colcon_installed_package_information.package_discovery:Found 323 installed packages in /opt/ros/humble
[0.349s] Level 1:colcon.colcon_core.package_discovery:discover_packages(prefix_path) using defaults
[0.385s] Level 5:colcon.colcon_core.verb:set package 'agribot_simulation' build argument 'cmake_args' from command line to 'None'
[0.385s] Level 5:colcon.colcon_core.verb:set package 'agribot_simulation' build argument 'cmake_target' from command line to 'None'
[0.385s] Level 5:colcon.colcon_core.verb:set package 'agribot_simulation' build argument 'cmake_target_skip_unavailable' from command line to 'False'
[0.385s] Level 5:colcon.colcon_core.verb:set package 'agribot_simulation' build argument 'cmake_clean_cache' from command line to 'False'
[0.385s] Level 5:colcon.colcon_core.verb:set package 'agribot_simulation' build argument 'cmake_clean_first' from command line to 'False'
[0.385s] Level 5:colcon.colcon_core.verb:set package 'agribot_simulation' build argument 'cmake_force_configure' from command line to 'False'
[0.385s] Level 5:colcon.colcon_core.verb:set package 'agribot_simulation' build argument 'ament_cmake_args' from command line to 'None'
[0.385s] Level 5:colcon.colcon_core.verb:set package 'agribot_simulation' build argument 'catkin_cmake_args' from command line to 'None'
[0.385s] Level 5:colcon.colcon_core.verb:set package 'agribot_simulation' build argument 'catkin_skip_building_tests' from command line to 'False'
[0.385s] DEBUG:colcon.colcon_core.verb:Building package 'agribot_simulation' with the following arguments: {'ament_cmake_args': None, 'build_base': '/home/xkai/agribot/agribot_ws/build/agribot_simulation', 'catkin_cmake_args': None, 'catkin_skip_building_tests': False, 'cmake_args': None, 'cmake_clean_cache': False, 'cmake_clean_first': False, 'cmake_force_configure': False, 'cmake_target': None, 'cmake_target_skip_unavailable': False, 'install_base': '/home/xkai/agribot/agribot_ws/install/agribot_simulation', 'merge_install': False, 'path': '/home/xkai/agribot/agribot_ws/src/agribot_simulation', 'symlink_install': False, 'test_result_base': None}
[0.386s] Level 5:colcon.colcon_core.verb:set package 'centerline_extraction' build argument 'cmake_args' from command line to 'None'
[0.386s] Level 5:colcon.colcon_core.verb:set package 'centerline_extraction' build argument 'cmake_target' from command line to 'None'
[0.386s] Level 5:colcon.colcon_core.verb:set package 'centerline_extraction' build argument 'cmake_target_skip_unavailable' from command line to 'False'
[0.386s] Level 5:colcon.colcon_core.verb:set package 'centerline_extraction' build argument 'cmake_clean_cache' from command line to 'False'
[0.386s] Level 5:colcon.colcon_core.verb:set package 'centerline_extraction' build argument 'cmake_clean_first' from command line to 'False'
[0.386s] Level 5:colcon.colcon_core.verb:set package 'centerline_extraction' build argument 'cmake_force_configure' from command line to 'False'
[0.386s] Level 5:colcon.colcon_core.verb:set package 'centerline_extraction' build argument 'ament_cmake_args' from command line to 'None'
[0.386s] Level 5:colcon.colcon_core.verb:set package 'centerline_extraction' build argument 'catkin_cmake_args' from command line to 'None'
[0.386s] Level 5:colcon.colcon_core.verb:set package 'centerline_extraction' build argument 'catkin_skip_building_tests' from command line to 'False'
[0.386s] DEBUG:colcon.colcon_core.verb:Building package 'centerline_extraction' with the following arguments: {'ament_cmake_args': None, 'build_base': '/home/xkai/agribot/agribot_ws/build/centerline_extraction', 'catkin_cmake_args': None, 'catkin_skip_building_tests': False, 'cmake_args': None, 'cmake_clean_cache': False, 'cmake_clean_first': False, 'cmake_force_configure': False, 'cmake_target': None, 'cmake_target_skip_unavailable': False, 'install_base': '/home/xkai/agribot/agribot_ws/install/centerline_extraction', 'merge_install': False, 'path': '/home/xkai/agribot/agribot_ws/src/centerline_extraction', 'symlink_install': False, 'test_result_base': None}
[0.386s] Level 5:colcon.colcon_core.verb:set package 'livox_ros_driver2' build argument 'cmake_args' from command line to 'None'
[0.386s] Level 5:colcon.colcon_core.verb:set package 'livox_ros_driver2' build argument 'cmake_target' from command line to 'None'
[0.386s] Level 5:colcon.colcon_core.verb:set package 'livox_ros_driver2' build argument 'cmake_target_skip_unavailable' from command line to 'False'
[0.386s] Level 5:colcon.colcon_core.verb:set package 'livox_ros_driver2' build argument 'cmake_clean_cache' from command line to 'False'
[0.386s] Level 5:colcon.colcon_core.verb:set package 'livox_ros_driver2' build argument 'cmake_clean_first' from command line to 'False'
[0.386s] Level 5:colcon.colcon_core.verb:set package 'livox_ros_driver2' build argument 'cmake_force_configure' from command line to 'False'
[0.386s] Level 5:colcon.colcon_core.verb:set package 'livox_ros_driver2' build argument 'ament_cmake_args' from command line to 'None'
[0.386s] Level 5:colcon.colcon_core.verb:set package 'livox_ros_driver2' build argument 'catkin_cmake_args' from command line to 'None'
[0.386s] Level 5:colcon.colcon_core.verb:set package 'livox_ros_driver2' build argument 'catkin_skip_building_tests' from command line to 'False'
[0.386s] DEBUG:colcon.colcon_core.verb:Building package 'livox_ros_driver2' with the following arguments: {'ament_cmake_args': None, 'build_base': '/home/xkai/agribot/agribot_ws/build/livox_ros_driver2', 'catkin_cmake_args': None, 'catkin_skip_building_tests': False, 'cmake_args': None, 'cmake_clean_cache': False, 'cmake_clean_first': False, 'cmake_force_configure': False, 'cmake_target': None, 'cmake_target_skip_unavailable': False, 'install_base': '/home/xkai/agribot/agribot_ws/install/livox_ros_driver2', 'merge_install': False, 'path': '/home/xkai/agribot/agribot_ws/src/livox_ros_driver2', 'symlink_install': False, 'test_result_base': None}
[0.387s] Level 5:colcon.colcon_core.verb:set package 'ros2_livox_simulation' build argument 'cmake_args' from command line to 'None'
[0.387s] Level 5:colcon.colcon_core.verb:set package 'ros2_livox_simulation' build argument 'cmake_target' from command line to 'None'
[0.387s] Level 5:colcon.colcon_core.verb:set package 'ros2_livox_simulation' build argument 'cmake_target_skip_unavailable' from command line to 'False'
[0.387s] Level 5:colcon.colcon_core.verb:set package 'ros2_livox_simulation' build argument 'cmake_clean_cache' from command line to 'False'
[0.387s] Level 5:colcon.colcon_core.verb:set package 'ros2_livox_simulation' build argument 'cmake_clean_first' from command line to 'False'
[0.387s] Level 5:colcon.colcon_core.verb:set package 'ros2_livox_simulation' build argument 'cmake_force_configure' from command line to 'False'
[0.387s] Level 5:colcon.colcon_core.verb:set package 'ros2_livox_simulation' build argument 'ament_cmake_args' from command line to 'None'
[0.387s] Level 5:colcon.colcon_core.verb:set package 'ros2_livox_simulation' build argument 'catkin_cmake_args' from command line to 'None'
[0.387s] Level 5:colcon.colcon_core.verb:set package 'ros2_livox_simulation' build argument 'catkin_skip_building_tests' from command line to 'False'
[0.387s] DEBUG:colcon.colcon_core.verb:Building package 'ros2_livox_simulation' with the following arguments: {'ament_cmake_args': None, 'build_base': '/home/xkai/agribot/agribot_ws/build/ros2_livox_simulation', 'catkin_cmake_args': None, 'catkin_skip_building_tests': False, 'cmake_args': None, 'cmake_clean_cache': False, 'cmake_clean_first': False, 'cmake_force_configure': False, 'cmake_target': None, 'cmake_target_skip_unavailable': False, 'install_base': '/home/xkai/agribot/agribot_ws/install/ros2_livox_simulation', 'merge_install': False, 'path': '/home/xkai/agribot/agribot_ws/src/livox_laser_simulation_ros2', 'symlink_install': False, 'test_result_base': None}
[0.387s] INFO:colcon.colcon_core.executor:Executing jobs using 'parallel' executor
[0.388s] DEBUG:colcon.colcon_parallel_executor.executor.parallel:run_until_complete
[0.388s] INFO:colcon.colcon_ros.task.ament_cmake.build:Building ROS package in '/home/xkai/agribot/agribot_ws/src/livox_ros_driver2' with build type 'ament_cmake'
[0.388s] INFO:colcon.colcon_cmake.task.cmake.build:Building CMake package in '/home/xkai/agribot/agribot_ws/src/livox_ros_driver2'
[0.391s] INFO:colcon.colcon_core.plugin_system:Skipping extension 'colcon_core.shell.bat': Not used on non-Windows systems
[0.391s] INFO:colcon.colcon_core.shell:Skip shell extension 'powershell' for command environment: Not usable outside of PowerShell
[0.391s] DEBUG:colcon.colcon_core.shell:Skip shell extension 'dsv' for command environment
[0.394s] INFO:colcon.colcon_ros.task.ament_cmake.build:Building ROS package in '/home/xkai/agribot/agribot_ws/src/agribot_simulation' with build type 'ament_cmake'
[0.394s] INFO:colcon.colcon_cmake.task.cmake.build:Building CMake package in '/home/xkai/agribot/agribot_ws/src/agribot_simulation'
[0.394s] INFO:colcon.colcon_core.shell:Skip shell extension 'powershell' for command environment: Not usable outside of PowerShell
[0.394s] DEBUG:colcon.colcon_core.shell:Skip shell extension 'dsv' for command environment
[0.397s] INFO:colcon.colcon_ros.task.ament_cmake.build:Building ROS package in '/home/xkai/agribot/agribot_ws/src/centerline_extraction' with build type 'ament_cmake'
[0.397s] INFO:colcon.colcon_cmake.task.cmake.build:Building CMake package in '/home/xkai/agribot/agribot_ws/src/centerline_extraction'
[0.397s] INFO:colcon.colcon_core.shell:Skip shell extension 'powershell' for command environment: Not usable outside of PowerShell
[0.397s] DEBUG:colcon.colcon_core.shell:Skip shell extension 'dsv' for command environment
[0.405s] DEBUG:colcon.colcon_core.event_handler.log_command:Invoking command in '/home/xkai/agribot/agribot_ws/build/livox_ros_driver2': CMAKE_PREFIX_PATH=${CMAKE_PREFIX_PATH}:/opt/ros/humble /usr/bin/cmake --build /home/xkai/agribot/agribot_ws/build/livox_ros_driver2 -- -j8 -l8
[0.410s] DEBUG:colcon.colcon_core.event_handler.log_command:Invoking command in '/home/xkai/agribot/agribot_ws/build/agribot_simulation': CMAKE_PREFIX_PATH=${CMAKE_PREFIX_PATH}:/opt/ros/humble /usr/bin/cmake --build /home/xkai/agribot/agribot_ws/build/agribot_simulation -- -j8 -l8
[0.414s] DEBUG:colcon.colcon_core.event_handler.log_command:Invoking command in '/home/xkai/agribot/agribot_ws/build/centerline_extraction': CMAKE_PREFIX_PATH=${CMAKE_PREFIX_PATH}:/opt/ros/humble /usr/bin/cmake --build /home/xkai/agribot/agribot_ws/build/centerline_extraction -- -j8 -l8
[0.447s] DEBUG:colcon.colcon_core.event_handler.log_command:Invoked command in '/home/xkai/agribot/agribot_ws/build/agribot_simulation' returned '0': CMAKE_PREFIX_PATH=${CMAKE_PREFIX_PATH}:/opt/ros/humble /usr/bin/cmake --build /home/xkai/agribot/agribot_ws/build/agribot_simulation -- -j8 -l8
[0.460s] DEBUG:colcon.colcon_core.event_handler.log_command:Invoking command in '/home/xkai/agribot/agribot_ws/build/agribot_simulation': CMAKE_PREFIX_PATH=${CMAKE_PREFIX_PATH}:/opt/ros/humble /usr/bin/cmake --install /home/xkai/agribot/agribot_ws/build/agribot_simulation
[0.480s] Level 1:colcon.colcon_core.environment:create_environment_scripts_only(agribot_simulation)
[0.482s] DEBUG:colcon.colcon_core.event_handler.log_command:Invoked command in '/home/xkai/agribot/agribot_ws/build/agribot_simulation' returned '0': CMAKE_PREFIX_PATH=${CMAKE_PREFIX_PATH}:/opt/ros/humble /usr/bin/cmake --install /home/xkai/agribot/agribot_ws/build/agribot_simulation
[0.485s] Level 1:colcon.colcon_core.environment:checking '/home/xkai/agribot/agribot_ws/install/agribot_simulation' for CMake module files
[0.486s] Level 1:colcon.colcon_core.environment:checking '/home/xkai/agribot/agribot_ws/install/agribot_simulation' for CMake config files
[0.486s] Level 1:colcon.colcon_core.shell:create_environment_hook('agribot_simulation', 'cmake_prefix_path')
[0.487s] INFO:colcon.colcon_core.shell:Creating environment hook '/home/xkai/agribot/agribot_ws/install/agribot_simulation/share/agribot_simulation/hook/cmake_prefix_path.ps1'
[0.488s] INFO:colcon.colcon_core.shell:Creating environment descriptor '/home/xkai/agribot/agribot_ws/install/agribot_simulation/share/agribot_simulation/hook/cmake_prefix_path.dsv'
[0.489s] INFO:colcon.colcon_core.shell:Creating environment hook '/home/xkai/agribot/agribot_ws/install/agribot_simulation/share/agribot_simulation/hook/cmake_prefix_path.sh'
[0.490s] Level 1:colcon.colcon_core.environment:checking '/home/xkai/agribot/agribot_ws/install/agribot_simulation/bin'
[0.491s] Level 1:colcon.colcon_core.environment:checking '/home/xkai/agribot/agribot_ws/install/agribot_simulation/lib/pkgconfig/agribot_simulation.pc'
[0.491s] Level 1:colcon.colcon_core.environment:checking '/home/xkai/agribot/agribot_ws/install/agribot_simulation/lib/python3.10/site-packages'
[0.491s] Level 1:colcon.colcon_core.environment:checking '/home/xkai/agribot/agribot_ws/install/agribot_simulation/bin'
[0.492s] INFO:colcon.colcon_core.shell:Creating package script '/home/xkai/agribot/agribot_ws/install/agribot_simulation/share/agribot_simulation/package.ps1'
[0.493s] INFO:colcon.colcon_core.shell:Creating package descriptor '/home/xkai/agribot/agribot_ws/install/agribot_simulation/share/agribot_simulation/package.dsv'
[0.494s] INFO:colcon.colcon_core.shell:Creating package script '/home/xkai/agribot/agribot_ws/install/agribot_simulation/share/agribot_simulation/package.sh'
[0.496s] INFO:colcon.colcon_core.shell:Creating package script '/home/xkai/agribot/agribot_ws/install/agribot_simulation/share/agribot_simulation/package.bash'
[0.500s] INFO:colcon.colcon_core.shell:Creating package script '/home/xkai/agribot/agribot_ws/install/agribot_simulation/share/agribot_simulation/package.zsh'
[0.503s] Level 1:colcon.colcon_core.environment:create_file_with_runtime_dependencies(/home/xkai/agribot/agribot_ws/install/agribot_simulation/share/colcon-core/packages/agribot_simulation)
[0.504s] Level 1:colcon.colcon_core.environment:create_environment_scripts_only(agribot_simulation)
[0.504s] Level 1:colcon.colcon_core.environment:checking '/home/xkai/agribot/agribot_ws/install/agribot_simulation' for CMake module files
[0.505s] Level 1:colcon.colcon_core.environment:checking '/home/xkai/agribot/agribot_ws/install/agribot_simulation' for CMake config files
[0.505s] Level 1:colcon.colcon_core.shell:create_environment_hook('agribot_simulation', 'cmake_prefix_path')
[0.505s] INFO:colcon.colcon_core.shell:Creating environment hook '/home/xkai/agribot/agribot_ws/install/agribot_simulation/share/agribot_simulation/hook/cmake_prefix_path.ps1'
[0.505s] INFO:colcon.colcon_core.shell:Creating environment descriptor '/home/xkai/agribot/agribot_ws/install/agribot_simulation/share/agribot_simulation/hook/cmake_prefix_path.dsv'
[0.506s] INFO:colcon.colcon_core.shell:Creating environment hook '/home/xkai/agribot/agribot_ws/install/agribot_simulation/share/agribot_simulation/hook/cmake_prefix_path.sh'
[0.506s] Level 1:colcon.colcon_core.environment:checking '/home/xkai/agribot/agribot_ws/install/agribot_simulation/bin'
[0.507s] Level 1:colcon.colcon_core.environment:checking '/home/xkai/agribot/agribot_ws/install/agribot_simulation/lib/pkgconfig/agribot_simulation.pc'
[0.507s] Level 1:colcon.colcon_core.environment:checking '/home/xkai/agribot/agribot_ws/install/agribot_simulation/lib/python3.10/site-packages'
[0.507s] Level 1:colcon.colcon_core.environment:checking '/home/xkai/agribot/agribot_ws/install/agribot_simulation/bin'
[0.508s] INFO:colcon.colcon_core.shell:Creating package script '/home/xkai/agribot/agribot_ws/install/agribot_simulation/share/agribot_simulation/package.ps1'
[0.509s] INFO:colcon.colcon_core.shell:Creating package descriptor '/home/xkai/agribot/agribot_ws/install/agribot_simulation/share/agribot_simulation/package.dsv'
[0.509s] INFO:colcon.colcon_core.shell:Creating package script '/home/xkai/agribot/agribot_ws/install/agribot_simulation/share/agribot_simulation/package.sh'
[0.510s] INFO:colcon.colcon_core.shell:Creating package script '/home/xkai/agribot/agribot_ws/install/agribot_simulation/share/agribot_simulation/package.bash'
[0.510s] INFO:colcon.colcon_core.shell:Creating package script '/home/xkai/agribot/agribot_ws/install/agribot_simulation/share/agribot_simulation/package.zsh'
[0.511s] Level 1:colcon.colcon_core.environment:create_file_with_runtime_dependencies(/home/xkai/agribot/agribot_ws/install/agribot_simulation/share/colcon-core/packages/agribot_simulation)
[0.538s] DEBUG:colcon.colcon_core.event_handler.log_command:Invoked command in '/home/xkai/agribot/agribot_ws/build/centerline_extraction' returned '0': CMAKE_PREFIX_PATH=${CMAKE_PREFIX_PATH}:/opt/ros/humble /usr/bin/cmake --build /home/xkai/agribot/agribot_ws/build/centerline_extraction -- -j8 -l8
[0.540s] DEBUG:colcon.colcon_core.event_handler.log_command:Invoking command in '/home/xkai/agribot/agribot_ws/build/centerline_extraction': CMAKE_PREFIX_PATH=${CMAKE_PREFIX_PATH}:/opt/ros/humble /usr/bin/cmake --install /home/xkai/agribot/agribot_ws/build/centerline_extraction
[0.550s] Level 1:colcon.colcon_core.environment:create_environment_scripts_only(centerline_extraction)
[0.550s] Level 1:colcon.colcon_core.environment:checking '/home/xkai/agribot/agribot_ws/install/centerline_extraction' for CMake module files
[0.551s] DEBUG:colcon.colcon_core.event_handler.log_command:Invoked command in '/home/xkai/agribot/agribot_ws/build/centerline_extraction' returned '0': CMAKE_PREFIX_PATH=${CMAKE_PREFIX_PATH}:/opt/ros/humble /usr/bin/cmake --install /home/xkai/agribot/agribot_ws/build/centerline_extraction
[0.551s] Level 1:colcon.colcon_core.environment:checking '/home/xkai/agribot/agribot_ws/install/centerline_extraction' for CMake config files
[0.551s] Level 1:colcon.colcon_core.shell:create_environment_hook('centerline_extraction', 'cmake_prefix_path')
[0.551s] INFO:colcon.colcon_core.shell:Creating environment hook '/home/xkai/agribot/agribot_ws/install/centerline_extraction/share/centerline_extraction/hook/cmake_prefix_path.ps1'
[0.552s] INFO:colcon.colcon_core.shell:Creating environment descriptor '/home/xkai/agribot/agribot_ws/install/centerline_extraction/share/centerline_extraction/hook/cmake_prefix_path.dsv'
[0.552s] INFO:colcon.colcon_core.shell:Creating environment hook '/home/xkai/agribot/agribot_ws/install/centerline_extraction/share/centerline_extraction/hook/cmake_prefix_path.sh'
[0.553s] Level 1:colcon.colcon_core.environment:checking '/home/xkai/agribot/agribot_ws/install/centerline_extraction/lib'
[0.553s] Level 1:colcon.colcon_core.environment:checking '/home/xkai/agribot/agribot_ws/install/centerline_extraction/bin'
[0.553s] Level 1:colcon.colcon_core.environment:checking '/home/xkai/agribot/agribot_ws/install/centerline_extraction/lib/pkgconfig/centerline_extraction.pc'
[0.553s] Level 1:colcon.colcon_core.environment:checking '/home/xkai/agribot/agribot_ws/install/centerline_extraction/lib/python3.10/site-packages'
[0.553s] Level 1:colcon.colcon_core.environment:checking '/home/xkai/agribot/agribot_ws/install/centerline_extraction/bin'
[0.554s] INFO:colcon.colcon_core.shell:Creating package script '/home/xkai/agribot/agribot_ws/install/centerline_extraction/share/centerline_extraction/package.ps1'
[0.554s] INFO:colcon.colcon_core.shell:Creating package descriptor '/home/xkai/agribot/agribot_ws/install/centerline_extraction/share/centerline_extraction/package.dsv'
[0.555s] INFO:colcon.colcon_core.shell:Creating package script '/home/xkai/agribot/agribot_ws/install/centerline_extraction/share/centerline_extraction/package.sh'
[0.555s] INFO:colcon.colcon_core.shell:Creating package script '/home/xkai/agribot/agribot_ws/install/centerline_extraction/share/centerline_extraction/package.bash'
[0.555s] INFO:colcon.colcon_core.shell:Creating package script '/home/xkai/agribot/agribot_ws/install/centerline_extraction/share/centerline_extraction/package.zsh'
[0.556s] Level 1:colcon.colcon_core.environment:create_file_with_runtime_dependencies(/home/xkai/agribot/agribot_ws/install/centerline_extraction/share/colcon-core/packages/centerline_extraction)
[0.556s] Level 1:colcon.colcon_core.environment:create_environment_scripts_only(centerline_extraction)
[0.556s] Level 1:colcon.colcon_core.environment:checking '/home/xkai/agribot/agribot_ws/install/centerline_extraction' for CMake module files
[0.557s] Level 1:colcon.colcon_core.environment:checking '/home/xkai/agribot/agribot_ws/install/centerline_extraction' for CMake config files
[0.557s] Level 1:colcon.colcon_core.shell:create_environment_hook('centerline_extraction', 'cmake_prefix_path')
[0.557s] INFO:colcon.colcon_core.shell:Creating environment hook '/home/xkai/agribot/agribot_ws/install/centerline_extraction/share/centerline_extraction/hook/cmake_prefix_path.ps1'
[0.557s] INFO:colcon.colcon_core.shell:Creating environment descriptor '/home/xkai/agribot/agribot_ws/install/centerline_extraction/share/centerline_extraction/hook/cmake_prefix_path.dsv'
[0.557s] INFO:colcon.colcon_core.shell:Creating environment hook '/home/xkai/agribot/agribot_ws/install/centerline_extraction/share/centerline_extraction/hook/cmake_prefix_path.sh'
[0.558s] Level 1:colcon.colcon_core.environment:checking '/home/xkai/agribot/agribot_ws/install/centerline_extraction/lib'
[0.558s] Level 1:colcon.colcon_core.environment:checking '/home/xkai/agribot/agribot_ws/install/centerline_extraction/bin'
[0.558s] Level 1:colcon.colcon_core.environment:checking '/home/xkai/agribot/agribot_ws/install/centerline_extraction/lib/pkgconfig/centerline_extraction.pc'
[0.558s] Level 1:colcon.colcon_core.environment:checking '/home/xkai/agribot/agribot_ws/install/centerline_extraction/lib/python3.10/site-packages'
[0.558s] Level 1:colcon.colcon_core.environment:checking '/home/xkai/agribot/agribot_ws/install/centerline_extraction/bin'
[0.559s] INFO:colcon.colcon_core.shell:Creating package script '/home/xkai/agribot/agribot_ws/install/centerline_extraction/share/centerline_extraction/package.ps1'
[0.559s] INFO:colcon.colcon_core.shell:Creating package descriptor '/home/xkai/agribot/agribot_ws/install/centerline_extraction/share/centerline_extraction/package.dsv'
[0.559s] INFO:colcon.colcon_core.shell:Creating package script '/home/xkai/agribot/agribot_ws/install/centerline_extraction/share/centerline_extraction/package.sh'
[0.560s] INFO:colcon.colcon_core.shell:Creating package script '/home/xkai/agribot/agribot_ws/install/centerline_extraction/share/centerline_extraction/package.bash'
[0.560s] INFO:colcon.colcon_core.shell:Creating package script '/home/xkai/agribot/agribot_ws/install/centerline_extraction/share/centerline_extraction/package.zsh'
[0.560s] Level 1:colcon.colcon_core.environment:create_file_with_runtime_dependencies(/home/xkai/agribot/agribot_ws/install/centerline_extraction/share/colcon-core/packages/centerline_extraction)
[0.789s] DEBUG:colcon.colcon_core.event_handler.log_command:Invoked command in '/home/xkai/agribot/agribot_ws/build/livox_ros_driver2' returned '0': CMAKE_PREFIX_PATH=${CMAKE_PREFIX_PATH}:/opt/ros/humble /usr/bin/cmake --build /home/xkai/agribot/agribot_ws/build/livox_ros_driver2 -- -j8 -l8
[0.791s] DEBUG:colcon.colcon_core.event_handler.log_command:Invoking command in '/home/xkai/agribot/agribot_ws/build/livox_ros_driver2': CMAKE_PREFIX_PATH=${CMAKE_PREFIX_PATH}:/opt/ros/humble /usr/bin/cmake --install /home/xkai/agribot/agribot_ws/build/livox_ros_driver2
[0.848s] Level 1:colcon.colcon_core.environment:create_environment_scripts_only(livox_ros_driver2)
[0.848s] Level 1:colcon.colcon_core.environment:checking '/home/xkai/agribot/agribot_ws/install/livox_ros_driver2' for CMake module files
[0.849s] DEBUG:colcon.colcon_core.event_handler.log_command:Invoked command in '/home/xkai/agribot/agribot_ws/build/livox_ros_driver2' returned '0': CMAKE_PREFIX_PATH=${CMAKE_PREFIX_PATH}:/opt/ros/humble /usr/bin/cmake --install /home/xkai/agribot/agribot_ws/build/livox_ros_driver2
[0.849s] Level 1:colcon.colcon_core.environment:checking '/home/xkai/agribot/agribot_ws/install/livox_ros_driver2' for CMake config files
[0.850s] Level 1:colcon.colcon_core.shell:create_environment_hook('livox_ros_driver2', 'cmake_prefix_path')
[0.850s] INFO:colcon.colcon_core.shell:Creating environment hook '/home/xkai/agribot/agribot_ws/install/livox_ros_driver2/share/livox_ros_driver2/hook/cmake_prefix_path.ps1'
[0.850s] INFO:colcon.colcon_core.shell:Creating environment descriptor '/home/xkai/agribot/agribot_ws/install/livox_ros_driver2/share/livox_ros_driver2/hook/cmake_prefix_path.dsv'
[0.851s] INFO:colcon.colcon_core.shell:Creating environment hook '/home/xkai/agribot/agribot_ws/install/livox_ros_driver2/share/livox_ros_driver2/hook/cmake_prefix_path.sh'
[0.851s] Level 1:colcon.colcon_core.environment:checking '/home/xkai/agribot/agribot_ws/install/livox_ros_driver2/lib'
[0.851s] Level 1:colcon.colcon_core.shell:create_environment_hook('livox_ros_driver2', 'ld_library_path_lib')
[0.851s] INFO:colcon.colcon_core.shell:Creating environment hook '/home/xkai/agribot/agribot_ws/install/livox_ros_driver2/share/livox_ros_driver2/hook/ld_library_path_lib.ps1'
[0.852s] INFO:colcon.colcon_core.shell:Creating environment descriptor '/home/xkai/agribot/agribot_ws/install/livox_ros_driver2/share/livox_ros_driver2/hook/ld_library_path_lib.dsv'
[0.852s] INFO:colcon.colcon_core.shell:Creating environment hook '/home/xkai/agribot/agribot_ws/install/livox_ros_driver2/share/livox_ros_driver2/hook/ld_library_path_lib.sh'
[0.852s] Level 1:colcon.colcon_core.environment:checking '/home/xkai/agribot/agribot_ws/install/livox_ros_driver2/bin'
[0.852s] Level 1:colcon.colcon_core.environment:checking '/home/xkai/agribot/agribot_ws/install/livox_ros_driver2/lib/pkgconfig/livox_ros_driver2.pc'
[0.852s] Level 1:colcon.colcon_core.environment:checking '/home/xkai/agribot/agribot_ws/install/livox_ros_driver2/lib/python3.10/site-packages'
[0.853s] Level 1:colcon.colcon_core.environment:checking '/home/xkai/agribot/agribot_ws/install/livox_ros_driver2/bin'
[0.853s] INFO:colcon.colcon_core.shell:Creating package script '/home/xkai/agribot/agribot_ws/install/livox_ros_driver2/share/livox_ros_driver2/package.ps1'
[0.853s] INFO:colcon.colcon_core.shell:Creating package descriptor '/home/xkai/agribot/agribot_ws/install/livox_ros_driver2/share/livox_ros_driver2/package.dsv'
[0.854s] INFO:colcon.colcon_core.shell:Creating package script '/home/xkai/agribot/agribot_ws/install/livox_ros_driver2/share/livox_ros_driver2/package.sh'
[0.854s] INFO:colcon.colcon_core.shell:Creating package script '/home/xkai/agribot/agribot_ws/install/livox_ros_driver2/share/livox_ros_driver2/package.bash'
[0.854s] INFO:colcon.colcon_core.shell:Creating package script '/home/xkai/agribot/agribot_ws/install/livox_ros_driver2/share/livox_ros_driver2/package.zsh'
[0.855s] Level 1:colcon.colcon_core.environment:create_file_with_runtime_dependencies(/home/xkai/agribot/agribot_ws/install/livox_ros_driver2/share/colcon-core/packages/livox_ros_driver2)
[0.855s] Level 1:colcon.colcon_core.environment:create_environment_scripts_only(livox_ros_driver2)
[0.855s] Level 1:colcon.colcon_core.environment:checking '/home/xkai/agribot/agribot_ws/install/livox_ros_driver2' for CMake module files
[0.856s] Level 1:colcon.colcon_core.environment:checking '/home/xkai/agribot/agribot_ws/install/livox_ros_driver2' for CMake config files
[0.856s] Level 1:colcon.colcon_core.shell:create_environment_hook('livox_ros_driver2', 'cmake_prefix_path')
[0.856s] INFO:colcon.colcon_core.shell:Creating environment hook '/home/xkai/agribot/agribot_ws/install/livox_ros_driver2/share/livox_ros_driver2/hook/cmake_prefix_path.ps1'
[0.857s] INFO:colcon.colcon_core.shell:Creating environment descriptor '/home/xkai/agribot/agribot_ws/install/livox_ros_driver2/share/livox_ros_driver2/hook/cmake_prefix_path.dsv'
[0.857s] INFO:colcon.colcon_core.shell:Creating environment hook '/home/xkai/agribot/agribot_ws/install/livox_ros_driver2/share/livox_ros_driver2/hook/cmake_prefix_path.sh'
[0.857s] Level 1:colcon.colcon_core.environment:checking '/home/xkai/agribot/agribot_ws/install/livox_ros_driver2/lib'
[0.857s] Level 1:colcon.colcon_core.shell:create_environment_hook('livox_ros_driver2', 'ld_library_path_lib')
[0.857s] INFO:colcon.colcon_core.shell:Creating environment hook '/home/xkai/agribot/agribot_ws/install/livox_ros_driver2/share/livox_ros_driver2/hook/ld_library_path_lib.ps1'
[0.858s] INFO:colcon.colcon_core.shell:Creating environment descriptor '/home/xkai/agribot/agribot_ws/install/livox_ros_driver2/share/livox_ros_driver2/hook/ld_library_path_lib.dsv'
[0.858s] INFO:colcon.colcon_core.shell:Creating environment hook '/home/xkai/agribot/agribot_ws/install/livox_ros_driver2/share/livox_ros_driver2/hook/ld_library_path_lib.sh'
[0.858s] Level 1:colcon.colcon_core.environment:checking '/home/xkai/agribot/agribot_ws/install/livox_ros_driver2/bin'
[0.858s] Level 1:colcon.colcon_core.environment:checking '/home/xkai/agribot/agribot_ws/install/livox_ros_driver2/lib/pkgconfig/livox_ros_driver2.pc'
[0.859s] Level 1:colcon.colcon_core.environment:checking '/home/xkai/agribot/agribot_ws/install/livox_ros_driver2/lib/python3.10/site-packages'
[0.859s] Level 1:colcon.colcon_core.environment:checking '/home/xkai/agribot/agribot_ws/install/livox_ros_driver2/bin'
[0.859s] INFO:colcon.colcon_core.shell:Creating package script '/home/xkai/agribot/agribot_ws/install/livox_ros_driver2/share/livox_ros_driver2/package.ps1'
[0.859s] INFO:colcon.colcon_core.shell:Creating package descriptor '/home/xkai/agribot/agribot_ws/install/livox_ros_driver2/share/livox_ros_driver2/package.dsv'
[0.860s] INFO:colcon.colcon_core.shell:Creating package script '/home/xkai/agribot/agribot_ws/install/livox_ros_driver2/share/livox_ros_driver2/package.sh'
[0.860s] INFO:colcon.colcon_core.shell:Creating package script '/home/xkai/agribot/agribot_ws/install/livox_ros_driver2/share/livox_ros_driver2/package.bash'
[0.861s] INFO:colcon.colcon_core.shell:Creating package script '/home/xkai/agribot/agribot_ws/install/livox_ros_driver2/share/livox_ros_driver2/package.zsh'
[0.861s] Level 1:colcon.colcon_core.environment:create_file_with_runtime_dependencies(/home/xkai/agribot/agribot_ws/install/livox_ros_driver2/share/colcon-core/packages/livox_ros_driver2)
[0.861s] INFO:colcon.colcon_ros.task.ament_cmake.build:Building ROS package in '/home/xkai/agribot/agribot_ws/src/livox_laser_simulation_ros2' with build type 'ament_cmake'
[0.861s] INFO:colcon.colcon_cmake.task.cmake.build:Building CMake package in '/home/xkai/agribot/agribot_ws/src/livox_laser_simulation_ros2'
[0.861s] INFO:colcon.colcon_core.shell:Skip shell extension 'powershell' for command environment: Not usable outside of PowerShell
[0.861s] DEBUG:colcon.colcon_core.shell:Skip shell extension 'dsv' for command environment
[0.871s] DEBUG:colcon.colcon_core.event_handler.log_command:Invoking command in '/home/xkai/agribot/agribot_ws/build/ros2_livox_simulation': CMAKE_PREFIX_PATH=/home/xkai/agribot/agribot_ws/install/livox_ros_driver2:/home/xkai/agribot/agribot_ws/install/ros2_livox_simulation:/home/xkai/agribot/agribot_ws/install/centerline_extraction:/home/xkai/agribot/agribot_ws/install/agribot_simulation:/opt/ros/humble LD_LIBRARY_PATH=/home/xkai/agribot/agribot_ws/install/livox_ros_driver2/lib:/home/xkai/agribot/agribot_ws/install/ros2_livox_simulation/lib:/usr/lib/x86_64-linux-gnu/gazebo-11/plugins:/opt/ros/humble/opt/rviz_ogre_vendor/lib:/opt/ros/humble/lib/x86_64-linux-gnu:/opt/ros/humble/lib /usr/bin/cmake --build /home/xkai/agribot/agribot_ws/build/ros2_livox_simulation -- -j8 -l8
[0.949s] DEBUG:colcon.colcon_core.event_handler.log_command:Invoked command in '/home/xkai/agribot/agribot_ws/build/ros2_livox_simulation' returned '0': CMAKE_PREFIX_PATH=/home/xkai/agribot/agribot_ws/install/livox_ros_driver2:/home/xkai/agribot/agribot_ws/install/ros2_livox_simulation:/home/xkai/agribot/agribot_ws/install/centerline_extraction:/home/xkai/agribot/agribot_ws/install/agribot_simulation:/opt/ros/humble LD_LIBRARY_PATH=/home/xkai/agribot/agribot_ws/install/livox_ros_driver2/lib:/home/xkai/agribot/agribot_ws/install/ros2_livox_simulation/lib:/usr/lib/x86_64-linux-gnu/gazebo-11/plugins:/opt/ros/humble/opt/rviz_ogre_vendor/lib:/opt/ros/humble/lib/x86_64-linux-gnu:/opt/ros/humble/lib /usr/bin/cmake --build /home/xkai/agribot/agribot_ws/build/ros2_livox_simulation -- -j8 -l8
[0.951s] DEBUG:colcon.colcon_core.event_handler.log_command:Invoking command in '/home/xkai/agribot/agribot_ws/build/ros2_livox_simulation': CMAKE_PREFIX_PATH=/home/xkai/agribot/agribot_ws/install/livox_ros_driver2:/home/xkai/agribot/agribot_ws/install/ros2_livox_simulation:/home/xkai/agribot/agribot_ws/install/centerline_extraction:/home/xkai/agribot/agribot_ws/install/agribot_simulation:/opt/ros/humble LD_LIBRARY_PATH=/home/xkai/agribot/agribot_ws/install/livox_ros_driver2/lib:/home/xkai/agribot/agribot_ws/install/ros2_livox_simulation/lib:/usr/lib/x86_64-linux-gnu/gazebo-11/plugins:/opt/ros/humble/opt/rviz_ogre_vendor/lib:/opt/ros/humble/lib/x86_64-linux-gnu:/opt/ros/humble/lib /usr/bin/cmake --install /home/xkai/agribot/agribot_ws/build/ros2_livox_simulation
[0.961s] Level 1:colcon.colcon_core.environment:create_environment_scripts_only(ros2_livox_simulation)
[0.961s] Level 1:colcon.colcon_core.environment:checking '/home/xkai/agribot/agribot_ws/install/ros2_livox_simulation' for CMake module files
[0.961s] DEBUG:colcon.colcon_core.event_handler.log_command:Invoked command in '/home/xkai/agribot/agribot_ws/build/ros2_livox_simulation' returned '0': CMAKE_PREFIX_PATH=/home/xkai/agribot/agribot_ws/install/livox_ros_driver2:/home/xkai/agribot/agribot_ws/install/ros2_livox_simulation:/home/xkai/agribot/agribot_ws/install/centerline_extraction:/home/xkai/agribot/agribot_ws/install/agribot_simulation:/opt/ros/humble LD_LIBRARY_PATH=/home/xkai/agribot/agribot_ws/install/livox_ros_driver2/lib:/home/xkai/agribot/agribot_ws/install/ros2_livox_simulation/lib:/usr/lib/x86_64-linux-gnu/gazebo-11/plugins:/opt/ros/humble/opt/rviz_ogre_vendor/lib:/opt/ros/humble/lib/x86_64-linux-gnu:/opt/ros/humble/lib /usr/bin/cmake --install /home/xkai/agribot/agribot_ws/build/ros2_livox_simulation
[0.962s] Level 1:colcon.colcon_core.environment:checking '/home/xkai/agribot/agribot_ws/install/ros2_livox_simulation' for CMake config files
[0.962s] Level 1:colcon.colcon_core.shell:create_environment_hook('ros2_livox_simulation', 'cmake_prefix_path')
[0.962s] INFO:colcon.colcon_core.shell:Creating environment hook '/home/xkai/agribot/agribot_ws/install/ros2_livox_simulation/share/ros2_livox_simulation/hook/cmake_prefix_path.ps1'
[0.962s] INFO:colcon.colcon_core.shell:Creating environment descriptor '/home/xkai/agribot/agribot_ws/install/ros2_livox_simulation/share/ros2_livox_simulation/hook/cmake_prefix_path.dsv'
[0.962s] INFO:colcon.colcon_core.shell:Creating environment hook '/home/xkai/agribot/agribot_ws/install/ros2_livox_simulation/share/ros2_livox_simulation/hook/cmake_prefix_path.sh'
[0.963s] Level 1:colcon.colcon_core.environment:checking '/home/xkai/agribot/agribot_ws/install/ros2_livox_simulation/lib'
[0.963s] Level 1:colcon.colcon_core.shell:create_environment_hook('ros2_livox_simulation', 'ld_library_path_lib')
[0.963s] INFO:colcon.colcon_core.shell:Creating environment hook '/home/xkai/agribot/agribot_ws/install/ros2_livox_simulation/share/ros2_livox_simulation/hook/ld_library_path_lib.ps1'
[0.963s] INFO:colcon.colcon_core.shell:Creating environment descriptor '/home/xkai/agribot/agribot_ws/install/ros2_livox_simulation/share/ros2_livox_simulation/hook/ld_library_path_lib.dsv'
[0.964s] INFO:colcon.colcon_core.shell:Creating environment hook '/home/xkai/agribot/agribot_ws/install/ros2_livox_simulation/share/ros2_livox_simulation/hook/ld_library_path_lib.sh'
[0.964s] Level 1:colcon.colcon_core.environment:checking '/home/xkai/agribot/agribot_ws/install/ros2_livox_simulation/bin'
[0.964s] Level 1:colcon.colcon_core.environment:checking '/home/xkai/agribot/agribot_ws/install/ros2_livox_simulation/lib/pkgconfig/ros2_livox_simulation.pc'
[0.964s] Level 1:colcon.colcon_core.environment:checking '/home/xkai/agribot/agribot_ws/install/ros2_livox_simulation/lib/python3.10/site-packages'
[0.965s] Level 1:colcon.colcon_core.environment:checking '/home/xkai/agribot/agribot_ws/install/ros2_livox_simulation/bin'
[0.965s] INFO:colcon.colcon_core.shell:Creating package script '/home/xkai/agribot/agribot_ws/install/ros2_livox_simulation/share/ros2_livox_simulation/package.ps1'
[0.965s] INFO:colcon.colcon_core.shell:Creating package descriptor '/home/xkai/agribot/agribot_ws/install/ros2_livox_simulation/share/ros2_livox_simulation/package.dsv'
[0.966s] INFO:colcon.colcon_core.shell:Creating package script '/home/xkai/agribot/agribot_ws/install/ros2_livox_simulation/share/ros2_livox_simulation/package.sh'
[0.966s] INFO:colcon.colcon_core.shell:Creating package script '/home/xkai/agribot/agribot_ws/install/ros2_livox_simulation/share/ros2_livox_simulation/package.bash'
[0.966s] INFO:colcon.colcon_core.shell:Creating package script '/home/xkai/agribot/agribot_ws/install/ros2_livox_simulation/share/ros2_livox_simulation/package.zsh'
[0.967s] Level 1:colcon.colcon_core.environment:create_file_with_runtime_dependencies(/home/xkai/agribot/agribot_ws/install/ros2_livox_simulation/share/colcon-core/packages/ros2_livox_simulation)
[0.967s] Level 1:colcon.colcon_core.environment:create_environment_scripts_only(ros2_livox_simulation)
[0.967s] Level 1:colcon.colcon_core.environment:checking '/home/xkai/agribot/agribot_ws/install/ros2_livox_simulation' for CMake module files
[0.967s] Level 1:colcon.colcon_core.environment:checking '/home/xkai/agribot/agribot_ws/install/ros2_livox_simulation' for CMake config files
[0.968s] Level 1:colcon.colcon_core.shell:create_environment_hook('ros2_livox_simulation', 'cmake_prefix_path')
[0.968s] INFO:colcon.colcon_core.shell:Creating environment hook '/home/xkai/agribot/agribot_ws/install/ros2_livox_simulation/share/ros2_livox_simulation/hook/cmake_prefix_path.ps1'
[0.968s] INFO:colcon.colcon_core.shell:Creating environment descriptor '/home/xkai/agribot/agribot_ws/install/ros2_livox_simulation/share/ros2_livox_simulation/hook/cmake_prefix_path.dsv'
[0.968s] INFO:colcon.colcon_core.shell:Creating environment hook '/home/xkai/agribot/agribot_ws/install/ros2_livox_simulation/share/ros2_livox_simulation/hook/cmake_prefix_path.sh'
[0.969s] Level 1:colcon.colcon_core.environment:checking '/home/xkai/agribot/agribot_ws/install/ros2_livox_simulation/lib'
[0.969s] Level 1:colcon.colcon_core.shell:create_environment_hook('ros2_livox_simulation', 'ld_library_path_lib')
[0.969s] INFO:colcon.colcon_core.shell:Creating environment hook '/home/xkai/agribot/agribot_ws/install/ros2_livox_simulation/share/ros2_livox_simulation/hook/ld_library_path_lib.ps1'
[0.969s] INFO:colcon.colcon_core.shell:Creating environment descriptor '/home/xkai/agribot/agribot_ws/install/ros2_livox_simulation/share/ros2_livox_simulation/hook/ld_library_path_lib.dsv'
[0.970s] INFO:colcon.colcon_core.shell:Creating environment hook '/home/xkai/agribot/agribot_ws/install/ros2_livox_simulation/share/ros2_livox_simulation/hook/ld_library_path_lib.sh'
[0.970s] Level 1:colcon.colcon_core.environment:checking '/home/xkai/agribot/agribot_ws/install/ros2_livox_simulation/bin'
[0.970s] Level 1:colcon.colcon_core.environment:checking '/home/xkai/agribot/agribot_ws/install/ros2_livox_simulation/lib/pkgconfig/ros2_livox_simulation.pc'
[0.970s] Level 1:colcon.colcon_core.environment:checking '/home/xkai/agribot/agribot_ws/install/ros2_livox_simulation/lib/python3.10/site-packages'
[0.970s] Level 1:colcon.colcon_core.environment:checking '/home/xkai/agribot/agribot_ws/install/ros2_livox_simulation/bin'
[0.971s] INFO:colcon.colcon_core.shell:Creating package script '/home/xkai/agribot/agribot_ws/install/ros2_livox_simulation/share/ros2_livox_simulation/package.ps1'
[0.971s] INFO:colcon.colcon_core.shell:Creating package descriptor '/home/xkai/agribot/agribot_ws/install/ros2_livox_simulation/share/ros2_livox_simulation/package.dsv'
[0.971s] INFO:colcon.colcon_core.shell:Creating package script '/home/xkai/agribot/agribot_ws/install/ros2_livox_simulation/share/ros2_livox_simulation/package.sh'
[0.972s] INFO:colcon.colcon_core.shell:Creating package script '/home/xkai/agribot/agribot_ws/install/ros2_livox_simulation/share/ros2_livox_simulation/package.bash'
[0.972s] INFO:colcon.colcon_core.shell:Creating package script '/home/xkai/agribot/agribot_ws/install/ros2_livox_simulation/share/ros2_livox_simulation/package.zsh'
[0.972s] Level 1:colcon.colcon_core.environment:create_file_with_runtime_dependencies(/home/xkai/agribot/agribot_ws/install/ros2_livox_simulation/share/colcon-core/packages/ros2_livox_simulation)
[0.973s] DEBUG:colcon.colcon_parallel_executor.executor.parallel:closing loop
[0.973s] DEBUG:colcon.colcon_parallel_executor.executor.parallel:loop closed
[0.973s] DEBUG:colcon.colcon_parallel_executor.executor.parallel:run_until_complete finished with '0'
[0.973s] DEBUG:colcon.colcon_core.event_reactor:joining thread
[0.978s] INFO:colcon.colcon_core.plugin_system:Skipping extension 'colcon_notification.desktop_notification.terminal_notifier': Not used on non-Darwin systems
[0.978s] INFO:colcon.colcon_core.plugin_system:Skipping extension 'colcon_notification.desktop_notification.win32': Not used on non-Windows systems
[0.978s] INFO:colcon.colcon_notification.desktop_notification:Sending desktop notification using 'notify2'
[0.994s] DEBUG:colcon.colcon_core.event_reactor:joined thread
[0.995s] INFO:colcon.colcon_core.shell:Creating prefix script '/home/xkai/agribot/agribot_ws/install/local_setup.ps1'
[0.996s] INFO:colcon.colcon_core.shell:Creating prefix util module '/home/xkai/agribot/agribot_ws/install/_local_setup_util_ps1.py'
[0.997s] INFO:colcon.colcon_core.shell:Creating prefix chain script '/home/xkai/agribot/agribot_ws/install/setup.ps1'
[0.999s] INFO:colcon.colcon_core.shell:Creating prefix script '/home/xkai/agribot/agribot_ws/install/local_setup.sh'
[1.000s] INFO:colcon.colcon_core.shell:Creating prefix util module '/home/xkai/agribot/agribot_ws/install/_local_setup_util_sh.py'
[1.000s] INFO:colcon.colcon_core.shell:Creating prefix chain script '/home/xkai/agribot/agribot_ws/install/setup.sh'
[1.001s] INFO:colcon.colcon_core.shell:Creating prefix script '/home/xkai/agribot/agribot_ws/install/local_setup.bash'
[1.002s] INFO:colcon.colcon_core.shell:Creating prefix chain script '/home/xkai/agribot/agribot_ws/install/setup.bash'
[1.004s] INFO:colcon.colcon_core.shell:Creating prefix script '/home/xkai/agribot/agribot_ws/install/local_setup.zsh'
[1.004s] INFO:colcon.colcon_core.shell:Creating prefix chain script '/home/xkai/agribot/agribot_ws/install/setup.zsh'
